 guideXOS

 Timestamp is 692e5646 (Mon Dec  1 19:00:22 2025)

 Preferred load address is 0000000010000000

 Start         Length     Name                   Class
 0001:00000000 00000600H .text                   CODE
 0001:00000600 0002ae31H .text$mn                CODE
 0002:00000000 00000045H .unbox$M                CODE
 0003:00000000 00068d64H .managedcode$I          CODE
 0004:00000000 0003ee40H .rdata                  DATA
 0004:0003ee40 00000018H .rdata$voltmd           DATA
 0004:0003ee58 0000019cH .rdata$zzzdbg           DATA
 0004:0003eff4 00013418H .xdata                  DATA
 0004:0005240c 00000000H .edata                  DATA
 0005:00000000 0036a1c0H .data                   DATA
 0005:0036a1c0 000019a0H .bss                    DATA
 0006:00000000 00004ec0H .pdata                  DATA
 0007:00000000 00000008H .modules$I              DATA
 0008:00000000 0000033bH .msvcjmc                DATA
 0009:00000000 000000a0H .rsrc$01                DATA
 0009:000000a0 00000440H .rsrc$02                DATA

  Address         Publics by Value              Rva+Base               Lib:Object

 0000:00000000       __AbsoluteZero             0000000000000000     <absolute>
 0000:00000000       ___safe_se_handler_count   0000000000000000     <absolute>
 0000:00000000       ___safe_se_handler_table   0000000000000000     <absolute>
 0000:00000000       __arm64x_extra_rfe_table   0000000000000000     <absolute>
 0000:00000000       __arm64x_extra_rfe_table_size 0000000000000000     <absolute>
 0000:00000000       __arm64x_native_entrypoint 0000000000000000     <absolute>
 0000:00000000       __arm64x_redirection_metadata 0000000000000000     <absolute>
 0000:00000000       __arm64x_redirection_metadata_count 0000000000000000     <absolute>
 0000:00000000       __dynamic_value_reloc_table 0000000000000000     <absolute>
 0000:00000000       __enclave_config           0000000000000000     <absolute>
 0000:00000000       __guard_check_icall_a64n_fptr 0000000000000000     <absolute>
 0000:00000000       __guard_eh_cont_count      0000000000000000     <absolute>
 0000:00000000       __guard_eh_cont_table      0000000000000000     <absolute>
 0000:00000000       __guard_fids_count         0000000000000000     <absolute>
 0000:00000000       __guard_fids_table         0000000000000000     <absolute>
 0000:00000000       __guard_iat_count          0000000000000000     <absolute>
 0000:00000000       __guard_iat_table          0000000000000000     <absolute>
 0000:00000000       __guard_longjmp_count      0000000000000000     <absolute>
 0000:00000000       __guard_longjmp_table      0000000000000000     <absolute>
 0000:00000000       __hybrid_auxiliary_delayload_iat 0000000000000000     <absolute>
 0000:00000000       __hybrid_auxiliary_delayload_iat_copy 0000000000000000     <absolute>
 0000:00000000       __hybrid_auxiliary_iat     0000000000000000     <absolute>
 0000:00000000       __hybrid_auxiliary_iat_copy 0000000000000000     <absolute>
 0000:00000000       __hybrid_code_map          0000000000000000     <absolute>
 0000:00000000       __hybrid_code_map_count    0000000000000000     <absolute>
 0000:00000000       __hybrid_image_info_bitfield 0000000000000000     <absolute>
 0000:00000000       __x64_code_ranges_to_entry_points 0000000000000000     <absolute>
 0000:00000000       __x64_code_ranges_to_entry_points_count 0000000000000000     <absolute>
 0000:00000100       __guard_flags              0000000000000100     <absolute>
 0000:00000000       __ImageBase                0000000010000000     <linker-defined>
 0001:00000000       __GetNonGCStaticBase_guideXOS_Program 0000000010001000     guideXOS.obj
 0001:00000008       __GetNonGCStaticBase_guideXOS_Allocator 0000000010001008     guideXOS.obj
 0001:00000010       __GetNonGCStaticBase_guideXOS_GDT 0000000010001010     guideXOS.obj
 0001:00000018       __GetNonGCStaticBase_guideXOS_IDT 0000000010001018     guideXOS.obj
 0001:00000020       __GetNonGCStaticBase_guideXOS_System_StringPool 0000000010001020     guideXOS.obj
 0001:0000003d       __GetNonGCStaticBase_guideXOS_System_Windows_Forms_Control 000000001000103d     guideXOS.obj
 0001:00000045       __GetNonGCStaticBase_guideXOS_guideXOS_Kbd2Mouse 0000000010001045     guideXOS.obj
 0001:0000004d       __GetNonGCStaticBase_guideXOS_guideXOS_Console 000000001000104d     guideXOS.obj
 0001:00000055       __GetNonGCStaticBase_guideXOS_guideXOS_PageTable 0000000010001055     guideXOS.obj
 0001:0000005d       __GetNonGCStaticBase_guideXOS_guideXOS_Intel825xx 000000001000105d     guideXOS.obj
 0001:00000065       __GetNonGCStaticBase_guideXOS_guideXOS_NETv4 0000000010001065     guideXOS.obj
 0001:0000006d       __GetNonGCStaticBase_guideXOS_guideXOS_RTL8111 000000001000106d     guideXOS.obj
 0001:00000075       __GetNonGCStaticBase_guideXOS_guideXOS_SMP 0000000010001075     guideXOS.obj
 0001:0000007d       __GetNonGCStaticBase_guideXOS_guideXOS_Network_Http 000000001000107d     guideXOS.obj
 0001:00000085       __GetNonGCStaticBase_guideXOS_guideXOS_Misc_Audio 0000000010001085     guideXOS.obj
 0001:0000008d       __GetNonGCStaticBase_guideXOS_guideXOS_Misc_BootSplash 000000001000108d     guideXOS.obj
 0001:00000095       __GetNonGCStaticBase_guideXOS_guideXOS_Misc_Panic 0000000010001095     guideXOS.obj
 0001:0000009d       __GetNonGCStaticBase_guideXOS_guideXOS_Misc_ThreadPool 000000001000109d     guideXOS.obj
 0001:000000a5       __GetNonGCStaticBase_guideXOS_guideXOS_Misc_USB 00000000100010a5     guideXOS.obj
 0001:000000ad       __GetNonGCStaticBase_guideXOS_guideXOS_Kernel_Drivers_AC97 00000000100010ad     guideXOS.obj
 0001:000000b5       __GetNonGCStaticBase_guideXOS_guideXOS_Kernel_Drivers_ACPI 00000000100010b5     guideXOS.obj
 0001:000000bd       __GetNonGCStaticBase_guideXOS_guideXOS_Kernel_Drivers_DisplayManager 00000000100010bd     guideXOS.obj
 0001:000000c5       __GetNonGCStaticBase_guideXOS_guideXOS_Kernel_Drivers_EHCI 00000000100010c5     guideXOS.obj
 0001:000000cd       __GetNonGCStaticBase_guideXOS_guideXOS_Kernel_Drivers_ES1371 00000000100010cd     guideXOS.obj
 0001:000000d5       __GetNonGCStaticBase_guideXOS_guideXOS_Kernel_Drivers_Framebuffer 00000000100010d5     guideXOS.obj
 0001:000000dd       __GetNonGCStaticBase_guideXOS_guideXOS_Kernel_Drivers_HID 00000000100010dd     guideXOS.obj
 0001:000000e5       __GetNonGCStaticBase_guideXOS_guideXOS_Kernel_Drivers_HPET 00000000100010e5     guideXOS.obj
 0001:000000ed       __GetNonGCStaticBase_guideXOS_guideXOS_Kernel_Drivers_Hub 00000000100010ed     guideXOS.obj
 0001:000000f5       __GetNonGCStaticBase_guideXOS_guideXOS_Kernel_Drivers_Keyboard 00000000100010f5     guideXOS.obj
 0001:000000fd       __GetNonGCStaticBase_guideXOS_guideXOS_Kernel_Drivers_PS2Keyboard 00000000100010fd     guideXOS.obj
 0001:00000105       __GetNonGCStaticBase_guideXOS_guideXOS_Kernel_Drivers_PS2Mouse 0000000010001105     guideXOS.obj
 0001:0000010d       __GetNonGCStaticBase_guideXOS_guideXOS_Kernel_Drivers_RTC 000000001000110d     guideXOS.obj
 0001:00000115       __GetNonGCStaticBase_guideXOS_guideXOS_Kernel_Drivers_SATA 0000000010001115     guideXOS.obj
 0001:0000011d       __GetNonGCStaticBase_guideXOS_guideXOS_Kernel_Drivers_Timer 000000001000111d     guideXOS.obj
 0001:00000125       __GetNonGCStaticBase_guideXOS_guideXOS_Kernel_Drivers_VMwareTools 0000000010001125     guideXOS.obj
 0001:0000012d       __GetNonGCStaticBase_guideXOS_guideXOS_Kernel_Drivers_USBStorage 000000001000112d     guideXOS.obj
 0001:0000014a       __GetNonGCStaticBase_guideXOS_guideXOS_OS_Firewall 000000001000114a     guideXOS.obj
 0001:00000167       __GetNonGCStaticBase_guideXOS_guideXOS_GUI_BackgroundRotationManager 0000000010001167     guideXOS.obj
 0001:0000016f       __GetNonGCStaticBase_guideXOS_guideXOS_GUI_Busy 000000001000116f     guideXOS.obj
 0001:00000177       __GetNonGCStaticBase_guideXOS_guideXOS_GUI_Desktop 0000000010001177     guideXOS.obj
 0001:0000017f       __GetNonGCStaticBase_guideXOS_guideXOS_GUI_Icons 000000001000117f     guideXOS.obj
 0001:0000019c       __GetNonGCStaticBase_guideXOS_guideXOS_GUI_StartMenu 000000001000119c     guideXOS.obj
 0001:000001a4       __GetNonGCStaticBase_guideXOS_guideXOS_GUI_UISettings 00000000100011a4     guideXOS.obj
 0001:000001ac       __GetNonGCStaticBase_guideXOS_guideXOS_GUI_WindowManager 00000000100011ac     guideXOS.obj
 0001:000001b4       __GetNonGCStaticBase_guideXOS_guideXOS_GUI_WorkspaceManager 00000000100011b4     guideXOS.obj
 0001:000001d1       __GetNonGCStaticBase_guideXOS_guideXOS_DockableWidgets_Clock 00000000100011d1     guideXOS.obj
 0001:000001d9       __GetNonGCStaticBase_guideXOS_guideXOS_DefaultApps_nexIRC 00000000100011d9     guideXOS.obj
 0001:000001e1       __GetNonGCStaticBase_guideXOS_guideXOS_DefaultApps_WAVPlayer 00000000100011e1     guideXOS.obj
 0001:000001e9       __GetNonGCStaticBase_guideXOS_guideXOS_DefaultApps_WebBrowser 00000000100011e9     guideXOS.obj
 0001:000001f1       __GetGCStaticBase_guideXOS_Program 00000000100011f1     guideXOS.obj
 0001:000001fc       __GetGCStaticBase_guideXOS_Allocator 00000000100011fc     guideXOS.obj
 0001:00000207       __GetGCStaticBase_guideXOS_IDT 0000000010001207     guideXOS.obj
 0001:00000212       __GetGCStaticBase_guideXOS_System_DateTime 0000000010001212     guideXOS.obj
 0001:0000021d       __GetGCStaticBase_guideXOS_System_StringPool 000000001000121d     guideXOS.obj
 0001:0000023d       __GetGCStaticBase_guideXOS_guideXOS_Animator 000000001000123d     guideXOS.obj
 0001:00000248       __GetGCStaticBase_guideXOS_guideXOS_ASC16 0000000010001248     guideXOS.obj
 0001:00000253       __GetGCStaticBase_guideXOS_guideXOS_Console 0000000010001253     guideXOS.obj
 0001:0000025e       __GetGCStaticBase_guideXOS_guideXOS_NETv4 000000001000125e     guideXOS.obj
 0001:00000269       __GetGCStaticBase_guideXOS_guideXOS_Misc_BitFont 0000000010001269     guideXOS.obj
 0001:00000274       __GetGCStaticBase_guideXOS_guideXOS_Misc_BootSplash 0000000010001274     guideXOS.obj
 0001:0000027f       __GetGCStaticBase_guideXOS_guideXOS_Misc_Interrupts 000000001000127f     guideXOS.obj
 0001:0000028a       __GetGCStaticBase_guideXOS_guideXOS_Misc_ThreadPool 000000001000128a     guideXOS.obj
 0001:00000295       __GetGCStaticBase_guideXOS_guideXOS_FS_Disk 0000000010001295     guideXOS.obj
 0001:000002a0       __GetGCStaticBase_guideXOS_guideXOS_FS_File 00000000100012a0     guideXOS.obj
 0001:000002ab       __GetGCStaticBase_guideXOS_guideXOS_Kernel_Drivers_AC97 00000000100012ab     guideXOS.obj
 0001:000002b6       __GetGCStaticBase_guideXOS_guideXOS_Kernel_Drivers_ACPI 00000000100012b6     guideXOS.obj
 0001:000002c1       __GetGCStaticBase_guideXOS_guideXOS_Kernel_Drivers_DisplayManager 00000000100012c1     guideXOS.obj
 0001:000002cc       __GetGCStaticBase_guideXOS_guideXOS_Kernel_Drivers_Framebuffer 00000000100012cc     guideXOS.obj
 0001:000002d7       __GetGCStaticBase_guideXOS_guideXOS_Kernel_Drivers_HID 00000000100012d7     guideXOS.obj
 0001:000002e2       __GetGCStaticBase_guideXOS_guideXOS_Kernel_Drivers_IDE 00000000100012e2     guideXOS.obj
 0001:000002ed       __GetGCStaticBase_guideXOS_guideXOS_Kernel_Drivers_Keyboard 00000000100012ed     guideXOS.obj
 0001:000002f8       __GetGCStaticBase_guideXOS_guideXOS_Kernel_Drivers_PCI 00000000100012f8     guideXOS.obj
 0001:00000303       __GetGCStaticBase_guideXOS_guideXOS_Kernel_Drivers_PS2Mouse 0000000010001303     guideXOS.obj
 0001:0000030e       __GetGCStaticBase_guideXOS_guideXOS_Kernel_Drivers_SATA 000000001000130e     guideXOS.obj
 0001:00000319       __GetGCStaticBase_guideXOS_guideXOS_Kernel_Drivers_USBStorage 0000000010001319     guideXOS.obj
 0001:00000339       __GetGCStaticBase_guideXOS_guideXOS_OS_Firewall 0000000010001339     guideXOS.obj
 0001:00000359       __GetGCStaticBase_guideXOS_guideXOS_OS_Session 0000000010001359     guideXOS.obj
 0001:00000364       __GetGCStaticBase_guideXOS_guideXOS_Modules_ModuleManager 0000000010001364     guideXOS.obj
 0001:00000384       __GetGCStaticBase_guideXOS_guideXOS_GUI_BackgroundRotationManager 0000000010001384     guideXOS.obj
 0001:0000038f       __GetGCStaticBase_guideXOS_guideXOS_GUI_Desktop 000000001000138f     guideXOS.obj
 0001:0000039a       __GetGCStaticBase_guideXOS_guideXOS_GUI_Icons 000000001000139a     guideXOS.obj
 0001:000003ba       __GetGCStaticBase_guideXOS_guideXOS_GUI_Lockscreen 00000000100013ba     guideXOS.obj
 0001:000003c5       __GetGCStaticBase_guideXOS_guideXOS_GUI_NotificationManager 00000000100013c5     guideXOS.obj
 0001:000003d0       __GetGCStaticBase_guideXOS_guideXOS_GUI_OnScreenKeyboard 00000000100013d0     guideXOS.obj
 0001:000003f0       __GetGCStaticBase_guideXOS_guideXOS_GUI_PinnedManager 00000000100013f0     guideXOS.obj
 0001:00000410       __GetGCStaticBase_guideXOS_guideXOS_GUI_RecentManager 0000000010001410     guideXOS.obj
 0001:00000430       __GetGCStaticBase_guideXOS_guideXOS_GUI_WindowManager 0000000010001430     guideXOS.obj
 0001:0000043b       __GetGCStaticBase_guideXOS_guideXOS_GUI_WorkspaceManager 000000001000143b     guideXOS.obj
 0001:0000045b       __GetGCStaticBase_guideXOS_guideXOS_DockableWidgets_Clock 000000001000145b     guideXOS.obj
 0001:00000466       __GetGCStaticBase_guideXOS_guideXOS_DefaultApps_WAVPlayer 0000000010001466     guideXOS.obj
 0001:00000471       __GetGCStaticBase_guideXOS_guideXOS_Modules_ModuleManager___c 0000000010001471     guideXOS.obj
 0001:0000047c       __GetGCStaticBase_guideXOS_guideXOS_GUI_DisplayOptions___c 000000001000147c     guideXOS.obj
 0001:00000487       __GetGCStaticBase_guideXOS_guideXOS_GUI_SaveDialog___O 0000000010001487     guideXOS.obj
 0001:00000492       __GetGCStaticBase_guideXOS_System_Array_EmptyArray_1<String> 0000000010001492     guideXOS.obj
 0001:000004b2       __DelegateCtor_guideXOS_System_Delegate__InitializeClosedInstance__guideXOS_guideXOS_GUI_NetworkConfigurationDialog__Keyboard_OnKeyChanged 00000000100014b2     guideXOS.obj
 0001:000004be       __DelegateCtor_guideXOS_System_Delegate__InitializeClosedInstance__guideXOS_guideXOS_GUI_OpenDialog__Keyboard_OnKeyChanged 00000000100014be     guideXOS.obj
 0001:000004ca       __DelegateCtor_guideXOS_System_Delegate__InitializeClosedInstance__guideXOS_guideXOS_GUI_SaveDialog__Keyboard_OnKeyChanged 00000000100014ca     guideXOS.obj
 0001:000004d6       __DelegateCtor_guideXOS_System_Delegate__InitializeClosedInstance__guideXOS_guideXOS_DefaultApps_ComputerFiles__Keyboard_OnKeyChanged 00000000100014d6     guideXOS.obj
 0001:000004e2       __DelegateCtor_guideXOS_System_Delegate__InitializeClosedInstance__guideXOS_guideXOS_DefaultApps_FConsole__Keyboard_OnKeyChanged 00000000100014e2     guideXOS.obj
 0001:000004ee       __DelegateCtor_guideXOS_System_Delegate__InitializeClosedInstance__guideXOS_guideXOS_DefaultApps_FConsole__Console_OnWrite 00000000100014ee     guideXOS.obj
 0001:000004fa       __DelegateCtor_guideXOS_System_Delegate__InitializeClosedInstance__guideXOS_guideXOS_DefaultApps_nexIRC__Keyboard_OnKeyChanged 00000000100014fa     guideXOS.obj
 0001:00000506       __DelegateCtor_guideXOS_System_Delegate__InitializeClosedInstance__guideXOS_guideXOS_DefaultApps_Notepad__Keyboard_OnKeyChanged 0000000010001506     guideXOS.obj
 0001:00000512       __DelegateCtor_guideXOS_System_Delegate__InitializeClosedInstance__guideXOS_guideXOS_DefaultApps_Notepad___OnSetVisible_b__19_0 0000000010001512     guideXOS.obj
 0001:0000051e       __DelegateCtor_guideXOS_System_Delegate__InitializeClosedInstance__guideXOS_guideXOS_DefaultApps_Notepad___OnSetVisible_b__19_3 000000001000151e     guideXOS.obj
 0001:0000052a       __DelegateCtor_guideXOS_System_Delegate__InitializeClosedInstance__guideXOS_guideXOS_DefaultApps_Notepad___OnSetVisible_b__19_1 000000001000152a     guideXOS.obj
 0001:00000536       __DelegateCtor_guideXOS_System_Delegate__InitializeClosedInstance__guideXOS_guideXOS_DefaultApps_Notepad___OnSetVisible_b__19_2 0000000010001536     guideXOS.obj
 0001:00000542       __DelegateCtor_guideXOS_System_Delegate__InitializeClosedInstance__guideXOS_guideXOS_DefaultApps_WebBrowser__OnKey 0000000010001542     guideXOS.obj
 0001:0000054e       __DelegateCtor_guideXOS_System_Delegate__InitializeClosedInstance__guideXOS_guideXOS_FS_FAT___c__DisplayClass48_0___FindPath_b__0 000000001000154e     guideXOS.obj
 0001:0000055a       __DelegateCtor_guideXOS_System_Delegate__InitializeClosedInstance__guideXOS_guideXOS_FS_FAT___c__DisplayClass48_1___FindPath_b__1 000000001000155a     guideXOS.obj
 0001:00000566       __DelegateCtor_guideXOS_System_Delegate__InitializeClosedInstance__guideXOS_guideXOS_FS_FAT___c__DisplayClass58_0___GetFiles_b__0 0000000010001566     guideXOS.obj
 0001:00000572       __DelegateCtor_guideXOS_System_Delegate__InitializeClosedInstance__guideXOS_guideXOS_Modules_ModuleManager___c___InitializeBuiltins_b__7_0 0000000010001572     guideXOS.obj
 0001:0000057e       __DelegateCtor_guideXOS_System_Delegate__InitializeClosedInstance__guideXOS_guideXOS_GUI_DisplayOptions___c___OnInput_b__40_0 000000001000157e     guideXOS.obj
 0001:0000058a       __DelegateCtor_guideXOS_System_Delegate__InitializeClosedInstance__guideXOS_guideXOS_GUI_DisplayOptions___c___OnInput_b__40_1 000000001000158a     guideXOS.obj
 0001:00000596       __DelegateCtor_guideXOS_System_Delegate__InitializeClosedInstance__guideXOS_guideXOS_DefaultApps_DiskManager___c__DisplayClass38_0___ReadMBRForEntry_b__0 0000000010001596     guideXOS.obj
 0001:000005a2       __DelegateCtor_guideXOS_System_Delegate__InitializeClosedInstance__guideXOS_guideXOS_DefaultApps_DiskManager___c__DisplayClass54_0___TryCreatePartitionLargestFree_b__0 00000000100015a2     guideXOS.obj
 0001:000005ae       __DelegateCtor_guideXOS_System_Delegate__InitializeClosedInstance__guideXOS_guideXOS_DefaultApps_DiskManager___c__DisplayClass54_0___TryCreatePartitionLargestFree_b__1 00000000100015ae     guideXOS.obj
 0001:000005ba       __DelegateCtor_guideXOS_System_Delegate__InitializeClosedInstance__guideXOS_guideXOS_DefaultApps_Notepad___c__DisplayClass24_0___OpenSaveAs_b__0 00000000100015ba     guideXOS.obj
 0001:000005c6       __DelegateCtor_guideXOS_System_Delegate__InitializeOpenStaticThunk__guideXOS_guideXOS_GUI_Icons__DocumentIcon__guideXOS_System_Func_2<Int32__System___Canon>__InvokeOpenStaticThunk 00000000100015c6     guideXOS.obj
 0001:000005d9       __GenericLookupFromType_guideXOS_System_Array_EmptyArray_1<System___Canon>_GCStaticBase_guideXOS_System_Array_EmptyArray_1<T_System___Canon> 00000000100015d9     guideXOS.obj
 0001:00000600       CPUID                      0000000010001600 f   NativeLib:native.obj
 0001:00000650       Cli                        0000000010001650 f   NativeLib:native.obj
 0001:00000680       Fxrstor64                  0000000010001680 f   NativeLib:native.obj
 0001:000006b0       Fxsave64                   00000000100016b0 f   NativeLib:native.obj
 0001:000006e0       Hlt                        00000000100016e0 f   NativeLib:native.obj
 0001:00000710       Invlpg                     0000000010001710 f   NativeLib:native.obj
 0001:00000740       Nop                        0000000010001740 f   NativeLib:native.obj
 0001:00000760       Rdmsr                      0000000010001760 f   NativeLib:native.obj
 0001:00000790       Rdtsc                      0000000010001790 f   NativeLib:native.obj
 0001:000007c0       ReadCR2                    00000000100017c0 f   NativeLib:native.obj
 0001:000007e0       Sti                        00000000100017e0 f   NativeLib:native.obj
 0001:00000810       WriteCR3                   0000000010001810 f   NativeLib:native.obj
 0001:00000840       Wrmsr                      0000000010001840 f   NativeLib:native.obj
 0001:00000880       __JustMyCode_Default       0000000010001880 f i NativeLib:native.obj
 0001:00000890       Movsb                      0000000010001890 f   NativeLib:mem.obj
 0001:000008d0       Movsd                      00000000100018d0 f   NativeLib:mem.obj
 0001:00000910       Stosb                      0000000010001910 f   NativeLib:mem.obj
 0001:00000960       Stosd                      0000000010001960 f   NativeLib:mem.obj
 0001:000009b0       avx_memcpy                 00000000100019b0 f   NativeLib:mem.obj
 0001:00000ab0       Load_GDT                   0000000010001ab0 f   NativeLib:interrupts.obj
 0001:00000ae0       idt_set                    0000000010001ae0 f   NativeLib:interrupts.obj
 0001:00000bc0       set_idt_entries            0000000010001bc0 f   NativeLib:interrupts.obj
 0001:00002ae0       intr0                      0000000010003ae0 f   NativeLib:interrupts_asm.obj
 0001:00002b22       intr1                      0000000010003b22 f   NativeLib:interrupts_asm.obj
 0001:00002b64       intr2                      0000000010003b64 f   NativeLib:interrupts_asm.obj
 0001:00002ba6       intr3                      0000000010003ba6 f   NativeLib:interrupts_asm.obj
 0001:00002be8       intr4                      0000000010003be8 f   NativeLib:interrupts_asm.obj
 0001:00002c2a       intr5                      0000000010003c2a f   NativeLib:interrupts_asm.obj
 0001:00002c6c       intr6                      0000000010003c6c f   NativeLib:interrupts_asm.obj
 0001:00002cae       intr7                      0000000010003cae f   NativeLib:interrupts_asm.obj
 0001:00002cf0       intr8                      0000000010003cf0 f   NativeLib:interrupts_asm.obj
 0001:00002d32       intr9                      0000000010003d32 f   NativeLib:interrupts_asm.obj
 0001:00002d74       intr10                     0000000010003d74 f   NativeLib:interrupts_asm.obj
 0001:00002db6       intr11                     0000000010003db6 f   NativeLib:interrupts_asm.obj
 0001:00002df8       intr12                     0000000010003df8 f   NativeLib:interrupts_asm.obj
 0001:00002e3a       intr13                     0000000010003e3a f   NativeLib:interrupts_asm.obj
 0001:00002e7c       intr14                     0000000010003e7c f   NativeLib:interrupts_asm.obj
 0001:00002ebe       intr15                     0000000010003ebe f   NativeLib:interrupts_asm.obj
 0001:00002f00       intr16                     0000000010003f00 f   NativeLib:interrupts_asm.obj
 0001:00002f42       intr17                     0000000010003f42 f   NativeLib:interrupts_asm.obj
 0001:00002f84       intr18                     0000000010003f84 f   NativeLib:interrupts_asm.obj
 0001:00002fc6       intr19                     0000000010003fc6 f   NativeLib:interrupts_asm.obj
 0001:00003008       intr20                     0000000010004008 f   NativeLib:interrupts_asm.obj
 0001:0000304a       intr21                     000000001000404a f   NativeLib:interrupts_asm.obj
 0001:0000308c       intr22                     000000001000408c f   NativeLib:interrupts_asm.obj
 0001:000030ce       intr23                     00000000100040ce f   NativeLib:interrupts_asm.obj
 0001:00003110       intr24                     0000000010004110 f   NativeLib:interrupts_asm.obj
 0001:00003152       intr25                     0000000010004152 f   NativeLib:interrupts_asm.obj
 0001:00003194       intr26                     0000000010004194 f   NativeLib:interrupts_asm.obj
 0001:000031d6       intr27                     00000000100041d6 f   NativeLib:interrupts_asm.obj
 0001:00003218       intr28                     0000000010004218 f   NativeLib:interrupts_asm.obj
 0001:0000325a       intr29                     000000001000425a f   NativeLib:interrupts_asm.obj
 0001:0000329c       intr30                     000000001000429c f   NativeLib:interrupts_asm.obj
 0001:000032de       intr31                     00000000100042de f   NativeLib:interrupts_asm.obj
 0001:00003320       intr32                     0000000010004320 f   NativeLib:interrupts_asm.obj
 0001:00003362       intr33                     0000000010004362 f   NativeLib:interrupts_asm.obj
 0001:000033a4       intr34                     00000000100043a4 f   NativeLib:interrupts_asm.obj
 0001:000033e6       intr35                     00000000100043e6 f   NativeLib:interrupts_asm.obj
 0001:00003428       intr36                     0000000010004428 f   NativeLib:interrupts_asm.obj
 0001:0000346a       intr37                     000000001000446a f   NativeLib:interrupts_asm.obj
 0001:000034ac       intr38                     00000000100044ac f   NativeLib:interrupts_asm.obj
 0001:000034ee       intr39                     00000000100044ee f   NativeLib:interrupts_asm.obj
 0001:00003530       intr40                     0000000010004530 f   NativeLib:interrupts_asm.obj
 0001:00003572       intr41                     0000000010004572 f   NativeLib:interrupts_asm.obj
 0001:000035b4       intr42                     00000000100045b4 f   NativeLib:interrupts_asm.obj
 0001:000035f6       intr43                     00000000100045f6 f   NativeLib:interrupts_asm.obj
 0001:00003638       intr44                     0000000010004638 f   NativeLib:interrupts_asm.obj
 0001:0000367a       intr45                     000000001000467a f   NativeLib:interrupts_asm.obj
 0001:000036bc       intr46                     00000000100046bc f   NativeLib:interrupts_asm.obj
 0001:000036fe       intr47                     00000000100046fe f   NativeLib:interrupts_asm.obj
 0001:00003740       intr48                     0000000010004740 f   NativeLib:interrupts_asm.obj
 0001:00003782       intr49                     0000000010004782 f   NativeLib:interrupts_asm.obj
 0001:000037c4       intr50                     00000000100047c4 f   NativeLib:interrupts_asm.obj
 0001:00003806       intr51                     0000000010004806 f   NativeLib:interrupts_asm.obj
 0001:00003848       intr52                     0000000010004848 f   NativeLib:interrupts_asm.obj
 0001:0000388a       intr53                     000000001000488a f   NativeLib:interrupts_asm.obj
 0001:000038cc       intr54                     00000000100048cc f   NativeLib:interrupts_asm.obj
 0001:0000390e       intr55                     000000001000490e f   NativeLib:interrupts_asm.obj
 0001:00003950       intr56                     0000000010004950 f   NativeLib:interrupts_asm.obj
 0001:00003992       intr57                     0000000010004992 f   NativeLib:interrupts_asm.obj
 0001:000039d4       intr58                     00000000100049d4 f   NativeLib:interrupts_asm.obj
 0001:00003a16       intr59                     0000000010004a16 f   NativeLib:interrupts_asm.obj
 0001:00003a58       intr60                     0000000010004a58 f   NativeLib:interrupts_asm.obj
 0001:00003a9a       intr61                     0000000010004a9a f   NativeLib:interrupts_asm.obj
 0001:00003adc       intr62                     0000000010004adc f   NativeLib:interrupts_asm.obj
 0001:00003b1e       intr63                     0000000010004b1e f   NativeLib:interrupts_asm.obj
 0001:00003b60       intr64                     0000000010004b60 f   NativeLib:interrupts_asm.obj
 0001:00003ba2       intr65                     0000000010004ba2 f   NativeLib:interrupts_asm.obj
 0001:00003be4       intr66                     0000000010004be4 f   NativeLib:interrupts_asm.obj
 0001:00003c26       intr67                     0000000010004c26 f   NativeLib:interrupts_asm.obj
 0001:00003c68       intr68                     0000000010004c68 f   NativeLib:interrupts_asm.obj
 0001:00003caa       intr69                     0000000010004caa f   NativeLib:interrupts_asm.obj
 0001:00003cec       intr70                     0000000010004cec f   NativeLib:interrupts_asm.obj
 0001:00003d2e       intr71                     0000000010004d2e f   NativeLib:interrupts_asm.obj
 0001:00003d70       intr72                     0000000010004d70 f   NativeLib:interrupts_asm.obj
 0001:00003db2       intr73                     0000000010004db2 f   NativeLib:interrupts_asm.obj
 0001:00003df4       intr74                     0000000010004df4 f   NativeLib:interrupts_asm.obj
 0001:00003e36       intr75                     0000000010004e36 f   NativeLib:interrupts_asm.obj
 0001:00003e78       intr76                     0000000010004e78 f   NativeLib:interrupts_asm.obj
 0001:00003eba       intr77                     0000000010004eba f   NativeLib:interrupts_asm.obj
 0001:00003efc       intr78                     0000000010004efc f   NativeLib:interrupts_asm.obj
 0001:00003f3e       intr79                     0000000010004f3e f   NativeLib:interrupts_asm.obj
 0001:00003f80       intr80                     0000000010004f80 f   NativeLib:interrupts_asm.obj
 0001:00003fc2       intr81                     0000000010004fc2 f   NativeLib:interrupts_asm.obj
 0001:00004004       intr82                     0000000010005004 f   NativeLib:interrupts_asm.obj
 0001:00004046       intr83                     0000000010005046 f   NativeLib:interrupts_asm.obj
 0001:00004088       intr84                     0000000010005088 f   NativeLib:interrupts_asm.obj
 0001:000040ca       intr85                     00000000100050ca f   NativeLib:interrupts_asm.obj
 0001:0000410c       intr86                     000000001000510c f   NativeLib:interrupts_asm.obj
 0001:0000414e       intr87                     000000001000514e f   NativeLib:interrupts_asm.obj
 0001:00004190       intr88                     0000000010005190 f   NativeLib:interrupts_asm.obj
 0001:000041d2       intr89                     00000000100051d2 f   NativeLib:interrupts_asm.obj
 0001:00004214       intr90                     0000000010005214 f   NativeLib:interrupts_asm.obj
 0001:00004256       intr91                     0000000010005256 f   NativeLib:interrupts_asm.obj
 0001:00004298       intr92                     0000000010005298 f   NativeLib:interrupts_asm.obj
 0001:000042da       intr93                     00000000100052da f   NativeLib:interrupts_asm.obj
 0001:0000431c       intr94                     000000001000531c f   NativeLib:interrupts_asm.obj
 0001:0000435e       intr95                     000000001000535e f   NativeLib:interrupts_asm.obj
 0001:000043a0       intr96                     00000000100053a0 f   NativeLib:interrupts_asm.obj
 0001:000043e2       intr97                     00000000100053e2 f   NativeLib:interrupts_asm.obj
 0001:00004424       intr98                     0000000010005424 f   NativeLib:interrupts_asm.obj
 0001:00004466       intr99                     0000000010005466 f   NativeLib:interrupts_asm.obj
 0001:000044a8       intr100                    00000000100054a8 f   NativeLib:interrupts_asm.obj
 0001:000044ea       intr101                    00000000100054ea f   NativeLib:interrupts_asm.obj
 0001:0000452c       intr102                    000000001000552c f   NativeLib:interrupts_asm.obj
 0001:0000456e       intr103                    000000001000556e f   NativeLib:interrupts_asm.obj
 0001:000045b0       intr104                    00000000100055b0 f   NativeLib:interrupts_asm.obj
 0001:000045f2       intr105                    00000000100055f2 f   NativeLib:interrupts_asm.obj
 0001:00004634       intr106                    0000000010005634 f   NativeLib:interrupts_asm.obj
 0001:00004676       intr107                    0000000010005676 f   NativeLib:interrupts_asm.obj
 0001:000046b8       intr108                    00000000100056b8 f   NativeLib:interrupts_asm.obj
 0001:000046fa       intr109                    00000000100056fa f   NativeLib:interrupts_asm.obj
 0001:0000473c       intr110                    000000001000573c f   NativeLib:interrupts_asm.obj
 0001:0000477e       intr111                    000000001000577e f   NativeLib:interrupts_asm.obj
 0001:000047c0       intr112                    00000000100057c0 f   NativeLib:interrupts_asm.obj
 0001:00004802       intr113                    0000000010005802 f   NativeLib:interrupts_asm.obj
 0001:00004844       intr114                    0000000010005844 f   NativeLib:interrupts_asm.obj
 0001:00004886       intr115                    0000000010005886 f   NativeLib:interrupts_asm.obj
 0001:000048c8       intr116                    00000000100058c8 f   NativeLib:interrupts_asm.obj
 0001:0000490a       intr117                    000000001000590a f   NativeLib:interrupts_asm.obj
 0001:0000494c       intr118                    000000001000594c f   NativeLib:interrupts_asm.obj
 0001:0000498e       intr119                    000000001000598e f   NativeLib:interrupts_asm.obj
 0001:000049d0       intr120                    00000000100059d0 f   NativeLib:interrupts_asm.obj
 0001:00004a12       intr121                    0000000010005a12 f   NativeLib:interrupts_asm.obj
 0001:00004a54       intr122                    0000000010005a54 f   NativeLib:interrupts_asm.obj
 0001:00004a96       intr123                    0000000010005a96 f   NativeLib:interrupts_asm.obj
 0001:00004ad8       intr124                    0000000010005ad8 f   NativeLib:interrupts_asm.obj
 0001:00004b1a       intr125                    0000000010005b1a f   NativeLib:interrupts_asm.obj
 0001:00004b5c       intr126                    0000000010005b5c f   NativeLib:interrupts_asm.obj
 0001:00004b9e       intr127                    0000000010005b9e f   NativeLib:interrupts_asm.obj
 0001:00004be0       intr128                    0000000010005be0 f   NativeLib:interrupts_asm.obj
 0001:00004c22       intr129                    0000000010005c22 f   NativeLib:interrupts_asm.obj
 0001:00004c64       intr130                    0000000010005c64 f   NativeLib:interrupts_asm.obj
 0001:00004ca6       intr131                    0000000010005ca6 f   NativeLib:interrupts_asm.obj
 0001:00004ce8       intr132                    0000000010005ce8 f   NativeLib:interrupts_asm.obj
 0001:00004d2a       intr133                    0000000010005d2a f   NativeLib:interrupts_asm.obj
 0001:00004d6c       intr134                    0000000010005d6c f   NativeLib:interrupts_asm.obj
 0001:00004dae       intr135                    0000000010005dae f   NativeLib:interrupts_asm.obj
 0001:00004df0       intr136                    0000000010005df0 f   NativeLib:interrupts_asm.obj
 0001:00004e32       intr137                    0000000010005e32 f   NativeLib:interrupts_asm.obj
 0001:00004e74       intr138                    0000000010005e74 f   NativeLib:interrupts_asm.obj
 0001:00004eb6       intr139                    0000000010005eb6 f   NativeLib:interrupts_asm.obj
 0001:00004ef8       intr140                    0000000010005ef8 f   NativeLib:interrupts_asm.obj
 0001:00004f3a       intr141                    0000000010005f3a f   NativeLib:interrupts_asm.obj
 0001:00004f7c       intr142                    0000000010005f7c f   NativeLib:interrupts_asm.obj
 0001:00004fbe       intr143                    0000000010005fbe f   NativeLib:interrupts_asm.obj
 0001:00005000       intr144                    0000000010006000 f   NativeLib:interrupts_asm.obj
 0001:00005042       intr145                    0000000010006042 f   NativeLib:interrupts_asm.obj
 0001:00005084       intr146                    0000000010006084 f   NativeLib:interrupts_asm.obj
 0001:000050c6       intr147                    00000000100060c6 f   NativeLib:interrupts_asm.obj
 0001:00005108       intr148                    0000000010006108 f   NativeLib:interrupts_asm.obj
 0001:0000514a       intr149                    000000001000614a f   NativeLib:interrupts_asm.obj
 0001:0000518c       intr150                    000000001000618c f   NativeLib:interrupts_asm.obj
 0001:000051ce       intr151                    00000000100061ce f   NativeLib:interrupts_asm.obj
 0001:00005210       intr152                    0000000010006210 f   NativeLib:interrupts_asm.obj
 0001:00005252       intr153                    0000000010006252 f   NativeLib:interrupts_asm.obj
 0001:00005294       intr154                    0000000010006294 f   NativeLib:interrupts_asm.obj
 0001:000052d6       intr155                    00000000100062d6 f   NativeLib:interrupts_asm.obj
 0001:00005318       intr156                    0000000010006318 f   NativeLib:interrupts_asm.obj
 0001:0000535a       intr157                    000000001000635a f   NativeLib:interrupts_asm.obj
 0001:0000539c       intr158                    000000001000639c f   NativeLib:interrupts_asm.obj
 0001:000053de       intr159                    00000000100063de f   NativeLib:interrupts_asm.obj
 0001:00005420       intr160                    0000000010006420 f   NativeLib:interrupts_asm.obj
 0001:00005462       intr161                    0000000010006462 f   NativeLib:interrupts_asm.obj
 0001:000054a4       intr162                    00000000100064a4 f   NativeLib:interrupts_asm.obj
 0001:000054e6       intr163                    00000000100064e6 f   NativeLib:interrupts_asm.obj
 0001:00005528       intr164                    0000000010006528 f   NativeLib:interrupts_asm.obj
 0001:0000556a       intr165                    000000001000656a f   NativeLib:interrupts_asm.obj
 0001:000055ac       intr166                    00000000100065ac f   NativeLib:interrupts_asm.obj
 0001:000055ee       intr167                    00000000100065ee f   NativeLib:interrupts_asm.obj
 0001:00005630       intr168                    0000000010006630 f   NativeLib:interrupts_asm.obj
 0001:00005672       intr169                    0000000010006672 f   NativeLib:interrupts_asm.obj
 0001:000056b4       intr170                    00000000100066b4 f   NativeLib:interrupts_asm.obj
 0001:000056f6       intr171                    00000000100066f6 f   NativeLib:interrupts_asm.obj
 0001:00005738       intr172                    0000000010006738 f   NativeLib:interrupts_asm.obj
 0001:0000577a       intr173                    000000001000677a f   NativeLib:interrupts_asm.obj
 0001:000057bc       intr174                    00000000100067bc f   NativeLib:interrupts_asm.obj
 0001:000057fe       intr175                    00000000100067fe f   NativeLib:interrupts_asm.obj
 0001:00005840       intr176                    0000000010006840 f   NativeLib:interrupts_asm.obj
 0001:00005882       intr177                    0000000010006882 f   NativeLib:interrupts_asm.obj
 0001:000058c4       intr178                    00000000100068c4 f   NativeLib:interrupts_asm.obj
 0001:00005906       intr179                    0000000010006906 f   NativeLib:interrupts_asm.obj
 0001:00005948       intr180                    0000000010006948 f   NativeLib:interrupts_asm.obj
 0001:0000598a       intr181                    000000001000698a f   NativeLib:interrupts_asm.obj
 0001:000059cc       intr182                    00000000100069cc f   NativeLib:interrupts_asm.obj
 0001:00005a0e       intr183                    0000000010006a0e f   NativeLib:interrupts_asm.obj
 0001:00005a50       intr184                    0000000010006a50 f   NativeLib:interrupts_asm.obj
 0001:00005a92       intr185                    0000000010006a92 f   NativeLib:interrupts_asm.obj
 0001:00005ad4       intr186                    0000000010006ad4 f   NativeLib:interrupts_asm.obj
 0001:00005b16       intr187                    0000000010006b16 f   NativeLib:interrupts_asm.obj
 0001:00005b58       intr188                    0000000010006b58 f   NativeLib:interrupts_asm.obj
 0001:00005b9a       intr189                    0000000010006b9a f   NativeLib:interrupts_asm.obj
 0001:00005bdc       intr190                    0000000010006bdc f   NativeLib:interrupts_asm.obj
 0001:00005c1e       intr191                    0000000010006c1e f   NativeLib:interrupts_asm.obj
 0001:00005c60       intr192                    0000000010006c60 f   NativeLib:interrupts_asm.obj
 0001:00005ca2       intr193                    0000000010006ca2 f   NativeLib:interrupts_asm.obj
 0001:00005ce4       intr194                    0000000010006ce4 f   NativeLib:interrupts_asm.obj
 0001:00005d26       intr195                    0000000010006d26 f   NativeLib:interrupts_asm.obj
 0001:00005d68       intr196                    0000000010006d68 f   NativeLib:interrupts_asm.obj
 0001:00005daa       intr197                    0000000010006daa f   NativeLib:interrupts_asm.obj
 0001:00005dec       intr198                    0000000010006dec f   NativeLib:interrupts_asm.obj
 0001:00005e2e       intr199                    0000000010006e2e f   NativeLib:interrupts_asm.obj
 0001:00005e70       intr200                    0000000010006e70 f   NativeLib:interrupts_asm.obj
 0001:00005eb2       intr201                    0000000010006eb2 f   NativeLib:interrupts_asm.obj
 0001:00005ef4       intr202                    0000000010006ef4 f   NativeLib:interrupts_asm.obj
 0001:00005f36       intr203                    0000000010006f36 f   NativeLib:interrupts_asm.obj
 0001:00005f78       intr204                    0000000010006f78 f   NativeLib:interrupts_asm.obj
 0001:00005fba       intr205                    0000000010006fba f   NativeLib:interrupts_asm.obj
 0001:00005ffc       intr206                    0000000010006ffc f   NativeLib:interrupts_asm.obj
 0001:0000603e       intr207                    000000001000703e f   NativeLib:interrupts_asm.obj
 0001:00006080       intr208                    0000000010007080 f   NativeLib:interrupts_asm.obj
 0001:000060c2       intr209                    00000000100070c2 f   NativeLib:interrupts_asm.obj
 0001:00006104       intr210                    0000000010007104 f   NativeLib:interrupts_asm.obj
 0001:00006146       intr211                    0000000010007146 f   NativeLib:interrupts_asm.obj
 0001:00006188       intr212                    0000000010007188 f   NativeLib:interrupts_asm.obj
 0001:000061ca       intr213                    00000000100071ca f   NativeLib:interrupts_asm.obj
 0001:0000620c       intr214                    000000001000720c f   NativeLib:interrupts_asm.obj
 0001:0000624e       intr215                    000000001000724e f   NativeLib:interrupts_asm.obj
 0001:00006290       intr216                    0000000010007290 f   NativeLib:interrupts_asm.obj
 0001:000062d2       intr217                    00000000100072d2 f   NativeLib:interrupts_asm.obj
 0001:00006314       intr218                    0000000010007314 f   NativeLib:interrupts_asm.obj
 0001:00006356       intr219                    0000000010007356 f   NativeLib:interrupts_asm.obj
 0001:00006398       intr220                    0000000010007398 f   NativeLib:interrupts_asm.obj
 0001:000063da       intr221                    00000000100073da f   NativeLib:interrupts_asm.obj
 0001:0000641c       intr222                    000000001000741c f   NativeLib:interrupts_asm.obj
 0001:0000645e       intr223                    000000001000745e f   NativeLib:interrupts_asm.obj
 0001:000064a0       intr224                    00000000100074a0 f   NativeLib:interrupts_asm.obj
 0001:000064e2       intr225                    00000000100074e2 f   NativeLib:interrupts_asm.obj
 0001:00006524       intr226                    0000000010007524 f   NativeLib:interrupts_asm.obj
 0001:00006566       intr227                    0000000010007566 f   NativeLib:interrupts_asm.obj
 0001:000065a8       intr228                    00000000100075a8 f   NativeLib:interrupts_asm.obj
 0001:000065ea       intr229                    00000000100075ea f   NativeLib:interrupts_asm.obj
 0001:0000662c       intr230                    000000001000762c f   NativeLib:interrupts_asm.obj
 0001:0000666e       intr231                    000000001000766e f   NativeLib:interrupts_asm.obj
 0001:000066b0       intr232                    00000000100076b0 f   NativeLib:interrupts_asm.obj
 0001:000066f2       intr233                    00000000100076f2 f   NativeLib:interrupts_asm.obj
 0001:00006734       intr234                    0000000010007734 f   NativeLib:interrupts_asm.obj
 0001:00006776       intr235                    0000000010007776 f   NativeLib:interrupts_asm.obj
 0001:000067b8       intr236                    00000000100077b8 f   NativeLib:interrupts_asm.obj
 0001:000067fa       intr237                    00000000100077fa f   NativeLib:interrupts_asm.obj
 0001:0000683c       intr238                    000000001000783c f   NativeLib:interrupts_asm.obj
 0001:0000687e       intr239                    000000001000787e f   NativeLib:interrupts_asm.obj
 0001:000068c0       intr240                    00000000100078c0 f   NativeLib:interrupts_asm.obj
 0001:00006902       intr241                    0000000010007902 f   NativeLib:interrupts_asm.obj
 0001:00006944       intr242                    0000000010007944 f   NativeLib:interrupts_asm.obj
 0001:00006986       intr243                    0000000010007986 f   NativeLib:interrupts_asm.obj
 0001:000069c8       intr244                    00000000100079c8 f   NativeLib:interrupts_asm.obj
 0001:00006a0a       intr245                    0000000010007a0a f   NativeLib:interrupts_asm.obj
 0001:00006a4c       intr246                    0000000010007a4c f   NativeLib:interrupts_asm.obj
 0001:00006a8e       intr247                    0000000010007a8e f   NativeLib:interrupts_asm.obj
 0001:00006ad0       intr248                    0000000010007ad0 f   NativeLib:interrupts_asm.obj
 0001:00006b12       intr249                    0000000010007b12 f   NativeLib:interrupts_asm.obj
 0001:00006b54       intr250                    0000000010007b54 f   NativeLib:interrupts_asm.obj
 0001:00006b96       intr251                    0000000010007b96 f   NativeLib:interrupts_asm.obj
 0001:00006bd8       intr252                    0000000010007bd8 f   NativeLib:interrupts_asm.obj
 0001:00006c1a       intr253                    0000000010007c1a f   NativeLib:interrupts_asm.obj
 0001:00006c5c       intr254                    0000000010007c5c f   NativeLib:interrupts_asm.obj
 0001:00006c9e       intr255                    0000000010007c9e f   NativeLib:interrupts_asm.obj
 0001:00006ce0       _reload_segreg             0000000010007ce0 f   NativeLib:interrupts_asm.obj
 0001:00006d07       Load_IDT                   0000000010007d07 f   NativeLib:interrupts_asm.obj
 0001:00006d0b       _cli                       0000000010007d0b f   NativeLib:interrupts_asm.obj
 0001:00006d0d       _sti                       0000000010007d0d f   NativeLib:interrupts_asm.obj
 0001:00006d0f       _hlt                       0000000010007d0f f   NativeLib:interrupts_asm.obj
 0001:00006d11       _inttest                   0000000010007d11 f   NativeLib:interrupts_asm.obj
 0001:00006d1b       _iretq                     0000000010007d1b f   NativeLib:interrupts_asm.obj
 0001:00006d36       _int20h                    0000000010007d36 f   NativeLib:interrupts_asm.obj
 0001:00006d40       In16                       0000000010007d40 f   NativeLib:io.obj
 0001:00006d70       In32                       0000000010007d70 f   NativeLib:io.obj
 0001:00006da0       In8                        0000000010007da0 f   NativeLib:io.obj
 0001:00006dd0       Insb                       0000000010007dd0 f   NativeLib:io.obj
 0001:00006e10       Insd                       0000000010007e10 f   NativeLib:io.obj
 0001:00006e50       Insw                       0000000010007e50 f   NativeLib:io.obj
 0001:00006e90       Out16                      0000000010007e90 f   NativeLib:io.obj
 0001:00006ec0       Out32                      0000000010007ec0 f   NativeLib:io.obj
 0001:00006ef0       Out8                       0000000010007ef0 f   NativeLib:io.obj
 0001:00006f20       Outsb                      0000000010007f20 f   NativeLib:io.obj
 0001:00006f60       Outsd                      0000000010007f60 f   NativeLib:io.obj
 0001:00006fa0       Outsw                      0000000010007fa0 f   NativeLib:io.obj
 0001:00006fe0       enable_avx                 0000000010007fe0 f   NativeLib:misc.obj
 0001:00006ff3       enable_sse                 0000000010007ff3 f   NativeLib:misc.obj
 0001:00007006       Schedule_Next              0000000010008006 f   NativeLib:misc.obj
 0001:00012470       lodepng_add_itext          0000000010013470 f   NativeLib:lodepng.obj
 0001:000126b0       lodepng_add_text           00000000100136b0 f   NativeLib:lodepng.obj
 0001:00012970       lodepng_can_have_alpha     0000000010013970 f   NativeLib:lodepng.obj
 0001:000129d0       lodepng_chunk_ancillary    00000000100139d0 f   NativeLib:lodepng.obj
 0001:00012a20       lodepng_chunk_append       0000000010013a20 f   NativeLib:lodepng.obj
 0001:00012b40       lodepng_chunk_check_crc    0000000010013b40 f   NativeLib:lodepng.obj
 0001:00012bd0       lodepng_chunk_create       0000000010013bd0 f   NativeLib:lodepng.obj
 0001:00012d00       lodepng_chunk_data         0000000010013d00 f   NativeLib:lodepng.obj
 0001:00012d40       lodepng_chunk_data_const   0000000010013d40 f   NativeLib:lodepng.obj
 0001:00012d80       lodepng_chunk_find         0000000010013d80 f   NativeLib:lodepng.obj
 0001:00012e00       lodepng_chunk_find_const   0000000010013e00 f   NativeLib:lodepng.obj
 0001:00012e80       lodepng_chunk_generate_crc 0000000010013e80 f   NativeLib:lodepng.obj
 0001:00012fd0       lodepng_chunk_length       0000000010013fd0 f   NativeLib:lodepng.obj
 0001:00013010       lodepng_chunk_next         0000000010014010 f   NativeLib:lodepng.obj
 0001:00013170       lodepng_chunk_next_const   0000000010014170 f   NativeLib:lodepng.obj
 0001:000132d0       lodepng_chunk_private      00000000100142d0 f   NativeLib:lodepng.obj
 0001:00013320       lodepng_chunk_safetocopy   0000000010014320 f   NativeLib:lodepng.obj
 0001:00013370       lodepng_chunk_type         0000000010014370 f   NativeLib:lodepng.obj
 0001:000133e0       lodepng_chunk_type_equals  00000000100143e0 f   NativeLib:lodepng.obj
 0001:000134d0       lodepng_clear_icc          00000000100144d0 f   NativeLib:lodepng.obj
 0001:00013540       lodepng_clear_itext        0000000010014540 f   NativeLib:lodepng.obj
 0001:00013570       lodepng_clear_text         0000000010014570 f   NativeLib:lodepng.obj
 0001:00013650       lodepng_color_mode_cleanup 0000000010014650 f   NativeLib:lodepng.obj
 0001:00013680       lodepng_color_mode_copy    0000000010014680 f   NativeLib:lodepng.obj
 0001:00013860       lodepng_color_mode_init    0000000010014860 f   NativeLib:lodepng.obj
 0001:000138e0       lodepng_color_mode_make    00000000100148e0 f   NativeLib:lodepng.obj
 0001:00013a70       lodepng_color_stats_init   0000000010014a70 f   NativeLib:lodepng.obj
 0001:00013b20       lodepng_compress_settings_init 0000000010014b20 f   NativeLib:lodepng.obj
 0001:00013bb0       lodepng_compute_color_stats 0000000010014bb0 f   NativeLib:lodepng.obj
 0001:00014a80       lodepng_convert            0000000010015a80 f   NativeLib:lodepng.obj
 0001:00014fc0       lodepng_convert_rgb        0000000010015fc0 f   NativeLib:lodepng.obj
 0001:00015300       lodepng_crc32              0000000010016300 f   NativeLib:lodepng.obj
 0001:00015390       lodepng_decode             0000000010016390 f   NativeLib:lodepng.obj
 0001:00015580       lodepng_decode24           0000000010016580 f   NativeLib:lodepng.obj
 0001:000155f0       lodepng_decode32           00000000100165f0 f   NativeLib:lodepng.obj
 0001:00015660       lodepng_decode_memory      0000000010016660 f   NativeLib:lodepng.obj
 0001:00015730       lodepng_decoder_settings_init 0000000010016730 f   NativeLib:lodepng.obj
 0001:000157c0       lodepng_decompress_settings_init 00000000100167c0 f   NativeLib:lodepng.obj
 0001:00015830       lodepng_deflate            0000000010016830 f   NativeLib:lodepng.obj
 0001:00015b40       lodepng_encode             0000000010016b40 f   NativeLib:lodepng.obj
 0001:00016b40       lodepng_encode24           0000000010017b40 f   NativeLib:lodepng.obj
 0001:00016ba0       lodepng_encode32           0000000010017ba0 f   NativeLib:lodepng.obj
 0001:00016c00       lodepng_encode_memory      0000000010017c00 f   NativeLib:lodepng.obj
 0001:00016cc0       lodepng_encoder_settings_init 0000000010017cc0 f   NativeLib:lodepng.obj
 0001:00016d40       lodepng_error_text         0000000010017d40 f   NativeLib:lodepng.obj
 0001:00017410       lodepng_get_bpp            0000000010018410 f   NativeLib:lodepng.obj
 0001:00017480       lodepng_get_channels       0000000010018480 f   NativeLib:lodepng.obj
 0001:000174b0       lodepng_get_raw_size       00000000100184b0 f   NativeLib:lodepng.obj
 0001:00017690       lodepng_has_palette_alpha  0000000010018690 f   NativeLib:lodepng.obj
 0001:00017700       lodepng_huffman_code_lengths 0000000010018700 f   NativeLib:lodepng.obj
 0001:00017b50       lodepng_inflate            0000000010018b50 f   NativeLib:lodepng.obj
 0001:00017d60       lodepng_info_cleanup       0000000010018d60 f   NativeLib:lodepng.obj
 0001:00017dc0       lodepng_info_copy          0000000010018dc0 f   NativeLib:lodepng.obj
 0001:00017ef0       lodepng_info_init          0000000010018ef0 f   NativeLib:lodepng.obj
 0001:00018000       lodepng_inspect            0000000010019000 f   NativeLib:lodepng.obj
 0001:00018450       lodepng_inspect_chunk      0000000010019450 f   NativeLib:lodepng.obj
 0001:00018870       lodepng_is_alpha_type      0000000010019870 f   NativeLib:lodepng.obj
 0001:000188c0       lodepng_is_greyscale_type  00000000100198c0 f   NativeLib:lodepng.obj
 0001:00018910       lodepng_is_palette_type    0000000010019910 f   NativeLib:lodepng.obj
 0001:00018ac0       lodepng_palette_add        0000000010019ac0 f   NativeLib:lodepng.obj
 0001:00018bb0       lodepng_palette_clear      0000000010019bb0 f   NativeLib:lodepng.obj
 0001:00018ed0       lodepng_set_icc            0000000010019ed0 f   NativeLib:lodepng.obj
 0001:00018f40       lodepng_state_cleanup      0000000010019f40 f   NativeLib:lodepng.obj
 0001:00018f90       lodepng_state_copy         0000000010019f90 f   NativeLib:lodepng.obj
 0001:00019060       lodepng_state_init         000000001001a060 f   NativeLib:lodepng.obj
 0001:00019120       lodepng_zlib_compress      000000001001a120 f   NativeLib:lodepng.obj
 0001:00019310       lodepng_zlib_decompress    000000001001a310 f   NativeLib:lodepng.obj
 0001:0001dfc0       fatfs_init                 000000001001efc0 f   NativeLib:fatfs.obj
 0001:0001e040       format_exfat               000000001001f040 f   NativeLib:fatfs.obj
 0001:0001e0c0       get_files                  000000001001f0c0 f   NativeLib:fatfs.obj
 0001:0001e200       read_all_bytes             000000001001f200 f   NativeLib:fatfs.obj
 0001:0001e2c0       write_all_bytes            000000001001f2c0 f   NativeLib:fatfs.obj
 0001:0001e360       vmware_send                000000001001f360 f   NativeLib:vmware.obj
 0001:0001e3e4       vmware_send_hb             000000001001f3e4 f   NativeLib:vmware.obj
 0001:0001e46a       vmware_get_hb              000000001001f46a f   NativeLib:vmware.obj
 0001:00020800       f_close                    0000000010021800 f   NativeLib:ff.obj
 0001:00020860       f_closedir                 0000000010021860 f   NativeLib:ff.obj
 0001:000208b0       f_getfree                  00000000100218b0 f   NativeLib:ff.obj
 0001:00020b90       f_lseek                    0000000010021b90 f   NativeLib:ff.obj
 0001:000210d0       f_mkdir                    00000000100220d0 f   NativeLib:ff.obj
 0001:00021410       f_mkfs                     0000000010022410 f   NativeLib:ff.obj
 0001:00022fc0       f_mount                    0000000010023fc0 f   NativeLib:ff.obj
 0001:00023080       f_open                     0000000010024080 f   NativeLib:ff.obj
 0001:00023740       f_opendir                  0000000010024740 f   NativeLib:ff.obj
 0001:00023900       f_read                     0000000010024900 f   NativeLib:ff.obj
 0001:00023d60       f_readdir                  0000000010024d60 f   NativeLib:ff.obj
 0001:00023e10       f_rename                   0000000010024e10 f   NativeLib:ff.obj
 0001:000242d0       f_stat                     00000000100252d0 f   NativeLib:ff.obj
 0001:00024370       f_sync                     0000000010025370 f   NativeLib:ff.obj
 0001:000246c0       f_truncate                 00000000100256c0 f   NativeLib:ff.obj
 0001:00024870       f_unlink                   0000000010025870 f   NativeLib:ff.obj
 0001:00024ab0       f_write                    0000000010025ab0 f   NativeLib:ff.obj
 0001:000282e0       ff_oem2uni                 00000000100292e0 f   NativeLib:ffunicode.obj
 0001:000283f0       ff_uni2oem                 00000000100293f0 f   NativeLib:ffunicode.obj
 0001:00028500       ff_wtoupper                0000000010029500 f   NativeLib:ffunicode.obj
 0001:000286d0       disk_initialize            00000000100296d0 f   NativeLib:diskio.obj
 0001:00028700       disk_ioctl                 0000000010029700 f   NativeLib:diskio.obj
 0001:00028780       disk_read                  0000000010029780 f   NativeLib:diskio.obj
 0001:000287c0       disk_status                00000000100297c0 f   NativeLib:diskio.obj
 0001:000287f0       disk_write                 00000000100297f0 f   NativeLib:diskio.obj
 0001:00028830       mystrtoul                  0000000010029830 f   LibC:strtoul.obj
 0001:0002b0d0       fctprintf                  000000001002c0d0 f   LibC:printf.obj
 0001:0002b150       printf_                    000000001002c150 f   LibC:printf.obj
 0001:0002b1c0       snprintf_                  000000001002c1c0 f   LibC:printf.obj
 0001:0002b220       sprintf_                   000000001002c220 f   LibC:printf.obj
 0001:0002b290       vprintf_                   000000001002c290 f   LibC:printf.obj
 0001:0002b2e0       vsnprintf_                 000000001002c2e0 f   LibC:printf.obj
 0001:0002b330       myisspace                  000000001002c330 f   LibC:isspace.obj
 0001:0002b380       myisdigit                  000000001002c380 f   LibC:isdigit.obj
 0001:0002b3c0       myisalpha                  000000001002c3c0 f   LibC:isalpha.obj
 0001:0002b400       myisupper                  000000001002c400 f   LibC:isupper.obj
 0002:00000000       unbox_Bool__ToString       000000001002d000     guideXOS.obj
 0002:0000000c       unbox_UInt8__ToString      000000001002d00c     guideXOS.obj
 0002:00000018       unbox_Int32__ToString      000000001002d018     guideXOS.obj
 0002:00000024       unbox_UInt16__ToString     000000001002d024     guideXOS.obj
 0002:00000030       unbox_UInt32__ToString     000000001002d030     guideXOS.obj
 0002:0000003c       unbox_UInt64__ToString     000000001002d03c     guideXOS.obj
 0003:00000000       KMain                      000000001002e000     guideXOS.obj
 0003:00000000       guideXOS_Program__KMain    000000001002e000     guideXOS.obj
 0003:00000418       guideXOS_Program__SMain    000000001002e418     guideXOS.obj
 0003:00000f0c       guideXOS_Program__RefreshCachedIcons 000000001002ef0c     guideXOS.obj
 0003:00000fe8       guideXOS_Allocator__FindOrAddOwner 000000001002efe8     guideXOS.obj
 0003:000010f8       guideXOS_Allocator__Initialize 000000001002f0f8     guideXOS.obj
 0003:000011ec       guideXOS_Allocator__get_MemoryInUse 000000001002f1ec     guideXOS.obj
 0003:00001204       guideXOS_Allocator__GetPageIndexStart 000000001002f204     guideXOS.obj
 0003:00001258       guideXOS_Allocator__Free   000000001002f258     guideXOS.obj
 0003:000014ac       guideXOS_Allocator__SuspiciousSize 000000001002f4ac     guideXOS.obj
 0003:000014cc       guideXOS_Allocator__Allocate_0 000000001002f4cc     guideXOS.obj
 0003:0000183c       guideXOS_Allocator__Reallocate 000000001002f83c     guideXOS.obj
 0003:00001964       guideXOS_Allocator__ClearAllocate_0 000000001002f964     guideXOS.obj
 0003:00001a0c       guideXOS_Allocator__GetTagBytes 000000001002fa0c     guideXOS.obj
 0003:00001a34       guideXOS_Allocator__GetOwnerBytes 000000001002fa34     guideXOS.obj
 0003:00001b6c       guideXOS_Allocator__GetOwnerListSnapshot 000000001002fb6c     guideXOS.obj
 0003:00001cb4       guideXOS_GDT__FillEntry    000000001002fcb4     guideXOS.obj
 0003:00001cf4       guideXOS_GDT__Initialise   000000001002fcf4     guideXOS.obj
 0003:00001e44       guideXOS_GDT__SetKernelStack 000000001002fe44     guideXOS.obj
 0003:00001e68       guideXOS_IDT__Initialize   000000001002fe68     guideXOS.obj
 0003:00001f5c       guideXOS_IDT__AllowUserSoftwareInterrupt 000000001002ff5c     guideXOS.obj
 0003:00001ff4       guideXOS_IDT__intr_handler 000000001002fff4     guideXOS.obj
 0003:00001ff4       intr_handler               000000001002fff4     guideXOS.obj
 0003:000021a8       guideXOS_Native__Load_GDT  00000000100301a8     guideXOS.obj
 0003:000021fc       guideXOS_Native__Load_IDT  00000000100301fc     guideXOS.obj
 0003:00002250       guideXOS_Internal_Runtime_EEType__get_IsArray 0000000010030250     guideXOS.obj
 0003:00002274       guideXOS_Internal_Runtime_EEType__get_ArrayRank 0000000010030274     guideXOS.obj
 0003:00002294       __imp_GetCurrentThreadId   0000000010030294     guideXOS.obj
 0003:00002294       guideXOS_Internal_Runtime_CompilerHelpers_StartupCodeHelpers____imp_GetCurrentThreadId 0000000010030294     guideXOS.obj
 0003:00002298       __CheckForDebuggerJustMyCode 0000000010030298     guideXOS.obj
 0003:00002298       guideXOS_Internal_Runtime_CompilerHelpers_StartupCodeHelpers____CheckForDebuggerJustMyCode 0000000010030298     guideXOS.obj
 0003:0000229c       __fail_fast                000000001003029c     guideXOS.obj
 0003:0000229c       guideXOS_Internal_Runtime_CompilerHelpers_StartupCodeHelpers__FailFast 000000001003029c     guideXOS.obj
 0003:000022a0       guideXOS_Internal_Runtime_CompilerHelpers_StartupCodeHelpers__MemSet 00000000100302a0     guideXOS.obj
 0003:000022a0       memset                     00000000100302a0     guideXOS.obj
 0003:000022bc       guideXOS_Internal_Runtime_CompilerHelpers_StartupCodeHelpers__MemCpy 00000000100302bc     guideXOS.obj
 0003:000022bc       memcpy                     00000000100302bc     guideXOS.obj
 0003:000022d8       RhpFallbackFailFast        00000000100302d8     guideXOS.obj
 0003:000022d8       guideXOS_Internal_Runtime_CompilerHelpers_StartupCodeHelpers__RhpFallbackFailFast 00000000100302d8     guideXOS.obj
 0003:000022dc       RhpReversePInvoke2         00000000100302dc     guideXOS.obj
 0003:000022dc       guideXOS_Internal_Runtime_CompilerHelpers_StartupCodeHelpers__RhpReversePInvoke2 00000000100302dc     guideXOS.obj
 0003:000022e0       RhpReversePInvokeReturn2   00000000100302e0     guideXOS.obj
 0003:000022e0       guideXOS_Internal_Runtime_CompilerHelpers_StartupCodeHelpers__RhpReversePInvokeReturn2 00000000100302e0     guideXOS.obj
 0003:000022e4       RhpReversePInvoke          00000000100302e4     guideXOS.obj
 0003:000022e4       guideXOS_Internal_Runtime_CompilerHelpers_StartupCodeHelpers__RhpReversePInvoke 00000000100302e4     guideXOS.obj
 0003:000022e8       RhpReversePInvokeReturn    00000000100302e8     guideXOS.obj
 0003:000022e8       guideXOS_Internal_Runtime_CompilerHelpers_StartupCodeHelpers__RhpReversePInvokeReturn 00000000100302e8     guideXOS.obj
 0003:000022ec       RhpPInvoke                 00000000100302ec     guideXOS.obj
 0003:000022ec       guideXOS_Internal_Runtime_CompilerHelpers_StartupCodeHelpers__RhpPinvoke 00000000100302ec     guideXOS.obj
 0003:000022f0       RhpPInvokeReturn           00000000100302f0     guideXOS.obj
 0003:000022f0       guideXOS_Internal_Runtime_CompilerHelpers_StartupCodeHelpers__RhpPinvokeReturn 00000000100302f0     guideXOS.obj
 0003:000022f4       RhpNewFast                 00000000100302f4     guideXOS.obj
 0003:000022f4       guideXOS_Internal_Runtime_CompilerHelpers_StartupCodeHelpers__RhpNewFast 00000000100302f4     guideXOS.obj
 0003:00002380       RhpNewArray                0000000010030380     guideXOS.obj
 0003:00002380       guideXOS_Internal_Runtime_CompilerHelpers_StartupCodeHelpers__RhpNewArray 0000000010030380     guideXOS.obj
 0003:00002444       RhpAssignRef               0000000010030444     guideXOS.obj
 0003:00002444       guideXOS_Internal_Runtime_CompilerHelpers_StartupCodeHelpers__RhpAssignRef 0000000010030444     guideXOS.obj
 0003:00002448       RhpByRefAssignRef          0000000010030448     guideXOS.obj
 0003:00002448       guideXOS_Internal_Runtime_CompilerHelpers_StartupCodeHelpers__RhpByRefAssignRef 0000000010030448     guideXOS.obj
 0003:0000244c       RhpCheckedAssignRef        000000001003044c     guideXOS.obj
 0003:0000244c       guideXOS_Internal_Runtime_CompilerHelpers_StartupCodeHelpers__RhpCheckedAssignRef 000000001003044c     guideXOS.obj
 0003:00002450       RhpStelemRef               0000000010030450     guideXOS.obj
 0003:00002450       guideXOS_Internal_Runtime_CompilerHelpers_StartupCodeHelpers__RhpStelemRef 0000000010030450     guideXOS.obj
 0003:00002488       RhTypeCast_IsInstanceOfClass 0000000010030488     guideXOS.obj
 0003:00002488       guideXOS_Internal_Runtime_CompilerHelpers_StartupCodeHelpers__RhTypeCast_IsInstanceOfClass 0000000010030488     guideXOS.obj
 0003:000024b4       guideXOS_Internal_Runtime_CompilerHelpers_StartupCodeHelpers__InitializeModules 00000000100304b4     guideXOS.obj
 0003:0000266c       guideXOS_Internal_Runtime_CompilerHelpers_StartupCodeHelpers__InitializeStatics 000000001003066c     guideXOS.obj
 0003:00002758       guideXOS_Internal_Runtime_CompilerHelpers_SynchronizedMethodHelpers__MonitorEnterStatic 0000000010030758     guideXOS.obj
 0003:0000275c       guideXOS_Internal_Runtime_CompilerHelpers_SynchronizedMethodHelpers__MonitorExitStatic 000000001003075c     guideXOS.obj
 0003:00002760       guideXOS_Internal_Runtime_CompilerHelpers_ThrowHelpers__Error 0000000010030760     guideXOS.obj
 0003:00002810       guideXOS_Internal_Runtime_CompilerHelpers_ThrowHelpers__ThrowOverflowException 0000000010030810     guideXOS.obj
 0003:00002828       guideXOS_Internal_Runtime_CompilerHelpers_ThrowHelpers__ThrowIndexOutOfRangeException 0000000010030828     guideXOS.obj
 0003:00002840       Bool__ToString             0000000010030840     guideXOS.obj
 0003:00002858       UInt8__ToString            0000000010030858     guideXOS.obj
 0003:00002874       guideXOS_System_Delegate__InitializeOpenStaticThunk 0000000010030874     guideXOS.obj
 0003:00002898       guideXOS_System_Delegate__InitializeClosedInstance 0000000010030898     guideXOS.obj
 0003:000028c4       Int32__ToString            00000000100308c4     guideXOS.obj
 0003:000028e4       Int32__op_Implicit         00000000100308e4     guideXOS.obj
 0003:000028e8       Int64__ToString            00000000100308e8     guideXOS.obj
 0003:000029d8       guideXOS_System_Math__Sqrt 00000000100309d8     guideXOS.obj
 0003:00002a3c       guideXOS_System_MathF__Floor 0000000010030a3c     guideXOS.obj
 0003:00002a9c       Object___ctor              0000000010030a9c     guideXOS.obj
 0003:00002aa0       Object__ToString           0000000010030aa0     guideXOS.obj
 0003:00002aa8       Object__Dispose            0000000010030aa8     guideXOS.obj
 0003:00002af8       String__FromASCII          0000000010030af8     guideXOS.obj
 0003:00002b90       String__Ctor               0000000010030b90     guideXOS.obj
 0003:00002bb0       String__Ctor_1             0000000010030bb0     guideXOS.obj
 0003:00002bfc       String__Ctor_2             0000000010030bfc     guideXOS.obj
 0003:00002cb8       String__LastIndexOf        0000000010030cb8     guideXOS.obj
 0003:00002ce4       String__Ctor_3             0000000010030ce4     guideXOS.obj
 0003:00002d28       String__ToString           0000000010030d28     guideXOS.obj
 0003:00002d2c       String__Equals_0           0000000010030d2c     guideXOS.obj
 0003:00002d74       String__Concat             0000000010030d74     guideXOS.obj
 0003:00002e60       String__IndexOf            0000000010030e60     guideXOS.obj
 0003:00002e90       String__Concat_0           0000000010030e90     guideXOS.obj
 0003:00002f04       String__Concat_1           0000000010030f04     guideXOS.obj
 0003:00002fc8       String__Concat_2           0000000010030fc8     guideXOS.obj
 0003:000030b0       String__Format             00000000100310b0     guideXOS.obj
 0003:000032bc       String__Split              00000000100312bc     guideXOS.obj
 0003:000033d0       String__Substring          00000000100313d0     guideXOS.obj
 0003:00003410       String__Substring_0        0000000010031410     guideXOS.obj
 0003:0000344c       String__EndsWith_0         000000001003144c     guideXOS.obj
 0003:000034d8       String__ToUpper            00000000100314d8     guideXOS.obj
 0003:0000356c       guideXOS_System_StringPool___cctor 000000001003156c     guideXOS.obj
 0003:000036ec       guideXOS_System_StringPool__GetPercentage 00000000100316ec     guideXOS.obj
 0003:000037c0       guideXOS_System_StringPool__GetNumber 00000000100317c0     guideXOS.obj
 0003:00003888       guideXOS_System_StringPool__GetNumber_0 0000000010031888     guideXOS.obj
 0003:00003930       guideXOS_System_StringPool__GetMemorySize 0000000010031930     guideXOS.obj
 0003:00003bb8       guideXOS_System_StringPool__GetTransferRate 0000000010031bb8     guideXOS.obj
 0003:00003ca4       guideXOS_System_StringPool__FormatUptime 0000000010031ca4     guideXOS.obj
 0003:00003f48       UInt16__ToString           0000000010031f48     guideXOS.obj
 0003:00003f64       UInt32__ToString           0000000010031f64     guideXOS.obj
 0003:00003f80       UInt64__ToString           0000000010031f80     guideXOS.obj
 0003:00004048       UInt64__ToStringHex        0000000010032048     guideXOS.obj
 0003:000040f0       guideXOS_System_Threading_Monitor__Unlock 00000000100320f0     guideXOS.obj
 0003:00004134       RhTypeCast_CheckCastClass  0000000010032134     guideXOS.obj
 0003:00004134       guideXOS_System_Runtime_TypeCast__CheckCastClass 0000000010032134     guideXOS.obj
 0003:0000415c       RhTypeCast_CheckCastArray  000000001003215c     guideXOS.obj
 0003:0000415c       guideXOS_System_Runtime_TypeCast__CheckCastArray 000000001003215c     guideXOS.obj
 0003:00004184       RhTypeCast_IsInstanceOfArray 0000000010032184     guideXOS.obj
 0003:00004184       guideXOS_System_Runtime_TypeCast__IsInstanceOfArray 0000000010032184     guideXOS.obj
 0003:000041e0       guideXOS_System_Runtime_CompilerServices_ClassConstructorRunner__CheckStaticClassConstructionReturnNonGCStaticBase 00000000100321e0     guideXOS.obj
 0003:000041f8       guideXOS_System_Runtime_CompilerServices_ClassConstructorRunner__CheckStaticClassConstructionReturnGCStaticBase 00000000100321f8     guideXOS.obj
 0003:00004210       guideXOS_System_Runtime_CompilerServices_ClassConstructorRunner__CheckStaticClassConstruction 0000000010032210     guideXOS.obj
 0003:00004244       guideXOS_System_Drawing_Image___ctor 0000000010032244     guideXOS.obj
 0003:00004280       guideXOS_System_Drawing_Image___ctor_0 0000000010032280     guideXOS.obj
 0003:00004284       guideXOS_System_Drawing_Image__Resample 0000000010032284     guideXOS.obj
 0003:00004628       guideXOS_System_Drawing_Image__ResizeImage 0000000010032628     guideXOS.obj
 0003:0000479c       guideXOS_System_Drawing_Image__Dispose 000000001003279c     guideXOS.obj
 0003:00004824       guideXOS_guideXOS_Animation___ctor 0000000010032824     guideXOS.obj
 0003:00004834       guideXOS_guideXOS_Animator__Initialize 0000000010032834     guideXOS.obj
 0003:0000488c       guideXOS_guideXOS_Animator__OnInterrupt 000000001003288c     guideXOS.obj
 0003:00004918       guideXOS_guideXOS_API__HandleSystemCall 0000000010032918     guideXOS.obj
 0003:00004cb4       guideXOS_guideXOS_API__API_SndWrite 0000000010032cb4     guideXOS.obj
 0003:00004cbc       guideXOS_guideXOS_API__API_Calloc 0000000010032cbc     guideXOS.obj
 0003:00004cc4       guideXOS_guideXOS_API__API_StartThread 0000000010032cc4     guideXOS.obj
 0003:00004d00       guideXOS_guideXOS_API__API_Error 0000000010032d00     guideXOS.obj
 0003:00004d08       guideXOS_guideXOS_API__API_GetTime 0000000010032d08     guideXOS.obj
 0003:00004d88       guideXOS_guideXOS_API__API_DrawImage 0000000010032d88     guideXOS.obj
 0003:00004dbc       guideXOS_guideXOS_API__API_WriteString 0000000010032dbc     guideXOS.obj
 0003:00004e1c       guideXOS_guideXOS_API__API_Width 0000000010032e1c     guideXOS.obj
 0003:00004e30       guideXOS_guideXOS_API__API_Height 0000000010032e30     guideXOS.obj
 0003:00004e44       guideXOS_guideXOS_API__API_Update 0000000010032e44     guideXOS.obj
 0003:00004e4c       guideXOS_guideXOS_API__API_Clear 0000000010032e4c     guideXOS.obj
 0003:00004e6c       DebugWrite                 0000000010032e6c     guideXOS.obj
 0003:00004e6c       guideXOS_guideXOS_API__API_DebugWrite 0000000010032e6c     guideXOS.obj
 0003:00004e74       DebugWriteLine             0000000010032e74     guideXOS.obj
 0003:00004e74       guideXOS_guideXOS_API__API_DebugWriteLine 0000000010032e74     guideXOS.obj
 0003:00004e90       Lock                       0000000010032e90     guideXOS.obj
 0003:00004e90       guideXOS_guideXOS_API__API_Lock 0000000010032e90     guideXOS.obj
 0003:00004eb8       Unlock                     0000000010032eb8     guideXOS.obj
 0003:00004eb8       guideXOS_guideXOS_API__API_Unlock 0000000010032eb8     guideXOS.obj
 0003:00004ef8       guideXOS_guideXOS_API__API_DrawPoint 0000000010032ef8     guideXOS.obj
 0003:00004f2c       guideXOS_guideXOS_API__API_SwitchToConsoleMode 0000000010032f2c     guideXOS.obj
 0003:00004f34       guideXOS_guideXOS_API__API_ReadAllBytes 0000000010032f34     guideXOS.obj
 0003:0000503c       guideXOS_guideXOS_API__API_Sleep 000000001003303c     guideXOS.obj
 0003:00005044       guideXOS_guideXOS_API__API_GetTick 0000000010033044     guideXOS.obj
 0003:00005058       guideXOS_guideXOS_API__API_Write 0000000010033058     guideXOS.obj
 0003:00005064       guideXOS_guideXOS_API__API_WriteLine 0000000010033064     guideXOS.obj
 0003:0000506c       guideXOS_guideXOS_API__API_Allocate 000000001003306c     guideXOS.obj
 0003:00005074       guideXOS_guideXOS_API__API_Free 0000000010033074     guideXOS.obj
 0003:0000507c       guideXOS_guideXOS_API__API_Reallocate 000000001003307c     guideXOS.obj
 0003:00005084       guideXOS_guideXOS_API__SayHello 0000000010033084     guideXOS.obj
 0003:00005090       guideXOS_guideXOS_Kbd2Mouse__OnKeyChanged 0000000010033090     guideXOS.obj
 0003:00005214       guideXOS_guideXOS_ASC16__DrawChar 0000000010033214     guideXOS.obj
 0003:000052a8       guideXOS_guideXOS_Console__add_OnWrite 00000000100332a8     guideXOS.obj
 0003:00005330       guideXOS_guideXOS_Console__Setup 0000000010033330     guideXOS.obj
 0003:000053e8       guideXOS_guideXOS_Console__Write 00000000100333e8     guideXOS.obj
 0003:00005498       guideXOS_guideXOS_Console__Write_0 0000000010033498     guideXOS.obj
 0003:0000551c       guideXOS_guideXOS_Console__WriteFramebuffer 000000001003351c     guideXOS.obj
 0003:00005628       guideXOS_guideXOS_Console__MoveUp 0000000010033628     guideXOS.obj
 0003:0000565c       guideXOS_guideXOS_Console__MoveUpFramebuffer 000000001003365c     guideXOS.obj
 0003:00005708       guideXOS_guideXOS_Console__UpdateCursorFramebuffer 0000000010033708     guideXOS.obj
 0003:000057b8       guideXOS_guideXOS_Console__WriteLine 00000000100337b8     guideXOS.obj
 0003:00005850       guideXOS_guideXOS_Console__WriteLine_0 0000000010033850     guideXOS.obj
 0003:00005894       guideXOS_guideXOS_Console__Clear 0000000010033894     guideXOS.obj
 0003:000058b0       guideXOS_guideXOS_Console__ClearFramebuffer 00000000100338b0     guideXOS.obj
 0003:0000596c       guideXOS_guideXOS_PageTable__Initialise 000000001003396c     guideXOS.obj
 0003:00005a40       guideXOS_guideXOS_PageTable__GetPageInternal 0000000010033a40     guideXOS.obj
 0003:00005afc       guideXOS_guideXOS_PageTable__MapOnRoot 0000000010033afc     guideXOS.obj
 0003:00005b8c       guideXOS_guideXOS_PageTable__Next_0 0000000010033b8c     guideXOS.obj
 0003:00005c5c       guideXOS_guideXOS_Intel825xx__Initialize 0000000010033c5c     guideXOS.obj
 0003:00006668       guideXOS_guideXOS_Intel825xx__Reset 0000000010034668     guideXOS.obj
 0003:0000669c       guideXOS_guideXOS_Intel825xx__TXsetup 000000001003469c     guideXOS.obj
 0003:0000670c       guideXOS_guideXOS_Intel825xx__RXsetup 000000001003470c     guideXOS.obj
 0003:000067a4       guideXOS_guideXOS_Intel825xx__ReadROM 00000000100347a4     guideXOS.obj
 0003:000067d8       guideXOS_guideXOS_Intel825xx__OnInterrupt 00000000100347d8     guideXOS.obj
 0003:0000685c       guideXOS_guideXOS_Intel825xx__Linkup 000000001003485c     guideXOS.obj
 0003:00006898       guideXOS_guideXOS_Intel825xx__Send 0000000010034898     guideXOS.obj
 0003:000068f8       guideXOS_guideXOS_NETv4__Initialize 00000000100348f8     guideXOS.obj
 0003:000069e0       guideXOS_guideXOS_NETv4__SwapLeftRight 00000000100349e0     guideXOS.obj
 0003:000069fc       guideXOS_guideXOS_NETv4__SwapLeftRight_0 00000000100349fc     guideXOS.obj
 0003:00006a2c       guideXOS_guideXOS_NETv4__SwapLeftRight_1 0000000010034a2c     guideXOS.obj
 0003:00006a48       guideXOS_guideXOS_NETv4__SwapLeftRight_2 0000000010034a48     guideXOS.obj
 0003:00006a84       guideXOS_guideXOS_NETv4__OnData_0 0000000010034a84     guideXOS.obj
 0003:00006af8       guideXOS_guideXOS_NETv4__DNSQuery 0000000010034af8     guideXOS.obj
 0003:00006fec       guideXOS_guideXOS_NETv4__DHCPDiscover 0000000010034fec     guideXOS.obj
 0003:0000750c       guideXOS_guideXOS_NETv4__MakeDHCPRequestPacket 000000001003550c     guideXOS.obj
 0003:000075dc       guideXOS_guideXOS_NETv4__UDPBind 00000000100355dc     guideXOS.obj
 0003:00007638       guideXOS_guideXOS_NETv4__UDPSend 0000000010035638     guideXOS.obj
 0003:0000779c       guideXOS_guideXOS_NETv4__MakeUDPPacket 000000001003579c     guideXOS.obj
 0003:000078a8       guideXOS_guideXOS_NETv4__UDPOnData_0 00000000100358a8     guideXOS.obj
 0003:00007a08       guideXOS_guideXOS_NETv4__TCPOnData 0000000010035a08     guideXOS.obj
 0003:00008024       guideXOS_guideXOS_NETv4__TCPConnect 0000000010036024     guideXOS.obj
 0003:000080c4       guideXOS_guideXOS_NETv4__TCPClose 00000000100360c4     guideXOS.obj
 0003:000080fc       guideXOS_guideXOS_NETv4__TCPSendData 00000000100360fc     guideXOS.obj
 0003:0000818c       guideXOS_guideXOS_NETv4__TCPSend 000000001003618c     guideXOS.obj
 0003:000082e4       guideXOS_guideXOS_NETv4__MakeTCPPacket 00000000100362e4     guideXOS.obj
 0003:000084a8       guideXOS_guideXOS_NETv4__IPOnData 00000000100364a8     guideXOS.obj
 0003:000085d4       guideXOS_guideXOS_NETv4__MakeIPPacket 00000000100365d4     guideXOS.obj
 0003:0000863c       guideXOS_guideXOS_NETv4__IPChecksum 000000001003663c     guideXOS.obj
 0003:0000868c       guideXOS_guideXOS_NETv4__ICMPOnData 000000001003668c     guideXOS.obj
 0003:00008800       guideXOS_guideXOS_NETv4__ICMPPing 0000000010036800     guideXOS.obj
 0003:0000896c       guideXOS_guideXOS_NETv4__ARPLookup 000000001003696c     guideXOS.obj
 0003:00008af8       guideXOS_guideXOS_NETv4__ARPOnData 0000000010036af8     guideXOS.obj
 0003:00008d14       guideXOS_guideXOS_NETv4__MakeARPPacket 0000000010036d14     guideXOS.obj
 0003:00008d8c       guideXOS_guideXOS_NETv4__ARPRequire 0000000010036d8c     guideXOS.obj
 0003:00008e90       guideXOS_guideXOS_NETv4__MakeEthernetPacket 0000000010036e90     guideXOS.obj
 0003:00008ecc       guideXOS_guideXOS_RTL8111__Initialize 0000000010036ecc     guideXOS.obj
 0003:00009980       guideXOS_guideXOS_RTL8111__ResetRXDesc 0000000010037980     guideXOS.obj
 0003:000099b8       guideXOS_guideXOS_RTL8111__Send 00000000100379b8     guideXOS.obj
 0003:00009a78       guideXOS_guideXOS_RTL8111__OnInterrupt 0000000010037a78     guideXOS.obj
 0003:00009b64       guideXOS_guideXOS_SMP__ApplicationProcessorMain 0000000010037b64     guideXOS.obj
 0003:00009c00       guideXOS_guideXOS_SMP__Initialize 0000000010037c00     guideXOS.obj
 0003:00009d90       guideXOS_guideXOS_Network_Http__NextEphemeralPort 0000000010037d90     guideXOS.obj
 0003:00009dc4       guideXOS_guideXOS_Network_Http__PostJson 0000000010037dc4     guideXOS.obj
 0003:00009e54       guideXOS_guideXOS_Network_Http__BuildPost 0000000010037e54     guideXOS.obj
 0003:0000a03c       guideXOS_guideXOS_Network_Http__Send 000000001003803c     guideXOS.obj
 0003:0000a5c0       guideXOS_guideXOS_Network_Http__Resolve 00000000100385c0     guideXOS.obj
[...]
 0008:00000262       __E2E33A61_corecrt_wstdlib@h 000000001045c262     NativeLib:ffunicode.obj
 0008:00000263       __10D4A829_limits@h        000000001045c263     NativeLib:ffunicode.obj
 0008:00000264       __6E5ACABA_stdlib@h        000000001045c264     NativeLib:ffunicode.obj
 0008:00000265       __30B1AFDA_unknwnbase@h    000000001045c265     NativeLib:ffunicode.obj
 0008:00000266       __328C1996_objidlbase@h    000000001045c266     NativeLib:ffunicode.obj
 0008:00000267       __C4E06B6A_cguid@h         000000001045c267     NativeLib:ffunicode.obj
 0008:00000268       __434718C5_combaseapi@h    000000001045c268     NativeLib:ffunicode.obj
 0008:00000269       __DE6FDEF1_unknwn@h        000000001045c269     NativeLib:ffunicode.obj
 0008:0000026a       __CCE0BACC_objidl@h        000000001045c26a     NativeLib:ffunicode.obj
 0008:0000026b       __8C7011E5_oaidl@h         000000001045c26b     NativeLib:ffunicode.obj
 0008:0000026c       __2E0B7863_propidlbase@h   000000001045c26c     NativeLib:ffunicode.obj
 0008:0000026d       __BF4CF2EC_coml2api@h      000000001045c26d     NativeLib:ffunicode.obj
 0008:0000026e       __6D897344_oleidl@h        000000001045c26e     NativeLib:ffunicode.obj
 0008:0000026f       __1129FC2C_servprov@h      000000001045c26f     NativeLib:ffunicode.obj
 0008:00000270       __757952E4_msxml@h         000000001045c270     NativeLib:ffunicode.obj
 0008:00000271       __B1191D53_urlmon@h        000000001045c271     NativeLib:ffunicode.obj
 0008:00000272       __404D1A47_propidl@h       000000001045c272     NativeLib:ffunicode.obj
 0008:00000273       __A1C63593_objbase@h       000000001045c273     NativeLib:ffunicode.obj
 0008:00000274       __C1B0A9CB_oleauto@h       000000001045c274     NativeLib:ffunicode.obj
 0008:00000275       __24EAF61F_ole2@h          000000001045c275     NativeLib:ffunicode.obj
 0008:00000276       __2B1843DA_commdlg@h       000000001045c276     NativeLib:ffunicode.obj
 0008:00000277       __81DDEDE3_stralign@h      000000001045c277     NativeLib:ffunicode.obj
 0008:00000278       __2134D1B4_winsvc@h        000000001045c278     NativeLib:ffunicode.obj
 0008:00000279       __11C07376_mcx@h           000000001045c279     NativeLib:ffunicode.obj
 0008:0000027a       __577CE3E7_ime_cmodes@h    000000001045c27a     NativeLib:ffunicode.obj
 0008:0000027b       __1E72C31E_imm@h           000000001045c27b     NativeLib:ffunicode.obj
 0008:0000027c       __E15BF856_windows@h       000000001045c27c     NativeLib:ffunicode.obj
 0008:0000027d       __44420885_corecrt_stdio_config@h 000000001045c27d     NativeLib:ffunicode.obj
 0008:0000027e       __EF1F6BBA_corecrt_wconio@h 000000001045c27e     NativeLib:ffunicode.obj
 0008:0000027f       __3D1D430C_corecrt_wdirect@h 000000001045c27f     NativeLib:ffunicode.obj
 0008:00000280       __8ECB7138_corecrt_share@h 000000001045c280     NativeLib:ffunicode.obj
 0008:00000281       __DB7FEBA6_corecrt_wio@h   000000001045c281     NativeLib:ffunicode.obj
 0008:00000282       __9A9F0068_corecrt_wprocess@h 000000001045c282     NativeLib:ffunicode.obj
 0008:00000283       __AB601D8D_corecrt_wstdio@h 000000001045c283     NativeLib:ffunicode.obj
 0008:00000284       __369A9BC3_corecrt_wtime@h 000000001045c284     NativeLib:ffunicode.obj
 0008:00000285       __CE789B9D_types@h         000000001045c285     NativeLib:ffunicode.obj
 0008:00000286       __9901C817_stat@h          000000001045c286     NativeLib:ffunicode.obj
 0008:00000287       __3FCAD62E_wchar@h         000000001045c287     NativeLib:ffunicode.obj
 0008:00000288       __0E22CCB3_tchar@h         000000001045c288     NativeLib:ffunicode.obj
 0008:00000289       __4CCC6929_integer@h       000000001045c289     NativeLib:ffunicode.obj
 0008:0000028a       __ED2A062E_ffconf@h        000000001045c28a     NativeLib:ffunicode.obj
 0008:0000028b       __A5A085C2_ff@h            000000001045c28b     NativeLib:ffunicode.obj
 0008:0000028c       __87CD6F4B_ffunicode@c     000000001045c28c     NativeLib:ffunicode.obj
 0008:0000028d       __0ED14FEE_winpackagefamily@h 000000001045c28d     NativeLib:diskio.obj
 0008:0000028e       __F92EF742_winapifamily@h  000000001045c28e     NativeLib:diskio.obj
 0008:0000028f       __22E515EB_sdkddkver@h     000000001045c28f     NativeLib:diskio.obj
 0008:00000290       __FE09AF47_concurrencysal@h 000000001045c290     NativeLib:diskio.obj
 0008:00000291       __C073CA79_sal@h           000000001045c291     NativeLib:diskio.obj
 0008:00000292       __D6AFE870_vadefs@h        000000001045c292     NativeLib:diskio.obj
 0008:00000293       __D63E96CF_vcruntime@h     000000001045c293     NativeLib:diskio.obj
 0008:00000294       __514B86D7_excpt@h         000000001045c294     NativeLib:diskio.obj
 0008:00000295       __9A7D38D9_stdarg@h        000000001045c295     NativeLib:diskio.obj
 0008:00000296       __29F49F40_specstrings_undef@h 000000001045c296     NativeLib:diskio.obj
 0008:00000297       __D0F42932_specstrings_strict@h 000000001045c297     NativeLib:diskio.obj
 0008:00000298       __F00405FD_sdv_driverspecs@h 000000001045c298     NativeLib:diskio.obj
 0008:00000299       __173E09CA_driverspecs@h   000000001045c299     NativeLib:diskio.obj
 0008:0000029a       __9A452361_specstrings@h   000000001045c29a     NativeLib:diskio.obj
 0008:0000029b       __1B0272D9_corecrt@h       000000001045c29b     NativeLib:diskio.obj
 0008:0000029c       __74484FB3_corecrt_wctype@h 000000001045c29c     NativeLib:diskio.obj
 0008:0000029d       __1EC467ED_ctype@h         000000001045c29d     NativeLib:diskio.obj
 0008:0000029e       __98517906_kernelspecs@h   000000001045c29e     NativeLib:diskio.obj
 0008:0000029f       __D3497022_basetsd@h       000000001045c29f     NativeLib:diskio.obj
 0008:000002a0       __61CC25A1_errno@h         000000001045c2a0     NativeLib:diskio.obj
 0008:000002a1       __3EADF068_vcruntime_string@h 000000001045c2a1     NativeLib:diskio.obj
 0008:000002a2       __E4C945B4_corecrt_memcpy_s@h 000000001045c2a2     NativeLib:diskio.obj
 0008:000002a3       __8EAFF484_corecrt_memory@h 000000001045c2a3     NativeLib:diskio.obj
 0008:000002a4       __6490AEC5_corecrt_wstring@h 000000001045c2a4     NativeLib:diskio.obj
 0008:000002a5       __E8295E1E_string@h        000000001045c2a5     NativeLib:diskio.obj
 0008:000002a6       __7FCB5136_guiddef@h       000000001045c2a6     NativeLib:diskio.obj
 0008:000002a7       __FF8A9E11_pshpack4@h      000000001045c2a7     NativeLib:diskio.obj
 0008:000002a8       __D5438902_poppack@h       000000001045c2a8     NativeLib:diskio.obj
 0008:000002a9       __FB07E2A3_pshpack2@h      000000001045c2a9     NativeLib:diskio.obj
 0008:000002aa       __F6906775_pshpack8@h      000000001045c2aa     NativeLib:diskio.obj
 0008:000002ab       __F9415CFA_pshpack1@h      000000001045c2ab     NativeLib:diskio.obj
 0008:000002ac       __E58C6F1C_apiset@h        000000001045c2ac     NativeLib:diskio.obj
 0008:000002ad       __A5C52262_ktmtypes@h      000000001045c2ad     NativeLib:diskio.obj
 0008:000002ae       __FBBA8F9D_winnt@h         000000001045c2ae     NativeLib:diskio.obj
 0008:000002af       __A32D3D2C_minwindef@h     000000001045c2af     NativeLib:diskio.obj
 0008:000002b0       __7D798299_windef@h        000000001045c2b0     NativeLib:diskio.obj
 0008:000002b1       __9AE108E9_apisetcconv@h   000000001045c2b1     NativeLib:diskio.obj
 0008:000002b2       __9CE53D2C_minwinbase@h    000000001045c2b2     NativeLib:diskio.obj
 0008:000002b3       __5D0AA210_apiquery2@h     000000001045c2b3     NativeLib:diskio.obj
 0008:000002b4       __4DD4E726_processenv@h    000000001045c2b4     NativeLib:diskio.obj
 0008:000002b5       __3575CC96_fileapi@h       000000001045c2b5     NativeLib:diskio.obj
 0008:000002b6       __8EA220E6_fileapifromapp@h 000000001045c2b6     NativeLib:diskio.obj
 0008:000002b7       __BF9B31FE_debugapi@h      000000001045c2b7     NativeLib:diskio.obj
 0008:000002b8       __C3AFE134_utilapiset@h    000000001045c2b8     NativeLib:diskio.obj
 0008:000002b9       __76F69E51_handleapi@h     000000001045c2b9     NativeLib:diskio.obj
 0008:000002ba       __7E63D784_errhandlingapi@h 000000001045c2ba     NativeLib:diskio.obj
 0008:000002bb       __FFA7003C_fibersapi@h     000000001045c2bb     NativeLib:diskio.obj
 0008:000002bc       __8971CECF_namedpipeapi@h  000000001045c2bc     NativeLib:diskio.obj
 0008:000002bd       __46C9D8A6_profileapi@h    000000001045c2bd     NativeLib:diskio.obj
 0008:000002be       __98D4F0A3_heapapi@h       000000001045c2be     NativeLib:diskio.obj
 0008:000002bf       __50EF2A88_ioapiset@h      000000001045c2bf     NativeLib:diskio.obj
 0008:000002c0       __92EA1464_synchapi@h      000000001045c2c0     NativeLib:diskio.obj
 0008:000002c1       __A53D8AED_interlockedapi@h 000000001045c2c1     NativeLib:diskio.obj
 0008:000002c2       __B506CAAF_processthreadsapi@h 000000001045c2c2     NativeLib:diskio.obj
 0008:000002c3       __FF735694_sysinfoapi@h    000000001045c2c3     NativeLib:diskio.obj
 0008:000002c4       __29589789_memoryapi@h     000000001045c2c4     NativeLib:diskio.obj
 0008:000002c5       __E9C7A663_enclaveapi@h    000000001045c2c5     NativeLib:diskio.obj
 0008:000002c6       __D035F9F7_threadpoollegacyapiset@h 000000001045c2c6     NativeLib:diskio.obj
 0008:000002c7       __C899130C_threadpoolapiset@h 000000001045c2c7     NativeLib:diskio.obj
 0008:000002c8       __E0441EE7_jobapi@h        000000001045c2c8     NativeLib:diskio.obj
 0008:000002c9       __CEF86838_jobapi2@h       000000001045c2c9     NativeLib:diskio.obj
 0008:000002ca       __35AC6B9A_wow64apiset@h   000000001045c2ca     NativeLib:diskio.obj
 0008:000002cb       __C8AE41A5_libloaderapi@h  000000001045c2cb     NativeLib:diskio.obj
 0008:000002cc       __CC9E232D_securitybaseapi@h 000000001045c2cc     NativeLib:diskio.obj
 0008:000002cd       __C9D0C9B8_namespaceapi@h  000000001045c2cd     NativeLib:diskio.obj
 0008:000002ce       __30FF9CAD_systemtopologyapi@h 000000001045c2ce     NativeLib:diskio.obj
 0008:000002cf       __4D358795_processtopologyapi@h 000000001045c2cf     NativeLib:diskio.obj
 0008:000002d0       __40446D10_securityappcontainer@h 000000001045c2d0     NativeLib:diskio.obj
 0008:000002d1       __3A952EDF_realtimeapiset@h 000000001045c2d1     NativeLib:diskio.obj
 0008:000002d2       __F4865F4B_winerror@h      000000001045c2d2     NativeLib:diskio.obj
 0008:000002d3       __53C1BD93_timezoneapi@h   000000001045c2d3     NativeLib:diskio.obj
 0008:000002d4       __1FFBEDBF_winbase@h       000000001045c2d4     NativeLib:diskio.obj
 0008:000002d5       __43D3FA34_wingdi@h        000000001045c2d5     NativeLib:diskio.obj
 0008:000002d6       __D24A7391_tvout@h         000000001045c2d6     NativeLib:diskio.obj
 0008:000002d7       __7713A6C8_winuser@h       000000001045c2d7     NativeLib:diskio.obj
 0008:000002d8       __0B345F71_datetimeapi@h   000000001045c2d8     NativeLib:diskio.obj
 0008:000002d9       __9AC6960C_winnls@h        000000001045c2d9     NativeLib:diskio.obj
 0008:000002da       __973A40A8_stringapiset@h  000000001045c2da     NativeLib:diskio.obj
 0008:000002db       __CC46FEE2_wincontypes@h   000000001045c2db     NativeLib:diskio.obj
 0008:000002dc       __97D70BE1_consoleapi@h    000000001045c2dc     NativeLib:diskio.obj
 0008:000002dd       __27EC5E18_consoleapi2@h   000000001045c2dd     NativeLib:diskio.obj
 0008:000002de       __262E342F_consoleapi3@h   000000001045c2de     NativeLib:diskio.obj
 0008:000002df       __641DCD70_wincon@h        000000001045c2df     NativeLib:diskio.obj
 0008:000002e0       __5A96C7A7_verrsrc@h       000000001045c2e0     NativeLib:diskio.obj
 0008:000002e1       __B69C6FF2_winver@h        000000001045c2e1     NativeLib:diskio.obj
 0008:000002e2       __7AEB8C37_reason@h        000000001045c2e2     NativeLib:diskio.obj
 0008:000002e3       __59F1A8A9_winreg@h        000000001045c2e3     NativeLib:diskio.obj
 0008:000002e4       __EE0E2B7F_wnnc@h          000000001045c2e4     NativeLib:diskio.obj
 0008:000002e5       __DCDB7054_winnetwk@h      000000001045c2e5     NativeLib:diskio.obj
 0008:000002e6       __EDC72EEB_cderr@h         000000001045c2e6     NativeLib:diskio.obj
 0008:000002e7       __95F9199D_dde@h           000000001045c2e7     NativeLib:diskio.obj
 0008:000002e8       __66427627_ddeml@h         000000001045c2e8     NativeLib:diskio.obj
 0008:000002e9       __957C29A0_dlgs@h          000000001045c2e9     NativeLib:diskio.obj
 0008:000002ea       __12EA15AF_lzexpand@h      000000001045c2ea     NativeLib:diskio.obj
 0008:000002eb       __62131F15_mmsyscom@h      000000001045c2eb     NativeLib:diskio.obj
 0008:000002ec       __47E68D49_mciapi@h        000000001045c2ec     NativeLib:diskio.obj
 0008:000002ed       __5D7DD356_mmiscapi@h      000000001045c2ed     NativeLib:diskio.obj
 0008:000002ee       __7223D2EF_mmiscapi2@h     000000001045c2ee     NativeLib:diskio.obj
 0008:000002ef       __A330DBB3_playsoundapi@h  000000001045c2ef     NativeLib:diskio.obj
 0008:000002f0       __601B366F_mmeapi@h        000000001045c2f0     NativeLib:diskio.obj
 0008:000002f1       __1134ADD5_timeapi@h       000000001045c2f1     NativeLib:diskio.obj
 0008:000002f2       __93F2265A_joystickapi@h   000000001045c2f2     NativeLib:diskio.obj
 0008:000002f3       __DF6EB4E3_mmsystem@h      000000001045c2f3     NativeLib:diskio.obj
 0008:000002f4       __BD641FCB_nb30@h          000000001045c2f4     NativeLib:diskio.obj
 0008:000002f5       __DF8704F0_rpcdcep@h       000000001045c2f5     NativeLib:diskio.obj
 0008:000002f6       __5C6CA7BB_rpcdce@h        000000001045c2f6     NativeLib:diskio.obj
 0008:000002f7       __853533C4_rpcnsi@h        000000001045c2f7     NativeLib:diskio.obj
 0008:000002f8       __2D2406C3_rpcnterr@h      000000001045c2f8     NativeLib:diskio.obj
 0008:000002f9       __64521D71_rpcasync@h      000000001045c2f9     NativeLib:diskio.obj
 0008:000002fa       __AADCBA08_rpc@h           000000001045c2fa     NativeLib:diskio.obj
 0008:000002fb       __19E26CFF_shellapi@h      000000001045c2fb     NativeLib:diskio.obj
 0008:000002fc       __1E9F31D3_winperf@h       000000001045c2fc     NativeLib:diskio.obj
 0008:000002fd       __832A4112_inaddr@h        000000001045c2fd     NativeLib:diskio.obj
 0008:000002fe       __32C6F875_winsock@h       000000001045c2fe     NativeLib:diskio.obj
 0008:000002ff       __7953A3F8_bcrypt@h        000000001045c2ff     NativeLib:diskio.obj
 0008:00000300       __E4169492_ncrypt@h        000000001045c300     NativeLib:diskio.obj
 0008:00000301       __AF3DDDC3_dpapi@h         000000001045c301     NativeLib:diskio.obj
 0008:00000302       __D1E23BF2_wincrypt@h      000000001045c302     NativeLib:diskio.obj
 0008:00000303       __82AB4779_winefs@h        000000001045c303     NativeLib:diskio.obj
 0008:00000304       __1FE431C9_rpcnsip@h       000000001045c304     NativeLib:diskio.obj
 0008:00000305       __2B741F2D_rpcsal@h        000000001045c305     NativeLib:diskio.obj
 0008:00000306       __92623256_rpcndr@h        000000001045c306     NativeLib:diskio.obj
 0008:00000307       __9C18532E_wtypesbase@h    000000001045c307     NativeLib:diskio.obj
 0008:00000308       __EA2E1D6D_wtypes@h        000000001045c308     NativeLib:diskio.obj
 0008:00000309       __7DDD9F45_winioctl@h      000000001045c309     NativeLib:diskio.obj
 0008:0000030a       __E550A843_winsmcrd@h      000000001045c30a     NativeLib:diskio.obj
 0008:0000030b       __9809C1BA_winscard@h      000000001045c30b     NativeLib:diskio.obj
 0008:0000030c       __EA174FA4_prsht@h         000000001045c30c     NativeLib:diskio.obj
 0008:0000030d       __0E1BD114_winspool@h      000000001045c30d     NativeLib:diskio.obj
 0008:0000030e       __45DED006_corecrt_malloc@h 000000001045c30e     NativeLib:diskio.obj
 0008:0000030f       __13F5961F_stddef@h        000000001045c30f     NativeLib:diskio.obj
 0008:00000310       __FD6DBD68_corecrt_search@h 000000001045c310     NativeLib:diskio.obj
 0008:00000311       __E2E33A61_corecrt_wstdlib@h 000000001045c311     NativeLib:diskio.obj
 0008:00000312       __10D4A829_limits@h        000000001045c312     NativeLib:diskio.obj
 0008:00000313       __6E5ACABA_stdlib@h        000000001045c313     NativeLib:diskio.obj
 0008:00000314       __30B1AFDA_unknwnbase@h    000000001045c314     NativeLib:diskio.obj
 0008:00000315       __328C1996_objidlbase@h    000000001045c315     NativeLib:diskio.obj
 0008:00000316       __C4E06B6A_cguid@h         000000001045c316     NativeLib:diskio.obj
 0008:00000317       __434718C5_combaseapi@h    000000001045c317     NativeLib:diskio.obj
 0008:00000318       __DE6FDEF1_unknwn@h        000000001045c318     NativeLib:diskio.obj
 0008:00000319       __CCE0BACC_objidl@h        000000001045c319     NativeLib:diskio.obj
 0008:0000031a       __8C7011E5_oaidl@h         000000001045c31a     NativeLib:diskio.obj
 0008:0000031b       __2E0B7863_propidlbase@h   000000001045c31b     NativeLib:diskio.obj
 0008:0000031c       __BF4CF2EC_coml2api@h      000000001045c31c     NativeLib:diskio.obj
 0008:0000031d       __6D897344_oleidl@h        000000001045c31d     NativeLib:diskio.obj
 0008:0000031e       __1129FC2C_servprov@h      000000001045c31e     NativeLib:diskio.obj
 0008:0000031f       __757952E4_msxml@h         000000001045c31f     NativeLib:diskio.obj
 0008:00000320       __B1191D53_urlmon@h        000000001045c320     NativeLib:diskio.obj
 0008:00000321       __404D1A47_propidl@h       000000001045c321     NativeLib:diskio.obj
 0008:00000322       __A1C63593_objbase@h       000000001045c322     NativeLib:diskio.obj
 0008:00000323       __C1B0A9CB_oleauto@h       000000001045c323     NativeLib:diskio.obj
 0008:00000324       __24EAF61F_ole2@h          000000001045c324     NativeLib:diskio.obj
 0008:00000325       __2B1843DA_commdlg@h       000000001045c325     NativeLib:diskio.obj
 0008:00000326       __81DDEDE3_stralign@h      000000001045c326     NativeLib:diskio.obj
 0008:00000327       __2134D1B4_winsvc@h        000000001045c327     NativeLib:diskio.obj
 0008:00000328       __11C07376_mcx@h           000000001045c328     NativeLib:diskio.obj
 0008:00000329       __577CE3E7_ime_cmodes@h    000000001045c329     NativeLib:diskio.obj
 0008:0000032a       __1E72C31E_imm@h           000000001045c32a     NativeLib:diskio.obj
 0008:0000032b       __E15BF856_windows@h       000000001045c32b     NativeLib:diskio.obj
 0008:0000032c       __44420885_corecrt_stdio_config@h 000000001045c32c     NativeLib:diskio.obj
 0008:0000032d       __EF1F6BBA_corecrt_wconio@h 000000001045c32d     NativeLib:diskio.obj
 0008:0000032e       __3D1D430C_corecrt_wdirect@h 000000001045c32e     NativeLib:diskio.obj
 0008:0000032f       __8ECB7138_corecrt_share@h 000000001045c32f     NativeLib:diskio.obj
 0008:00000330       __DB7FEBA6_corecrt_wio@h   000000001045c330     NativeLib:diskio.obj
 0008:00000331       __9A9F0068_corecrt_wprocess@h 000000001045c331     NativeLib:diskio.obj
 0008:00000332       __AB601D8D_corecrt_wstdio@h 000000001045c332     NativeLib:diskio.obj
 0008:00000333       __369A9BC3_corecrt_wtime@h 000000001045c333     NativeLib:diskio.obj
 0008:00000334       __CE789B9D_types@h         000000001045c334     NativeLib:diskio.obj
 0008:00000335       __9901C817_stat@h          000000001045c335     NativeLib:diskio.obj
 0008:00000336       __3FCAD62E_wchar@h         000000001045c336     NativeLib:diskio.obj
 0008:00000337       __0E22CCB3_tchar@h         000000001045c337     NativeLib:diskio.obj
 0008:00000338       __4CCC6929_integer@h       000000001045c338     NativeLib:diskio.obj
 0008:00000339       __3D17D6D7_diskio@h        000000001045c339     NativeLib:diskio.obj
 0008:0000033a       __AAC50F5F_diskio@c        000000001045c33a     NativeLib:diskio.obj
 0009:000000a0       $R000000                   000000001045d0a0     guideXOS.res
 0009:000002f0       $R000250                   000000001045d2f0     guideXOS.res
