 guideXOS

 Timestamp is 69054e8f (Fri Oct 31 17:04:31 2025)

 Preferred load address is 0000000010000000

 Start         Length     Name                   Class
 0001:00000000 00000340H .text                   CODE
 0001:00000340 0002ae81H .text$mn                CODE
 0002:00000000 00000045H .unbox$M                CODE
 0003:00000000 0002a6afH .managedcode$I          CODE
 0004:00000000 000357b0H .rdata                  DATA
 0004:000357b0 00000018H .rdata$voltmd           DATA
 0004:000357c8 0000019cH .rdata$zzzdbg           DATA
 0004:00035964 0000750cH .xdata                  DATA
 0004:0003ce70 00000000H .edata                  DATA
 0005:00000000 0001e2c0H .data                   DATA
 0005:0001e2c0 001015a0H .bss                    DATA
 0006:00000000 00002e68H .pdata                  DATA
 0007:00000000 00000008H .modules$I              DATA
 0008:00000000 00000344H .msvcjmc                DATA
 0009:00000000 000000a0H .rsrc$01                DATA
 0009:000000a0 00000440H .rsrc$02                DATA

  Address         Publics by Value              Rva+Base               Lib:Object

 0000:00000000       __AbsoluteZero             0000000000000000     <absolute>
 0000:00000000       ___safe_se_handler_count   0000000000000000     <absolute>
 0000:00000000       ___safe_se_handler_table   0000000000000000     <absolute>
 0000:00000000       __arm64x_extra_rfe_table   0000000000000000     <absolute>
 0000:00000000       __arm64x_extra_rfe_table_size 0000000000000000     <absolute>
 0000:00000000       __arm64x_native_entrypoint 0000000000000000     <absolute>
 0000:00000000       __arm64x_redirection_metadata 0000000000000000     <absolute>
 0000:00000000       __arm64x_redirection_metadata_count 0000000000000000     <absolute>
 0000:00000000       __dynamic_value_reloc_table 0000000000000000     <absolute>
 0000:00000000       __enclave_config           0000000000000000     <absolute>
 0000:00000000       __guard_check_icall_a64n_fptr 0000000000000000     <absolute>
 0000:00000000       __guard_eh_cont_count      0000000000000000     <absolute>
 0000:00000000       __guard_eh_cont_table      0000000000000000     <absolute>
 0000:00000000       __guard_fids_count         0000000000000000     <absolute>
 0000:00000000       __guard_fids_table         0000000000000000     <absolute>
 0000:00000000       __guard_iat_count          0000000000000000     <absolute>
 0000:00000000       __guard_iat_table          0000000000000000     <absolute>
 0000:00000000       __guard_longjmp_count      0000000000000000     <absolute>
 0000:00000000       __guard_longjmp_table      0000000000000000     <absolute>
 0000:00000000       __hybrid_auxiliary_delayload_iat 0000000000000000     <absolute>
 0000:00000000       __hybrid_auxiliary_delayload_iat_copy 0000000000000000     <absolute>
 0000:00000000       __hybrid_auxiliary_iat     0000000000000000     <absolute>
 0000:00000000       __hybrid_auxiliary_iat_copy 0000000000000000     <absolute>
 0000:00000000       __hybrid_code_map          0000000000000000     <absolute>
 0000:00000000       __hybrid_code_map_count    0000000000000000     <absolute>
 0000:00000000       __hybrid_image_info_bitfield 0000000000000000     <absolute>
 0000:00000000       __x64_code_ranges_to_entry_points 0000000000000000     <absolute>
 0000:00000000       __x64_code_ranges_to_entry_points_count 0000000000000000     <absolute>
 0000:00000100       __guard_flags              0000000000000100     <absolute>
 0000:00000000       __ImageBase                0000000010000000     <linker-defined>
 0001:00000000       __GetNonGCStaticBase_guideXOS_Program 0000000010001000     guideXOS.obj
 0001:00000008       __GetNonGCStaticBase_guideXOS_Allocator 0000000010001008     guideXOS.obj
 0001:00000010       __GetNonGCStaticBase_guideXOS_GDT 0000000010001010     guideXOS.obj
 0001:00000018       __GetNonGCStaticBase_guideXOS_IDT 0000000010001018     guideXOS.obj
 0001:00000020       __GetNonGCStaticBase_guideXOS_System_Windows_Forms_Control 0000000010001020     guideXOS.obj
 0001:00000028       __GetNonGCStaticBase_guideXOS_guideXOS_Kbd2Mouse 0000000010001028     guideXOS.obj
 0001:00000030       __GetNonGCStaticBase_guideXOS_guideXOS_Console 0000000010001030     guideXOS.obj
 0001:00000038       __GetNonGCStaticBase_guideXOS_guideXOS_FPSMeter 0000000010001038     guideXOS.obj
 0001:00000040       __GetNonGCStaticBase_guideXOS_guideXOS_PageTable 0000000010001040     guideXOS.obj
 0001:00000048       __GetNonGCStaticBase_guideXOS_guideXOS_SMP 0000000010001048     guideXOS.obj
 0001:00000050       __GetNonGCStaticBase_guideXOS_guideXOS_Misc_Audio 0000000010001050     guideXOS.obj
 0001:00000058       __GetNonGCStaticBase_guideXOS_guideXOS_Misc_BootSplash 0000000010001058     guideXOS.obj
 0001:00000060       __GetNonGCStaticBase_guideXOS_guideXOS_Misc_ThreadPool 0000000010001060     guideXOS.obj
 0001:00000068       __GetNonGCStaticBase_guideXOS_guideXOS_Misc_USB 0000000010001068     guideXOS.obj
 0001:00000070       __GetNonGCStaticBase_guideXOS_guideXOS_Kernel_Drivers_AC97 0000000010001070     guideXOS.obj
 0001:00000078       __GetNonGCStaticBase_guideXOS_guideXOS_Kernel_Drivers_ACPI 0000000010001078     guideXOS.obj
 0001:00000080       __GetNonGCStaticBase_guideXOS_guideXOS_Kernel_Drivers_DisplayManager 0000000010001080     guideXOS.obj
 0001:00000088       __GetNonGCStaticBase_guideXOS_guideXOS_Kernel_Drivers_EHCI 0000000010001088     guideXOS.obj
 0001:00000090       __GetNonGCStaticBase_guideXOS_guideXOS_Kernel_Drivers_ES1371 0000000010001090     guideXOS.obj
 0001:00000098       __GetNonGCStaticBase_guideXOS_guideXOS_Kernel_Drivers_Framebuffer 0000000010001098     guideXOS.obj
 0001:000000a0       __GetNonGCStaticBase_guideXOS_guideXOS_Kernel_Drivers_HID 00000000100010a0     guideXOS.obj
 0001:000000a8       __GetNonGCStaticBase_guideXOS_guideXOS_Kernel_Drivers_HPET 00000000100010a8     guideXOS.obj
 0001:000000b0       __GetNonGCStaticBase_guideXOS_guideXOS_Kernel_Drivers_Hub 00000000100010b0     guideXOS.obj
 0001:000000b8       __GetNonGCStaticBase_guideXOS_guideXOS_Kernel_Drivers_Keyboard 00000000100010b8     guideXOS.obj
 0001:000000c0       __GetNonGCStaticBase_guideXOS_guideXOS_Kernel_Drivers_PS2Mouse 00000000100010c0     guideXOS.obj
 0001:000000c8       __GetNonGCStaticBase_guideXOS_guideXOS_Kernel_Drivers_RTC 00000000100010c8     guideXOS.obj
 0001:000000d0       __GetNonGCStaticBase_guideXOS_guideXOS_Kernel_Drivers_SATA 00000000100010d0     guideXOS.obj
 0001:000000d8       __GetNonGCStaticBase_guideXOS_guideXOS_Kernel_Drivers_Timer 00000000100010d8     guideXOS.obj
 0001:000000e0       __GetNonGCStaticBase_guideXOS_guideXOS_Kernel_Drivers_VMwareTools 00000000100010e0     guideXOS.obj
 0001:000000e8       __GetNonGCStaticBase_guideXOS_guideXOS_GUI_Busy 00000000100010e8     guideXOS.obj
 0001:000000f0       __GetNonGCStaticBase_guideXOS_guideXOS_GUI_Desktop 00000000100010f0     guideXOS.obj
 0001:000000f8       __GetNonGCStaticBase_guideXOS_guideXOS_GUI_StartMenu 00000000100010f8     guideXOS.obj
 0001:00000100       __GetNonGCStaticBase_guideXOS_guideXOS_GUI_WAVPlayer 0000000010001100     guideXOS.obj
 0001:00000108       __GetNonGCStaticBase_guideXOS_guideXOS_GUI_WindowManager 0000000010001108     guideXOS.obj
 0001:00000110       __GetGCStaticBase_guideXOS_Program 0000000010001110     guideXOS.obj
 0001:0000011b       __GetGCStaticBase_guideXOS_IDT 000000001000111b     guideXOS.obj
 0001:00000126       __GetGCStaticBase_guideXOS_System_DateTime 0000000010001126     guideXOS.obj
 0001:00000131       __GetGCStaticBase_guideXOS_guideXOS_Animator 0000000010001131     guideXOS.obj
 0001:0000013c       __GetGCStaticBase_guideXOS_guideXOS_ASC16 000000001000113c     guideXOS.obj
 0001:00000147       __GetGCStaticBase_guideXOS_guideXOS_Console 0000000010001147     guideXOS.obj
 0001:00000152       __GetGCStaticBase_guideXOS_guideXOS_Misc_BitFont 0000000010001152     guideXOS.obj
 0001:0000015d       __GetGCStaticBase_guideXOS_guideXOS_Misc_BootSplash 000000001000115d     guideXOS.obj
 0001:00000168       __GetGCStaticBase_guideXOS_guideXOS_Misc_Interrupts 0000000010001168     guideXOS.obj
 0001:00000173       __GetGCStaticBase_guideXOS_guideXOS_Misc_ThreadPool 0000000010001173     guideXOS.obj
 0001:0000017e       __GetGCStaticBase_guideXOS_guideXOS_FS_Disk 000000001000117e     guideXOS.obj
 0001:00000189       __GetGCStaticBase_guideXOS_guideXOS_FS_File 0000000010001189     guideXOS.obj
 0001:00000194       __GetGCStaticBase_guideXOS_guideXOS_Kernel_Drivers_AC97 0000000010001194     guideXOS.obj
 0001:0000019f       __GetGCStaticBase_guideXOS_guideXOS_Kernel_Drivers_ACPI 000000001000119f     guideXOS.obj
 0001:000001aa       __GetGCStaticBase_guideXOS_guideXOS_Kernel_Drivers_DisplayManager 00000000100011aa     guideXOS.obj
 0001:000001b5       __GetGCStaticBase_guideXOS_guideXOS_Kernel_Drivers_Framebuffer 00000000100011b5     guideXOS.obj
 0001:000001c0       __GetGCStaticBase_guideXOS_guideXOS_Kernel_Drivers_HID 00000000100011c0     guideXOS.obj
 0001:000001cb       __GetGCStaticBase_guideXOS_guideXOS_Kernel_Drivers_IDE 00000000100011cb     guideXOS.obj
 0001:000001d6       __GetGCStaticBase_guideXOS_guideXOS_Kernel_Drivers_Keyboard 00000000100011d6     guideXOS.obj
 0001:000001e1       __GetGCStaticBase_guideXOS_guideXOS_Kernel_Drivers_PCI 00000000100011e1     guideXOS.obj
 0001:000001ec       __GetGCStaticBase_guideXOS_guideXOS_Kernel_Drivers_PS2Keyboard 00000000100011ec     guideXOS.obj
 0001:000001f7       __GetGCStaticBase_guideXOS_guideXOS_Kernel_Drivers_PS2Mouse 00000000100011f7     guideXOS.obj
 0001:00000202       __GetGCStaticBase_guideXOS_guideXOS_Kernel_Drivers_SATA 0000000010001202     guideXOS.obj
 0001:0000020d       __GetGCStaticBase_guideXOS_guideXOS_GUI_Desktop 000000001000120d     guideXOS.obj
 0001:00000218       __GetGCStaticBase_guideXOS_guideXOS_GUI_Icons 0000000010001218     guideXOS.obj
 0001:00000223       __GetGCStaticBase_guideXOS_guideXOS_GUI_Lockscreen 0000000010001223     guideXOS.obj
 0001:0000022e       __GetGCStaticBase_guideXOS_guideXOS_GUI_NotificationManager 000000001000122e     guideXOS.obj
 0001:00000239       __GetGCStaticBase_guideXOS_guideXOS_GUI_RecentManager 0000000010001239     guideXOS.obj
 0001:00000259       __GetGCStaticBase_guideXOS_guideXOS_GUI_WAVPlayer 0000000010001259     guideXOS.obj
 0001:00000264       __GetGCStaticBase_guideXOS_guideXOS_GUI_WindowManager 0000000010001264     guideXOS.obj
 0001:0000026f       __GetGCStaticBase_guideXOS_guideXOS_DefaultApps_Clock 000000001000126f     guideXOS.obj
 0001:0000027a       __GetGCStaticBase_guideXOS_guideXOS_GUI_DisplayOptions___c 000000001000127a     guideXOS.obj
 0001:00000285       __DelegateCtor_guideXOS_System_Delegate__InitializeClosedInstance__guideXOS_guideXOS_GUI_FConsole__Keyboard_OnKeyChanged 0000000010001285     guideXOS.obj
 0001:00000291       __DelegateCtor_guideXOS_System_Delegate__InitializeClosedInstance__guideXOS_guideXOS_GUI_FConsole__Console_OnWrite 0000000010001291     guideXOS.obj
 0001:0000029d       __DelegateCtor_guideXOS_System_Delegate__InitializeClosedInstance__guideXOS_guideXOS_GUI_OpenDialog__Keyboard_OnKeyChanged 000000001000129d     guideXOS.obj
 0001:000002a9       __DelegateCtor_guideXOS_System_Delegate__InitializeClosedInstance__guideXOS_guideXOS_GUI_SaveDialog__Keyboard_OnKeyChanged 00000000100012a9     guideXOS.obj
 0001:000002b5       __DelegateCtor_guideXOS_System_Delegate__InitializeClosedInstance__guideXOS_guideXOS_DefaultApps_Notepad__Keyboard_OnKeyChanged 00000000100012b5     guideXOS.obj
 0001:000002c1       __DelegateCtor_guideXOS_System_Delegate__InitializeClosedInstance__guideXOS_guideXOS_DefaultApps_Notepad___OnSetVisible_b__16_0 00000000100012c1     guideXOS.obj
 0001:000002cd       __DelegateCtor_guideXOS_System_Delegate__InitializeClosedInstance__guideXOS_guideXOS_DefaultApps_Notepad___OnSetVisible_b__16_3 00000000100012cd     guideXOS.obj
 0001:000002d9       __DelegateCtor_guideXOS_System_Delegate__InitializeClosedInstance__guideXOS_guideXOS_DefaultApps_Notepad___OnSetVisible_b__16_1 00000000100012d9     guideXOS.obj
 0001:000002e5       __DelegateCtor_guideXOS_System_Delegate__InitializeClosedInstance__guideXOS_guideXOS_DefaultApps_Notepad___OnSetVisible_b__16_2 00000000100012e5     guideXOS.obj
 0001:000002f1       __DelegateCtor_guideXOS_System_Delegate__InitializeClosedInstance__guideXOS_guideXOS_FS_FAT___c__DisplayClass46_0___FindPath_b__0 00000000100012f1     guideXOS.obj
 0001:000002fd       __DelegateCtor_guideXOS_System_Delegate__InitializeClosedInstance__guideXOS_guideXOS_FS_FAT___c__DisplayClass46_1___FindPath_b__1 00000000100012fd     guideXOS.obj
 0001:00000309       __DelegateCtor_guideXOS_System_Delegate__InitializeClosedInstance__guideXOS_guideXOS_FS_FAT___c__DisplayClass56_0___GetFiles_b__0 0000000010001309     guideXOS.obj
 0001:00000315       __DelegateCtor_guideXOS_System_Delegate__InitializeClosedInstance__guideXOS_guideXOS_GUI_DisplayOptions___c___OnInput_b__17_0 0000000010001315     guideXOS.obj
 0001:00000321       __DelegateCtor_guideXOS_System_Delegate__InitializeClosedInstance__guideXOS_guideXOS_GUI_DisplayOptions___c___OnInput_b__17_1 0000000010001321     guideXOS.obj
 0001:0000032d       __DelegateCtor_guideXOS_System_Delegate__InitializeClosedInstance__guideXOS_guideXOS_DefaultApps_Notepad___c__DisplayClass20_0___OpenSaveAs_b__0 000000001000132d     guideXOS.obj
 0001:00000340       Movsb                      0000000010001340 f   NativeLib:mem.obj
 0001:00000380       Movsd                      0000000010001380 f   NativeLib:mem.obj
 0001:000003c0       Stosb                      00000000100013c0 f   NativeLib:mem.obj
 0001:00000410       Stosd                      0000000010001410 f   NativeLib:mem.obj
 0001:00000460       __JustMyCode_Default       0000000010001460 f i NativeLib:mem.obj
 0001:00000470       avx_memcpy                 0000000010001470 f   NativeLib:mem.obj
 0001:00000570       Load_GDT                   0000000010001570 f   NativeLib:interrupts.obj
 0001:000005a0       idt_set                    00000000100015a0 f   NativeLib:interrupts.obj
 0001:00000680       set_idt_entries            0000000010001680 f   NativeLib:interrupts.obj
 0001:000025a0       CPUID                      00000000100035a0 f   NativeLib:native.obj
 0001:000025f0       Cli                        00000000100035f0 f   NativeLib:native.obj
 0001:00002620       Fxrstor64                  0000000010003620 f   NativeLib:native.obj
 0001:00002650       Fxsave64                   0000000010003650 f   NativeLib:native.obj
 0001:00002680       Hlt                        0000000010003680 f   NativeLib:native.obj
 0001:000026b0       Invlpg                     00000000100036b0 f   NativeLib:native.obj
 0001:000026e0       Nop                        00000000100036e0 f   NativeLib:native.obj
 0001:00002700       Rdmsr                      0000000010003700 f   NativeLib:native.obj
 0001:00002730       Rdtsc                      0000000010003730 f   NativeLib:native.obj
 0001:00002760       ReadCR2                    0000000010003760 f   NativeLib:native.obj
 0001:00002780       Sti                        0000000010003780 f   NativeLib:native.obj
 0001:000027b0       WriteCR3                   00000000100037b0 f   NativeLib:native.obj
 0001:000027e0       Wrmsr                      00000000100037e0 f   NativeLib:native.obj
 0001:00002820       intr0                      0000000010003820 f   NativeLib:interrupts_asm.obj
 0001:00002862       intr1                      0000000010003862 f   NativeLib:interrupts_asm.obj
 0001:000028a4       intr2                      00000000100038a4 f   NativeLib:interrupts_asm.obj
 0001:000028e6       intr3                      00000000100038e6 f   NativeLib:interrupts_asm.obj
 0001:00002928       intr4                      0000000010003928 f   NativeLib:interrupts_asm.obj
 0001:0000296a       intr5                      000000001000396a f   NativeLib:interrupts_asm.obj
 0001:000029ac       intr6                      00000000100039ac f   NativeLib:interrupts_asm.obj
 0001:000029ee       intr7                      00000000100039ee f   NativeLib:interrupts_asm.obj
 0001:00002a30       intr8                      0000000010003a30 f   NativeLib:interrupts_asm.obj
 0001:00002a72       intr9                      0000000010003a72 f   NativeLib:interrupts_asm.obj
 0001:00002ab4       intr10                     0000000010003ab4 f   NativeLib:interrupts_asm.obj
 0001:00002af6       intr11                     0000000010003af6 f   NativeLib:interrupts_asm.obj
 0001:00002b38       intr12                     0000000010003b38 f   NativeLib:interrupts_asm.obj
 0001:00002b7a       intr13                     0000000010003b7a f   NativeLib:interrupts_asm.obj
 0001:00002bbc       intr14                     0000000010003bbc f   NativeLib:interrupts_asm.obj
 0001:00002bfe       intr15                     0000000010003bfe f   NativeLib:interrupts_asm.obj
 0001:00002c40       intr16                     0000000010003c40 f   NativeLib:interrupts_asm.obj
 0001:00002c82       intr17                     0000000010003c82 f   NativeLib:interrupts_asm.obj
 0001:00002cc4       intr18                     0000000010003cc4 f   NativeLib:interrupts_asm.obj
 0001:00002d06       intr19                     0000000010003d06 f   NativeLib:interrupts_asm.obj
 0001:00002d48       intr20                     0000000010003d48 f   NativeLib:interrupts_asm.obj
 0001:00002d8a       intr21                     0000000010003d8a f   NativeLib:interrupts_asm.obj
 0001:00002dcc       intr22                     0000000010003dcc f   NativeLib:interrupts_asm.obj
 0001:00002e0e       intr23                     0000000010003e0e f   NativeLib:interrupts_asm.obj
 0001:00002e50       intr24                     0000000010003e50 f   NativeLib:interrupts_asm.obj
 0001:00002e92       intr25                     0000000010003e92 f   NativeLib:interrupts_asm.obj
 0001:00002ed4       intr26                     0000000010003ed4 f   NativeLib:interrupts_asm.obj
 0001:00002f16       intr27                     0000000010003f16 f   NativeLib:interrupts_asm.obj
 0001:00002f58       intr28                     0000000010003f58 f   NativeLib:interrupts_asm.obj
 0001:00002f9a       intr29                     0000000010003f9a f   NativeLib:interrupts_asm.obj
 0001:00002fdc       intr30                     0000000010003fdc f   NativeLib:interrupts_asm.obj
 0001:0000301e       intr31                     000000001000401e f   NativeLib:interrupts_asm.obj
 0001:00003060       intr32                     0000000010004060 f   NativeLib:interrupts_asm.obj
 0001:000030a2       intr33                     00000000100040a2 f   NativeLib:interrupts_asm.obj
 0001:000030e4       intr34                     00000000100040e4 f   NativeLib:interrupts_asm.obj
 0001:00003126       intr35                     0000000010004126 f   NativeLib:interrupts_asm.obj
 0001:00003168       intr36                     0000000010004168 f   NativeLib:interrupts_asm.obj
 0001:000031aa       intr37                     00000000100041aa f   NativeLib:interrupts_asm.obj
 0001:000031ec       intr38                     00000000100041ec f   NativeLib:interrupts_asm.obj
 0001:0000322e       intr39                     000000001000422e f   NativeLib:interrupts_asm.obj
 0001:00003270       intr40                     0000000010004270 f   NativeLib:interrupts_asm.obj
 0001:000032b2       intr41                     00000000100042b2 f   NativeLib:interrupts_asm.obj
 0001:000032f4       intr42                     00000000100042f4 f   NativeLib:interrupts_asm.obj
 0001:00003336       intr43                     0000000010004336 f   NativeLib:interrupts_asm.obj
 0001:00003378       intr44                     0000000010004378 f   NativeLib:interrupts_asm.obj
 0001:000033ba       intr45                     00000000100043ba f   NativeLib:interrupts_asm.obj
 0001:000033fc       intr46                     00000000100043fc f   NativeLib:interrupts_asm.obj
 0001:0000343e       intr47                     000000001000443e f   NativeLib:interrupts_asm.obj
 0001:00003480       intr48                     0000000010004480 f   NativeLib:interrupts_asm.obj
 0001:000034c2       intr49                     00000000100044c2 f   NativeLib:interrupts_asm.obj
 0001:00003504       intr50                     0000000010004504 f   NativeLib:interrupts_asm.obj
 0001:00003546       intr51                     0000000010004546 f   NativeLib:interrupts_asm.obj
 0001:00003588       intr52                     0000000010004588 f   NativeLib:interrupts_asm.obj
 0001:000035ca       intr53                     00000000100045ca f   NativeLib:interrupts_asm.obj
 0001:0000360c       intr54                     000000001000460c f   NativeLib:interrupts_asm.obj
 0001:0000364e       intr55                     000000001000464e f   NativeLib:interrupts_asm.obj
 0001:00003690       intr56                     0000000010004690 f   NativeLib:interrupts_asm.obj
 0001:000036d2       intr57                     00000000100046d2 f   NativeLib:interrupts_asm.obj
 0001:00003714       intr58                     0000000010004714 f   NativeLib:interrupts_asm.obj
 0001:00003756       intr59                     0000000010004756 f   NativeLib:interrupts_asm.obj
 0001:00003798       intr60                     0000000010004798 f   NativeLib:interrupts_asm.obj
 0001:000037da       intr61                     00000000100047da f   NativeLib:interrupts_asm.obj
 0001:0000381c       intr62                     000000001000481c f   NativeLib:interrupts_asm.obj
 0001:0000385e       intr63                     000000001000485e f   NativeLib:interrupts_asm.obj
 0001:000038a0       intr64                     00000000100048a0 f   NativeLib:interrupts_asm.obj
 0001:000038e2       intr65                     00000000100048e2 f   NativeLib:interrupts_asm.obj
 0001:00003924       intr66                     0000000010004924 f   NativeLib:interrupts_asm.obj
 0001:00003966       intr67                     0000000010004966 f   NativeLib:interrupts_asm.obj
 0001:000039a8       intr68                     00000000100049a8 f   NativeLib:interrupts_asm.obj
 0001:000039ea       intr69                     00000000100049ea f   NativeLib:interrupts_asm.obj
 0001:00003a2c       intr70                     0000000010004a2c f   NativeLib:interrupts_asm.obj
 0001:00003a6e       intr71                     0000000010004a6e f   NativeLib:interrupts_asm.obj
 0001:00003ab0       intr72                     0000000010004ab0 f   NativeLib:interrupts_asm.obj
 0001:00003af2       intr73                     0000000010004af2 f   NativeLib:interrupts_asm.obj
 0001:00003b34       intr74                     0000000010004b34 f   NativeLib:interrupts_asm.obj
 0001:00003b76       intr75                     0000000010004b76 f   NativeLib:interrupts_asm.obj
 0001:00003bb8       intr76                     0000000010004bb8 f   NativeLib:interrupts_asm.obj
 0001:00003bfa       intr77                     0000000010004bfa f   NativeLib:interrupts_asm.obj
 0001:00003c3c       intr78                     0000000010004c3c f   NativeLib:interrupts_asm.obj
 0001:00003c7e       intr79                     0000000010004c7e f   NativeLib:interrupts_asm.obj
 0001:00003cc0       intr80                     0000000010004cc0 f   NativeLib:interrupts_asm.obj
 0001:00003d02       intr81                     0000000010004d02 f   NativeLib:interrupts_asm.obj
 0001:00003d44       intr82                     0000000010004d44 f   NativeLib:interrupts_asm.obj
 0001:00003d86       intr83                     0000000010004d86 f   NativeLib:interrupts_asm.obj
 0001:00003dc8       intr84                     0000000010004dc8 f   NativeLib:interrupts_asm.obj
 0001:00003e0a       intr85                     0000000010004e0a f   NativeLib:interrupts_asm.obj
 0001:00003e4c       intr86                     0000000010004e4c f   NativeLib:interrupts_asm.obj
 0001:00003e8e       intr87                     0000000010004e8e f   NativeLib:interrupts_asm.obj
 0001:00003ed0       intr88                     0000000010004ed0 f   NativeLib:interrupts_asm.obj
 0001:00003f12       intr89                     0000000010004f12 f   NativeLib:interrupts_asm.obj
 0001:00003f54       intr90                     0000000010004f54 f   NativeLib:interrupts_asm.obj
 0001:00003f96       intr91                     0000000010004f96 f   NativeLib:interrupts_asm.obj
 0001:00003fd8       intr92                     0000000010004fd8 f   NativeLib:interrupts_asm.obj
 0001:0000401a       intr93                     000000001000501a f   NativeLib:interrupts_asm.obj
 0001:0000405c       intr94                     000000001000505c f   NativeLib:interrupts_asm.obj
 0001:0000409e       intr95                     000000001000509e f   NativeLib:interrupts_asm.obj
 0001:000040e0       intr96                     00000000100050e0 f   NativeLib:interrupts_asm.obj
 0001:00004122       intr97                     0000000010005122 f   NativeLib:interrupts_asm.obj
 0001:00004164       intr98                     0000000010005164 f   NativeLib:interrupts_asm.obj
 0001:000041a6       intr99                     00000000100051a6 f   NativeLib:interrupts_asm.obj
 0001:000041e8       intr100                    00000000100051e8 f   NativeLib:interrupts_asm.obj
 0001:0000422a       intr101                    000000001000522a f   NativeLib:interrupts_asm.obj
 0001:0000426c       intr102                    000000001000526c f   NativeLib:interrupts_asm.obj
 0001:000042ae       intr103                    00000000100052ae f   NativeLib:interrupts_asm.obj
 0001:000042f0       intr104                    00000000100052f0 f   NativeLib:interrupts_asm.obj
 0001:00004332       intr105                    0000000010005332 f   NativeLib:interrupts_asm.obj
 0001:00004374       intr106                    0000000010005374 f   NativeLib:interrupts_asm.obj
 0001:000043b6       intr107                    00000000100053b6 f   NativeLib:interrupts_asm.obj
 0001:000043f8       intr108                    00000000100053f8 f   NativeLib:interrupts_asm.obj
 0001:0000443a       intr109                    000000001000543a f   NativeLib:interrupts_asm.obj
 0001:0000447c       intr110                    000000001000547c f   NativeLib:interrupts_asm.obj
 0001:000044be       intr111                    00000000100054be f   NativeLib:interrupts_asm.obj
 0001:00004500       intr112                    0000000010005500 f   NativeLib:interrupts_asm.obj
 0001:00004542       intr113                    0000000010005542 f   NativeLib:interrupts_asm.obj
 0001:00004584       intr114                    0000000010005584 f   NativeLib:interrupts_asm.obj
 0001:000045c6       intr115                    00000000100055c6 f   NativeLib:interrupts_asm.obj
 0001:00004608       intr116                    0000000010005608 f   NativeLib:interrupts_asm.obj
 0001:0000464a       intr117                    000000001000564a f   NativeLib:interrupts_asm.obj
 0001:0000468c       intr118                    000000001000568c f   NativeLib:interrupts_asm.obj
 0001:000046ce       intr119                    00000000100056ce f   NativeLib:interrupts_asm.obj
 0001:00004710       intr120                    0000000010005710 f   NativeLib:interrupts_asm.obj
 0001:00004752       intr121                    0000000010005752 f   NativeLib:interrupts_asm.obj
 0001:00004794       intr122                    0000000010005794 f   NativeLib:interrupts_asm.obj
 0001:000047d6       intr123                    00000000100057d6 f   NativeLib:interrupts_asm.obj
 0001:00004818       intr124                    0000000010005818 f   NativeLib:interrupts_asm.obj
 0001:0000485a       intr125                    000000001000585a f   NativeLib:interrupts_asm.obj
 0001:0000489c       intr126                    000000001000589c f   NativeLib:interrupts_asm.obj
 0001:000048de       intr127                    00000000100058de f   NativeLib:interrupts_asm.obj
 0001:00004920       intr128                    0000000010005920 f   NativeLib:interrupts_asm.obj
 0001:00004962       intr129                    0000000010005962 f   NativeLib:interrupts_asm.obj
 0001:000049a4       intr130                    00000000100059a4 f   NativeLib:interrupts_asm.obj
 0001:000049e6       intr131                    00000000100059e6 f   NativeLib:interrupts_asm.obj
 0001:00004a28       intr132                    0000000010005a28 f   NativeLib:interrupts_asm.obj
 0001:00004a6a       intr133                    0000000010005a6a f   NativeLib:interrupts_asm.obj
 0001:00004aac       intr134                    0000000010005aac f   NativeLib:interrupts_asm.obj
 0001:00004aee       intr135                    0000000010005aee f   NativeLib:interrupts_asm.obj
 0001:00004b30       intr136                    0000000010005b30 f   NativeLib:interrupts_asm.obj
 0001:00004b72       intr137                    0000000010005b72 f   NativeLib:interrupts_asm.obj
 0001:00004bb4       intr138                    0000000010005bb4 f   NativeLib:interrupts_asm.obj
 0001:00004bf6       intr139                    0000000010005bf6 f   NativeLib:interrupts_asm.obj
 0001:00004c38       intr140                    0000000010005c38 f   NativeLib:interrupts_asm.obj
 0001:00004c7a       intr141                    0000000010005c7a f   NativeLib:interrupts_asm.obj
 0001:00004cbc       intr142                    0000000010005cbc f   NativeLib:interrupts_asm.obj
 0001:00004cfe       intr143                    0000000010005cfe f   NativeLib:interrupts_asm.obj
 0001:00004d40       intr144                    0000000010005d40 f   NativeLib:interrupts_asm.obj
 0001:00004d82       intr145                    0000000010005d82 f   NativeLib:interrupts_asm.obj
 0001:00004dc4       intr146                    0000000010005dc4 f   NativeLib:interrupts_asm.obj
 0001:00004e06       intr147                    0000000010005e06 f   NativeLib:interrupts_asm.obj
 0001:00004e48       intr148                    0000000010005e48 f   NativeLib:interrupts_asm.obj
 0001:00004e8a       intr149                    0000000010005e8a f   NativeLib:interrupts_asm.obj
 0001:00004ecc       intr150                    0000000010005ecc f   NativeLib:interrupts_asm.obj
 0001:00004f0e       intr151                    0000000010005f0e f   NativeLib:interrupts_asm.obj
 0001:00004f50       intr152                    0000000010005f50 f   NativeLib:interrupts_asm.obj
 0001:00004f92       intr153                    0000000010005f92 f   NativeLib:interrupts_asm.obj
 0001:00004fd4       intr154                    0000000010005fd4 f   NativeLib:interrupts_asm.obj
 0001:00005016       intr155                    0000000010006016 f   NativeLib:interrupts_asm.obj
 0001:00005058       intr156                    0000000010006058 f   NativeLib:interrupts_asm.obj
 0001:0000509a       intr157                    000000001000609a f   NativeLib:interrupts_asm.obj
 0001:000050dc       intr158                    00000000100060dc f   NativeLib:interrupts_asm.obj
 0001:0000511e       intr159                    000000001000611e f   NativeLib:interrupts_asm.obj
 0001:00005160       intr160                    0000000010006160 f   NativeLib:interrupts_asm.obj
 0001:000051a2       intr161                    00000000100061a2 f   NativeLib:interrupts_asm.obj
 0001:000051e4       intr162                    00000000100061e4 f   NativeLib:interrupts_asm.obj
 0001:00005226       intr163                    0000000010006226 f   NativeLib:interrupts_asm.obj
 0001:00005268       intr164                    0000000010006268 f   NativeLib:interrupts_asm.obj
 0001:000052aa       intr165                    00000000100062aa f   NativeLib:interrupts_asm.obj
 0001:000052ec       intr166                    00000000100062ec f   NativeLib:interrupts_asm.obj
 0001:0000532e       intr167                    000000001000632e f   NativeLib:interrupts_asm.obj
 0001:00005370       intr168                    0000000010006370 f   NativeLib:interrupts_asm.obj
 0001:000053b2       intr169                    00000000100063b2 f   NativeLib:interrupts_asm.obj
 0001:000053f4       intr170                    00000000100063f4 f   NativeLib:interrupts_asm.obj
 0001:00005436       intr171                    0000000010006436 f   NativeLib:interrupts_asm.obj
 0001:00005478       intr172                    0000000010006478 f   NativeLib:interrupts_asm.obj
 0001:000054ba       intr173                    00000000100064ba f   NativeLib:interrupts_asm.obj
 0001:000054fc       intr174                    00000000100064fc f   NativeLib:interrupts_asm.obj
 0001:0000553e       intr175                    000000001000653e f   NativeLib:interrupts_asm.obj
 0001:00005580       intr176                    0000000010006580 f   NativeLib:interrupts_asm.obj
 0001:000055c2       intr177                    00000000100065c2 f   NativeLib:interrupts_asm.obj
 0001:00005604       intr178                    0000000010006604 f   NativeLib:interrupts_asm.obj
 0001:00005646       intr179                    0000000010006646 f   NativeLib:interrupts_asm.obj
 0001:00005688       intr180                    0000000010006688 f   NativeLib:interrupts_asm.obj
 0001:000056ca       intr181                    00000000100066ca f   NativeLib:interrupts_asm.obj
 0001:0000570c       intr182                    000000001000670c f   NativeLib:interrupts_asm.obj
 0001:0000574e       intr183                    000000001000674e f   NativeLib:interrupts_asm.obj
 0001:00005790       intr184                    0000000010006790 f   NativeLib:interrupts_asm.obj
 0001:000057d2       intr185                    00000000100067d2 f   NativeLib:interrupts_asm.obj
 0001:00005814       intr186                    0000000010006814 f   NativeLib:interrupts_asm.obj
 0001:00005856       intr187                    0000000010006856 f   NativeLib:interrupts_asm.obj
 0001:00005898       intr188                    0000000010006898 f   NativeLib:interrupts_asm.obj
 0001:000058da       intr189                    00000000100068da f   NativeLib:interrupts_asm.obj
 0001:0000591c       intr190                    000000001000691c f   NativeLib:interrupts_asm.obj
 0001:0000595e       intr191                    000000001000695e f   NativeLib:interrupts_asm.obj
 0001:000059a0       intr192                    00000000100069a0 f   NativeLib:interrupts_asm.obj
 0001:000059e2       intr193                    00000000100069e2 f   NativeLib:interrupts_asm.obj
 0001:00005a24       intr194                    0000000010006a24 f   NativeLib:interrupts_asm.obj
 0001:00005a66       intr195                    0000000010006a66 f   NativeLib:interrupts_asm.obj
 0001:00005aa8       intr196                    0000000010006aa8 f   NativeLib:interrupts_asm.obj
 0001:00005aea       intr197                    0000000010006aea f   NativeLib:interrupts_asm.obj
 0001:00005b2c       intr198                    0000000010006b2c f   NativeLib:interrupts_asm.obj
 0001:00005b6e       intr199                    0000000010006b6e f   NativeLib:interrupts_asm.obj
 0001:00005bb0       intr200                    0000000010006bb0 f   NativeLib:interrupts_asm.obj
 0001:00005bf2       intr201                    0000000010006bf2 f   NativeLib:interrupts_asm.obj
 0001:00005c34       intr202                    0000000010006c34 f   NativeLib:interrupts_asm.obj
 0001:00005c76       intr203                    0000000010006c76 f   NativeLib:interrupts_asm.obj
 0001:00005cb8       intr204                    0000000010006cb8 f   NativeLib:interrupts_asm.obj
 0001:00005cfa       intr205                    0000000010006cfa f   NativeLib:interrupts_asm.obj
 0001:00005d3c       intr206                    0000000010006d3c f   NativeLib:interrupts_asm.obj
 0001:00005d7e       intr207                    0000000010006d7e f   NativeLib:interrupts_asm.obj
 0001:00005dc0       intr208                    0000000010006dc0 f   NativeLib:interrupts_asm.obj
 0001:00005e02       intr209                    0000000010006e02 f   NativeLib:interrupts_asm.obj
 0001:00005e44       intr210                    0000000010006e44 f   NativeLib:interrupts_asm.obj
 0001:00005e86       intr211                    0000000010006e86 f   NativeLib:interrupts_asm.obj
 0001:00005ec8       intr212                    0000000010006ec8 f   NativeLib:interrupts_asm.obj
 0001:00005f0a       intr213                    0000000010006f0a f   NativeLib:interrupts_asm.obj
 0001:00005f4c       intr214                    0000000010006f4c f   NativeLib:interrupts_asm.obj
 0001:00005f8e       intr215                    0000000010006f8e f   NativeLib:interrupts_asm.obj
 0001:00005fd0       intr216                    0000000010006fd0 f   NativeLib:interrupts_asm.obj
 0001:00006012       intr217                    0000000010007012 f   NativeLib:interrupts_asm.obj
 0001:00006054       intr218                    0000000010007054 f   NativeLib:interrupts_asm.obj
 0001:00006096       intr219                    0000000010007096 f   NativeLib:interrupts_asm.obj
 0001:000060d8       intr220                    00000000100070d8 f   NativeLib:interrupts_asm.obj
 0001:0000611a       intr221                    000000001000711a f   NativeLib:interrupts_asm.obj
 0001:0000615c       intr222                    000000001000715c f   NativeLib:interrupts_asm.obj
 0001:0000619e       intr223                    000000001000719e f   NativeLib:interrupts_asm.obj
 0001:000061e0       intr224                    00000000100071e0 f   NativeLib:interrupts_asm.obj
 0001:00006222       intr225                    0000000010007222 f   NativeLib:interrupts_asm.obj
 0001:00006264       intr226                    0000000010007264 f   NativeLib:interrupts_asm.obj
 0001:000062a6       intr227                    00000000100072a6 f   NativeLib:interrupts_asm.obj
 0001:000062e8       intr228                    00000000100072e8 f   NativeLib:interrupts_asm.obj
 0001:0000632a       intr229                    000000001000732a f   NativeLib:interrupts_asm.obj
 0001:0000636c       intr230                    000000001000736c f   NativeLib:interrupts_asm.obj
 0001:000063ae       intr231                    00000000100073ae f   NativeLib:interrupts_asm.obj
 0001:000063f0       intr232                    00000000100073f0 f   NativeLib:interrupts_asm.obj
 0001:00006432       intr233                    0000000010007432 f   NativeLib:interrupts_asm.obj
 0001:00006474       intr234                    0000000010007474 f   NativeLib:interrupts_asm.obj
 0001:000064b6       intr235                    00000000100074b6 f   NativeLib:interrupts_asm.obj
 0001:000064f8       intr236                    00000000100074f8 f   NativeLib:interrupts_asm.obj
 0001:0000653a       intr237                    000000001000753a f   NativeLib:interrupts_asm.obj
 0001:0000657c       intr238                    000000001000757c f   NativeLib:interrupts_asm.obj
 0001:000065be       intr239                    00000000100075be f   NativeLib:interrupts_asm.obj
 0001:00006600       intr240                    0000000010007600 f   NativeLib:interrupts_asm.obj
 0001:00006642       intr241                    0000000010007642 f   NativeLib:interrupts_asm.obj
 0001:00006684       intr242                    0000000010007684 f   NativeLib:interrupts_asm.obj
 0001:000066c6       intr243                    00000000100076c6 f   NativeLib:interrupts_asm.obj
 0001:00006708       intr244                    0000000010007708 f   NativeLib:interrupts_asm.obj
 0001:0000674a       intr245                    000000001000774a f   NativeLib:interrupts_asm.obj
 0001:0000678c       intr246                    000000001000778c f   NativeLib:interrupts_asm.obj
 0001:000067ce       intr247                    00000000100077ce f   NativeLib:interrupts_asm.obj
 0001:00006810       intr248                    0000000010007810 f   NativeLib:interrupts_asm.obj
 0001:00006852       intr249                    0000000010007852 f   NativeLib:interrupts_asm.obj
 0001:00006894       intr250                    0000000010007894 f   NativeLib:interrupts_asm.obj
 0001:000068d6       intr251                    00000000100078d6 f   NativeLib:interrupts_asm.obj
 0001:00006918       intr252                    0000000010007918 f   NativeLib:interrupts_asm.obj
 0001:0000695a       intr253                    000000001000795a f   NativeLib:interrupts_asm.obj
 0001:0000699c       intr254                    000000001000799c f   NativeLib:interrupts_asm.obj
 0001:000069de       intr255                    00000000100079de f   NativeLib:interrupts_asm.obj
 0001:00006a20       _reload_segreg             0000000010007a20 f   NativeLib:interrupts_asm.obj
 0001:00006a47       Load_IDT                   0000000010007a47 f   NativeLib:interrupts_asm.obj
 0001:00006a4b       _cli                       0000000010007a4b f   NativeLib:interrupts_asm.obj
 0001:00006a4d       _sti                       0000000010007a4d f   NativeLib:interrupts_asm.obj
 0001:00006a4f       _hlt                       0000000010007a4f f   NativeLib:interrupts_asm.obj
 0001:00006a51       _inttest                   0000000010007a51 f   NativeLib:interrupts_asm.obj
 0001:00006a5b       _iretq                     0000000010007a5b f   NativeLib:interrupts_asm.obj
 0001:00006a76       _int20h                    0000000010007a76 f   NativeLib:interrupts_asm.obj
 0001:00006a80       double_tostring            0000000010007a80 f   NativeLib:double_tostring.obj
 0001:00006ad0       enable_avx                 0000000010007ad0 f   NativeLib:misc.obj
 0001:00006ae3       enable_sse                 0000000010007ae3 f   NativeLib:misc.obj
 0001:00006af6       Schedule_Next              0000000010007af6 f   NativeLib:misc.obj
 0001:00011f60       lodepng_add_itext          0000000010012f60 f   NativeLib:lodepng.obj
 0001:000121a0       lodepng_add_text           00000000100131a0 f   NativeLib:lodepng.obj
 0001:00012460       lodepng_can_have_alpha     0000000010013460 f   NativeLib:lodepng.obj
 0001:000124c0       lodepng_chunk_ancillary    00000000100134c0 f   NativeLib:lodepng.obj
 0001:00012510       lodepng_chunk_append       0000000010013510 f   NativeLib:lodepng.obj
 0001:00012630       lodepng_chunk_check_crc    0000000010013630 f   NativeLib:lodepng.obj
 0001:000126c0       lodepng_chunk_create       00000000100136c0 f   NativeLib:lodepng.obj
 0001:000127f0       lodepng_chunk_data         00000000100137f0 f   NativeLib:lodepng.obj
 0001:00012830       lodepng_chunk_data_const   0000000010013830 f   NativeLib:lodepng.obj
 0001:00012870       lodepng_chunk_find         0000000010013870 f   NativeLib:lodepng.obj
 0001:000128f0       lodepng_chunk_find_const   00000000100138f0 f   NativeLib:lodepng.obj
 0001:00012970       lodepng_chunk_generate_crc 0000000010013970 f   NativeLib:lodepng.obj
 0001:00012ac0       lodepng_chunk_length       0000000010013ac0 f   NativeLib:lodepng.obj
 0001:00012b00       lodepng_chunk_next         0000000010013b00 f   NativeLib:lodepng.obj
 0001:00012c60       lodepng_chunk_next_const   0000000010013c60 f   NativeLib:lodepng.obj
 0001:00012dc0       lodepng_chunk_private      0000000010013dc0 f   NativeLib:lodepng.obj
 0001:00012e10       lodepng_chunk_safetocopy   0000000010013e10 f   NativeLib:lodepng.obj
 0001:00012e60       lodepng_chunk_type         0000000010013e60 f   NativeLib:lodepng.obj
 0001:00012ed0       lodepng_chunk_type_equals  0000000010013ed0 f   NativeLib:lodepng.obj
 0001:00012fc0       lodepng_clear_icc          0000000010013fc0 f   NativeLib:lodepng.obj
 0001:00013030       lodepng_clear_itext        0000000010014030 f   NativeLib:lodepng.obj
 0001:00013060       lodepng_clear_text         0000000010014060 f   NativeLib:lodepng.obj
 0001:00013140       lodepng_color_mode_cleanup 0000000010014140 f   NativeLib:lodepng.obj
 0001:00013170       lodepng_color_mode_copy    0000000010014170 f   NativeLib:lodepng.obj
 0001:00013350       lodepng_color_mode_init    0000000010014350 f   NativeLib:lodepng.obj
 0001:000133d0       lodepng_color_mode_make    00000000100143d0 f   NativeLib:lodepng.obj
 0001:00013560       lodepng_color_stats_init   0000000010014560 f   NativeLib:lodepng.obj
 0001:00013610       lodepng_compress_settings_init 0000000010014610 f   NativeLib:lodepng.obj
 0001:000136a0       lodepng_compute_color_stats 00000000100146a0 f   NativeLib:lodepng.obj
 0001:00014570       lodepng_convert            0000000010015570 f   NativeLib:lodepng.obj
 0001:00014ab0       lodepng_convert_rgb        0000000010015ab0 f   NativeLib:lodepng.obj
 0001:00014df0       lodepng_crc32              0000000010015df0 f   NativeLib:lodepng.obj
 0001:00014e80       lodepng_decode             0000000010015e80 f   NativeLib:lodepng.obj
 0001:00015070       lodepng_decode24           0000000010016070 f   NativeLib:lodepng.obj
 0001:000150e0       lodepng_decode32           00000000100160e0 f   NativeLib:lodepng.obj
 0001:00015150       lodepng_decode_memory      0000000010016150 f   NativeLib:lodepng.obj
 0001:00015220       lodepng_decoder_settings_init 0000000010016220 f   NativeLib:lodepng.obj
 0001:000152b0       lodepng_decompress_settings_init 00000000100162b0 f   NativeLib:lodepng.obj
 0001:00015320       lodepng_deflate            0000000010016320 f   NativeLib:lodepng.obj
 0001:00015630       lodepng_encode             0000000010016630 f   NativeLib:lodepng.obj
 0001:00016630       lodepng_encode24           0000000010017630 f   NativeLib:lodepng.obj
 0001:00016690       lodepng_encode32           0000000010017690 f   NativeLib:lodepng.obj
 0001:000166f0       lodepng_encode_memory      00000000100176f0 f   NativeLib:lodepng.obj
 0001:000167b0       lodepng_encoder_settings_init 00000000100177b0 f   NativeLib:lodepng.obj
 0001:00016830       lodepng_error_text         0000000010017830 f   NativeLib:lodepng.obj
 0001:00016f00       lodepng_get_bpp            0000000010017f00 f   NativeLib:lodepng.obj
 0001:00016f70       lodepng_get_channels       0000000010017f70 f   NativeLib:lodepng.obj
 0001:00016fa0       lodepng_get_raw_size       0000000010017fa0 f   NativeLib:lodepng.obj
 0001:00017180       lodepng_has_palette_alpha  0000000010018180 f   NativeLib:lodepng.obj
 0001:000171f0       lodepng_huffman_code_lengths 00000000100181f0 f   NativeLib:lodepng.obj
 0001:00017640       lodepng_inflate            0000000010018640 f   NativeLib:lodepng.obj
 0001:00017850       lodepng_info_cleanup       0000000010018850 f   NativeLib:lodepng.obj
 0001:000178b0       lodepng_info_copy          00000000100188b0 f   NativeLib:lodepng.obj
 0001:000179e0       lodepng_info_init          00000000100189e0 f   NativeLib:lodepng.obj
 0001:00017af0       lodepng_inspect            0000000010018af0 f   NativeLib:lodepng.obj
 0001:00017f40       lodepng_inspect_chunk      0000000010018f40 f   NativeLib:lodepng.obj
 0001:00018360       lodepng_is_alpha_type      0000000010019360 f   NativeLib:lodepng.obj
 0001:000183b0       lodepng_is_greyscale_type  00000000100193b0 f   NativeLib:lodepng.obj
 0001:00018400       lodepng_is_palette_type    0000000010019400 f   NativeLib:lodepng.obj
 0001:000185b0       lodepng_palette_add        00000000100195b0 f   NativeLib:lodepng.obj
 0001:000186a0       lodepng_palette_clear      00000000100196a0 f   NativeLib:lodepng.obj
 0001:000189c0       lodepng_set_icc            00000000100199c0 f   NativeLib:lodepng.obj
 0001:00018a30       lodepng_state_cleanup      0000000010019a30 f   NativeLib:lodepng.obj
 0001:00018a80       lodepng_state_copy         0000000010019a80 f   NativeLib:lodepng.obj
 0001:00018b50       lodepng_state_init         0000000010019b50 f   NativeLib:lodepng.obj
 0001:00018c10       lodepng_zlib_compress      0000000010019c10 f   NativeLib:lodepng.obj
 0001:00018e00       lodepng_zlib_decompress    0000000010019e00 f   NativeLib:lodepng.obj
 0001:0001dab0       fatfs_init                 000000001001eab0 f   NativeLib:fatfs.obj
 0001:0001db30       format_exfat               000000001001eb30 f   NativeLib:fatfs.obj
 0001:0001dbb0       get_files                  000000001001ebb0 f   NativeLib:fatfs.obj
 0001:0001dcf0       read_all_bytes             000000001001ecf0 f   NativeLib:fatfs.obj
 0001:0001ddb0       write_all_bytes            000000001001edb0 f   NativeLib:fatfs.obj
 0001:0001de50       In16                       000000001001ee50 f   NativeLib:io.obj
 0001:0001de80       In32                       000000001001ee80 f   NativeLib:io.obj
 0001:0001deb0       In8                        000000001001eeb0 f   NativeLib:io.obj
 0001:0001dee0       Insb                       000000001001eee0 f   NativeLib:io.obj
 0001:0001df20       Insd                       000000001001ef20 f   NativeLib:io.obj
 0001:0001df60       Insw                       000000001001ef60 f   NativeLib:io.obj
 0001:0001dfa0       Out16                      000000001001efa0 f   NativeLib:io.obj
 0001:0001dfd0       Out32                      000000001001efd0 f   NativeLib:io.obj
 0001:0001e000       Out8                       000000001001f000 f   NativeLib:io.obj
 0001:0001e030       Outsb                      000000001001f030 f   NativeLib:io.obj
 0001:0001e070       Outsd                      000000001001f070 f   NativeLib:io.obj
 0001:0001e0b0       Outsw                      000000001001f0b0 f   NativeLib:io.obj
 0001:0001e0f0       vmware_send                000000001001f0f0 f   NativeLib:vmware.obj
 0001:0001e174       vmware_send_hb             000000001001f174 f   NativeLib:vmware.obj
 0001:0001e1fa       vmware_get_hb              000000001001f1fa f   NativeLib:vmware.obj
 0001:00020590       f_close                    0000000010021590 f   NativeLib:ff.obj
 0001:000205f0       f_closedir                 00000000100215f0 f   NativeLib:ff.obj
 0001:00020640       f_getfree                  0000000010021640 f   NativeLib:ff.obj
 0001:00020920       f_lseek                    0000000010021920 f   NativeLib:ff.obj
 0001:00020e60       f_mkdir                    0000000010021e60 f   NativeLib:ff.obj
 0001:000211a0       f_mkfs                     00000000100221a0 f   NativeLib:ff.obj
 0001:00022d50       f_mount                    0000000010023d50 f   NativeLib:ff.obj
 0001:00022e10       f_open                     0000000010023e10 f   NativeLib:ff.obj
 0001:000234d0       f_opendir                  00000000100244d0 f   NativeLib:ff.obj
 0001:00023690       f_read                     0000000010024690 f   NativeLib:ff.obj
 0001:00023af0       f_readdir                  0000000010024af0 f   NativeLib:ff.obj
 0001:00023ba0       f_rename                   0000000010024ba0 f   NativeLib:ff.obj
 0001:00024060       f_stat                     0000000010025060 f   NativeLib:ff.obj
 0001:00024100       f_sync                     0000000010025100 f   NativeLib:ff.obj
 0001:00024450       f_truncate                 0000000010025450 f   NativeLib:ff.obj
 0001:00024600       f_unlink                   0000000010025600 f   NativeLib:ff.obj
 0001:00024840       f_write                    0000000010025840 f   NativeLib:ff.obj
 0001:00028070       ff_oem2uni                 0000000010029070 f   NativeLib:ffunicode.obj
 0001:00028180       ff_uni2oem                 0000000010029180 f   NativeLib:ffunicode.obj
 0001:00028290       ff_wtoupper                0000000010029290 f   NativeLib:ffunicode.obj
 0001:00028460       disk_initialize            0000000010029460 f   NativeLib:diskio.obj
 0001:00028490       disk_ioctl                 0000000010029490 f   NativeLib:diskio.obj
 0001:00028510       disk_read                  0000000010029510 f   NativeLib:diskio.obj
 0001:00028550       disk_status                0000000010029550 f   NativeLib:diskio.obj
 0001:00028580       disk_write                 0000000010029580 f   NativeLib:diskio.obj
 0001:000285c0       mystrtoul                  00000000100295c0 f   LibC:strtoul.obj
 0001:0002ae60       fctprintf                  000000001002be60 f   LibC:printf.obj
 0001:0002aee0       printf_                    000000001002bee0 f   LibC:printf.obj
 0001:0002af50       snprintf_                  000000001002bf50 f   LibC:printf.obj
 0001:0002afb0       sprintf_                   000000001002bfb0 f   LibC:printf.obj
 0001:0002b020       vprintf_                   000000001002c020 f   LibC:printf.obj
 0001:0002b070       vsnprintf_                 000000001002c070 f   LibC:printf.obj
 0001:0002b0c0       myisspace                  000000001002c0c0 f   LibC:isspace.obj
 0001:0002b110       myisdigit                  000000001002c110 f   LibC:isdigit.obj
 0001:0002b150       myisalpha                  000000001002c150 f   LibC:isalpha.obj
 0001:0002b190       myisupper                  000000001002c190 f   LibC:isupper.obj
 0002:00000000       unbox_UInt8__ToString      000000001002d000     guideXOS.obj
 0002:0000000c       unbox_Double__ToString     000000001002d00c     guideXOS.obj
 0002:00000018       unbox_Int32__ToString      000000001002d018     guideXOS.obj
 0002:00000024       unbox_UInt16__ToString     000000001002d024     guideXOS.obj
 0002:00000030       unbox_UInt32__ToString     000000001002d030     guideXOS.obj
 0002:0000003c       unbox_UInt64__ToString     000000001002d03c     guideXOS.obj
 0003:00000000       KMain                      000000001002e000     guideXOS.obj
 0003:00000000       guideXOS_Program__KMain    000000001002e000     guideXOS.obj
 0003:00000290       guideXOS_Program__SMain    000000001002e290     guideXOS.obj
 0003:0000093c       guideXOS_Program__InitConsole 000000001002e93c     guideXOS.obj
 0003:0000097c       guideXOS_Allocator__GetPageIndexStart 000000001002e97c     guideXOS.obj
 0003:000009cc       guideXOS_Allocator__Free   000000001002e9cc     guideXOS.obj
 0003:00000b04       guideXOS_Allocator__get_MemoryInUse 000000001002eb04     guideXOS.obj
 0003:00000b1c       guideXOS_Allocator__Initialize 000000001002eb1c     guideXOS.obj
 0003:00000bb0       guideXOS_Allocator__Allocate 000000001002ebb0     guideXOS.obj
 0003:00000d14       guideXOS_Allocator__Reallocate 000000001002ed14     guideXOS.obj
 0003:00000e08       guideXOS_GDT__FillEntry    000000001002ee08     guideXOS.obj
 0003:00000e48       guideXOS_GDT__Initialise   000000001002ee48     guideXOS.obj
 0003:00000f90       guideXOS_GDT__SetKernelStack 000000001002ef90     guideXOS.obj
 0003:00000fb4       guideXOS_IDT__Initialize   000000001002efb4     guideXOS.obj
 0003:000010a8       guideXOS_IDT__AllowUserSoftwareInterrupt 000000001002f0a8     guideXOS.obj
 0003:00001140       guideXOS_IDT__intr_handler 000000001002f140     guideXOS.obj
 0003:00001140       intr_handler               000000001002f140     guideXOS.obj
 0003:00001854       guideXOS_Native__Load_GDT  000000001002f854     guideXOS.obj
 0003:000018a8       guideXOS_Native__Load_IDT  000000001002f8a8     guideXOS.obj
 0003:000018fc       guideXOS_Internal_Runtime_EEType__get_IsArray 000000001002f8fc     guideXOS.obj
 0003:00001920       guideXOS_Internal_Runtime_EEType__get_ArrayRank 000000001002f920     guideXOS.obj
 0003:00001940       __imp_GetCurrentThreadId   000000001002f940     guideXOS.obj
 0003:00001940       guideXOS_Internal_Runtime_CompilerHelpers_StartupCodeHelpers____imp_GetCurrentThreadId 000000001002f940     guideXOS.obj
 0003:00001944       __CheckForDebuggerJustMyCode 000000001002f944     guideXOS.obj
 0003:00001944       guideXOS_Internal_Runtime_CompilerHelpers_StartupCodeHelpers____CheckForDebuggerJustMyCode 000000001002f944     guideXOS.obj
 0003:00001948       __fail_fast                000000001002f948     guideXOS.obj
 0003:00001948       guideXOS_Internal_Runtime_CompilerHelpers_StartupCodeHelpers__FailFast 000000001002f948     guideXOS.obj
 0003:0000194c       guideXOS_Internal_Runtime_CompilerHelpers_StartupCodeHelpers__MemSet 000000001002f94c     guideXOS.obj
 0003:0000194c       memset                     000000001002f94c     guideXOS.obj
 0003:00001968       guideXOS_Internal_Runtime_CompilerHelpers_StartupCodeHelpers__MemCpy 000000001002f968     guideXOS.obj
 0003:00001968       memcpy                     000000001002f968     guideXOS.obj
 0003:00001984       RhpFallbackFailFast        000000001002f984     guideXOS.obj
 0003:00001984       guideXOS_Internal_Runtime_CompilerHelpers_StartupCodeHelpers__RhpFallbackFailFast 000000001002f984     guideXOS.obj
 0003:00001988       RhpReversePInvoke2         000000001002f988     guideXOS.obj
 0003:00001988       guideXOS_Internal_Runtime_CompilerHelpers_StartupCodeHelpers__RhpReversePInvoke2 000000001002f988     guideXOS.obj
 0003:0000198c       RhpReversePInvokeReturn2   000000001002f98c     guideXOS.obj
 0003:0000198c       guideXOS_Internal_Runtime_CompilerHelpers_StartupCodeHelpers__RhpReversePInvokeReturn2 000000001002f98c     guideXOS.obj
 0003:00001990       RhpReversePInvoke          000000001002f990     guideXOS.obj
 0003:00001990       guideXOS_Internal_Runtime_CompilerHelpers_StartupCodeHelpers__RhpReversePInvoke 000000001002f990     guideXOS.obj
 0003:00001994       RhpReversePInvokeReturn    000000001002f994     guideXOS.obj
 0003:00001994       guideXOS_Internal_Runtime_CompilerHelpers_StartupCodeHelpers__RhpReversePInvokeReturn 000000001002f994     guideXOS.obj
 0003:00001998       RhpPInvoke                 000000001002f998     guideXOS.obj
 0003:00001998       guideXOS_Internal_Runtime_CompilerHelpers_StartupCodeHelpers__RhpPinvoke 000000001002f998     guideXOS.obj
 0003:0000199c       RhpPInvokeReturn           000000001002f99c     guideXOS.obj
 0003:0000199c       guideXOS_Internal_Runtime_CompilerHelpers_StartupCodeHelpers__RhpPinvokeReturn 000000001002f99c     guideXOS.obj
 0003:000019a0       RhpNewFast                 000000001002f9a0     guideXOS.obj
 0003:000019a0       guideXOS_Internal_Runtime_CompilerHelpers_StartupCodeHelpers__RhpNewFast 000000001002f9a0     guideXOS.obj
 0003:00001a2c       RhpNewArray                000000001002fa2c     guideXOS.obj
 0003:00001a2c       guideXOS_Internal_Runtime_CompilerHelpers_StartupCodeHelpers__RhpNewArray 000000001002fa2c     guideXOS.obj
 0003:00001af0       RhpAssignRef               000000001002faf0     guideXOS.obj
 0003:00001af0       guideXOS_Internal_Runtime_CompilerHelpers_StartupCodeHelpers__RhpAssignRef 000000001002faf0     guideXOS.obj
 0003:00001af4       RhpByRefAssignRef          000000001002faf4     guideXOS.obj
 0003:00001af4       guideXOS_Internal_Runtime_CompilerHelpers_StartupCodeHelpers__RhpByRefAssignRef 000000001002faf4     guideXOS.obj
 0003:00001af8       RhpCheckedAssignRef        000000001002faf8     guideXOS.obj
 0003:00001af8       guideXOS_Internal_Runtime_CompilerHelpers_StartupCodeHelpers__RhpCheckedAssignRef 000000001002faf8     guideXOS.obj
 0003:00001afc       RhpStelemRef               000000001002fafc     guideXOS.obj
 0003:00001afc       guideXOS_Internal_Runtime_CompilerHelpers_StartupCodeHelpers__RhpStelemRef 000000001002fafc     guideXOS.obj
 0003:00001b34       RhTypeCast_IsInstanceOfClass 000000001002fb34     guideXOS.obj
 0003:00001b34       guideXOS_Internal_Runtime_CompilerHelpers_StartupCodeHelpers__RhTypeCast_IsInstanceOfClass 000000001002fb34     guideXOS.obj
 0003:00001b60       guideXOS_Internal_Runtime_CompilerHelpers_StartupCodeHelpers__InitializeModules 000000001002fb60     guideXOS.obj
 0003:00001d1c       guideXOS_Internal_Runtime_CompilerHelpers_StartupCodeHelpers__InitializeStatics 000000001002fd1c     guideXOS.obj
 0003:00001e04       guideXOS_Internal_Runtime_CompilerHelpers_SynchronizedMethodHelpers__MonitorEnterStatic 000000001002fe04     guideXOS.obj
 0003:00001e08       guideXOS_Internal_Runtime_CompilerHelpers_SynchronizedMethodHelpers__MonitorExitStatic 000000001002fe08     guideXOS.obj
 0003:00001e0c       guideXOS_Internal_Runtime_CompilerHelpers_ThrowHelpers__Error 000000001002fe0c     guideXOS.obj
 0003:00001ebc       guideXOS_Internal_Runtime_CompilerHelpers_ThrowHelpers__ThrowOverflowException 000000001002febc     guideXOS.obj
 0003:00001ed4       guideXOS_Internal_Runtime_CompilerHelpers_ThrowHelpers__ThrowIndexOutOfRangeException 000000001002fed4     guideXOS.obj
 0003:00001eec       UInt8__ToString            000000001002feec     guideXOS.obj
 0003:00001f08       Char__ToUpper              000000001002ff08     guideXOS.obj
 0003:00001f20       guideXOS_System_Delegate__InitializeClosedInstance 000000001002ff20     guideXOS.obj
 0003:00001f4c       Double__ToString           000000001002ff4c     guideXOS.obj
 0003:0000201c       Int32__ToString            000000001003001c     guideXOS.obj
 0003:0000203c       Int64__ToString            000000001003003c     guideXOS.obj
 0003:0000212c       guideXOS_System_Math__Pow  000000001003012c     guideXOS.obj
 0003:00002158       guideXOS_System_Math__Fact 0000000010030158     guideXOS.obj
 0003:00002190       guideXOS_System_Math__Sin  0000000010030190     guideXOS.obj
 0003:00002240       guideXOS_System_MathF__Floor 0000000010030240     guideXOS.obj
 0003:000022a0       Object___ctor              00000000100302a0     guideXOS.obj
 0003:000022a4       Object__ToString           00000000100302a4     guideXOS.obj
 0003:000022ac       Object__Dispose            00000000100302ac     guideXOS.obj
 0003:000022fc       String__FromASCII          00000000100302fc     guideXOS.obj
 0003:00002394       String__Ctor               0000000010030394     guideXOS.obj
 0003:000023b4       String__Ctor_2             00000000100303b4     guideXOS.obj
 0003:00002470       String__LastIndexOf        0000000010030470     guideXOS.obj
 0003:00002498       String__ToString           0000000010030498     guideXOS.obj
 0003:0000249c       String__Equals_0           000000001003049c     guideXOS.obj
 0003:000024d8       String__Concat             00000000100304d8     guideXOS.obj
 0003:000025c4       String__IndexOf            00000000100305c4     guideXOS.obj
 0003:000025f4       String__Concat_0           00000000100305f4     guideXOS.obj
 0003:00002668       String__Concat_1           0000000010030668     guideXOS.obj
 0003:0000272c       String__Concat_2           000000001003072c     guideXOS.obj
 0003:00002814       String__Format             0000000010030814     guideXOS.obj
 0003:00002a18       String__Split              0000000010030a18     guideXOS.obj
 0003:00002b2c       String__Substring          0000000010030b2c     guideXOS.obj
 0003:00002b6c       String__Substring_0        0000000010030b6c     guideXOS.obj
 0003:00002ba8       String__EndsWith_0         0000000010030ba8     guideXOS.obj
 0003:00002c28       String__ToUpper            0000000010030c28     guideXOS.obj
 0003:00002cbc       UInt16__ToString           0000000010030cbc     guideXOS.obj
 0003:00002cd8       UInt32__ToString           0000000010030cd8     guideXOS.obj
 0003:00002cf4       UInt64__ToString           0000000010030cf4     guideXOS.obj
 0003:00002dbc       UInt64__ToStringHex        0000000010030dbc     guideXOS.obj
 0003:00002e64       guideXOS_System_Threading_Monitor__Unlock 0000000010030e64     guideXOS.obj
 0003:00002ea8       RhTypeCast_CheckCastClass  0000000010030ea8     guideXOS.obj
 0003:00002ea8       guideXOS_System_Runtime_TypeCast__CheckCastClass 0000000010030ea8     guideXOS.obj
 0003:00002ed0       RhTypeCast_CheckCastArray  0000000010030ed0     guideXOS.obj
 0003:00002ed0       guideXOS_System_Runtime_TypeCast__CheckCastArray 0000000010030ed0     guideXOS.obj
 0003:00002ef8       RhTypeCast_IsInstanceOfArray 0000000010030ef8     guideXOS.obj
 0003:00002ef8       guideXOS_System_Runtime_TypeCast__IsInstanceOfArray 0000000010030ef8     guideXOS.obj
 0003:00002f54       guideXOS_System_Runtime_CompilerServices_ClassConstructorRunner__CheckStaticClassConstructionReturnGCStaticBase 0000000010030f54     guideXOS.obj
 0003:00002f6c       guideXOS_System_Runtime_CompilerServices_ClassConstructorRunner__CheckStaticClassConstruction 0000000010030f6c     guideXOS.obj
 0003:00002fa0       guideXOS_System_Drawing_Image___ctor 0000000010030fa0     guideXOS.obj
 0003:00002fdc       guideXOS_System_Drawing_Image___ctor_0 0000000010030fdc     guideXOS.obj
 0003:00002fe0       guideXOS_System_Drawing_Image__Resample 0000000010030fe0     guideXOS.obj
 0003:00003384       guideXOS_System_Drawing_Image__ResizeImage 0000000010031384     guideXOS.obj
 0003:000034f8       guideXOS_System_Drawing_Image__Dispose 00000000100314f8     guideXOS.obj
 0003:00003580       guideXOS_System_Diagnostics_Process__Start 0000000010031580     guideXOS.obj
 0003:00003784       guideXOS_System_Diagnostics_Process__StartThread 0000000010031784     guideXOS.obj
 0003:00003800       guideXOS_System_Diagnostics_Process__FixImageRelocations 0000000010031800     guideXOS.obj
 0003:0000386c       guideXOS_guideXOS_Animation___ctor 000000001003186c     guideXOS.obj
 0003:0000387c       guideXOS_guideXOS_Animator__Initialize 000000001003187c     guideXOS.obj
 0003:000038d4       guideXOS_guideXOS_Animator__OnInterrupt 00000000100318d4     guideXOS.obj
 0003:00003960       guideXOS_guideXOS_API__HandleSystemCall 0000000010031960     guideXOS.obj
 0003:00003cfc       guideXOS_guideXOS_API__API_SndWrite 0000000010031cfc     guideXOS.obj
 0003:00003d04       guideXOS_guideXOS_API__API_Calloc 0000000010031d04     guideXOS.obj
 0003:00003d0c       guideXOS_guideXOS_API__API_StartThread 0000000010031d0c     guideXOS.obj
 0003:00003d48       guideXOS_guideXOS_API__API_Error 0000000010031d48     guideXOS.obj
 0003:00003d50       guideXOS_guideXOS_API__API_GetTime 0000000010031d50     guideXOS.obj
 0003:00003dd0       guideXOS_guideXOS_API__API_DrawImage 0000000010031dd0     guideXOS.obj
 0003:00003e04       guideXOS_guideXOS_API__API_WriteString 0000000010031e04     guideXOS.obj
 0003:00003e64       guideXOS_guideXOS_API__API_Width 0000000010031e64     guideXOS.obj
 0003:00003e78       guideXOS_guideXOS_API__API_Height 0000000010031e78     guideXOS.obj
 0003:00003e8c       guideXOS_guideXOS_API__API_Update 0000000010031e8c     guideXOS.obj
 0003:00003e94       guideXOS_guideXOS_API__API_Clear 0000000010031e94     guideXOS.obj
 0003:00003eb4       DebugWrite                 0000000010031eb4     guideXOS.obj
 0003:00003eb4       guideXOS_guideXOS_API__API_DebugWrite 0000000010031eb4     guideXOS.obj
 0003:00003ebc       DebugWriteLine             0000000010031ebc     guideXOS.obj
 0003:00003ebc       guideXOS_guideXOS_API__API_DebugWriteLine 0000000010031ebc     guideXOS.obj
 0003:00003ed8       Lock                       0000000010031ed8     guideXOS.obj
 0003:00003ed8       guideXOS_guideXOS_API__API_Lock 0000000010031ed8     guideXOS.obj
 0003:00003f00       Unlock                     0000000010031f00     guideXOS.obj
 0003:00003f00       guideXOS_guideXOS_API__API_Unlock 0000000010031f00     guideXOS.obj
 0003:00003f40       guideXOS_guideXOS_API__API_DrawPoint 0000000010031f40     guideXOS.obj
 0003:00003f74       guideXOS_guideXOS_API__API_SwitchToConsoleMode 0000000010031f74     guideXOS.obj
 0003:00003f7c       guideXOS_guideXOS_API__API_ReadAllBytes 0000000010031f7c     guideXOS.obj
 0003:00004084       guideXOS_guideXOS_API__API_Sleep 0000000010032084     guideXOS.obj
 0003:0000408c       guideXOS_guideXOS_API__API_GetTick 000000001003208c     guideXOS.obj
 0003:000040a0       guideXOS_guideXOS_API__API_Write 00000000100320a0     guideXOS.obj
 0003:000040ac       guideXOS_guideXOS_API__API_WriteLine 00000000100320ac     guideXOS.obj
 0003:000040b4       guideXOS_guideXOS_API__API_Allocate 00000000100320b4     guideXOS.obj
 0003:000040bc       guideXOS_guideXOS_API__API_Free 00000000100320bc     guideXOS.obj
 0003:000040c4       guideXOS_guideXOS_API__API_Reallocate 00000000100320c4     guideXOS.obj
 0003:000040cc       guideXOS_guideXOS_API__SayHello 00000000100320cc     guideXOS.obj
 0003:000040d8       guideXOS_guideXOS_Kbd2Mouse__OnKeyChanged 00000000100320d8     guideXOS.obj
 0003:00004264       guideXOS_guideXOS_ASC16__DrawString 0000000010032264     guideXOS.obj
 0003:000042b4       guideXOS_guideXOS_ASC16__DrawChar 00000000100322b4     guideXOS.obj
 0003:00004348       guideXOS_guideXOS_Console__add_OnWrite 0000000010032348     guideXOS.obj
 0003:000043d4       guideXOS_guideXOS_Console__Setup 00000000100323d4     guideXOS.obj
 0003:0000448c       guideXOS_guideXOS_Console__Write 000000001003248c     guideXOS.obj
 0003:00004538       guideXOS_guideXOS_Console__Write_0 0000000010032538     guideXOS.obj
 0003:000045bc       guideXOS_guideXOS_Console__WriteFramebuffer 00000000100325bc     guideXOS.obj
 0003:000046c8       guideXOS_guideXOS_Console__MoveUp 00000000100326c8     guideXOS.obj
 0003:000046fc       guideXOS_guideXOS_Console__MoveUpFramebuffer 00000000100326fc     guideXOS.obj
 0003:000047a8       guideXOS_guideXOS_Console__UpdateCursorFramebuffer 00000000100327a8     guideXOS.obj
 0003:00004858       guideXOS_guideXOS_Console__WriteLine 0000000010032858     guideXOS.obj
 0003:000048f4       guideXOS_guideXOS_Console__WriteLine_0 00000000100328f4     guideXOS.obj
 0003:00004938       guideXOS_guideXOS_Console__Clear 0000000010032938     guideXOS.obj
 0003:00004954       guideXOS_guideXOS_Console__ClearFramebuffer 0000000010032954     guideXOS.obj
 0003:00004a10       guideXOS_guideXOS_FPSMeter__Update 0000000010032a10     guideXOS.obj
 0003:00004a6c       guideXOS_guideXOS_PageTable__Initialise 0000000010032a6c     guideXOS.obj
 0003:00004b40       guideXOS_guideXOS_PageTable__GetPageInternal 0000000010032b40     guideXOS.obj
 0003:00004bfc       guideXOS_guideXOS_PageTable__MapOnRoot 0000000010032bfc     guideXOS.obj
 0003:00004c8c       guideXOS_guideXOS_PageTable__Next_0 0000000010032c8c     guideXOS.obj
 0003:00004d5c       guideXOS_guideXOS_NETv4__SwapLeftRight_0 0000000010032d5c     guideXOS.obj
 0003:00004d8c       guideXOS_guideXOS_SMP__ApplicationProcessorMain 0000000010032d8c     guideXOS.obj
 0003:00004e28       guideXOS_guideXOS_SMP__Initialize 0000000010032e28     guideXOS.obj
 0003:00004fb8       guideXOS_guideXOS_Misc_Audio__Initialize 0000000010032fb8     guideXOS.obj
 0003:00004fe8       guideXOS_guideXOS_Misc_Audio__snd_write 0000000010032fe8     guideXOS.obj
 0003:00004fe8       snd_write                  0000000010032fe8     guideXOS.obj
 0003:000050d0       guideXOS_guideXOS_Misc_Audio__snd_clear 00000000100330d0     guideXOS.obj
 0003:000050d0       snd_clear                  00000000100330d0     guideXOS.obj
 0003:000050e4       guideXOS_guideXOS_Misc_Audio__require 00000000100330e4     guideXOS.obj
 0003:000051e0       guideXOS_guideXOS_Misc_Bitmap___ctor 00000000100331e0     guideXOS.obj
 0003:00005428       guideXOS_guideXOS_Misc_BootSplash__Initialize 0000000010033428     guideXOS.obj
 0003:00005480       guideXOS_guideXOS_Misc_BootSplash__Tick 0000000010033480     guideXOS.obj
 0003:0000561c       guideXOS_guideXOS_Misc_ClassID__GetName 000000001003361c     guideXOS.obj
 0003:00005784       Entry                      0000000010033784     guideXOS.obj
 0003:00005784       guideXOS_guideXOS_Misc_EntryPoint__Entry 0000000010033784     guideXOS.obj
 0003:00005b94       guideXOS_guideXOS_Misc_IFont__DrawChar 0000000010033b94     guideXOS.obj
 0003:00005d38       guideXOS_guideXOS_Misc_IFont__DrawString 0000000010033d38     guideXOS.obj
 0003:00005dac       guideXOS_guideXOS_Misc_IFont__MeasureString 0000000010033dac     guideXOS.obj
 0003:00005e18       guideXOS_guideXOS_Misc_IFont__DrawString_0 0000000010033e18     guideXOS.obj
 0003:00005f2c       guideXOS_guideXOS_Misc_Interrupts__EnableInterrupt_0 0000000010033f2c     guideXOS.obj
 0003:00005f94       guideXOS_guideXOS_Misc_Interrupts__HandleInterrupt 0000000010033f94     guideXOS.obj
 0003:00005ffc       guideXOS_guideXOS_Misc_Panic__Error 0000000010033ffc     guideXOS.obj
 0003:00006098       guideXOS_guideXOS_Misc_PNG___ctor 0000000010034098     guideXOS.obj
 0003:00006288       guideXOS_guideXOS_Misc_PNG__lodepng_decode_memory 0000000010034288     guideXOS.obj
 0003:00006324       guideXOS_guideXOS_Misc_Thread__NewThread 0000000010034324     guideXOS.obj
 0003:000063c4       guideXOS_guideXOS_Misc_Thread__Start 00000000100343c4     guideXOS.obj
 0003:00006474       guideXOS_guideXOS_Misc_Thread__Start_0 0000000010034474     guideXOS.obj
 0003:00006564       guideXOS_guideXOS_Misc_ThreadPool__Initialize 0000000010034564     guideXOS.obj
 0003:00006718       guideXOS_guideXOS_Misc_ThreadPool__Terminate 0000000010034718     guideXOS.obj
 0003:000067a8       guideXOS_guideXOS_Misc_ThreadPool__IdleThread 00000000100347a8     guideXOS.obj
 0003:000067ec       guideXOS_guideXOS_Misc_ThreadPool__get_CanLock 00000000100347ec     guideXOS.obj
 0003:00006804       guideXOS_guideXOS_Misc_ThreadPool__Lock 0000000010034804     guideXOS.obj
 0003:0000683c       guideXOS_guideXOS_Misc_ThreadPool__UnLock 000000001003483c     guideXOS.obj
 0003:00006850       guideXOS_guideXOS_Misc_ThreadPool__Schedule 0000000010034850     guideXOS.obj
 0003:00006bc0       guideXOS_guideXOS_Misc_USBDevice___ctor 0000000010034bc0     guideXOS.obj
 0003:00006bc4       guideXOS_guideXOS_Misc_USBRequest__Clean 0000000010034bc4     guideXOS.obj
 0003:00006c34       guideXOS_guideXOS_Misc_USB__OnInterrupt 0000000010034c34     guideXOS.obj
 0003:00006d4c       guideXOS_guideXOS_Misc_USB__DriveDevice 0000000010034d4c     guideXOS.obj
 0003:00006d68       guideXOS_guideXOS_Misc_USB__StartPolling 0000000010034d68     guideXOS.obj
 0003:00006da0       guideXOS_guideXOS_Misc_USB__LoopPoll 0000000010034da0     guideXOS.obj
 0003:00006df8       guideXOS_guideXOS_Misc_VendorID__GetName 0000000010034df8     guideXOS.obj
 0003:0000e248       guideXOS_guideXOS_Misc_WAV__Decode 000000001003c248     guideXOS.obj
 0003:0000e39c       guideXOS_guideXOS_Graph_Graphics__FromImage 000000001003c39c     guideXOS.obj
 0003:0000e400       guideXOS_guideXOS_Graph_Graphics__Update 000000001003c400     guideXOS.obj
 0003:0000e404       guideXOS_guideXOS_Graph_Graphics__Clear 000000001003c404     guideXOS.obj
 0003:0000e46c       guideXOS_guideXOS_Graph_Graphics__Copy 000000001003c46c     guideXOS.obj
 0003:0000e508       guideXOS_guideXOS_Graph_Graphics__FillRectangle 000000001003c508     guideXOS.obj
 0003:0000e580       guideXOS_guideXOS_Graph_Graphics__AFillRectangle 000000001003c580     guideXOS.obj
 0003:0000e5f8       guideXOS_guideXOS_Graph_Graphics__GetPoint 000000001003c5f8     guideXOS.obj
 0003:0000e624       guideXOS_guideXOS_Graph_Graphics__DrawPoint 000000001003c624     guideXOS.obj
 0003:0000e714       guideXOS_guideXOS_Graph_Graphics__DrawRectangle 000000001003c714     guideXOS.obj
 0003:0000e7d0       guideXOS_guideXOS_Graph_Graphics__Save 000000001003c7d0     guideXOS.obj
 0003:0000e8ac       guideXOS_guideXOS_Graph_Graphics__ADrawImage 000000001003c8ac     guideXOS.obj
 0003:0000e95c       guideXOS_guideXOS_Graph_Graphics__DrawImage 000000001003c95c     guideXOS.obj
 0003:0000ebb4       guideXOS_guideXOS_Graph_Graphics__FPartOfNumber 000000001003cbb4     guideXOS.obj
 0003:0000ebe4       guideXOS_guideXOS_Graph_Graphics__DrawPoint_0 000000001003cbe4     guideXOS.obj
 0003:0000ec4c       guideXOS_guideXOS_Graph_Graphics__DrawLine 000000001003cc4c     guideXOS.obj
 0003:0000ee10       guideXOS_guideXOS_FS_AutoFS___ctor 000000001003ce10     guideXOS.obj
 0003:0000ef44       guideXOS_guideXOS_FS_AutoFS__LooksLikeTar 000000001003cf44     guideXOS.obj
 0003:0000ef88       guideXOS_guideXOS_FS_AutoFS__LooksLikeFat 000000001003cf88     guideXOS.obj
 0003:0000f018       guideXOS_guideXOS_FS_AutoFS__GetFiles 000000001003d018     guideXOS.obj
 0003:0000f024       guideXOS_guideXOS_FS_AutoFS__ReadAllBytes 000000001003d024     guideXOS.obj
 0003:0000f030       guideXOS_guideXOS_FS_AutoFS__WriteAllBytes 000000001003d030     guideXOS.obj
 0003:0000f03c       guideXOS_guideXOS_FS_AutoFS__Format 000000001003d03c     guideXOS.obj
 0003:0000f048       guideXOS_guideXOS_FS_FAT___ctor 000000001003d048     guideXOS.obj
 0003:0000f204       guideXOS_guideXOS_FS_FAT__ReadSectorsCached 000000001003d204     guideXOS.obj
 0003:0000f3c4       guideXOS_guideXOS_FS_FAT__WriteSector 000000001003d3c4     guideXOS.obj
 0003:0000f454       guideXOS_guideXOS_FS_FAT__ReadFatEntry 000000001003d454     guideXOS.obj
 0003:0000f634       guideXOS_guideXOS_FS_FAT__WriteFatEntry 000000001003d634     guideXOS.obj
 0003:0000fb28       guideXOS_guideXOS_FS_FAT__IsEOC 000000001003db28     guideXOS.obj
 0003:0000fb60       guideXOS_guideXOS_FS_FAT__EOC 000000001003db60     guideXOS.obj
 0003:0000fb80       guideXOS_guideXOS_FS_FAT__GetClusterChain 000000001003db80     guideXOS.obj
 0003:0000fc2c       guideXOS_guideXOS_FS_FAT__ReadCluster 000000001003dc2c     guideXOS.obj
 0003:0000fd70       guideXOS_guideXOS_FS_FAT__ZeroCluster 000000001003dd70     guideXOS.obj
 0003:0000fe5c       guideXOS_guideXOS_FS_FAT__ReadAllClusterChain 000000001003de5c     guideXOS.obj
 0003:0001000c       guideXOS_guideXOS_FS_FAT__ComposeShortName 000000001003e00c     guideXOS.obj
 0003:000100bc       guideXOS_guideXOS_FS_FAT__AssembleLfn 000000001003e0bc     guideXOS.obj
 0003:000101a8       guideXOS_guideXOS_FS_FAT__IterateDirectory 000000001003e1a8     guideXOS.obj
 0003:000102b8       guideXOS_guideXOS_FS_FAT__IterateDirSectorRangeCluster 000000001003e2b8     guideXOS.obj
 0003:00010368       guideXOS_guideXOS_FS_FAT__IterateDirEntries 000000001003e368     guideXOS.obj
 0003:000104fc       guideXOS_guideXOS_FS_FAT__EqualsIgnoreCase 000000001003e4fc     guideXOS.obj
 0003:0001055c       guideXOS_guideXOS_FS_FAT__FindPath 000000001003e55c     guideXOS.obj
 0003:00010974       guideXOS_guideXOS_FS_FAT__FindEntryLoc 000000001003e974     guideXOS.obj
 0003:000110f0       guideXOS_guideXOS_FS_FAT__NextFreeCluster 000000001003f0f0     guideXOS.obj
 0003:00011150       guideXOS_guideXOS_FS_FAT__AllocateClustersForSize 000000001003f150     guideXOS.obj
 0003:00011260       guideXOS_guideXOS_FS_FAT__FreeClusterChain 000000001003f260     guideXOS.obj
 0003:000112c8       guideXOS_guideXOS_FS_FAT__WriteDataToChain 000000001003f2c8     guideXOS.obj
 0003:000115dc       guideXOS_guideXOS_FS_FAT__WriteDirEntry 000000001003f5dc     guideXOS.obj
 0003:00011770       guideXOS_guideXOS_FS_FAT__GenerateShortName 000000001003f770     guideXOS.obj
 0003:00011988       guideXOS_guideXOS_FS_FAT__EnsureDirHasFreeSlot 000000001003f988     guideXOS.obj
 0003:00011a84       guideXOS_guideXOS_FS_FAT__GetFiles 000000001003fa84     guideXOS.obj
 0003:00011bb4       guideXOS_guideXOS_FS_FAT__ReadAllBytes 000000001003fbb4     guideXOS.obj
 0003:00011c58       guideXOS_guideXOS_FS_FAT__WriteAllBytes 000000001003fc58     guideXOS.obj
 0003:00011f14       guideXOS_guideXOS_FS_FAT__Format 000000001003ff14     guideXOS.obj
 0003:00011f24       guideXOS_guideXOS_FS_FATFS___ctor 000000001003ff24     guideXOS.obj
 0003:00011f7c       guideXOS_guideXOS_FS_FATFS__GetFiles 000000001003ff7c     guideXOS.obj
 0003:000120c4       get_fattime                00000000100400c4     guideXOS.obj
 0003:000120c4       guideXOS_guideXOS_FS_FATFS__get_fattime 00000000100400c4     guideXOS.obj
 0003:00012130       RAM_disk_write             0000000010040130     guideXOS.obj
 0003:00012130       guideXOS_guideXOS_FS_FATFS__RAM_disk_write 0000000010040130     guideXOS.obj
 0003:00012164       RAM_disk_read              0000000010040164     guideXOS.obj
 0003:00012164       guideXOS_guideXOS_FS_FATFS__RAM_disk_read 0000000010040164     guideXOS.obj
 0003:00012198       guideXOS_guideXOS_FS_FATFS__read_all_bytes 0000000010040198     guideXOS.obj
 0003:000121f8       guideXOS_guideXOS_FS_FATFS__Format 00000000100401f8     guideXOS.obj
 0003:0001223c       guideXOS_guideXOS_FS_FATFS__ReadAllBytes 000000001004023c     guideXOS.obj
 0003:00012328       guideXOS_guideXOS_FS_FATFS__WriteAllBytes 0000000010040328     guideXOS.obj
 0003:000123e0       guideXOS_guideXOS_FS_FileInfo__Dispose 00000000100403e0     guideXOS.obj
 0003:00012468       guideXOS_guideXOS_FS_FileInfo___ctor 0000000010040468     guideXOS.obj
 0003:0001246c       guideXOS_guideXOS_FS_File__Exists 000000001004046c     guideXOS.obj
 0003:0001251c       guideXOS_guideXOS_FS_FileSystem__SizeToSec 000000001004051c     guideXOS.obj
[...]
 0008:0000026b       __E2E33A61_corecrt_wstdlib@h 00000000101ba26b     NativeLib:ffunicode.obj
 0008:0000026c       __10D4A829_limits@h        00000000101ba26c     NativeLib:ffunicode.obj
 0008:0000026d       __6E5ACABA_stdlib@h        00000000101ba26d     NativeLib:ffunicode.obj
 0008:0000026e       __30B1AFDA_unknwnbase@h    00000000101ba26e     NativeLib:ffunicode.obj
 0008:0000026f       __328C1996_objidlbase@h    00000000101ba26f     NativeLib:ffunicode.obj
 0008:00000270       __C4E06B6A_cguid@h         00000000101ba270     NativeLib:ffunicode.obj
 0008:00000271       __434718C5_combaseapi@h    00000000101ba271     NativeLib:ffunicode.obj
 0008:00000272       __DE6FDEF1_unknwn@h        00000000101ba272     NativeLib:ffunicode.obj
 0008:00000273       __CCE0BACC_objidl@h        00000000101ba273     NativeLib:ffunicode.obj
 0008:00000274       __8C7011E5_oaidl@h         00000000101ba274     NativeLib:ffunicode.obj
 0008:00000275       __2E0B7863_propidlbase@h   00000000101ba275     NativeLib:ffunicode.obj
 0008:00000276       __BF4CF2EC_coml2api@h      00000000101ba276     NativeLib:ffunicode.obj
 0008:00000277       __6D897344_oleidl@h        00000000101ba277     NativeLib:ffunicode.obj
 0008:00000278       __1129FC2C_servprov@h      00000000101ba278     NativeLib:ffunicode.obj
 0008:00000279       __757952E4_msxml@h         00000000101ba279     NativeLib:ffunicode.obj
 0008:0000027a       __B1191D53_urlmon@h        00000000101ba27a     NativeLib:ffunicode.obj
 0008:0000027b       __404D1A47_propidl@h       00000000101ba27b     NativeLib:ffunicode.obj
 0008:0000027c       __A1C63593_objbase@h       00000000101ba27c     NativeLib:ffunicode.obj
 0008:0000027d       __C1B0A9CB_oleauto@h       00000000101ba27d     NativeLib:ffunicode.obj
 0008:0000027e       __24EAF61F_ole2@h          00000000101ba27e     NativeLib:ffunicode.obj
 0008:0000027f       __2B1843DA_commdlg@h       00000000101ba27f     NativeLib:ffunicode.obj
 0008:00000280       __81DDEDE3_stralign@h      00000000101ba280     NativeLib:ffunicode.obj
 0008:00000281       __2134D1B4_winsvc@h        00000000101ba281     NativeLib:ffunicode.obj
 0008:00000282       __11C07376_mcx@h           00000000101ba282     NativeLib:ffunicode.obj
 0008:00000283       __577CE3E7_ime_cmodes@h    00000000101ba283     NativeLib:ffunicode.obj
 0008:00000284       __1E72C31E_imm@h           00000000101ba284     NativeLib:ffunicode.obj
 0008:00000285       __E15BF856_windows@h       00000000101ba285     NativeLib:ffunicode.obj
 0008:00000286       __44420885_corecrt_stdio_config@h 00000000101ba286     NativeLib:ffunicode.obj
 0008:00000287       __EF1F6BBA_corecrt_wconio@h 00000000101ba287     NativeLib:ffunicode.obj
 0008:00000288       __3D1D430C_corecrt_wdirect@h 00000000101ba288     NativeLib:ffunicode.obj
 0008:00000289       __8ECB7138_corecrt_share@h 00000000101ba289     NativeLib:ffunicode.obj
 0008:0000028a       __DB7FEBA6_corecrt_wio@h   00000000101ba28a     NativeLib:ffunicode.obj
 0008:0000028b       __9A9F0068_corecrt_wprocess@h 00000000101ba28b     NativeLib:ffunicode.obj
 0008:0000028c       __AB601D8D_corecrt_wstdio@h 00000000101ba28c     NativeLib:ffunicode.obj
 0008:0000028d       __369A9BC3_corecrt_wtime@h 00000000101ba28d     NativeLib:ffunicode.obj
 0008:0000028e       __CE789B9D_types@h         00000000101ba28e     NativeLib:ffunicode.obj
 0008:0000028f       __9901C817_stat@h          00000000101ba28f     NativeLib:ffunicode.obj
 0008:00000290       __3FCAD62E_wchar@h         00000000101ba290     NativeLib:ffunicode.obj
 0008:00000291       __0E22CCB3_tchar@h         00000000101ba291     NativeLib:ffunicode.obj
 0008:00000292       __4CCC6929_integer@h       00000000101ba292     NativeLib:ffunicode.obj
 0008:00000293       __ED2A062E_ffconf@h        00000000101ba293     NativeLib:ffunicode.obj
 0008:00000294       __A5A085C2_ff@h            00000000101ba294     NativeLib:ffunicode.obj
 0008:00000295       __87CD6F4B_ffunicode@c     00000000101ba295     NativeLib:ffunicode.obj
 0008:00000296       __0ED14FEE_winpackagefamily@h 00000000101ba296     NativeLib:diskio.obj
 0008:00000297       __F92EF742_winapifamily@h  00000000101ba297     NativeLib:diskio.obj
 0008:00000298       __22E515EB_sdkddkver@h     00000000101ba298     NativeLib:diskio.obj
 0008:00000299       __FE09AF47_concurrencysal@h 00000000101ba299     NativeLib:diskio.obj
 0008:0000029a       __C073CA79_sal@h           00000000101ba29a     NativeLib:diskio.obj
 0008:0000029b       __D6AFE870_vadefs@h        00000000101ba29b     NativeLib:diskio.obj
 0008:0000029c       __D63E96CF_vcruntime@h     00000000101ba29c     NativeLib:diskio.obj
 0008:0000029d       __514B86D7_excpt@h         00000000101ba29d     NativeLib:diskio.obj
 0008:0000029e       __9A7D38D9_stdarg@h        00000000101ba29e     NativeLib:diskio.obj
 0008:0000029f       __29F49F40_specstrings_undef@h 00000000101ba29f     NativeLib:diskio.obj
 0008:000002a0       __D0F42932_specstrings_strict@h 00000000101ba2a0     NativeLib:diskio.obj
 0008:000002a1       __F00405FD_sdv_driverspecs@h 00000000101ba2a1     NativeLib:diskio.obj
 0008:000002a2       __173E09CA_driverspecs@h   00000000101ba2a2     NativeLib:diskio.obj
 0008:000002a3       __9A452361_specstrings@h   00000000101ba2a3     NativeLib:diskio.obj
 0008:000002a4       __1B0272D9_corecrt@h       00000000101ba2a4     NativeLib:diskio.obj
 0008:000002a5       __74484FB3_corecrt_wctype@h 00000000101ba2a5     NativeLib:diskio.obj
 0008:000002a6       __1EC467ED_ctype@h         00000000101ba2a6     NativeLib:diskio.obj
 0008:000002a7       __98517906_kernelspecs@h   00000000101ba2a7     NativeLib:diskio.obj
 0008:000002a8       __D3497022_basetsd@h       00000000101ba2a8     NativeLib:diskio.obj
 0008:000002a9       __61CC25A1_errno@h         00000000101ba2a9     NativeLib:diskio.obj
 0008:000002aa       __3EADF068_vcruntime_string@h 00000000101ba2aa     NativeLib:diskio.obj
 0008:000002ab       __E4C945B4_corecrt_memcpy_s@h 00000000101ba2ab     NativeLib:diskio.obj
 0008:000002ac       __8EAFF484_corecrt_memory@h 00000000101ba2ac     NativeLib:diskio.obj
 0008:000002ad       __6490AEC5_corecrt_wstring@h 00000000101ba2ad     NativeLib:diskio.obj
 0008:000002ae       __E8295E1E_string@h        00000000101ba2ae     NativeLib:diskio.obj
 0008:000002af       __7FCB5136_guiddef@h       00000000101ba2af     NativeLib:diskio.obj
 0008:000002b0       __FF8A9E11_pshpack4@h      00000000101ba2b0     NativeLib:diskio.obj
 0008:000002b1       __D5438902_poppack@h       00000000101ba2b1     NativeLib:diskio.obj
 0008:000002b2       __FB07E2A3_pshpack2@h      00000000101ba2b2     NativeLib:diskio.obj
 0008:000002b3       __F6906775_pshpack8@h      00000000101ba2b3     NativeLib:diskio.obj
 0008:000002b4       __F9415CFA_pshpack1@h      00000000101ba2b4     NativeLib:diskio.obj
 0008:000002b5       __E58C6F1C_apiset@h        00000000101ba2b5     NativeLib:diskio.obj
 0008:000002b6       __A5C52262_ktmtypes@h      00000000101ba2b6     NativeLib:diskio.obj
 0008:000002b7       __FBBA8F9D_winnt@h         00000000101ba2b7     NativeLib:diskio.obj
 0008:000002b8       __A32D3D2C_minwindef@h     00000000101ba2b8     NativeLib:diskio.obj
 0008:000002b9       __7D798299_windef@h        00000000101ba2b9     NativeLib:diskio.obj
 0008:000002ba       __9AE108E9_apisetcconv@h   00000000101ba2ba     NativeLib:diskio.obj
 0008:000002bb       __9CE53D2C_minwinbase@h    00000000101ba2bb     NativeLib:diskio.obj
 0008:000002bc       __5D0AA210_apiquery2@h     00000000101ba2bc     NativeLib:diskio.obj
 0008:000002bd       __4DD4E726_processenv@h    00000000101ba2bd     NativeLib:diskio.obj
 0008:000002be       __3575CC96_fileapi@h       00000000101ba2be     NativeLib:diskio.obj
 0008:000002bf       __8EA220E6_fileapifromapp@h 00000000101ba2bf     NativeLib:diskio.obj
 0008:000002c0       __BF9B31FE_debugapi@h      00000000101ba2c0     NativeLib:diskio.obj
 0008:000002c1       __C3AFE134_utilapiset@h    00000000101ba2c1     NativeLib:diskio.obj
 0008:000002c2       __76F69E51_handleapi@h     00000000101ba2c2     NativeLib:diskio.obj
 0008:000002c3       __7E63D784_errhandlingapi@h 00000000101ba2c3     NativeLib:diskio.obj
 0008:000002c4       __FFA7003C_fibersapi@h     00000000101ba2c4     NativeLib:diskio.obj
 0008:000002c5       __8971CECF_namedpipeapi@h  00000000101ba2c5     NativeLib:diskio.obj
 0008:000002c6       __46C9D8A6_profileapi@h    00000000101ba2c6     NativeLib:diskio.obj
 0008:000002c7       __98D4F0A3_heapapi@h       00000000101ba2c7     NativeLib:diskio.obj
 0008:000002c8       __50EF2A88_ioapiset@h      00000000101ba2c8     NativeLib:diskio.obj
 0008:000002c9       __92EA1464_synchapi@h      00000000101ba2c9     NativeLib:diskio.obj
 0008:000002ca       __A53D8AED_interlockedapi@h 00000000101ba2ca     NativeLib:diskio.obj
 0008:000002cb       __B506CAAF_processthreadsapi@h 00000000101ba2cb     NativeLib:diskio.obj
 0008:000002cc       __FF735694_sysinfoapi@h    00000000101ba2cc     NativeLib:diskio.obj
 0008:000002cd       __29589789_memoryapi@h     00000000101ba2cd     NativeLib:diskio.obj
 0008:000002ce       __E9C7A663_enclaveapi@h    00000000101ba2ce     NativeLib:diskio.obj
 0008:000002cf       __D035F9F7_threadpoollegacyapiset@h 00000000101ba2cf     NativeLib:diskio.obj
 0008:000002d0       __C899130C_threadpoolapiset@h 00000000101ba2d0     NativeLib:diskio.obj
 0008:000002d1       __E0441EE7_jobapi@h        00000000101ba2d1     NativeLib:diskio.obj
 0008:000002d2       __CEF86838_jobapi2@h       00000000101ba2d2     NativeLib:diskio.obj
 0008:000002d3       __35AC6B9A_wow64apiset@h   00000000101ba2d3     NativeLib:diskio.obj
 0008:000002d4       __C8AE41A5_libloaderapi@h  00000000101ba2d4     NativeLib:diskio.obj
 0008:000002d5       __CC9E232D_securitybaseapi@h 00000000101ba2d5     NativeLib:diskio.obj
 0008:000002d6       __C9D0C9B8_namespaceapi@h  00000000101ba2d6     NativeLib:diskio.obj
 0008:000002d7       __30FF9CAD_systemtopologyapi@h 00000000101ba2d7     NativeLib:diskio.obj
 0008:000002d8       __4D358795_processtopologyapi@h 00000000101ba2d8     NativeLib:diskio.obj
 0008:000002d9       __40446D10_securityappcontainer@h 00000000101ba2d9     NativeLib:diskio.obj
 0008:000002da       __3A952EDF_realtimeapiset@h 00000000101ba2da     NativeLib:diskio.obj
 0008:000002db       __F4865F4B_winerror@h      00000000101ba2db     NativeLib:diskio.obj
 0008:000002dc       __53C1BD93_timezoneapi@h   00000000101ba2dc     NativeLib:diskio.obj
 0008:000002dd       __1FFBEDBF_winbase@h       00000000101ba2dd     NativeLib:diskio.obj
 0008:000002de       __43D3FA34_wingdi@h        00000000101ba2de     NativeLib:diskio.obj
 0008:000002df       __D24A7391_tvout@h         00000000101ba2df     NativeLib:diskio.obj
 0008:000002e0       __7713A6C8_winuser@h       00000000101ba2e0     NativeLib:diskio.obj
 0008:000002e1       __0B345F71_datetimeapi@h   00000000101ba2e1     NativeLib:diskio.obj
 0008:000002e2       __9AC6960C_winnls@h        00000000101ba2e2     NativeLib:diskio.obj
 0008:000002e3       __973A40A8_stringapiset@h  00000000101ba2e3     NativeLib:diskio.obj
 0008:000002e4       __CC46FEE2_wincontypes@h   00000000101ba2e4     NativeLib:diskio.obj
 0008:000002e5       __97D70BE1_consoleapi@h    00000000101ba2e5     NativeLib:diskio.obj
 0008:000002e6       __27EC5E18_consoleapi2@h   00000000101ba2e6     NativeLib:diskio.obj
 0008:000002e7       __262E342F_consoleapi3@h   00000000101ba2e7     NativeLib:diskio.obj
 0008:000002e8       __641DCD70_wincon@h        00000000101ba2e8     NativeLib:diskio.obj
 0008:000002e9       __5A96C7A7_verrsrc@h       00000000101ba2e9     NativeLib:diskio.obj
 0008:000002ea       __B69C6FF2_winver@h        00000000101ba2ea     NativeLib:diskio.obj
 0008:000002eb       __7AEB8C37_reason@h        00000000101ba2eb     NativeLib:diskio.obj
 0008:000002ec       __59F1A8A9_winreg@h        00000000101ba2ec     NativeLib:diskio.obj
 0008:000002ed       __EE0E2B7F_wnnc@h          00000000101ba2ed     NativeLib:diskio.obj
 0008:000002ee       __DCDB7054_winnetwk@h      00000000101ba2ee     NativeLib:diskio.obj
 0008:000002ef       __EDC72EEB_cderr@h         00000000101ba2ef     NativeLib:diskio.obj
 0008:000002f0       __95F9199D_dde@h           00000000101ba2f0     NativeLib:diskio.obj
 0008:000002f1       __66427627_ddeml@h         00000000101ba2f1     NativeLib:diskio.obj
 0008:000002f2       __957C29A0_dlgs@h          00000000101ba2f2     NativeLib:diskio.obj
 0008:000002f3       __12EA15AF_lzexpand@h      00000000101ba2f3     NativeLib:diskio.obj
 0008:000002f4       __62131F15_mmsyscom@h      00000000101ba2f4     NativeLib:diskio.obj
 0008:000002f5       __47E68D49_mciapi@h        00000000101ba2f5     NativeLib:diskio.obj
 0008:000002f6       __5D7DD356_mmiscapi@h      00000000101ba2f6     NativeLib:diskio.obj
 0008:000002f7       __7223D2EF_mmiscapi2@h     00000000101ba2f7     NativeLib:diskio.obj
 0008:000002f8       __A330DBB3_playsoundapi@h  00000000101ba2f8     NativeLib:diskio.obj
 0008:000002f9       __601B366F_mmeapi@h        00000000101ba2f9     NativeLib:diskio.obj
 0008:000002fa       __1134ADD5_timeapi@h       00000000101ba2fa     NativeLib:diskio.obj
 0008:000002fb       __93F2265A_joystickapi@h   00000000101ba2fb     NativeLib:diskio.obj
 0008:000002fc       __DF6EB4E3_mmsystem@h      00000000101ba2fc     NativeLib:diskio.obj
 0008:000002fd       __BD641FCB_nb30@h          00000000101ba2fd     NativeLib:diskio.obj
 0008:000002fe       __DF8704F0_rpcdcep@h       00000000101ba2fe     NativeLib:diskio.obj
 0008:000002ff       __5C6CA7BB_rpcdce@h        00000000101ba2ff     NativeLib:diskio.obj
 0008:00000300       __853533C4_rpcnsi@h        00000000101ba300     NativeLib:diskio.obj
 0008:00000301       __2D2406C3_rpcnterr@h      00000000101ba301     NativeLib:diskio.obj
 0008:00000302       __64521D71_rpcasync@h      00000000101ba302     NativeLib:diskio.obj
 0008:00000303       __AADCBA08_rpc@h           00000000101ba303     NativeLib:diskio.obj
 0008:00000304       __19E26CFF_shellapi@h      00000000101ba304     NativeLib:diskio.obj
 0008:00000305       __1E9F31D3_winperf@h       00000000101ba305     NativeLib:diskio.obj
 0008:00000306       __832A4112_inaddr@h        00000000101ba306     NativeLib:diskio.obj
 0008:00000307       __32C6F875_winsock@h       00000000101ba307     NativeLib:diskio.obj
 0008:00000308       __7953A3F8_bcrypt@h        00000000101ba308     NativeLib:diskio.obj
 0008:00000309       __E4169492_ncrypt@h        00000000101ba309     NativeLib:diskio.obj
 0008:0000030a       __AF3DDDC3_dpapi@h         00000000101ba30a     NativeLib:diskio.obj
 0008:0000030b       __D1E23BF2_wincrypt@h      00000000101ba30b     NativeLib:diskio.obj
 0008:0000030c       __82AB4779_winefs@h        00000000101ba30c     NativeLib:diskio.obj
 0008:0000030d       __1FE431C9_rpcnsip@h       00000000101ba30d     NativeLib:diskio.obj
 0008:0000030e       __2B741F2D_rpcsal@h        00000000101ba30e     NativeLib:diskio.obj
 0008:0000030f       __92623256_rpcndr@h        00000000101ba30f     NativeLib:diskio.obj
 0008:00000310       __9C18532E_wtypesbase@h    00000000101ba310     NativeLib:diskio.obj
 0008:00000311       __EA2E1D6D_wtypes@h        00000000101ba311     NativeLib:diskio.obj
 0008:00000312       __7DDD9F45_winioctl@h      00000000101ba312     NativeLib:diskio.obj
 0008:00000313       __E550A843_winsmcrd@h      00000000101ba313     NativeLib:diskio.obj
 0008:00000314       __9809C1BA_winscard@h      00000000101ba314     NativeLib:diskio.obj
 0008:00000315       __EA174FA4_prsht@h         00000000101ba315     NativeLib:diskio.obj
 0008:00000316       __0E1BD114_winspool@h      00000000101ba316     NativeLib:diskio.obj
 0008:00000317       __45DED006_corecrt_malloc@h 00000000101ba317     NativeLib:diskio.obj
 0008:00000318       __13F5961F_stddef@h        00000000101ba318     NativeLib:diskio.obj
 0008:00000319       __FD6DBD68_corecrt_search@h 00000000101ba319     NativeLib:diskio.obj
 0008:0000031a       __E2E33A61_corecrt_wstdlib@h 00000000101ba31a     NativeLib:diskio.obj
 0008:0000031b       __10D4A829_limits@h        00000000101ba31b     NativeLib:diskio.obj
 0008:0000031c       __6E5ACABA_stdlib@h        00000000101ba31c     NativeLib:diskio.obj
 0008:0000031d       __30B1AFDA_unknwnbase@h    00000000101ba31d     NativeLib:diskio.obj
 0008:0000031e       __328C1996_objidlbase@h    00000000101ba31e     NativeLib:diskio.obj
 0008:0000031f       __C4E06B6A_cguid@h         00000000101ba31f     NativeLib:diskio.obj
 0008:00000320       __434718C5_combaseapi@h    00000000101ba320     NativeLib:diskio.obj
 0008:00000321       __DE6FDEF1_unknwn@h        00000000101ba321     NativeLib:diskio.obj
 0008:00000322       __CCE0BACC_objidl@h        00000000101ba322     NativeLib:diskio.obj
 0008:00000323       __8C7011E5_oaidl@h         00000000101ba323     NativeLib:diskio.obj
 0008:00000324       __2E0B7863_propidlbase@h   00000000101ba324     NativeLib:diskio.obj
 0008:00000325       __BF4CF2EC_coml2api@h      00000000101ba325     NativeLib:diskio.obj
 0008:00000326       __6D897344_oleidl@h        00000000101ba326     NativeLib:diskio.obj
 0008:00000327       __1129FC2C_servprov@h      00000000101ba327     NativeLib:diskio.obj
 0008:00000328       __757952E4_msxml@h         00000000101ba328     NativeLib:diskio.obj
 0008:00000329       __B1191D53_urlmon@h        00000000101ba329     NativeLib:diskio.obj
 0008:0000032a       __404D1A47_propidl@h       00000000101ba32a     NativeLib:diskio.obj
 0008:0000032b       __A1C63593_objbase@h       00000000101ba32b     NativeLib:diskio.obj
 0008:0000032c       __C1B0A9CB_oleauto@h       00000000101ba32c     NativeLib:diskio.obj
 0008:0000032d       __24EAF61F_ole2@h          00000000101ba32d     NativeLib:diskio.obj
 0008:0000032e       __2B1843DA_commdlg@h       00000000101ba32e     NativeLib:diskio.obj
 0008:0000032f       __81DDEDE3_stralign@h      00000000101ba32f     NativeLib:diskio.obj
 0008:00000330       __2134D1B4_winsvc@h        00000000101ba330     NativeLib:diskio.obj
 0008:00000331       __11C07376_mcx@h           00000000101ba331     NativeLib:diskio.obj
 0008:00000332       __577CE3E7_ime_cmodes@h    00000000101ba332     NativeLib:diskio.obj
 0008:00000333       __1E72C31E_imm@h           00000000101ba333     NativeLib:diskio.obj
 0008:00000334       __E15BF856_windows@h       00000000101ba334     NativeLib:diskio.obj
 0008:00000335       __44420885_corecrt_stdio_config@h 00000000101ba335     NativeLib:diskio.obj
 0008:00000336       __EF1F6BBA_corecrt_wconio@h 00000000101ba336     NativeLib:diskio.obj
 0008:00000337       __3D1D430C_corecrt_wdirect@h 00000000101ba337     NativeLib:diskio.obj
 0008:00000338       __8ECB7138_corecrt_share@h 00000000101ba338     NativeLib:diskio.obj
 0008:00000339       __DB7FEBA6_corecrt_wio@h   00000000101ba339     NativeLib:diskio.obj
 0008:0000033a       __9A9F0068_corecrt_wprocess@h 00000000101ba33a     NativeLib:diskio.obj
 0008:0000033b       __AB601D8D_corecrt_wstdio@h 00000000101ba33b     NativeLib:diskio.obj
 0008:0000033c       __369A9BC3_corecrt_wtime@h 00000000101ba33c     NativeLib:diskio.obj
 0008:0000033d       __CE789B9D_types@h         00000000101ba33d     NativeLib:diskio.obj
 0008:0000033e       __9901C817_stat@h          00000000101ba33e     NativeLib:diskio.obj
 0008:0000033f       __3FCAD62E_wchar@h         00000000101ba33f     NativeLib:diskio.obj
 0008:00000340       __0E22CCB3_tchar@h         00000000101ba340     NativeLib:diskio.obj
 0008:00000341       __4CCC6929_integer@h       00000000101ba341     NativeLib:diskio.obj
 0008:00000342       __3D17D6D7_diskio@h        00000000101ba342     NativeLib:diskio.obj
 0008:00000343       __AAC50F5F_diskio@c        00000000101ba343     NativeLib:diskio.obj
 0009:000000a0       $R000000                   00000000101bb0a0     guideXOS.res
 0009:000002f0       $R000250                   00000000101bb2f0     guideXOS.res
