 guideXOS

 Timestamp is 6904acf3 (Fri Oct 31 05:34:59 2025)

 Preferred load address is 0000000010000000

 Start         Length     Name                   Class
 0001:00000000 000002d0H .text                   CODE
 0001:000002d0 00020751H .text$mn                CODE
 0002:00000000 0000002dH .unbox$M                CODE
 0003:00000000 00024e8fH .managedcode$I          CODE
 0004:00000000 00009b60H .rdata                  DATA
 0004:00009b60 00000018H .rdata$voltmd           DATA
 0004:00009b78 0000019cH .rdata$zzzdbg           DATA
 0004:00009d14 0000621cH .xdata                  DATA
 0004:0000ff30 00000000H .edata                  DATA
 0005:00000000 0001d730H .data                   DATA
 0005:0001d730 001006d0H .bss                    DATA
 0006:00000000 000026f4H .pdata                  DATA
 0007:00000000 00000008H .modules$I              DATA
 0008:00000000 0000006eH .msvcjmc                DATA
 0009:00000000 000000a0H .rsrc$01                DATA
 0009:000000a0 00000440H .rsrc$02                DATA

  Address         Publics by Value              Rva+Base               Lib:Object

 0000:00000000       __AbsoluteZero             0000000000000000     <absolute>
 0000:00000000       ___safe_se_handler_count   0000000000000000     <absolute>
 0000:00000000       ___safe_se_handler_table   0000000000000000     <absolute>
 0000:00000000       __arm64x_extra_rfe_table   0000000000000000     <absolute>
 0000:00000000       __arm64x_extra_rfe_table_size 0000000000000000     <absolute>
 0000:00000000       __arm64x_native_entrypoint 0000000000000000     <absolute>
 0000:00000000       __arm64x_redirection_metadata 0000000000000000     <absolute>
 0000:00000000       __arm64x_redirection_metadata_count 0000000000000000     <absolute>
 0000:00000000       __dynamic_value_reloc_table 0000000000000000     <absolute>
 0000:00000000       __enclave_config           0000000000000000     <absolute>
 0000:00000000       __guard_check_icall_a64n_fptr 0000000000000000     <absolute>
 0000:00000000       __guard_eh_cont_count      0000000000000000     <absolute>
 0000:00000000       __guard_eh_cont_table      0000000000000000     <absolute>
 0000:00000000       __guard_fids_count         0000000000000000     <absolute>
 0000:00000000       __guard_fids_table         0000000000000000     <absolute>
 0000:00000000       __guard_iat_count          0000000000000000     <absolute>
 0000:00000000       __guard_iat_table          0000000000000000     <absolute>
 0000:00000000       __guard_longjmp_count      0000000000000000     <absolute>
 0000:00000000       __guard_longjmp_table      0000000000000000     <absolute>
 0000:00000000       __hybrid_auxiliary_delayload_iat 0000000000000000     <absolute>
 0000:00000000       __hybrid_auxiliary_delayload_iat_copy 0000000000000000     <absolute>
 0000:00000000       __hybrid_auxiliary_iat     0000000000000000     <absolute>
 0000:00000000       __hybrid_auxiliary_iat_copy 0000000000000000     <absolute>
 0000:00000000       __hybrid_code_map          0000000000000000     <absolute>
 0000:00000000       __hybrid_code_map_count    0000000000000000     <absolute>
 0000:00000000       __hybrid_image_info_bitfield 0000000000000000     <absolute>
 0000:00000000       __x64_code_ranges_to_entry_points 0000000000000000     <absolute>
 0000:00000000       __x64_code_ranges_to_entry_points_count 0000000000000000     <absolute>
 0000:00000100       __guard_flags              0000000000000100     <absolute>
 0000:00000000       __ImageBase                0000000010000000     <linker-defined>
 0001:00000000       __GetNonGCStaticBase_guideXOS_Program 0000000010001000     guideXOS.obj
 0001:00000008       __GetNonGCStaticBase_guideXOS_Allocator 0000000010001008     guideXOS.obj
 0001:00000010       __GetNonGCStaticBase_guideXOS_GDT 0000000010001010     guideXOS.obj
 0001:00000018       __GetNonGCStaticBase_guideXOS_IDT 0000000010001018     guideXOS.obj
 0001:00000020       __GetNonGCStaticBase_guideXOS_System_Windows_Forms_Control 0000000010001020     guideXOS.obj
 0001:00000028       __GetNonGCStaticBase_guideXOS_guideXOS_Kbd2Mouse 0000000010001028     guideXOS.obj
 0001:00000030       __GetNonGCStaticBase_guideXOS_guideXOS_Console 0000000010001030     guideXOS.obj
 0001:00000038       __GetNonGCStaticBase_guideXOS_guideXOS_FPSMeter 0000000010001038     guideXOS.obj
 0001:00000040       __GetNonGCStaticBase_guideXOS_guideXOS_PageTable 0000000010001040     guideXOS.obj
 0001:00000048       __GetNonGCStaticBase_guideXOS_guideXOS_SMP 0000000010001048     guideXOS.obj
 0001:00000050       __GetNonGCStaticBase_guideXOS_guideXOS_Misc_Audio 0000000010001050     guideXOS.obj
 0001:00000058       __GetNonGCStaticBase_guideXOS_guideXOS_Misc_BootSplash 0000000010001058     guideXOS.obj
 0001:00000060       __GetNonGCStaticBase_guideXOS_guideXOS_Misc_ThreadPool 0000000010001060     guideXOS.obj
 0001:00000068       __GetNonGCStaticBase_guideXOS_guideXOS_Misc_USB 0000000010001068     guideXOS.obj
 0001:00000070       __GetNonGCStaticBase_guideXOS_guideXOS_Kernel_Drivers_AC97 0000000010001070     guideXOS.obj
 0001:00000078       __GetNonGCStaticBase_guideXOS_guideXOS_Kernel_Drivers_ACPI 0000000010001078     guideXOS.obj
 0001:00000080       __GetNonGCStaticBase_guideXOS_guideXOS_Kernel_Drivers_DisplayManager 0000000010001080     guideXOS.obj
 0001:00000088       __GetNonGCStaticBase_guideXOS_guideXOS_Kernel_Drivers_EHCI 0000000010001088     guideXOS.obj
 0001:00000090       __GetNonGCStaticBase_guideXOS_guideXOS_Kernel_Drivers_ES1371 0000000010001090     guideXOS.obj
 0001:00000098       __GetNonGCStaticBase_guideXOS_guideXOS_Kernel_Drivers_Framebuffer 0000000010001098     guideXOS.obj
 0001:000000a0       __GetNonGCStaticBase_guideXOS_guideXOS_Kernel_Drivers_HID 00000000100010a0     guideXOS.obj
 0001:000000a8       __GetNonGCStaticBase_guideXOS_guideXOS_Kernel_Drivers_HPET 00000000100010a8     guideXOS.obj
 0001:000000b0       __GetNonGCStaticBase_guideXOS_guideXOS_Kernel_Drivers_Hub 00000000100010b0     guideXOS.obj
 0001:000000b8       __GetNonGCStaticBase_guideXOS_guideXOS_Kernel_Drivers_Keyboard 00000000100010b8     guideXOS.obj
 0001:000000c0       __GetNonGCStaticBase_guideXOS_guideXOS_Kernel_Drivers_PS2Mouse 00000000100010c0     guideXOS.obj
 0001:000000c8       __GetNonGCStaticBase_guideXOS_guideXOS_Kernel_Drivers_RTC 00000000100010c8     guideXOS.obj
 0001:000000d0       __GetNonGCStaticBase_guideXOS_guideXOS_Kernel_Drivers_SATA 00000000100010d0     guideXOS.obj
 0001:000000d8       __GetNonGCStaticBase_guideXOS_guideXOS_Kernel_Drivers_Timer 00000000100010d8     guideXOS.obj
 0001:000000e0       __GetNonGCStaticBase_guideXOS_guideXOS_Kernel_Drivers_VMwareTools 00000000100010e0     guideXOS.obj
 0001:000000e8       __GetNonGCStaticBase_guideXOS_guideXOS_GUI_Busy 00000000100010e8     guideXOS.obj
 0001:000000f0       __GetNonGCStaticBase_guideXOS_guideXOS_GUI_Desktop 00000000100010f0     guideXOS.obj
 0001:000000f8       __GetNonGCStaticBase_guideXOS_guideXOS_GUI_StartMenu 00000000100010f8     guideXOS.obj
 0001:00000100       __GetNonGCStaticBase_guideXOS_guideXOS_GUI_WAVPlayer 0000000010001100     guideXOS.obj
 0001:00000108       __GetNonGCStaticBase_guideXOS_guideXOS_GUI_WindowManager 0000000010001108     guideXOS.obj
 0001:00000110       __GetGCStaticBase_guideXOS_Program 0000000010001110     guideXOS.obj
 0001:0000011b       __GetGCStaticBase_guideXOS_IDT 000000001000111b     guideXOS.obj
 0001:00000126       __GetGCStaticBase_guideXOS_System_DateTime 0000000010001126     guideXOS.obj
 0001:00000131       __GetGCStaticBase_guideXOS_guideXOS_Animator 0000000010001131     guideXOS.obj
 0001:0000013c       __GetGCStaticBase_guideXOS_guideXOS_ASC16 000000001000113c     guideXOS.obj
 0001:00000147       __GetGCStaticBase_guideXOS_guideXOS_Console 0000000010001147     guideXOS.obj
 0001:00000152       __GetGCStaticBase_guideXOS_guideXOS_Misc_BitFont 0000000010001152     guideXOS.obj
 0001:0000015d       __GetGCStaticBase_guideXOS_guideXOS_Misc_BootSplash 000000001000115d     guideXOS.obj
 0001:00000168       __GetGCStaticBase_guideXOS_guideXOS_Misc_Interrupts 0000000010001168     guideXOS.obj
 0001:00000173       __GetGCStaticBase_guideXOS_guideXOS_Misc_ThreadPool 0000000010001173     guideXOS.obj
 0001:0000017e       __GetGCStaticBase_guideXOS_guideXOS_FS_Disk 000000001000117e     guideXOS.obj
 0001:00000189       __GetGCStaticBase_guideXOS_guideXOS_FS_File 0000000010001189     guideXOS.obj
 0001:00000194       __GetGCStaticBase_guideXOS_guideXOS_Kernel_Drivers_AC97 0000000010001194     guideXOS.obj
 0001:0000019f       __GetGCStaticBase_guideXOS_guideXOS_Kernel_Drivers_ACPI 000000001000119f     guideXOS.obj
 0001:000001aa       __GetGCStaticBase_guideXOS_guideXOS_Kernel_Drivers_DisplayManager 00000000100011aa     guideXOS.obj
 0001:000001b5       __GetGCStaticBase_guideXOS_guideXOS_Kernel_Drivers_Framebuffer 00000000100011b5     guideXOS.obj
 0001:000001c0       __GetGCStaticBase_guideXOS_guideXOS_Kernel_Drivers_HID 00000000100011c0     guideXOS.obj
 0001:000001cb       __GetGCStaticBase_guideXOS_guideXOS_Kernel_Drivers_IDE 00000000100011cb     guideXOS.obj
 0001:000001d6       __GetGCStaticBase_guideXOS_guideXOS_Kernel_Drivers_Keyboard 00000000100011d6     guideXOS.obj
 0001:000001e1       __GetGCStaticBase_guideXOS_guideXOS_Kernel_Drivers_PCI 00000000100011e1     guideXOS.obj
 0001:000001ec       __GetGCStaticBase_guideXOS_guideXOS_Kernel_Drivers_PS2Keyboard 00000000100011ec     guideXOS.obj
 0001:000001f7       __GetGCStaticBase_guideXOS_guideXOS_Kernel_Drivers_PS2Mouse 00000000100011f7     guideXOS.obj
 0001:00000202       __GetGCStaticBase_guideXOS_guideXOS_Kernel_Drivers_SATA 0000000010001202     guideXOS.obj
 0001:0000020d       __GetGCStaticBase_guideXOS_guideXOS_GUI_Desktop 000000001000120d     guideXOS.obj
 0001:00000218       __GetGCStaticBase_guideXOS_guideXOS_GUI_Icons 0000000010001218     guideXOS.obj
 0001:00000223       __GetGCStaticBase_guideXOS_guideXOS_GUI_Lockscreen 0000000010001223     guideXOS.obj
 0001:0000022e       __GetGCStaticBase_guideXOS_guideXOS_GUI_NotificationManager 000000001000122e     guideXOS.obj
 0001:00000239       __GetGCStaticBase_guideXOS_guideXOS_GUI_RecentManager 0000000010001239     guideXOS.obj
 0001:00000259       __GetGCStaticBase_guideXOS_guideXOS_GUI_WAVPlayer 0000000010001259     guideXOS.obj
 0001:00000264       __GetGCStaticBase_guideXOS_guideXOS_GUI_WindowManager 0000000010001264     guideXOS.obj
 0001:0000026f       __GetGCStaticBase_guideXOS_guideXOS_DefaultApps_Clock 000000001000126f     guideXOS.obj
 0001:0000027a       __DelegateCtor_guideXOS_System_Delegate__InitializeClosedInstance__guideXOS_guideXOS_GUI_FConsole__Keyboard_OnKeyChanged 000000001000127a     guideXOS.obj
 0001:00000286       __DelegateCtor_guideXOS_System_Delegate__InitializeClosedInstance__guideXOS_guideXOS_GUI_FConsole__Console_OnWrite 0000000010001286     guideXOS.obj
 0001:00000292       __DelegateCtor_guideXOS_System_Delegate__InitializeClosedInstance__guideXOS_guideXOS_DefaultApps_Notepad__Keyboard_OnKeyChanged 0000000010001292     guideXOS.obj
 0001:0000029e       __DelegateCtor_guideXOS_System_Delegate__InitializeClosedInstance__guideXOS_guideXOS_FS_FAT___c__DisplayClass46_0___FindPath_b__0 000000001000129e     guideXOS.obj
 0001:000002aa       __DelegateCtor_guideXOS_System_Delegate__InitializeClosedInstance__guideXOS_guideXOS_FS_FAT___c__DisplayClass46_1___FindPath_b__1 00000000100012aa     guideXOS.obj
 0001:000002b6       __DelegateCtor_guideXOS_System_Delegate__InitializeClosedInstance__guideXOS_guideXOS_FS_FAT___c__DisplayClass56_0___GetFiles_b__0 00000000100012b6     guideXOS.obj
 0001:000002d0       Movsb                      00000000100012d0 f   NativeLib:mem.obj
 0001:00000310       Movsd                      0000000010001310 f   NativeLib:mem.obj
 0001:00000350       Stosb                      0000000010001350 f   NativeLib:mem.obj
 0001:000003a0       Stosd                      00000000100013a0 f   NativeLib:mem.obj
 0001:000003f0       __JustMyCode_Default       00000000100013f0 f i NativeLib:mem.obj
 0001:00000400       avx_memcpy                 0000000010001400 f   NativeLib:mem.obj
 0001:00000500       Load_GDT                   0000000010001500 f   NativeLib:interrupts.obj
 0001:00000530       idt_set                    0000000010001530 f   NativeLib:interrupts.obj
 0001:00000610       set_idt_entries            0000000010001610 f   NativeLib:interrupts.obj
 0001:00002530       CPUID                      0000000010003530 f   NativeLib:native.obj
 0001:00002580       Cli                        0000000010003580 f   NativeLib:native.obj
 0001:000025b0       Fxrstor64                  00000000100035b0 f   NativeLib:native.obj
 0001:000025e0       Fxsave64                   00000000100035e0 f   NativeLib:native.obj
 0001:00002610       Hlt                        0000000010003610 f   NativeLib:native.obj
 0001:00002640       Invlpg                     0000000010003640 f   NativeLib:native.obj
 0001:00002670       Nop                        0000000010003670 f   NativeLib:native.obj
 0001:00002690       Rdmsr                      0000000010003690 f   NativeLib:native.obj
 0001:000026c0       Rdtsc                      00000000100036c0 f   NativeLib:native.obj
 0001:000026f0       ReadCR2                    00000000100036f0 f   NativeLib:native.obj
 0001:00002710       Sti                        0000000010003710 f   NativeLib:native.obj
 0001:00002740       WriteCR3                   0000000010003740 f   NativeLib:native.obj
 0001:00002770       Wrmsr                      0000000010003770 f   NativeLib:native.obj
 0001:000027b0       intr0                      00000000100037b0 f   NativeLib:interrupts_asm.obj
 0001:000027f2       intr1                      00000000100037f2 f   NativeLib:interrupts_asm.obj
 0001:00002834       intr2                      0000000010003834 f   NativeLib:interrupts_asm.obj
 0001:00002876       intr3                      0000000010003876 f   NativeLib:interrupts_asm.obj
 0001:000028b8       intr4                      00000000100038b8 f   NativeLib:interrupts_asm.obj
 0001:000028fa       intr5                      00000000100038fa f   NativeLib:interrupts_asm.obj
 0001:0000293c       intr6                      000000001000393c f   NativeLib:interrupts_asm.obj
 0001:0000297e       intr7                      000000001000397e f   NativeLib:interrupts_asm.obj
 0001:000029c0       intr8                      00000000100039c0 f   NativeLib:interrupts_asm.obj
 0001:00002a02       intr9                      0000000010003a02 f   NativeLib:interrupts_asm.obj
 0001:00002a44       intr10                     0000000010003a44 f   NativeLib:interrupts_asm.obj
 0001:00002a86       intr11                     0000000010003a86 f   NativeLib:interrupts_asm.obj
 0001:00002ac8       intr12                     0000000010003ac8 f   NativeLib:interrupts_asm.obj
 0001:00002b0a       intr13                     0000000010003b0a f   NativeLib:interrupts_asm.obj
 0001:00002b4c       intr14                     0000000010003b4c f   NativeLib:interrupts_asm.obj
 0001:00002b8e       intr15                     0000000010003b8e f   NativeLib:interrupts_asm.obj
 0001:00002bd0       intr16                     0000000010003bd0 f   NativeLib:interrupts_asm.obj
 0001:00002c12       intr17                     0000000010003c12 f   NativeLib:interrupts_asm.obj
 0001:00002c54       intr18                     0000000010003c54 f   NativeLib:interrupts_asm.obj
 0001:00002c96       intr19                     0000000010003c96 f   NativeLib:interrupts_asm.obj
 0001:00002cd8       intr20                     0000000010003cd8 f   NativeLib:interrupts_asm.obj
 0001:00002d1a       intr21                     0000000010003d1a f   NativeLib:interrupts_asm.obj
 0001:00002d5c       intr22                     0000000010003d5c f   NativeLib:interrupts_asm.obj
 0001:00002d9e       intr23                     0000000010003d9e f   NativeLib:interrupts_asm.obj
 0001:00002de0       intr24                     0000000010003de0 f   NativeLib:interrupts_asm.obj
 0001:00002e22       intr25                     0000000010003e22 f   NativeLib:interrupts_asm.obj
 0001:00002e64       intr26                     0000000010003e64 f   NativeLib:interrupts_asm.obj
 0001:00002ea6       intr27                     0000000010003ea6 f   NativeLib:interrupts_asm.obj
 0001:00002ee8       intr28                     0000000010003ee8 f   NativeLib:interrupts_asm.obj
 0001:00002f2a       intr29                     0000000010003f2a f   NativeLib:interrupts_asm.obj
 0001:00002f6c       intr30                     0000000010003f6c f   NativeLib:interrupts_asm.obj
 0001:00002fae       intr31                     0000000010003fae f   NativeLib:interrupts_asm.obj
 0001:00002ff0       intr32                     0000000010003ff0 f   NativeLib:interrupts_asm.obj
 0001:00003032       intr33                     0000000010004032 f   NativeLib:interrupts_asm.obj
 0001:00003074       intr34                     0000000010004074 f   NativeLib:interrupts_asm.obj
 0001:000030b6       intr35                     00000000100040b6 f   NativeLib:interrupts_asm.obj
 0001:000030f8       intr36                     00000000100040f8 f   NativeLib:interrupts_asm.obj
 0001:0000313a       intr37                     000000001000413a f   NativeLib:interrupts_asm.obj
 0001:0000317c       intr38                     000000001000417c f   NativeLib:interrupts_asm.obj
 0001:000031be       intr39                     00000000100041be f   NativeLib:interrupts_asm.obj
 0001:00003200       intr40                     0000000010004200 f   NativeLib:interrupts_asm.obj
 0001:00003242       intr41                     0000000010004242 f   NativeLib:interrupts_asm.obj
 0001:00003284       intr42                     0000000010004284 f   NativeLib:interrupts_asm.obj
 0001:000032c6       intr43                     00000000100042c6 f   NativeLib:interrupts_asm.obj
 0001:00003308       intr44                     0000000010004308 f   NativeLib:interrupts_asm.obj
 0001:0000334a       intr45                     000000001000434a f   NativeLib:interrupts_asm.obj
 0001:0000338c       intr46                     000000001000438c f   NativeLib:interrupts_asm.obj
 0001:000033ce       intr47                     00000000100043ce f   NativeLib:interrupts_asm.obj
 0001:00003410       intr48                     0000000010004410 f   NativeLib:interrupts_asm.obj
 0001:00003452       intr49                     0000000010004452 f   NativeLib:interrupts_asm.obj
 0001:00003494       intr50                     0000000010004494 f   NativeLib:interrupts_asm.obj
 0001:000034d6       intr51                     00000000100044d6 f   NativeLib:interrupts_asm.obj
 0001:00003518       intr52                     0000000010004518 f   NativeLib:interrupts_asm.obj
 0001:0000355a       intr53                     000000001000455a f   NativeLib:interrupts_asm.obj
 0001:0000359c       intr54                     000000001000459c f   NativeLib:interrupts_asm.obj
 0001:000035de       intr55                     00000000100045de f   NativeLib:interrupts_asm.obj
 0001:00003620       intr56                     0000000010004620 f   NativeLib:interrupts_asm.obj
 0001:00003662       intr57                     0000000010004662 f   NativeLib:interrupts_asm.obj
 0001:000036a4       intr58                     00000000100046a4 f   NativeLib:interrupts_asm.obj
 0001:000036e6       intr59                     00000000100046e6 f   NativeLib:interrupts_asm.obj
 0001:00003728       intr60                     0000000010004728 f   NativeLib:interrupts_asm.obj
 0001:0000376a       intr61                     000000001000476a f   NativeLib:interrupts_asm.obj
 0001:000037ac       intr62                     00000000100047ac f   NativeLib:interrupts_asm.obj
 0001:000037ee       intr63                     00000000100047ee f   NativeLib:interrupts_asm.obj
 0001:00003830       intr64                     0000000010004830 f   NativeLib:interrupts_asm.obj
 0001:00003872       intr65                     0000000010004872 f   NativeLib:interrupts_asm.obj
 0001:000038b4       intr66                     00000000100048b4 f   NativeLib:interrupts_asm.obj
 0001:000038f6       intr67                     00000000100048f6 f   NativeLib:interrupts_asm.obj
 0001:00003938       intr68                     0000000010004938 f   NativeLib:interrupts_asm.obj
 0001:0000397a       intr69                     000000001000497a f   NativeLib:interrupts_asm.obj
 0001:000039bc       intr70                     00000000100049bc f   NativeLib:interrupts_asm.obj
 0001:000039fe       intr71                     00000000100049fe f   NativeLib:interrupts_asm.obj
 0001:00003a40       intr72                     0000000010004a40 f   NativeLib:interrupts_asm.obj
 0001:00003a82       intr73                     0000000010004a82 f   NativeLib:interrupts_asm.obj
 0001:00003ac4       intr74                     0000000010004ac4 f   NativeLib:interrupts_asm.obj
 0001:00003b06       intr75                     0000000010004b06 f   NativeLib:interrupts_asm.obj
 0001:00003b48       intr76                     0000000010004b48 f   NativeLib:interrupts_asm.obj
 0001:00003b8a       intr77                     0000000010004b8a f   NativeLib:interrupts_asm.obj
 0001:00003bcc       intr78                     0000000010004bcc f   NativeLib:interrupts_asm.obj
 0001:00003c0e       intr79                     0000000010004c0e f   NativeLib:interrupts_asm.obj
 0001:00003c50       intr80                     0000000010004c50 f   NativeLib:interrupts_asm.obj
 0001:00003c92       intr81                     0000000010004c92 f   NativeLib:interrupts_asm.obj
 0001:00003cd4       intr82                     0000000010004cd4 f   NativeLib:interrupts_asm.obj
 0001:00003d16       intr83                     0000000010004d16 f   NativeLib:interrupts_asm.obj
 0001:00003d58       intr84                     0000000010004d58 f   NativeLib:interrupts_asm.obj
 0001:00003d9a       intr85                     0000000010004d9a f   NativeLib:interrupts_asm.obj
 0001:00003ddc       intr86                     0000000010004ddc f   NativeLib:interrupts_asm.obj
 0001:00003e1e       intr87                     0000000010004e1e f   NativeLib:interrupts_asm.obj
 0001:00003e60       intr88                     0000000010004e60 f   NativeLib:interrupts_asm.obj
 0001:00003ea2       intr89                     0000000010004ea2 f   NativeLib:interrupts_asm.obj
 0001:00003ee4       intr90                     0000000010004ee4 f   NativeLib:interrupts_asm.obj
 0001:00003f26       intr91                     0000000010004f26 f   NativeLib:interrupts_asm.obj
 0001:00003f68       intr92                     0000000010004f68 f   NativeLib:interrupts_asm.obj
 0001:00003faa       intr93                     0000000010004faa f   NativeLib:interrupts_asm.obj
 0001:00003fec       intr94                     0000000010004fec f   NativeLib:interrupts_asm.obj
 0001:0000402e       intr95                     000000001000502e f   NativeLib:interrupts_asm.obj
 0001:00004070       intr96                     0000000010005070 f   NativeLib:interrupts_asm.obj
 0001:000040b2       intr97                     00000000100050b2 f   NativeLib:interrupts_asm.obj
 0001:000040f4       intr98                     00000000100050f4 f   NativeLib:interrupts_asm.obj
 0001:00004136       intr99                     0000000010005136 f   NativeLib:interrupts_asm.obj
 0001:00004178       intr100                    0000000010005178 f   NativeLib:interrupts_asm.obj
 0001:000041ba       intr101                    00000000100051ba f   NativeLib:interrupts_asm.obj
 0001:000041fc       intr102                    00000000100051fc f   NativeLib:interrupts_asm.obj
 0001:0000423e       intr103                    000000001000523e f   NativeLib:interrupts_asm.obj
 0001:00004280       intr104                    0000000010005280 f   NativeLib:interrupts_asm.obj
 0001:000042c2       intr105                    00000000100052c2 f   NativeLib:interrupts_asm.obj
 0001:00004304       intr106                    0000000010005304 f   NativeLib:interrupts_asm.obj
 0001:00004346       intr107                    0000000010005346 f   NativeLib:interrupts_asm.obj
 0001:00004388       intr108                    0000000010005388 f   NativeLib:interrupts_asm.obj
 0001:000043ca       intr109                    00000000100053ca f   NativeLib:interrupts_asm.obj
 0001:0000440c       intr110                    000000001000540c f   NativeLib:interrupts_asm.obj
 0001:0000444e       intr111                    000000001000544e f   NativeLib:interrupts_asm.obj
 0001:00004490       intr112                    0000000010005490 f   NativeLib:interrupts_asm.obj
 0001:000044d2       intr113                    00000000100054d2 f   NativeLib:interrupts_asm.obj
 0001:00004514       intr114                    0000000010005514 f   NativeLib:interrupts_asm.obj
 0001:00004556       intr115                    0000000010005556 f   NativeLib:interrupts_asm.obj
 0001:00004598       intr116                    0000000010005598 f   NativeLib:interrupts_asm.obj
 0001:000045da       intr117                    00000000100055da f   NativeLib:interrupts_asm.obj
 0001:0000461c       intr118                    000000001000561c f   NativeLib:interrupts_asm.obj
 0001:0000465e       intr119                    000000001000565e f   NativeLib:interrupts_asm.obj
 0001:000046a0       intr120                    00000000100056a0 f   NativeLib:interrupts_asm.obj
 0001:000046e2       intr121                    00000000100056e2 f   NativeLib:interrupts_asm.obj
 0001:00004724       intr122                    0000000010005724 f   NativeLib:interrupts_asm.obj
 0001:00004766       intr123                    0000000010005766 f   NativeLib:interrupts_asm.obj
 0001:000047a8       intr124                    00000000100057a8 f   NativeLib:interrupts_asm.obj
 0001:000047ea       intr125                    00000000100057ea f   NativeLib:interrupts_asm.obj
 0001:0000482c       intr126                    000000001000582c f   NativeLib:interrupts_asm.obj
 0001:0000486e       intr127                    000000001000586e f   NativeLib:interrupts_asm.obj
 0001:000048b0       intr128                    00000000100058b0 f   NativeLib:interrupts_asm.obj
 0001:000048f2       intr129                    00000000100058f2 f   NativeLib:interrupts_asm.obj
 0001:00004934       intr130                    0000000010005934 f   NativeLib:interrupts_asm.obj
 0001:00004976       intr131                    0000000010005976 f   NativeLib:interrupts_asm.obj
 0001:000049b8       intr132                    00000000100059b8 f   NativeLib:interrupts_asm.obj
 0001:000049fa       intr133                    00000000100059fa f   NativeLib:interrupts_asm.obj
 0001:00004a3c       intr134                    0000000010005a3c f   NativeLib:interrupts_asm.obj
 0001:00004a7e       intr135                    0000000010005a7e f   NativeLib:interrupts_asm.obj
 0001:00004ac0       intr136                    0000000010005ac0 f   NativeLib:interrupts_asm.obj
 0001:00004b02       intr137                    0000000010005b02 f   NativeLib:interrupts_asm.obj
 0001:00004b44       intr138                    0000000010005b44 f   NativeLib:interrupts_asm.obj
 0001:00004b86       intr139                    0000000010005b86 f   NativeLib:interrupts_asm.obj
 0001:00004bc8       intr140                    0000000010005bc8 f   NativeLib:interrupts_asm.obj
 0001:00004c0a       intr141                    0000000010005c0a f   NativeLib:interrupts_asm.obj
 0001:00004c4c       intr142                    0000000010005c4c f   NativeLib:interrupts_asm.obj
 0001:00004c8e       intr143                    0000000010005c8e f   NativeLib:interrupts_asm.obj
 0001:00004cd0       intr144                    0000000010005cd0 f   NativeLib:interrupts_asm.obj
 0001:00004d12       intr145                    0000000010005d12 f   NativeLib:interrupts_asm.obj
 0001:00004d54       intr146                    0000000010005d54 f   NativeLib:interrupts_asm.obj
 0001:00004d96       intr147                    0000000010005d96 f   NativeLib:interrupts_asm.obj
 0001:00004dd8       intr148                    0000000010005dd8 f   NativeLib:interrupts_asm.obj
 0001:00004e1a       intr149                    0000000010005e1a f   NativeLib:interrupts_asm.obj
 0001:00004e5c       intr150                    0000000010005e5c f   NativeLib:interrupts_asm.obj
 0001:00004e9e       intr151                    0000000010005e9e f   NativeLib:interrupts_asm.obj
 0001:00004ee0       intr152                    0000000010005ee0 f   NativeLib:interrupts_asm.obj
 0001:00004f22       intr153                    0000000010005f22 f   NativeLib:interrupts_asm.obj
 0001:00004f64       intr154                    0000000010005f64 f   NativeLib:interrupts_asm.obj
 0001:00004fa6       intr155                    0000000010005fa6 f   NativeLib:interrupts_asm.obj
 0001:00004fe8       intr156                    0000000010005fe8 f   NativeLib:interrupts_asm.obj
 0001:0000502a       intr157                    000000001000602a f   NativeLib:interrupts_asm.obj
 0001:0000506c       intr158                    000000001000606c f   NativeLib:interrupts_asm.obj
 0001:000050ae       intr159                    00000000100060ae f   NativeLib:interrupts_asm.obj
 0001:000050f0       intr160                    00000000100060f0 f   NativeLib:interrupts_asm.obj
 0001:00005132       intr161                    0000000010006132 f   NativeLib:interrupts_asm.obj
 0001:00005174       intr162                    0000000010006174 f   NativeLib:interrupts_asm.obj
 0001:000051b6       intr163                    00000000100061b6 f   NativeLib:interrupts_asm.obj
 0001:000051f8       intr164                    00000000100061f8 f   NativeLib:interrupts_asm.obj
 0001:0000523a       intr165                    000000001000623a f   NativeLib:interrupts_asm.obj
 0001:0000527c       intr166                    000000001000627c f   NativeLib:interrupts_asm.obj
 0001:000052be       intr167                    00000000100062be f   NativeLib:interrupts_asm.obj
 0001:00005300       intr168                    0000000010006300 f   NativeLib:interrupts_asm.obj
 0001:00005342       intr169                    0000000010006342 f   NativeLib:interrupts_asm.obj
 0001:00005384       intr170                    0000000010006384 f   NativeLib:interrupts_asm.obj
 0001:000053c6       intr171                    00000000100063c6 f   NativeLib:interrupts_asm.obj
 0001:00005408       intr172                    0000000010006408 f   NativeLib:interrupts_asm.obj
 0001:0000544a       intr173                    000000001000644a f   NativeLib:interrupts_asm.obj
 0001:0000548c       intr174                    000000001000648c f   NativeLib:interrupts_asm.obj
 0001:000054ce       intr175                    00000000100064ce f   NativeLib:interrupts_asm.obj
 0001:00005510       intr176                    0000000010006510 f   NativeLib:interrupts_asm.obj
 0001:00005552       intr177                    0000000010006552 f   NativeLib:interrupts_asm.obj
 0001:00005594       intr178                    0000000010006594 f   NativeLib:interrupts_asm.obj
 0001:000055d6       intr179                    00000000100065d6 f   NativeLib:interrupts_asm.obj
 0001:00005618       intr180                    0000000010006618 f   NativeLib:interrupts_asm.obj
 0001:0000565a       intr181                    000000001000665a f   NativeLib:interrupts_asm.obj
 0001:0000569c       intr182                    000000001000669c f   NativeLib:interrupts_asm.obj
 0001:000056de       intr183                    00000000100066de f   NativeLib:interrupts_asm.obj
 0001:00005720       intr184                    0000000010006720 f   NativeLib:interrupts_asm.obj
 0001:00005762       intr185                    0000000010006762 f   NativeLib:interrupts_asm.obj
 0001:000057a4       intr186                    00000000100067a4 f   NativeLib:interrupts_asm.obj
 0001:000057e6       intr187                    00000000100067e6 f   NativeLib:interrupts_asm.obj
 0001:00005828       intr188                    0000000010006828 f   NativeLib:interrupts_asm.obj
 0001:0000586a       intr189                    000000001000686a f   NativeLib:interrupts_asm.obj
 0001:000058ac       intr190                    00000000100068ac f   NativeLib:interrupts_asm.obj
 0001:000058ee       intr191                    00000000100068ee f   NativeLib:interrupts_asm.obj
 0001:00005930       intr192                    0000000010006930 f   NativeLib:interrupts_asm.obj
 0001:00005972       intr193                    0000000010006972 f   NativeLib:interrupts_asm.obj
 0001:000059b4       intr194                    00000000100069b4 f   NativeLib:interrupts_asm.obj
 0001:000059f6       intr195                    00000000100069f6 f   NativeLib:interrupts_asm.obj
 0001:00005a38       intr196                    0000000010006a38 f   NativeLib:interrupts_asm.obj
 0001:00005a7a       intr197                    0000000010006a7a f   NativeLib:interrupts_asm.obj
 0001:00005abc       intr198                    0000000010006abc f   NativeLib:interrupts_asm.obj
 0001:00005afe       intr199                    0000000010006afe f   NativeLib:interrupts_asm.obj
 0001:00005b40       intr200                    0000000010006b40 f   NativeLib:interrupts_asm.obj
 0001:00005b82       intr201                    0000000010006b82 f   NativeLib:interrupts_asm.obj
 0001:00005bc4       intr202                    0000000010006bc4 f   NativeLib:interrupts_asm.obj
 0001:00005c06       intr203                    0000000010006c06 f   NativeLib:interrupts_asm.obj
 0001:00005c48       intr204                    0000000010006c48 f   NativeLib:interrupts_asm.obj
 0001:00005c8a       intr205                    0000000010006c8a f   NativeLib:interrupts_asm.obj
 0001:00005ccc       intr206                    0000000010006ccc f   NativeLib:interrupts_asm.obj
 0001:00005d0e       intr207                    0000000010006d0e f   NativeLib:interrupts_asm.obj
 0001:00005d50       intr208                    0000000010006d50 f   NativeLib:interrupts_asm.obj
 0001:00005d92       intr209                    0000000010006d92 f   NativeLib:interrupts_asm.obj
 0001:00005dd4       intr210                    0000000010006dd4 f   NativeLib:interrupts_asm.obj
 0001:00005e16       intr211                    0000000010006e16 f   NativeLib:interrupts_asm.obj
 0001:00005e58       intr212                    0000000010006e58 f   NativeLib:interrupts_asm.obj
 0001:00005e9a       intr213                    0000000010006e9a f   NativeLib:interrupts_asm.obj
 0001:00005edc       intr214                    0000000010006edc f   NativeLib:interrupts_asm.obj
 0001:00005f1e       intr215                    0000000010006f1e f   NativeLib:interrupts_asm.obj
 0001:00005f60       intr216                    0000000010006f60 f   NativeLib:interrupts_asm.obj
 0001:00005fa2       intr217                    0000000010006fa2 f   NativeLib:interrupts_asm.obj
 0001:00005fe4       intr218                    0000000010006fe4 f   NativeLib:interrupts_asm.obj
 0001:00006026       intr219                    0000000010007026 f   NativeLib:interrupts_asm.obj
 0001:00006068       intr220                    0000000010007068 f   NativeLib:interrupts_asm.obj
 0001:000060aa       intr221                    00000000100070aa f   NativeLib:interrupts_asm.obj
 0001:000060ec       intr222                    00000000100070ec f   NativeLib:interrupts_asm.obj
 0001:0000612e       intr223                    000000001000712e f   NativeLib:interrupts_asm.obj
 0001:00006170       intr224                    0000000010007170 f   NativeLib:interrupts_asm.obj
 0001:000061b2       intr225                    00000000100071b2 f   NativeLib:interrupts_asm.obj
 0001:000061f4       intr226                    00000000100071f4 f   NativeLib:interrupts_asm.obj
 0001:00006236       intr227                    0000000010007236 f   NativeLib:interrupts_asm.obj
 0001:00006278       intr228                    0000000010007278 f   NativeLib:interrupts_asm.obj
 0001:000062ba       intr229                    00000000100072ba f   NativeLib:interrupts_asm.obj
 0001:000062fc       intr230                    00000000100072fc f   NativeLib:interrupts_asm.obj
 0001:0000633e       intr231                    000000001000733e f   NativeLib:interrupts_asm.obj
 0001:00006380       intr232                    0000000010007380 f   NativeLib:interrupts_asm.obj
 0001:000063c2       intr233                    00000000100073c2 f   NativeLib:interrupts_asm.obj
 0001:00006404       intr234                    0000000010007404 f   NativeLib:interrupts_asm.obj
 0001:00006446       intr235                    0000000010007446 f   NativeLib:interrupts_asm.obj
 0001:00006488       intr236                    0000000010007488 f   NativeLib:interrupts_asm.obj
 0001:000064ca       intr237                    00000000100074ca f   NativeLib:interrupts_asm.obj
 0001:0000650c       intr238                    000000001000750c f   NativeLib:interrupts_asm.obj
 0001:0000654e       intr239                    000000001000754e f   NativeLib:interrupts_asm.obj
 0001:00006590       intr240                    0000000010007590 f   NativeLib:interrupts_asm.obj
 0001:000065d2       intr241                    00000000100075d2 f   NativeLib:interrupts_asm.obj
 0001:00006614       intr242                    0000000010007614 f   NativeLib:interrupts_asm.obj
 0001:00006656       intr243                    0000000010007656 f   NativeLib:interrupts_asm.obj
 0001:00006698       intr244                    0000000010007698 f   NativeLib:interrupts_asm.obj
 0001:000066da       intr245                    00000000100076da f   NativeLib:interrupts_asm.obj
 0001:0000671c       intr246                    000000001000771c f   NativeLib:interrupts_asm.obj
 0001:0000675e       intr247                    000000001000775e f   NativeLib:interrupts_asm.obj
 0001:000067a0       intr248                    00000000100077a0 f   NativeLib:interrupts_asm.obj
 0001:000067e2       intr249                    00000000100077e2 f   NativeLib:interrupts_asm.obj
 0001:00006824       intr250                    0000000010007824 f   NativeLib:interrupts_asm.obj
 0001:00006866       intr251                    0000000010007866 f   NativeLib:interrupts_asm.obj
 0001:000068a8       intr252                    00000000100078a8 f   NativeLib:interrupts_asm.obj
 0001:000068ea       intr253                    00000000100078ea f   NativeLib:interrupts_asm.obj
 0001:0000692c       intr254                    000000001000792c f   NativeLib:interrupts_asm.obj
 0001:0000696e       intr255                    000000001000796e f   NativeLib:interrupts_asm.obj
 0001:000069b0       _reload_segreg             00000000100079b0 f   NativeLib:interrupts_asm.obj
 0001:000069d7       Load_IDT                   00000000100079d7 f   NativeLib:interrupts_asm.obj
 0001:000069db       _cli                       00000000100079db f   NativeLib:interrupts_asm.obj
 0001:000069dd       _sti                       00000000100079dd f   NativeLib:interrupts_asm.obj
 0001:000069df       _hlt                       00000000100079df f   NativeLib:interrupts_asm.obj
 0001:000069e1       _inttest                   00000000100079e1 f   NativeLib:interrupts_asm.obj
 0001:000069eb       _iretq                     00000000100079eb f   NativeLib:interrupts_asm.obj
 0001:00006a06       _int20h                    0000000010007a06 f   NativeLib:interrupts_asm.obj
 0001:00006a10       enable_avx                 0000000010007a10 f   NativeLib:misc.obj
 0001:00006a23       enable_sse                 0000000010007a23 f   NativeLib:misc.obj
 0001:00006a36       Schedule_Next              0000000010007a36 f   NativeLib:misc.obj
 0001:00011ea0       lodepng_add_itext          0000000010012ea0 f   NativeLib:lodepng.obj
 0001:000120e0       lodepng_add_text           00000000100130e0 f   NativeLib:lodepng.obj
 0001:000123a0       lodepng_can_have_alpha     00000000100133a0 f   NativeLib:lodepng.obj
 0001:00012400       lodepng_chunk_ancillary    0000000010013400 f   NativeLib:lodepng.obj
 0001:00012450       lodepng_chunk_append       0000000010013450 f   NativeLib:lodepng.obj
 0001:00012570       lodepng_chunk_check_crc    0000000010013570 f   NativeLib:lodepng.obj
 0001:00012600       lodepng_chunk_create       0000000010013600 f   NativeLib:lodepng.obj
 0001:00012730       lodepng_chunk_data         0000000010013730 f   NativeLib:lodepng.obj
 0001:00012770       lodepng_chunk_data_const   0000000010013770 f   NativeLib:lodepng.obj
 0001:000127b0       lodepng_chunk_find         00000000100137b0 f   NativeLib:lodepng.obj
 0001:00012830       lodepng_chunk_find_const   0000000010013830 f   NativeLib:lodepng.obj
 0001:000128b0       lodepng_chunk_generate_crc 00000000100138b0 f   NativeLib:lodepng.obj
 0001:00012a00       lodepng_chunk_length       0000000010013a00 f   NativeLib:lodepng.obj
 0001:00012a40       lodepng_chunk_next         0000000010013a40 f   NativeLib:lodepng.obj
 0001:00012ba0       lodepng_chunk_next_const   0000000010013ba0 f   NativeLib:lodepng.obj
 0001:00012d00       lodepng_chunk_private      0000000010013d00 f   NativeLib:lodepng.obj
 0001:00012d50       lodepng_chunk_safetocopy   0000000010013d50 f   NativeLib:lodepng.obj
 0001:00012da0       lodepng_chunk_type         0000000010013da0 f   NativeLib:lodepng.obj
 0001:00012e10       lodepng_chunk_type_equals  0000000010013e10 f   NativeLib:lodepng.obj
 0001:00012f00       lodepng_clear_icc          0000000010013f00 f   NativeLib:lodepng.obj
 0001:00012f70       lodepng_clear_itext        0000000010013f70 f   NativeLib:lodepng.obj
 0001:00012fa0       lodepng_clear_text         0000000010013fa0 f   NativeLib:lodepng.obj
 0001:00013080       lodepng_color_mode_cleanup 0000000010014080 f   NativeLib:lodepng.obj
 0001:000130b0       lodepng_color_mode_copy    00000000100140b0 f   NativeLib:lodepng.obj
 0001:00013290       lodepng_color_mode_init    0000000010014290 f   NativeLib:lodepng.obj
 0001:00013310       lodepng_color_mode_make    0000000010014310 f   NativeLib:lodepng.obj
 0001:000134a0       lodepng_color_stats_init   00000000100144a0 f   NativeLib:lodepng.obj
 0001:00013550       lodepng_compress_settings_init 0000000010014550 f   NativeLib:lodepng.obj
 0001:000135e0       lodepng_compute_color_stats 00000000100145e0 f   NativeLib:lodepng.obj
 0001:000144b0       lodepng_convert            00000000100154b0 f   NativeLib:lodepng.obj
 0001:000149f0       lodepng_convert_rgb        00000000100159f0 f   NativeLib:lodepng.obj
 0001:00014d30       lodepng_crc32              0000000010015d30 f   NativeLib:lodepng.obj
 0001:00014dc0       lodepng_decode             0000000010015dc0 f   NativeLib:lodepng.obj
 0001:00014fb0       lodepng_decode24           0000000010015fb0 f   NativeLib:lodepng.obj
 0001:00015020       lodepng_decode32           0000000010016020 f   NativeLib:lodepng.obj
 0001:00015090       lodepng_decode_memory      0000000010016090 f   NativeLib:lodepng.obj
 0001:00015160       lodepng_decoder_settings_init 0000000010016160 f   NativeLib:lodepng.obj
 0001:000151f0       lodepng_decompress_settings_init 00000000100161f0 f   NativeLib:lodepng.obj
 0001:00015260       lodepng_deflate            0000000010016260 f   NativeLib:lodepng.obj
 0001:00015570       lodepng_encode             0000000010016570 f   NativeLib:lodepng.obj
 0001:00016570       lodepng_encode24           0000000010017570 f   NativeLib:lodepng.obj
 0001:000165d0       lodepng_encode32           00000000100175d0 f   NativeLib:lodepng.obj
 0001:00016630       lodepng_encode_memory      0000000010017630 f   NativeLib:lodepng.obj
 0001:000166f0       lodepng_encoder_settings_init 00000000100176f0 f   NativeLib:lodepng.obj
 0001:00016770       lodepng_error_text         0000000010017770 f   NativeLib:lodepng.obj
 0001:00016e40       lodepng_get_bpp            0000000010017e40 f   NativeLib:lodepng.obj
 0001:00016eb0       lodepng_get_channels       0000000010017eb0 f   NativeLib:lodepng.obj
 0001:00016ee0       lodepng_get_raw_size       0000000010017ee0 f   NativeLib:lodepng.obj
 0001:000170c0       lodepng_has_palette_alpha  00000000100180c0 f   NativeLib:lodepng.obj
 0001:00017130       lodepng_huffman_code_lengths 0000000010018130 f   NativeLib:lodepng.obj
 0001:00017580       lodepng_inflate            0000000010018580 f   NativeLib:lodepng.obj
 0001:00017790       lodepng_info_cleanup       0000000010018790 f   NativeLib:lodepng.obj
 0001:000177f0       lodepng_info_copy          00000000100187f0 f   NativeLib:lodepng.obj
 0001:00017920       lodepng_info_init          0000000010018920 f   NativeLib:lodepng.obj
 0001:00017a30       lodepng_inspect            0000000010018a30 f   NativeLib:lodepng.obj
 0001:00017e80       lodepng_inspect_chunk      0000000010018e80 f   NativeLib:lodepng.obj
 0001:000182a0       lodepng_is_alpha_type      00000000100192a0 f   NativeLib:lodepng.obj
 0001:000182f0       lodepng_is_greyscale_type  00000000100192f0 f   NativeLib:lodepng.obj
 0001:00018340       lodepng_is_palette_type    0000000010019340 f   NativeLib:lodepng.obj
 0001:000184f0       lodepng_palette_add        00000000100194f0 f   NativeLib:lodepng.obj
 0001:000185e0       lodepng_palette_clear      00000000100195e0 f   NativeLib:lodepng.obj
 0001:00018900       lodepng_set_icc            0000000010019900 f   NativeLib:lodepng.obj
 0001:00018970       lodepng_state_cleanup      0000000010019970 f   NativeLib:lodepng.obj
 0001:000189c0       lodepng_state_copy         00000000100199c0 f   NativeLib:lodepng.obj
 0001:00018a90       lodepng_state_init         0000000010019a90 f   NativeLib:lodepng.obj
 0001:00018b50       lodepng_zlib_compress      0000000010019b50 f   NativeLib:lodepng.obj
 0001:00018d40       lodepng_zlib_decompress    0000000010019d40 f   NativeLib:lodepng.obj
 0001:0001d9f0       In16                       000000001001e9f0 f   NativeLib:io.obj
 0001:0001da20       In32                       000000001001ea20 f   NativeLib:io.obj
 0001:0001da50       In8                        000000001001ea50 f   NativeLib:io.obj
 0001:0001da80       Insb                       000000001001ea80 f   NativeLib:io.obj
 0001:0001dac0       Insd                       000000001001eac0 f   NativeLib:io.obj
 0001:0001db00       Insw                       000000001001eb00 f   NativeLib:io.obj
 0001:0001db40       Out16                      000000001001eb40 f   NativeLib:io.obj
 0001:0001db70       Out32                      000000001001eb70 f   NativeLib:io.obj
 0001:0001dba0       Out8                       000000001001eba0 f   NativeLib:io.obj
 0001:0001dbd0       Outsb                      000000001001ebd0 f   NativeLib:io.obj
 0001:0001dc10       Outsd                      000000001001ec10 f   NativeLib:io.obj
 0001:0001dc50       Outsw                      000000001001ec50 f   NativeLib:io.obj
 0001:0001dc90       vmware_send                000000001001ec90 f   NativeLib:vmware.obj
 0001:0001dd14       vmware_send_hb             000000001001ed14 f   NativeLib:vmware.obj
 0001:0001dd9a       vmware_get_hb              000000001001ed9a f   NativeLib:vmware.obj
 0001:0001de20       mystrtoul                  000000001001ee20 f   LibC:strtoul.obj
 0001:000206c0       fctprintf                  00000000100216c0 f   LibC:printf.obj
 0001:00020740       printf_                    0000000010021740 f   LibC:printf.obj
 0001:000207b0       snprintf_                  00000000100217b0 f   LibC:printf.obj
 0001:00020810       sprintf_                   0000000010021810 f   LibC:printf.obj
 0001:00020880       vprintf_                   0000000010021880 f   LibC:printf.obj
 0001:000208d0       vsnprintf_                 00000000100218d0 f   LibC:printf.obj
 0001:00020920       myisspace                  0000000010021920 f   LibC:isspace.obj
 0001:00020970       myisdigit                  0000000010021970 f   LibC:isdigit.obj
 0001:000209b0       myisalpha                  00000000100219b0 f   LibC:isalpha.obj
 0001:000209f0       myisupper                  00000000100219f0 f   LibC:isupper.obj
 0002:00000000       unbox_UInt8__ToString      0000000010022000     guideXOS.obj
 0002:0000000c       unbox_Int32__ToString      000000001002200c     guideXOS.obj
 0002:00000018       unbox_UInt16__ToString     0000000010022018     guideXOS.obj
 0002:00000024       unbox_UInt32__ToString     0000000010022024     guideXOS.obj
 0003:00000000       KMain                      0000000010023000     guideXOS.obj
 0003:00000000       guideXOS_Program__KMain    0000000010023000     guideXOS.obj
 0003:00000290       guideXOS_Program__SMain    0000000010023290     guideXOS.obj
 0003:0000093c       guideXOS_Program__InitConsole 000000001002393c     guideXOS.obj
 0003:0000097c       guideXOS_Allocator__GetPageIndexStart 000000001002397c     guideXOS.obj
 0003:000009cc       guideXOS_Allocator__Free   00000000100239cc     guideXOS.obj
 0003:00000b04       guideXOS_Allocator__get_MemoryInUse 0000000010023b04     guideXOS.obj
 0003:00000b1c       guideXOS_Allocator__Initialize 0000000010023b1c     guideXOS.obj
 0003:00000bb0       guideXOS_Allocator__Allocate 0000000010023bb0     guideXOS.obj
 0003:00000d14       guideXOS_Allocator__Reallocate 0000000010023d14     guideXOS.obj
 0003:00000e08       guideXOS_GDT__Initialise   0000000010023e08     guideXOS.obj
 0003:00000edc       guideXOS_IDT__Initialize   0000000010023edc     guideXOS.obj
 0003:00000fd0       guideXOS_IDT__intr_handler 0000000010023fd0     guideXOS.obj
 0003:00000fd0       intr_handler               0000000010023fd0     guideXOS.obj
 0003:000016e4       guideXOS_Native__Load_GDT  00000000100246e4     guideXOS.obj
 0003:00001738       guideXOS_Native__Load_IDT  0000000010024738     guideXOS.obj
 0003:0000178c       guideXOS_Internal_Runtime_EEType__get_IsArray 000000001002478c     guideXOS.obj
 0003:000017b0       guideXOS_Internal_Runtime_EEType__get_ArrayRank 00000000100247b0     guideXOS.obj
 0003:000017d0       __imp_GetCurrentThreadId   00000000100247d0     guideXOS.obj
 0003:000017d0       guideXOS_Internal_Runtime_CompilerHelpers_StartupCodeHelpers____imp_GetCurrentThreadId 00000000100247d0     guideXOS.obj
 0003:000017d4       __CheckForDebuggerJustMyCode 00000000100247d4     guideXOS.obj
 0003:000017d4       guideXOS_Internal_Runtime_CompilerHelpers_StartupCodeHelpers____CheckForDebuggerJustMyCode 00000000100247d4     guideXOS.obj
 0003:000017d8       __fail_fast                00000000100247d8     guideXOS.obj
 0003:000017d8       guideXOS_Internal_Runtime_CompilerHelpers_StartupCodeHelpers__FailFast 00000000100247d8     guideXOS.obj
 0003:000017dc       guideXOS_Internal_Runtime_CompilerHelpers_StartupCodeHelpers__MemSet 00000000100247dc     guideXOS.obj
 0003:000017dc       memset                     00000000100247dc     guideXOS.obj
 0003:000017f8       guideXOS_Internal_Runtime_CompilerHelpers_StartupCodeHelpers__MemCpy 00000000100247f8     guideXOS.obj
 0003:000017f8       memcpy                     00000000100247f8     guideXOS.obj
 0003:00001814       RhpFallbackFailFast        0000000010024814     guideXOS.obj
 0003:00001814       guideXOS_Internal_Runtime_CompilerHelpers_StartupCodeHelpers__RhpFallbackFailFast 0000000010024814     guideXOS.obj
 0003:00001818       RhpReversePInvoke2         0000000010024818     guideXOS.obj
 0003:00001818       guideXOS_Internal_Runtime_CompilerHelpers_StartupCodeHelpers__RhpReversePInvoke2 0000000010024818     guideXOS.obj
 0003:0000181c       RhpReversePInvokeReturn2   000000001002481c     guideXOS.obj
 0003:0000181c       guideXOS_Internal_Runtime_CompilerHelpers_StartupCodeHelpers__RhpReversePInvokeReturn2 000000001002481c     guideXOS.obj
 0003:00001820       RhpReversePInvoke          0000000010024820     guideXOS.obj
 0003:00001820       guideXOS_Internal_Runtime_CompilerHelpers_StartupCodeHelpers__RhpReversePInvoke 0000000010024820     guideXOS.obj
 0003:00001824       RhpReversePInvokeReturn    0000000010024824     guideXOS.obj
 0003:00001824       guideXOS_Internal_Runtime_CompilerHelpers_StartupCodeHelpers__RhpReversePInvokeReturn 0000000010024824     guideXOS.obj
 0003:00001828       RhpPInvoke                 0000000010024828     guideXOS.obj
 0003:00001828       guideXOS_Internal_Runtime_CompilerHelpers_StartupCodeHelpers__RhpPinvoke 0000000010024828     guideXOS.obj
 0003:0000182c       RhpPInvokeReturn           000000001002482c     guideXOS.obj
 0003:0000182c       guideXOS_Internal_Runtime_CompilerHelpers_StartupCodeHelpers__RhpPinvokeReturn 000000001002482c     guideXOS.obj
 0003:00001830       RhpNewFast                 0000000010024830     guideXOS.obj
 0003:00001830       guideXOS_Internal_Runtime_CompilerHelpers_StartupCodeHelpers__RhpNewFast 0000000010024830     guideXOS.obj
 0003:000018bc       RhpNewArray                00000000100248bc     guideXOS.obj
 0003:000018bc       guideXOS_Internal_Runtime_CompilerHelpers_StartupCodeHelpers__RhpNewArray 00000000100248bc     guideXOS.obj
 0003:00001980       RhpAssignRef               0000000010024980     guideXOS.obj
 0003:00001980       guideXOS_Internal_Runtime_CompilerHelpers_StartupCodeHelpers__RhpAssignRef 0000000010024980     guideXOS.obj
 0003:00001984       RhpByRefAssignRef          0000000010024984     guideXOS.obj
 0003:00001984       guideXOS_Internal_Runtime_CompilerHelpers_StartupCodeHelpers__RhpByRefAssignRef 0000000010024984     guideXOS.obj
 0003:00001988       RhpCheckedAssignRef        0000000010024988     guideXOS.obj
 0003:00001988       guideXOS_Internal_Runtime_CompilerHelpers_StartupCodeHelpers__RhpCheckedAssignRef 0000000010024988     guideXOS.obj
 0003:0000198c       RhpStelemRef               000000001002498c     guideXOS.obj
 0003:0000198c       guideXOS_Internal_Runtime_CompilerHelpers_StartupCodeHelpers__RhpStelemRef 000000001002498c     guideXOS.obj
 0003:000019c4       RhTypeCast_IsInstanceOfClass 00000000100249c4     guideXOS.obj
 0003:000019c4       guideXOS_Internal_Runtime_CompilerHelpers_StartupCodeHelpers__RhTypeCast_IsInstanceOfClass 00000000100249c4     guideXOS.obj
 0003:000019f0       guideXOS_Internal_Runtime_CompilerHelpers_StartupCodeHelpers__InitializeModules 00000000100249f0     guideXOS.obj
 0003:00001bac       guideXOS_Internal_Runtime_CompilerHelpers_StartupCodeHelpers__InitializeStatics 0000000010024bac     guideXOS.obj
 0003:00001c94       guideXOS_Internal_Runtime_CompilerHelpers_SynchronizedMethodHelpers__MonitorEnterStatic 0000000010024c94     guideXOS.obj
 0003:00001c98       guideXOS_Internal_Runtime_CompilerHelpers_SynchronizedMethodHelpers__MonitorExitStatic 0000000010024c98     guideXOS.obj
 0003:00001c9c       guideXOS_Internal_Runtime_CompilerHelpers_ThrowHelpers__Error 0000000010024c9c     guideXOS.obj
 0003:00001d4c       guideXOS_Internal_Runtime_CompilerHelpers_ThrowHelpers__ThrowOverflowException 0000000010024d4c     guideXOS.obj
 0003:00001d64       guideXOS_Internal_Runtime_CompilerHelpers_ThrowHelpers__ThrowIndexOutOfRangeException 0000000010024d64     guideXOS.obj
 0003:00001d7c       UInt8__ToString            0000000010024d7c     guideXOS.obj
 0003:00001d98       Char__ToUpper              0000000010024d98     guideXOS.obj
 0003:00001db0       guideXOS_System_Delegate__InitializeClosedInstance 0000000010024db0     guideXOS.obj
 0003:00001ddc       Int32__ToString            0000000010024ddc     guideXOS.obj
 0003:00001dfc       Int64__ToString            0000000010024dfc     guideXOS.obj
 0003:00001eec       guideXOS_System_Math__Pow  0000000010024eec     guideXOS.obj
 0003:00001f18       guideXOS_System_Math__Fact 0000000010024f18     guideXOS.obj
 0003:00001f50       guideXOS_System_Math__Sin  0000000010024f50     guideXOS.obj
 0003:00002000       guideXOS_System_MathF__Floor 0000000010025000     guideXOS.obj
 0003:00002060       Object___ctor              0000000010025060     guideXOS.obj
 0003:00002064       Object__ToString           0000000010025064     guideXOS.obj
 0003:0000206c       Object__Dispose            000000001002506c     guideXOS.obj
 0003:000020bc       String__FromASCII          00000000100250bc     guideXOS.obj
 0003:00002154       String__Ctor               0000000010025154     guideXOS.obj
 0003:00002174       String__Ctor_2             0000000010025174     guideXOS.obj
 0003:00002230       String__LastIndexOf        0000000010025230     guideXOS.obj
 0003:00002258       String__ToString           0000000010025258     guideXOS.obj
 0003:0000225c       String__Equals_0           000000001002525c     guideXOS.obj
 0003:00002298       String__Concat             0000000010025298     guideXOS.obj
 0003:00002384       String__IndexOf            0000000010025384     guideXOS.obj
 0003:000023b4       String__Concat_0           00000000100253b4     guideXOS.obj
 0003:00002428       String__Concat_1           0000000010025428     guideXOS.obj
 0003:000024ec       String__Concat_2           00000000100254ec     guideXOS.obj
 0003:000025d4       String__Format             00000000100255d4     guideXOS.obj
 0003:000027d8       String__Split              00000000100257d8     guideXOS.obj
 0003:000028ec       String__Substring          00000000100258ec     guideXOS.obj
 0003:0000292c       String__Substring_0        000000001002592c     guideXOS.obj
 0003:00002968       String__EndsWith_0         0000000010025968     guideXOS.obj
 0003:000029e8       String__ToUpper            00000000100259e8     guideXOS.obj
 0003:00002a7c       UInt16__ToString           0000000010025a7c     guideXOS.obj
 0003:00002a98       UInt32__ToString           0000000010025a98     guideXOS.obj
 0003:00002ab4       UInt64__ToString           0000000010025ab4     guideXOS.obj
 0003:00002b7c       UInt64__ToStringHex        0000000010025b7c     guideXOS.obj
 0003:00002c24       guideXOS_System_Threading_Monitor__Unlock 0000000010025c24     guideXOS.obj
 0003:00002c68       RhTypeCast_CheckCastClass  0000000010025c68     guideXOS.obj
 0003:00002c68       guideXOS_System_Runtime_TypeCast__CheckCastClass 0000000010025c68     guideXOS.obj
 0003:00002c90       RhTypeCast_CheckCastArray  0000000010025c90     guideXOS.obj
 0003:00002c90       guideXOS_System_Runtime_TypeCast__CheckCastArray 0000000010025c90     guideXOS.obj
 0003:00002cb8       RhTypeCast_IsInstanceOfArray 0000000010025cb8     guideXOS.obj
 0003:00002cb8       guideXOS_System_Runtime_TypeCast__IsInstanceOfArray 0000000010025cb8     guideXOS.obj
 0003:00002d14       guideXOS_System_Runtime_CompilerServices_ClassConstructorRunner__CheckStaticClassConstructionReturnGCStaticBase 0000000010025d14     guideXOS.obj
 0003:00002d2c       guideXOS_System_Runtime_CompilerServices_ClassConstructorRunner__CheckStaticClassConstruction 0000000010025d2c     guideXOS.obj
 0003:00002d60       guideXOS_System_Drawing_Image___ctor 0000000010025d60     guideXOS.obj
 0003:00002d9c       guideXOS_System_Drawing_Image___ctor_0 0000000010025d9c     guideXOS.obj
 0003:00002da0       guideXOS_System_Drawing_Image__Resample 0000000010025da0     guideXOS.obj
 0003:00003144       guideXOS_System_Drawing_Image__ResizeImage 0000000010026144     guideXOS.obj
 0003:000032b8       guideXOS_System_Drawing_Image__Dispose 00000000100262b8     guideXOS.obj
 0003:00003340       guideXOS_System_Diagnostics_Process__Start 0000000010026340     guideXOS.obj
 0003:00003544       guideXOS_System_Diagnostics_Process__StartThread 0000000010026544     guideXOS.obj
 0003:000035c0       guideXOS_System_Diagnostics_Process__FixImageRelocations 00000000100265c0     guideXOS.obj
 0003:0000362c       guideXOS_guideXOS_Animation___ctor 000000001002662c     guideXOS.obj
 0003:0000363c       guideXOS_guideXOS_Animator__Initialize 000000001002663c     guideXOS.obj
 0003:00003694       guideXOS_guideXOS_Animator__OnInterrupt 0000000010026694     guideXOS.obj
 0003:00003720       guideXOS_guideXOS_API__HandleSystemCall 0000000010026720     guideXOS.obj
 0003:00003abc       guideXOS_guideXOS_API__API_SndWrite 0000000010026abc     guideXOS.obj
 0003:00003ac4       guideXOS_guideXOS_API__API_Calloc 0000000010026ac4     guideXOS.obj
 0003:00003acc       guideXOS_guideXOS_API__API_StartThread 0000000010026acc     guideXOS.obj
 0003:00003b08       guideXOS_guideXOS_API__API_Error 0000000010026b08     guideXOS.obj
 0003:00003b10       guideXOS_guideXOS_API__API_GetTime 0000000010026b10     guideXOS.obj
 0003:00003b90       guideXOS_guideXOS_API__API_DrawImage 0000000010026b90     guideXOS.obj
 0003:00003bc4       guideXOS_guideXOS_API__API_WriteString 0000000010026bc4     guideXOS.obj
 0003:00003c24       guideXOS_guideXOS_API__API_Width 0000000010026c24     guideXOS.obj
 0003:00003c38       guideXOS_guideXOS_API__API_Height 0000000010026c38     guideXOS.obj
 0003:00003c4c       guideXOS_guideXOS_API__API_Update 0000000010026c4c     guideXOS.obj
 0003:00003c54       guideXOS_guideXOS_API__API_Clear 0000000010026c54     guideXOS.obj
 0003:00003c74       DebugWrite                 0000000010026c74     guideXOS.obj
 0003:00003c74       guideXOS_guideXOS_API__API_DebugWrite 0000000010026c74     guideXOS.obj
 0003:00003c7c       DebugWriteLine             0000000010026c7c     guideXOS.obj
 0003:00003c7c       guideXOS_guideXOS_API__API_DebugWriteLine 0000000010026c7c     guideXOS.obj
 0003:00003c98       Lock                       0000000010026c98     guideXOS.obj
 0003:00003c98       guideXOS_guideXOS_API__API_Lock 0000000010026c98     guideXOS.obj
 0003:00003cc0       Unlock                     0000000010026cc0     guideXOS.obj
 0003:00003cc0       guideXOS_guideXOS_API__API_Unlock 0000000010026cc0     guideXOS.obj
 0003:00003d00       guideXOS_guideXOS_API__API_DrawPoint 0000000010026d00     guideXOS.obj
 0003:00003d34       guideXOS_guideXOS_API__API_SwitchToConsoleMode 0000000010026d34     guideXOS.obj
 0003:00003d3c       guideXOS_guideXOS_API__API_ReadAllBytes 0000000010026d3c     guideXOS.obj
 0003:00003e44       guideXOS_guideXOS_API__API_Sleep 0000000010026e44     guideXOS.obj
 0003:00003e4c       guideXOS_guideXOS_API__API_GetTick 0000000010026e4c     guideXOS.obj
 0003:00003e60       guideXOS_guideXOS_API__API_Write 0000000010026e60     guideXOS.obj
 0003:00003e6c       guideXOS_guideXOS_API__API_WriteLine 0000000010026e6c     guideXOS.obj
 0003:00003e74       guideXOS_guideXOS_API__API_Allocate 0000000010026e74     guideXOS.obj
 0003:00003e7c       guideXOS_guideXOS_API__API_Free 0000000010026e7c     guideXOS.obj
 0003:00003e84       guideXOS_guideXOS_API__API_Reallocate 0000000010026e84     guideXOS.obj
 0003:00003e8c       guideXOS_guideXOS_API__SayHello 0000000010026e8c     guideXOS.obj
 0003:00003e98       guideXOS_guideXOS_Kbd2Mouse__OnKeyChanged 0000000010026e98     guideXOS.obj
 0003:00004024       guideXOS_guideXOS_ASC16__DrawString 0000000010027024     guideXOS.obj
 0003:00004074       guideXOS_guideXOS_ASC16__DrawChar 0000000010027074     guideXOS.obj
 0003:00004108       guideXOS_guideXOS_Console__add_OnWrite 0000000010027108     guideXOS.obj
 0003:00004194       guideXOS_guideXOS_Console__Setup 0000000010027194     guideXOS.obj
 0003:0000424c       guideXOS_guideXOS_Console__Write 000000001002724c     guideXOS.obj
 0003:000042f8       guideXOS_guideXOS_Console__Write_0 00000000100272f8     guideXOS.obj
 0003:0000437c       guideXOS_guideXOS_Console__WriteFramebuffer 000000001002737c     guideXOS.obj
 0003:00004488       guideXOS_guideXOS_Console__MoveUp 0000000010027488     guideXOS.obj
 0003:000044bc       guideXOS_guideXOS_Console__MoveUpFramebuffer 00000000100274bc     guideXOS.obj
 0003:00004568       guideXOS_guideXOS_Console__UpdateCursorFramebuffer 0000000010027568     guideXOS.obj
 0003:00004618       guideXOS_guideXOS_Console__WriteLine 0000000010027618     guideXOS.obj
 0003:000046b4       guideXOS_guideXOS_Console__WriteLine_0 00000000100276b4     guideXOS.obj
 0003:000046f8       guideXOS_guideXOS_Console__Clear 00000000100276f8     guideXOS.obj
 0003:00004714       guideXOS_guideXOS_Console__ClearFramebuffer 0000000010027714     guideXOS.obj
 0003:000047d0       guideXOS_guideXOS_FPSMeter__Update 00000000100277d0     guideXOS.obj
 0003:0000482c       guideXOS_guideXOS_PageTable__Initialise 000000001002782c     guideXOS.obj
 0003:0000491c       guideXOS_guideXOS_PageTable__GetPage 000000001002791c     guideXOS.obj
 0003:000049c8       guideXOS_guideXOS_PageTable__Next 00000000100279c8     guideXOS.obj
 0003:00004a6c       guideXOS_guideXOS_NETv4__SwapLeftRight_0 0000000010027a6c     guideXOS.obj
 0003:00004a9c       guideXOS_guideXOS_SMP__ApplicationProcessorMain 0000000010027a9c     guideXOS.obj
 0003:00004b38       guideXOS_guideXOS_SMP__Initialize 0000000010027b38     guideXOS.obj
 0003:00004cc8       guideXOS_guideXOS_Misc_Audio__Initialize 0000000010027cc8     guideXOS.obj
 0003:00004cf8       guideXOS_guideXOS_Misc_Audio__snd_write 0000000010027cf8     guideXOS.obj
 0003:00004cf8       snd_write                  0000000010027cf8     guideXOS.obj
 0003:00004de0       guideXOS_guideXOS_Misc_Audio__snd_clear 0000000010027de0     guideXOS.obj
 0003:00004de0       snd_clear                  0000000010027de0     guideXOS.obj
 0003:00004df4       guideXOS_guideXOS_Misc_Audio__require 0000000010027df4     guideXOS.obj
 0003:00004ef0       guideXOS_guideXOS_Misc_Bitmap___ctor 0000000010027ef0     guideXOS.obj
 0003:00005138       guideXOS_guideXOS_Misc_BootSplash__Initialize 0000000010028138     guideXOS.obj
 0003:00005190       guideXOS_guideXOS_Misc_BootSplash__Tick 0000000010028190     guideXOS.obj
 0003:0000532c       guideXOS_guideXOS_Misc_ClassID__GetName 000000001002832c     guideXOS.obj
 0003:00005494       Entry                      0000000010028494     guideXOS.obj
 0003:00005494       guideXOS_guideXOS_Misc_EntryPoint__Entry 0000000010028494     guideXOS.obj
 0003:00005884       guideXOS_guideXOS_Misc_IFont__DrawChar 0000000010028884     guideXOS.obj
 0003:00005a28       guideXOS_guideXOS_Misc_IFont__DrawString 0000000010028a28     guideXOS.obj
 0003:00005a9c       guideXOS_guideXOS_Misc_IFont__MeasureString 0000000010028a9c     guideXOS.obj
 0003:00005b08       guideXOS_guideXOS_Misc_IFont__DrawString_0 0000000010028b08     guideXOS.obj
 0003:00005c1c       guideXOS_guideXOS_Misc_Interrupts__EnableInterrupt_0 0000000010028c1c     guideXOS.obj
 0003:00005c84       guideXOS_guideXOS_Misc_Interrupts__HandleInterrupt 0000000010028c84     guideXOS.obj
 0003:00005cec       guideXOS_guideXOS_Misc_Panic__Error 0000000010028cec     guideXOS.obj
 0003:00005d88       guideXOS_guideXOS_Misc_PNG___ctor 0000000010028d88     guideXOS.obj
 0003:00005f78       guideXOS_guideXOS_Misc_PNG__lodepng_decode_memory 0000000010028f78     guideXOS.obj
 0003:00006014       guideXOS_guideXOS_Misc_Thread__NewThread 0000000010029014     guideXOS.obj
 0003:000060b4       guideXOS_guideXOS_Misc_Thread__Start 00000000100290b4     guideXOS.obj
 0003:00006164       guideXOS_guideXOS_Misc_Thread__Start_0 0000000010029164     guideXOS.obj
 0003:00006254       guideXOS_guideXOS_Misc_ThreadPool__Initialize 0000000010029254     guideXOS.obj
 0003:00006408       guideXOS_guideXOS_Misc_ThreadPool__Terminate 0000000010029408     guideXOS.obj
 0003:00006498       guideXOS_guideXOS_Misc_ThreadPool__IdleThread 0000000010029498     guideXOS.obj
 0003:000064dc       guideXOS_guideXOS_Misc_ThreadPool__get_CanLock 00000000100294dc     guideXOS.obj
 0003:000064f4       guideXOS_guideXOS_Misc_ThreadPool__Lock 00000000100294f4     guideXOS.obj
 0003:0000652c       guideXOS_guideXOS_Misc_ThreadPool__UnLock 000000001002952c     guideXOS.obj
 0003:00006540       guideXOS_guideXOS_Misc_ThreadPool__Schedule 0000000010029540     guideXOS.obj
 0003:000068b0       guideXOS_guideXOS_Misc_USBDevice___ctor 00000000100298b0     guideXOS.obj
 0003:000068b4       guideXOS_guideXOS_Misc_USBRequest__Clean 00000000100298b4     guideXOS.obj
 0003:00006924       guideXOS_guideXOS_Misc_USB__OnInterrupt 0000000010029924     guideXOS.obj
 0003:00006a3c       guideXOS_guideXOS_Misc_USB__DriveDevice 0000000010029a3c     guideXOS.obj
 0003:00006a58       guideXOS_guideXOS_Misc_USB__StartPolling 0000000010029a58     guideXOS.obj
 0003:00006a90       guideXOS_guideXOS_Misc_USB__LoopPoll 0000000010029a90     guideXOS.obj
 0003:00006ae8       guideXOS_guideXOS_Misc_VendorID__GetName 0000000010029ae8     guideXOS.obj
 0003:0000df38       guideXOS_guideXOS_Misc_WAV__Decode 0000000010030f38     guideXOS.obj
 0003:0000e08c       guideXOS_guideXOS_Graph_Graphics__FromImage 000000001003108c     guideXOS.obj
 0003:0000e0f0       guideXOS_guideXOS_Graph_Graphics__Update 00000000100310f0     guideXOS.obj
 0003:0000e0f4       guideXOS_guideXOS_Graph_Graphics__Clear 00000000100310f4     guideXOS.obj
 0003:0000e15c       guideXOS_guideXOS_Graph_Graphics__Copy 000000001003115c     guideXOS.obj
 0003:0000e1f8       guideXOS_guideXOS_Graph_Graphics__FillRectangle 00000000100311f8     guideXOS.obj
 0003:0000e270       guideXOS_guideXOS_Graph_Graphics__AFillRectangle 0000000010031270     guideXOS.obj
 0003:0000e2e8       guideXOS_guideXOS_Graph_Graphics__GetPoint 00000000100312e8     guideXOS.obj
 0003:0000e314       guideXOS_guideXOS_Graph_Graphics__DrawPoint 0000000010031314     guideXOS.obj
 0003:0000e404       guideXOS_guideXOS_Graph_Graphics__DrawRectangle 0000000010031404     guideXOS.obj
 0003:0000e4c0       guideXOS_guideXOS_Graph_Graphics__Save 00000000100314c0     guideXOS.obj
 0003:0000e59c       guideXOS_guideXOS_Graph_Graphics__ADrawImage 000000001003159c     guideXOS.obj
 0003:0000e64c       guideXOS_guideXOS_Graph_Graphics__DrawImage 000000001003164c     guideXOS.obj
 0003:0000e8a4       guideXOS_guideXOS_Graph_Graphics__FPartOfNumber 00000000100318a4     guideXOS.obj
 0003:0000e8d4       guideXOS_guideXOS_Graph_Graphics__DrawPoint_0 00000000100318d4     guideXOS.obj
 0003:0000e93c       guideXOS_guideXOS_Graph_Graphics__DrawLine 000000001003193c     guideXOS.obj
 0003:0000eb00       guideXOS_guideXOS_FS_AutoFS___ctor 0000000010031b00     guideXOS.obj
 0003:0000ec34       guideXOS_guideXOS_FS_AutoFS__LooksLikeTar 0000000010031c34     guideXOS.obj
 0003:0000ec78       guideXOS_guideXOS_FS_AutoFS__LooksLikeFat 0000000010031c78     guideXOS.obj
 0003:0000ed08       guideXOS_guideXOS_FS_AutoFS__GetFiles 0000000010031d08     guideXOS.obj
 0003:0000ed14       guideXOS_guideXOS_FS_AutoFS__ReadAllBytes 0000000010031d14     guideXOS.obj
 0003:0000ed20       guideXOS_guideXOS_FS_AutoFS__WriteAllBytes 0000000010031d20     guideXOS.obj
 0003:0000ed2c       guideXOS_guideXOS_FS_FAT___ctor 0000000010031d2c     guideXOS.obj
 0003:0000eee8       guideXOS_guideXOS_FS_FAT__ReadSectorsCached 0000000010031ee8     guideXOS.obj
 0003:0000f0a8       guideXOS_guideXOS_FS_FAT__WriteSector 00000000100320a8     guideXOS.obj
 0003:0000f138       guideXOS_guideXOS_FS_FAT__ReadFatEntry 0000000010032138     guideXOS.obj
 0003:0000f318       guideXOS_guideXOS_FS_FAT__WriteFatEntry 0000000010032318     guideXOS.obj
 0003:0000f80c       guideXOS_guideXOS_FS_FAT__IsEOC 000000001003280c     guideXOS.obj
 0003:0000f844       guideXOS_guideXOS_FS_FAT__EOC 0000000010032844     guideXOS.obj
 0003:0000f864       guideXOS_guideXOS_FS_FAT__GetClusterChain 0000000010032864     guideXOS.obj
 0003:0000f910       guideXOS_guideXOS_FS_FAT__ReadCluster 0000000010032910     guideXOS.obj
 0003:0000fa54       guideXOS_guideXOS_FS_FAT__ZeroCluster 0000000010032a54     guideXOS.obj
 0003:0000fb40       guideXOS_guideXOS_FS_FAT__ReadAllClusterChain 0000000010032b40     guideXOS.obj
 0003:0000fcf0       guideXOS_guideXOS_FS_FAT__ComposeShortName 0000000010032cf0     guideXOS.obj
 0003:0000fda0       guideXOS_guideXOS_FS_FAT__AssembleLfn 0000000010032da0     guideXOS.obj
 0003:0000fe8c       guideXOS_guideXOS_FS_FAT__IterateDirectory 0000000010032e8c     guideXOS.obj
 0003:0000ff9c       guideXOS_guideXOS_FS_FAT__IterateDirSectorRangeCluster 0000000010032f9c     guideXOS.obj
 0003:0001004c       guideXOS_guideXOS_FS_FAT__IterateDirEntries 000000001003304c     guideXOS.obj
 0003:000101e0       guideXOS_guideXOS_FS_FAT__EqualsIgnoreCase 00000000100331e0     guideXOS.obj
 0003:00010240       guideXOS_guideXOS_FS_FAT__FindPath 0000000010033240     guideXOS.obj
 0003:00010658       guideXOS_guideXOS_FS_FAT__FindEntryLoc 0000000010033658     guideXOS.obj
 0003:00010dd4       guideXOS_guideXOS_FS_FAT__NextFreeCluster 0000000010033dd4     guideXOS.obj
 0003:00010e34       guideXOS_guideXOS_FS_FAT__AllocateClustersForSize 0000000010033e34     guideXOS.obj
 0003:00010f44       guideXOS_guideXOS_FS_FAT__FreeClusterChain 0000000010033f44     guideXOS.obj
 0003:00010fac       guideXOS_guideXOS_FS_FAT__WriteDataToChain 0000000010033fac     guideXOS.obj
 0003:000112c0       guideXOS_guideXOS_FS_FAT__WriteDirEntry 00000000100342c0     guideXOS.obj
 0003:00011454       guideXOS_guideXOS_FS_FAT__GenerateShortName 0000000010034454     guideXOS.obj
 0003:0001166c       guideXOS_guideXOS_FS_FAT__EnsureDirHasFreeSlot 000000001003466c     guideXOS.obj
 0003:00011768       guideXOS_guideXOS_FS_FAT__GetFiles 0000000010034768     guideXOS.obj
 0003:00011898       guideXOS_guideXOS_FS_FAT__ReadAllBytes 0000000010034898     guideXOS.obj
 0003:0001193c       guideXOS_guideXOS_FS_FAT__WriteAllBytes 000000001003493c     guideXOS.obj
 0003:00011bf8       get_fattime                0000000010034bf8     guideXOS.obj
 0003:00011bf8       guideXOS_guideXOS_FS_FATFS__get_fattime 0000000010034bf8     guideXOS.obj
 0003:00011c64       RAM_disk_write             0000000010034c64     guideXOS.obj
 0003:00011c64       guideXOS_guideXOS_FS_FATFS__RAM_disk_write 0000000010034c64     guideXOS.obj
 0003:00011c98       RAM_disk_read              0000000010034c98     guideXOS.obj
 0003:00011c98       guideXOS_guideXOS_FS_FATFS__RAM_disk_read 0000000010034c98     guideXOS.obj
 0003:00011ccc       guideXOS_guideXOS_FS_FileInfo__Dispose 0000000010034ccc     guideXOS.obj
 0003:00011d54       guideXOS_guideXOS_FS_FileInfo___ctor 0000000010034d54     guideXOS.obj
 0003:00011d58       guideXOS_guideXOS_FS_File__Exists 0000000010034d58     guideXOS.obj
 0003:00011e08       guideXOS_guideXOS_FS_FileSystem__SizeToSec 0000000010034e08     guideXOS.obj
 0003:00011e28       guideXOS_guideXOS_FS_FileSystem__IsInDirectory 0000000010034e28     guideXOS.obj
 0003:00011e7c       guideXOS_guideXOS_FS_TarFS__GetFiles 0000000010034e7c     guideXOS.obj
 0003:00012114       guideXOS_guideXOS_FS_TarFS__ReadAllBytes 0000000010035114     guideXOS.obj
 0003:0001242c       guideXOS_guideXOS_FS_TarFS__WriteAllBytes 000000001003542c     guideXOS.obj
 0003:00012430       guideXOS_guideXOS_FS_TarFS___ctor 0000000010035430     guideXOS.obj
 0003:00012450       _putchar                   0000000010035450     guideXOS.obj
 0003:00012450       guideXOS_guideXOS_Kernel_Libraries_stdio___putchar 0000000010035450     guideXOS.obj
 0003:00012464       fopen                      0000000010035464     guideXOS.obj
 0003:00012464       guideXOS_guideXOS_Kernel_Libraries_stdio__fopen 0000000010035464     guideXOS.obj
 0003:00012604       fseek                      0000000010035604     guideXOS.obj
 0003:00012604       guideXOS_guideXOS_Kernel_Libraries_stdio__fseek 0000000010035604     guideXOS.obj
 0003:0001261c       fread                      000000001003561c     guideXOS.obj
 0003:0001261c       guideXOS_guideXOS_Kernel_Libraries_stdio__fread 000000001003561c     guideXOS.obj
 0003:00012680       guideXOS_guideXOS_Kernel_Libraries_stdlib__malloc 0000000010035680     guideXOS.obj
 0003:00012680       malloc                     0000000010035680     guideXOS.obj
 0003:00012690       free                       0000000010035690     guideXOS.obj
 0003:00012690       guideXOS_guideXOS_Kernel_Libraries_stdlib__free 0000000010035690     guideXOS.obj
 0003:000126a0       guideXOS_guideXOS_Kernel_Libraries_stdlib__realloc 00000000100356a0     guideXOS.obj
 0003:000126a0       realloc                    00000000100356a0     guideXOS.obj
 0003:000126b0       calloc                     00000000100356b0     guideXOS.obj
 0003:000126b0       guideXOS_guideXOS_Kernel_Libraries_stdlib__calloc 00000000100356b0     guideXOS.obj
 0003:00012724       guideXOS_guideXOS_Kernel_Libraries_stdlib__kmalloc 0000000010035724     guideXOS.obj
 0003:00012724       kmalloc                    0000000010035724     guideXOS.obj
 0003:00012734       guideXOS_guideXOS_Kernel_Libraries_stdlib__kfree 0000000010035734     guideXOS.obj
 0003:00012734       kfree                      0000000010035734     guideXOS.obj
 0003:00012744       guideXOS_guideXOS_Kernel_Libraries_stdlib__krealloc 0000000010035744     guideXOS.obj
 0003:00012744       krealloc                   0000000010035744     guideXOS.obj
 0003:00012754       guideXOS_guideXOS_Kernel_Libraries_stdlib__kcalloc 0000000010035754     guideXOS.obj
 0003:00012754       kcalloc                    0000000010035754     guideXOS.obj
 0003:000127c8       guideXOS_guideXOS_Kernel_Drivers_AC97__Initialize 00000000100357c8     guideXOS.obj
 0003:00012ae8       guideXOS_guideXOS_Kernel_Drivers_AC97__OnInterrupt 0000000010035ae8     guideXOS.obj
 0003:00012c24       guideXOS_guideXOS_Kernel_Drivers_ACPI__GetRSDP 0000000010035c24     guideXOS.obj
 0003:00012c48       guideXOS_guideXOS_Kernel_Drivers_ACPI__Shutdown 0000000010035c48     guideXOS.obj
 0003:00012d04       guideXOS_guideXOS_Kernel_Drivers_ACPI__Initialize 0000000010035d04     guideXOS.obj
 0003:00012dc8       guideXOS_guideXOS_Kernel_Drivers_ACPI__ParseDT 0000000010035dc8     guideXOS.obj
 0003:00012f98       guideXOS_guideXOS_Kernel_Drivers_ACPI__RemapIRQ 0000000010035f98     guideXOS.obj
 0003:00012ff0       guideXOS_guideXOS_Kernel_Drivers_ACPITimer__SleepMicroseconds 0000000010035ff0     guideXOS.obj
 0003:00013114       guideXOS_guideXOS_Kernel_Drivers_Resolution__ToString 0000000010036114     guideXOS.obj
 0003:00013188       guideXOS_guideXOS_Kernel_Drivers_DisplayManager__EnsureSvga 0000000010036188     guideXOS.obj
 0003:00013264       guideXOS_guideXOS_Kernel_Drivers_DisplayManager__TrySetResolution 0000000010036264     guideXOS.obj
 0003:00013354       guideXOS_guideXOS_Kernel_Drivers_DisplayManager__ToASCII 0000000010036354     guideXOS.obj
 0003:00013394       guideXOS_guideXOS_Kernel_Drivers_DisplayManager__SaveResolution 0000000010036394     guideXOS.obj
 0003:00013444       guideXOS_guideXOS_Kernel_Drivers_DisplayManager__TryLoadSaved 0000000010036444     guideXOS.obj
 0003:00013560       guideXOS_guideXOS_Kernel_Drivers_DisplayManager__ApplySavedResolution 0000000010036560     guideXOS.obj
 0003:000135ac       guideXOS_guideXOS_Kernel_Drivers_EHCI__Initialize 00000000100365ac     guideXOS.obj
 0003:0001385c       guideXOS_guideXOS_Kernel_Drivers_EHCI__SendAndReceive 000000001003685c     guideXOS.obj
 0003:00013b38       guideXOS_guideXOS_Kernel_Drivers_EHCI__SetDeviceAddr 0000000010036b38     guideXOS.obj
 0003:00013da0       guideXOS_guideXOS_Kernel_Drivers_EHCI__WaitForComplete 0000000010036da0     guideXOS.obj
 0003:00013e3c       guideXOS_guideXOS_Kernel_Drivers_EHCI__GetDesc 0000000010036e3c     guideXOS.obj
 0003:00014140       guideXOS_guideXOS_Kernel_Drivers_EHCI__GetConfig 0000000010037140     guideXOS.obj
 0003:000144b4       guideXOS_guideXOS_Kernel_Drivers_EHCI__SetConfig 00000000100374b4     guideXOS.obj
 0003:00014738       guideXOS_guideXOS_Kernel_Drivers_EHCI__InitPort 0000000010037738     guideXOS.obj
 0003:00014a6c       guideXOS_guideXOS_Kernel_Drivers_EHCI__ScanPorts 0000000010037a6c     guideXOS.obj
 0003:00014ac0       guideXOS_guideXOS_Kernel_Drivers_ES1371__Initialize 0000000010037ac0     guideXOS.obj
 0003:00014d04       guideXOS_guideXOS_Kernel_Drivers_ES1371__OnInterrupt 0000000010037d04     guideXOS.obj
 0003:00014e0c       guideXOS_guideXOS_Kernel_Drivers_Framebuffer__set_TripleBuffered 0000000010037e0c     guideXOS.obj
 0003:00014e90       guideXOS_guideXOS_Kernel_Drivers_Framebuffer__Update 0000000010037e90     guideXOS.obj
[...]
 0004:0000f9fc       $unwind$LodePNGUnknownChunks_cleanup 00000000100579fc     NativeLib:lodepng.obj
 0004:0000fa08       $unwind$LodePNGUnknownChunks_copy 0000000010057a08     NativeLib:lodepng.obj
 0004:0000fa14       $unwind$LodePNGText_init   0000000010057a14     NativeLib:lodepng.obj
 0004:0000fa20       $unwind$LodePNGText_cleanup 0000000010057a20     NativeLib:lodepng.obj
 0004:0000fa2c       $unwind$LodePNGText_copy   0000000010057a2c     NativeLib:lodepng.obj
 0004:0000fa38       $unwind$lodepng_add_text_sized 0000000010057a38     NativeLib:lodepng.obj
 0004:0000fa44       $unwind$LodePNGIText_init  0000000010057a44     NativeLib:lodepng.obj
 0004:0000fa50       $unwind$LodePNGIText_cleanup 0000000010057a50     NativeLib:lodepng.obj
 0004:0000fa5c       $unwind$LodePNGIText_copy  0000000010057a5c     NativeLib:lodepng.obj
 0004:0000fa68       $unwind$lodepng_add_itext_sized 0000000010057a68     NativeLib:lodepng.obj
 0004:0000fa74       $unwind$lodepng_assign_icc 0000000010057a74     NativeLib:lodepng.obj
 0004:0000fa80       $unwind$addColorBits       0000000010057a80     NativeLib:lodepng.obj
 0004:0000fa8c       $unwind$color_tree_init    0000000010057a8c     NativeLib:lodepng.obj
 0004:0000fa98       $unwind$color_tree_cleanup 0000000010057a98     NativeLib:lodepng.obj
 0004:0000faa4       $unwind$color_tree_get     0000000010057aa4     NativeLib:lodepng.obj
 0004:0000fab0       $unwind$color_tree_has     0000000010057ab0     NativeLib:lodepng.obj
 0004:0000fabc       $unwind$color_tree_add     0000000010057abc     NativeLib:lodepng.obj
 0004:0000fac8       $unwind$rgba8ToPixel       0000000010057ac8     NativeLib:lodepng.obj
 0004:0000fad4       $unwind$rgba16ToPixel      0000000010057ad4     NativeLib:lodepng.obj
 0004:0000fae0       $unwind$getPixelColorRGBA8 0000000010057ae0     NativeLib:lodepng.obj
 0004:0000faec       $unwind$getPixelColorsRGBA8 0000000010057aec     NativeLib:lodepng.obj
 0004:0000faf8       $unwind$getPixelColorsRGB8 0000000010057af8     NativeLib:lodepng.obj
 0004:0000fb04       $unwind$getPixelColorRGBA16 0000000010057b04     NativeLib:lodepng.obj
 0004:0000fb10       $unwind$lodepng_convert_rgb 0000000010057b10     NativeLib:lodepng.obj
 0004:0000fb1c       $unwind$getValueRequiredBits 0000000010057b1c     NativeLib:lodepng.obj
 0004:0000fb28       $unwind$lodepng_color_stats_add 0000000010057b28     NativeLib:lodepng.obj
 0004:0000fb34       $unwind$auto_choose_color  0000000010057b34     NativeLib:lodepng.obj
 0004:0000fb40       $unwind$paethPredictor     0000000010057b40     NativeLib:lodepng.obj
 0004:0000fb4c       $unwind$Adam7_getpassvalues 0000000010057b4c     NativeLib:lodepng.obj
 0004:0000fb58       $unwind$unfilterScanline   0000000010057b58     NativeLib:lodepng.obj
 0004:0000fb64       $unwind$unfilter           0000000010057b64     NativeLib:lodepng.obj
 0004:0000fb70       $unwind$Adam7_deinterlace  0000000010057b70     NativeLib:lodepng.obj
 0004:0000fb7c       $unwind$removePaddingBits  0000000010057b7c     NativeLib:lodepng.obj
 0004:0000fb88       $unwind$postProcessScanlines 0000000010057b88     NativeLib:lodepng.obj
 0004:0000fb94       $unwind$readChunk_PLTE     0000000010057b94     NativeLib:lodepng.obj
 0004:0000fba0       $unwind$readChunk_tRNS     0000000010057ba0     NativeLib:lodepng.obj
 0004:0000fbac       $unwind$readChunk_bKGD     0000000010057bac     NativeLib:lodepng.obj
 0004:0000fbb8       $unwind$readChunk_tEXt     0000000010057bb8     NativeLib:lodepng.obj
 0004:0000fbc4       $unwind$readChunk_zTXt     0000000010057bc4     NativeLib:lodepng.obj
 0004:0000fbd4       $unwind$readChunk_iTXt     0000000010057bd4     NativeLib:lodepng.obj
 0004:0000fbe4       $unwind$readChunk_tIME     0000000010057be4     NativeLib:lodepng.obj
 0004:0000fbf0       $unwind$readChunk_pHYs     0000000010057bf0     NativeLib:lodepng.obj
 0004:0000fbfc       $unwind$readChunk_gAMA     0000000010057bfc     NativeLib:lodepng.obj
 0004:0000fc08       $unwind$readChunk_cHRM     0000000010057c08     NativeLib:lodepng.obj
 0004:0000fc14       $unwind$readChunk_sRGB     0000000010057c14     NativeLib:lodepng.obj
 0004:0000fc20       $unwind$readChunk_iCCP     0000000010057c20     NativeLib:lodepng.obj
 0004:0000fc30       $unwind$decodeGeneric      0000000010057c30     NativeLib:lodepng.obj
 0004:0000fc3c       $unwind$writeSignature     0000000010057c3c     NativeLib:lodepng.obj
 0004:0000fc48       $unwind$addChunk_IHDR      0000000010057c48     NativeLib:lodepng.obj
 0004:0000fc54       $unwind$addChunk_PLTE      0000000010057c54     NativeLib:lodepng.obj
 0004:0000fc60       $unwind$addChunk_tRNS      0000000010057c60     NativeLib:lodepng.obj
 0004:0000fc6c       $unwind$addChunk_IDAT      0000000010057c6c     NativeLib:lodepng.obj
 0004:0000fc78       $unwind$addChunk_IEND      0000000010057c78     NativeLib:lodepng.obj
 0004:0000fc84       $unwind$addChunk_tEXt      0000000010057c84     NativeLib:lodepng.obj
 0004:0000fc90       $unwind$addChunk_zTXt      0000000010057c90     NativeLib:lodepng.obj
 0004:0000fc9c       $unwind$addChunk_iTXt      0000000010057c9c     NativeLib:lodepng.obj
 0004:0000fca8       $unwind$addChunk_bKGD      0000000010057ca8     NativeLib:lodepng.obj
 0004:0000fcb4       $unwind$addChunk_tIME      0000000010057cb4     NativeLib:lodepng.obj
 0004:0000fcc0       $unwind$addChunk_pHYs      0000000010057cc0     NativeLib:lodepng.obj
 0004:0000fccc       $unwind$addChunk_gAMA      0000000010057ccc     NativeLib:lodepng.obj
 0004:0000fcd8       $unwind$addChunk_cHRM      0000000010057cd8     NativeLib:lodepng.obj
 0004:0000fce4       $unwind$addChunk_sRGB      0000000010057ce4     NativeLib:lodepng.obj
 0004:0000fcf0       $unwind$addChunk_iCCP      0000000010057cf0     NativeLib:lodepng.obj
 0004:0000fcfc       $unwind$filterScanline     0000000010057cfc     NativeLib:lodepng.obj
 0004:0000fd08       $unwind$ilog2              0000000010057d08     NativeLib:lodepng.obj
 0004:0000fd14       $unwind$ilog2i             0000000010057d14     NativeLib:lodepng.obj
 0004:0000fd20       $unwind$filter             0000000010057d20     NativeLib:lodepng.obj
 0004:0000fd2c       $unwind$addPaddingBits     0000000010057d2c     NativeLib:lodepng.obj
 0004:0000fd38       $unwind$Adam7_interlace    0000000010057d38     NativeLib:lodepng.obj
 0004:0000fd44       $unwind$preProcessScanlines 0000000010057d44     NativeLib:lodepng.obj
 0004:0000fd50       $unwind$addUnknownChunks   0000000010057d50     NativeLib:lodepng.obj
 0004:0000fd5c       $unwind$isGrayICCProfile   0000000010057d5c     NativeLib:lodepng.obj
 0004:0000fd68       $unwind$isRGBICCProfile    0000000010057d68     NativeLib:lodepng.obj
 0004:0000fd74       $unwind$Out8               0000000010057d74     NativeLib:io.obj
 0004:0000fd80       $unwind$Out16              0000000010057d80     NativeLib:io.obj
 0004:0000fd8c       $unwind$Out32              0000000010057d8c     NativeLib:io.obj
 0004:0000fd98       $unwind$In8                0000000010057d98     NativeLib:io.obj
 0004:0000fda4       $unwind$In16               0000000010057da4     NativeLib:io.obj
 0004:0000fdb0       $unwind$In32               0000000010057db0     NativeLib:io.obj
 0004:0000fdbc       $unwind$Insd               0000000010057dbc     NativeLib:io.obj
 0004:0000fdc8       $unwind$Insw               0000000010057dc8     NativeLib:io.obj
 0004:0000fdd4       $unwind$Insb               0000000010057dd4     NativeLib:io.obj
 0004:0000fde0       $unwind$Outsd              0000000010057de0     NativeLib:io.obj
 0004:0000fdec       $unwind$Outsw              0000000010057dec     NativeLib:io.obj
 0004:0000fdf8       $unwind$Outsb              0000000010057df8     NativeLib:io.obj
 0004:0000fe04       $unwind$mystrtoul          0000000010057e04     LibC:strtoul.obj
 0004:0000fe10       $unwind$printf_            0000000010057e10     LibC:printf.obj
 0004:0000fe1c       $unwind$sprintf_           0000000010057e1c     LibC:printf.obj
 0004:0000fe28       $unwind$snprintf_          0000000010057e28     LibC:printf.obj
 0004:0000fe34       $unwind$vsnprintf_         0000000010057e34     LibC:printf.obj
 0004:0000fe40       $unwind$vprintf_           0000000010057e40     LibC:printf.obj
 0004:0000fe4c       $unwind$fctprintf          0000000010057e4c     LibC:printf.obj
 0004:0000fe58       $unwind$_out_buffer        0000000010057e58     LibC:printf.obj
 0004:0000fe64       $unwind$_out_null          0000000010057e64     LibC:printf.obj
 0004:0000fe70       $unwind$_out_char          0000000010057e70     LibC:printf.obj
 0004:0000fe7c       $unwind$_out_fct           0000000010057e7c     LibC:printf.obj
 0004:0000fe88       $unwind$_strnlen_s         0000000010057e88     LibC:printf.obj
 0004:0000fe94       $unwind$_is_digit          0000000010057e94     LibC:printf.obj
 0004:0000fea0       $unwind$_atoi              0000000010057ea0     LibC:printf.obj
 0004:0000feac       $unwind$_out_rev           0000000010057eac     LibC:printf.obj
 0004:0000feb8       $unwind$_ntoa_format       0000000010057eb8     LibC:printf.obj
 0004:0000fec4       $unwind$_ntoa_long         0000000010057ec4     LibC:printf.obj
 0004:0000fed0       $unwind$_ntoa_long_long    0000000010057ed0     LibC:printf.obj
 0004:0000fedc       $unwind$_etoa              0000000010057edc     LibC:printf.obj
 0004:0000fee8       $unwind$_ftoa              0000000010057ee8     LibC:printf.obj
 0004:0000fef4       $unwind$_vsnprintf         0000000010057ef4     LibC:printf.obj
 0004:0000ff00       $unwind$myisspace          0000000010057f00     LibC:isspace.obj
 0004:0000ff0c       $unwind$myisdigit          0000000010057f0c     LibC:isdigit.obj
 0004:0000ff18       $unwind$myisalpha          0000000010057f18     LibC:isalpha.obj
 0004:0000ff24       $unwind$myisupper          0000000010057f24     LibC:isupper.obj
 0005:0001d320       lodepng_crc32_table        0000000010075320     NativeLib:lodepng.obj
 0008:00000000       __FE09AF47_concurrencysal@h 000000001017a000     NativeLib:mem.obj
 0008:00000001       __C073CA79_sal@h           000000001017a001     NativeLib:mem.obj
 0008:00000002       __D6AFE870_vadefs@h        000000001017a002     NativeLib:mem.obj
 0008:00000003       __D63E96CF_vcruntime@h     000000001017a003     NativeLib:mem.obj
 0008:00000004       __F5A7E1DF_intrin0@inl@h   000000001017a004     NativeLib:mem.obj
 0008:00000005       __3EC16E15_setjmp@h        000000001017a005     NativeLib:mem.obj
 0008:00000006       __18C87B63_mmintrin@h      000000001017a006     NativeLib:mem.obj
 0008:00000007       __1B0272D9_corecrt@h       000000001017a007     NativeLib:mem.obj
 0008:00000008       __45DED006_corecrt_malloc@h 000000001017a008     NativeLib:mem.obj
 0008:00000009       __FA77ED4C_malloc@h        000000001017a009     NativeLib:mem.obj
 0008:0000000a       __56EBFA9B_xmmintrin@h     000000001017a00a     NativeLib:mem.obj
 0008:0000000b       __33897357_emmintrin@h     000000001017a00b     NativeLib:mem.obj
 0008:0000000c       __EC281BDE_pmmintrin@h     000000001017a00c     NativeLib:mem.obj
 0008:0000000d       __5CF1685C_tmmintrin@h     000000001017a00d     NativeLib:mem.obj
 0008:0000000e       __75CA7DDF_smmintrin@h     000000001017a00e     NativeLib:mem.obj
 0008:0000000f       __10A8F413_nmmintrin@h     000000001017a00f     NativeLib:mem.obj
 0008:00000010       __C5130E5D_wmmintrin@h     000000001017a010     NativeLib:mem.obj
 0008:00000011       __0E87435A_zmmintrin@h     000000001017a011     NativeLib:mem.obj
 0008:00000012       __3993E190_immintrin@h     000000001017a012     NativeLib:mem.obj
 0008:00000013       __835000D5_ammintrin@h     000000001017a013     NativeLib:mem.obj
 0008:00000014       __18F7D262_intrin@h        000000001017a014     NativeLib:mem.obj
 0008:00000015       __121DF3F2_mem@cpp         000000001017a015     NativeLib:mem.obj
 0008:00000016       __FE09AF47_concurrencysal@h 000000001017a016     NativeLib:interrupts.obj
 0008:00000017       __C073CA79_sal@h           000000001017a017     NativeLib:interrupts.obj
 0008:00000018       __D6AFE870_vadefs@h        000000001017a018     NativeLib:interrupts.obj
 0008:00000019       __D63E96CF_vcruntime@h     000000001017a019     NativeLib:interrupts.obj
 0008:0000001a       __AEA28616_stdint@h        000000001017a01a     NativeLib:interrupts.obj
 0008:0000001b       __F5A7E1DF_intrin0@inl@h   000000001017a01b     NativeLib:interrupts.obj
 0008:0000001c       __3EC16E15_setjmp@h        000000001017a01c     NativeLib:interrupts.obj
 0008:0000001d       __18C87B63_mmintrin@h      000000001017a01d     NativeLib:interrupts.obj
 0008:0000001e       __1B0272D9_corecrt@h       000000001017a01e     NativeLib:interrupts.obj
 0008:0000001f       __45DED006_corecrt_malloc@h 000000001017a01f     NativeLib:interrupts.obj
 0008:00000020       __FA77ED4C_malloc@h        000000001017a020     NativeLib:interrupts.obj
 0008:00000021       __56EBFA9B_xmmintrin@h     000000001017a021     NativeLib:interrupts.obj
 0008:00000022       __33897357_emmintrin@h     000000001017a022     NativeLib:interrupts.obj
 0008:00000023       __EC281BDE_pmmintrin@h     000000001017a023     NativeLib:interrupts.obj
 0008:00000024       __5CF1685C_tmmintrin@h     000000001017a024     NativeLib:interrupts.obj
 0008:00000025       __75CA7DDF_smmintrin@h     000000001017a025     NativeLib:interrupts.obj
 0008:00000026       __10A8F413_nmmintrin@h     000000001017a026     NativeLib:interrupts.obj
 0008:00000027       __C5130E5D_wmmintrin@h     000000001017a027     NativeLib:interrupts.obj
 0008:00000028       __0E87435A_zmmintrin@h     000000001017a028     NativeLib:interrupts.obj
 0008:00000029       __3993E190_immintrin@h     000000001017a029     NativeLib:interrupts.obj
 0008:0000002a       __835000D5_ammintrin@h     000000001017a02a     NativeLib:interrupts.obj
 0008:0000002b       __18F7D262_intrin@h        000000001017a02b     NativeLib:interrupts.obj
 0008:0000002c       __81AF9977_interrupts@cpp  000000001017a02c     NativeLib:interrupts.obj
 0008:0000002d       __FE09AF47_concurrencysal@h 000000001017a02d     NativeLib:native.obj
 0008:0000002e       __C073CA79_sal@h           000000001017a02e     NativeLib:native.obj
 0008:0000002f       __D6AFE870_vadefs@h        000000001017a02f     NativeLib:native.obj
 0008:00000030       __D63E96CF_vcruntime@h     000000001017a030     NativeLib:native.obj
 0008:00000031       __F5A7E1DF_intrin0@inl@h   000000001017a031     NativeLib:native.obj
 0008:00000032       __3EC16E15_setjmp@h        000000001017a032     NativeLib:native.obj
 0008:00000033       __18C87B63_mmintrin@h      000000001017a033     NativeLib:native.obj
 0008:00000034       __1B0272D9_corecrt@h       000000001017a034     NativeLib:native.obj
 0008:00000035       __45DED006_corecrt_malloc@h 000000001017a035     NativeLib:native.obj
 0008:00000036       __FA77ED4C_malloc@h        000000001017a036     NativeLib:native.obj
 0008:00000037       __56EBFA9B_xmmintrin@h     000000001017a037     NativeLib:native.obj
 0008:00000038       __33897357_emmintrin@h     000000001017a038     NativeLib:native.obj
 0008:00000039       __EC281BDE_pmmintrin@h     000000001017a039     NativeLib:native.obj
 0008:0000003a       __5CF1685C_tmmintrin@h     000000001017a03a     NativeLib:native.obj
 0008:0000003b       __75CA7DDF_smmintrin@h     000000001017a03b     NativeLib:native.obj
 0008:0000003c       __10A8F413_nmmintrin@h     000000001017a03c     NativeLib:native.obj
 0008:0000003d       __C5130E5D_wmmintrin@h     000000001017a03d     NativeLib:native.obj
 0008:0000003e       __0E87435A_zmmintrin@h     000000001017a03e     NativeLib:native.obj
 0008:0000003f       __3993E190_immintrin@h     000000001017a03f     NativeLib:native.obj
 0008:00000040       __835000D5_ammintrin@h     000000001017a040     NativeLib:native.obj
 0008:00000041       __18F7D262_intrin@h        000000001017a041     NativeLib:native.obj
 0008:00000042       __5B367C0B_native@cpp      000000001017a042     NativeLib:native.obj
 0008:00000043       __FE09AF47_concurrencysal@h 000000001017a043     NativeLib:lodepng.obj
 0008:00000044       __C073CA79_sal@h           000000001017a044     NativeLib:lodepng.obj
 0008:00000045       __D6AFE870_vadefs@h        000000001017a045     NativeLib:lodepng.obj
 0008:00000046       __D63E96CF_vcruntime@h     000000001017a046     NativeLib:lodepng.obj
 0008:00000047       __9A7D38D9_stdarg@h        000000001017a047     NativeLib:lodepng.obj
 0008:00000048       __1B0272D9_corecrt@h       000000001017a048     NativeLib:lodepng.obj
 0008:00000049       __13F5961F_stddef@h        000000001017a049     NativeLib:lodepng.obj
 0008:0000004a       __0EED556E_printf@h        000000001017a04a     NativeLib:lodepng.obj
 0008:0000004b       __61CC25A1_errno@h         000000001017a04b     NativeLib:lodepng.obj
 0008:0000004c       __3EADF068_vcruntime_string@h 000000001017a04c     NativeLib:lodepng.obj
 0008:0000004d       __E4C945B4_corecrt_memcpy_s@h 000000001017a04d     NativeLib:lodepng.obj
 0008:0000004e       __8EAFF484_corecrt_memory@h 000000001017a04e     NativeLib:lodepng.obj
 0008:0000004f       __6490AEC5_corecrt_wstring@h 000000001017a04f     NativeLib:lodepng.obj
 0008:00000050       __E8295E1E_string@h        000000001017a050     NativeLib:lodepng.obj
 0008:00000051       __B2031D3E_lodepng@h       000000001017a051     NativeLib:lodepng.obj
 0008:00000052       __45DED006_corecrt_malloc@h 000000001017a052     NativeLib:lodepng.obj
 0008:00000053       __FD6DBD68_corecrt_search@h 000000001017a053     NativeLib:lodepng.obj
 0008:00000054       __E2E33A61_corecrt_wstdlib@h 000000001017a054     NativeLib:lodepng.obj
 0008:00000055       __10D4A829_limits@h        000000001017a055     NativeLib:lodepng.obj
 0008:00000056       __6E5ACABA_stdlib@h        000000001017a056     NativeLib:lodepng.obj
 0008:00000057       __25D1C4B6_lodepng@c       000000001017a057     NativeLib:lodepng.obj
 0008:00000058       __FE09AF47_concurrencysal@h 000000001017a058     NativeLib:io.obj
 0008:00000059       __C073CA79_sal@h           000000001017a059     NativeLib:io.obj
 0008:0000005a       __D6AFE870_vadefs@h        000000001017a05a     NativeLib:io.obj
 0008:0000005b       __D63E96CF_vcruntime@h     000000001017a05b     NativeLib:io.obj
 0008:0000005c       __F5A7E1DF_intrin0@inl@h   000000001017a05c     NativeLib:io.obj
 0008:0000005d       __3EC16E15_setjmp@h        000000001017a05d     NativeLib:io.obj
 0008:0000005e       __18C87B63_mmintrin@h      000000001017a05e     NativeLib:io.obj
 0008:0000005f       __1B0272D9_corecrt@h       000000001017a05f     NativeLib:io.obj
 0008:00000060       __45DED006_corecrt_malloc@h 000000001017a060     NativeLib:io.obj
 0008:00000061       __FA77ED4C_malloc@h        000000001017a061     NativeLib:io.obj
 0008:00000062       __56EBFA9B_xmmintrin@h     000000001017a062     NativeLib:io.obj
 0008:00000063       __33897357_emmintrin@h     000000001017a063     NativeLib:io.obj
 0008:00000064       __EC281BDE_pmmintrin@h     000000001017a064     NativeLib:io.obj
 0008:00000065       __5CF1685C_tmmintrin@h     000000001017a065     NativeLib:io.obj
 0008:00000066       __75CA7DDF_smmintrin@h     000000001017a066     NativeLib:io.obj
 0008:00000067       __10A8F413_nmmintrin@h     000000001017a067     NativeLib:io.obj
 0008:00000068       __C5130E5D_wmmintrin@h     000000001017a068     NativeLib:io.obj
 0008:00000069       __0E87435A_zmmintrin@h     000000001017a069     NativeLib:io.obj
 0008:0000006a       __3993E190_immintrin@h     000000001017a06a     NativeLib:io.obj
 0008:0000006b       __835000D5_ammintrin@h     000000001017a06b     NativeLib:io.obj
 0008:0000006c       __18F7D262_intrin@h        000000001017a06c     NativeLib:io.obj
 0008:0000006d       __EB37504C_io@cpp          000000001017a06d     NativeLib:io.obj
 0009:000000a0       $R000000                   000000001017b0a0     guideXOS.res
 0009:000002f0       $R000250                   000000001017b2f0     guideXOS.res
