 guideXOS

 Timestamp is 669bef3c (Sat Jul 20 10:09:16 2024)

 Preferred load address is 0000000010000000

 Start         Length     Name                   Class
 0001:00000000 00000220H .text                   CODE
 0001:00000220 00020751H .text$mn                CODE
 0002:00000000 00000021H .unbox$M                CODE
 0003:00000000 0001b06fH .managedcode$I          CODE
 0004:00000000 00007ad0H .rdata                  DATA
 0004:00007ad0 00000034H .rdata$voltmd           DATA
 0004:00007b04 00000194H .rdata$zzzdbg           DATA
 0004:00007c98 000047c8H .xdata                  DATA
 0004:0000c460 00000000H .edata                  DATA
 0005:00000000 0001c820H .data                   DATA
 0005:0001c820 00100590H .bss                    DATA
 0006:00000000 00002028H .pdata                  DATA
 0007:00000000 00000008H .modules$I              DATA
 0008:00000000 0000006eH .msvcjmc                DATA
 0009:00000000 000000a0H .rsrc$01                DATA
 0009:000000a0 00000440H .rsrc$02                DATA

  Address         Publics by Value              Rva+Base               Lib:Object

 0000:00000000       __AbsoluteZero             0000000000000000     <absolute>
 0000:00000000       ___safe_se_handler_count   0000000000000000     <absolute>
 0000:00000000       ___safe_se_handler_table   0000000000000000     <absolute>
 0000:00000000       __arm64x_extra_rfe_table   0000000000000000     <absolute>
 0000:00000000       __arm64x_extra_rfe_table_size 0000000000000000     <absolute>
 0000:00000000       __arm64x_native_entrypoint 0000000000000000     <absolute>
 0000:00000000       __arm64x_redirection_metadata 0000000000000000     <absolute>
 0000:00000000       __arm64x_redirection_metadata_count 0000000000000000     <absolute>
 0000:00000000       __dynamic_value_reloc_table 0000000000000000     <absolute>
 0000:00000000       __enclave_config           0000000000000000     <absolute>
 0000:00000000       __guard_check_icall_a64n_fptr 0000000000000000     <absolute>
 0000:00000000       __guard_eh_cont_count      0000000000000000     <absolute>
 0000:00000000       __guard_eh_cont_table      0000000000000000     <absolute>
 0000:00000000       __guard_fids_count         0000000000000000     <absolute>
 0000:00000000       __guard_fids_table         0000000000000000     <absolute>
 0000:00000000       __guard_iat_count          0000000000000000     <absolute>
 0000:00000000       __guard_iat_table          0000000000000000     <absolute>
 0000:00000000       __guard_longjmp_count      0000000000000000     <absolute>
 0000:00000000       __guard_longjmp_table      0000000000000000     <absolute>
 0000:00000000       __hybrid_auxiliary_delayload_iat 0000000000000000     <absolute>
 0000:00000000       __hybrid_auxiliary_delayload_iat_copy 0000000000000000     <absolute>
 0000:00000000       __hybrid_auxiliary_iat     0000000000000000     <absolute>
 0000:00000000       __hybrid_auxiliary_iat_copy 0000000000000000     <absolute>
 0000:00000000       __hybrid_code_map          0000000000000000     <absolute>
 0000:00000000       __hybrid_code_map_count    0000000000000000     <absolute>
 0000:00000000       __hybrid_image_info_bitfield 0000000000000000     <absolute>
 0000:00000000       __x64_code_ranges_to_entry_points 0000000000000000     <absolute>
 0000:00000000       __x64_code_ranges_to_entry_points_count 0000000000000000     <absolute>
 0000:00000100       __guard_flags              0000000000000100     <absolute>
 0000:00000000       __ImageBase                0000000010000000     <linker-defined>
 0001:00000000       __GetNonGCStaticBase_guideXOS_Program 0000000010001000     guideXOS.obj
 0001:00000008       __GetNonGCStaticBase_guideXOS_Allocator 0000000010001008     guideXOS.obj
 0001:00000010       __GetNonGCStaticBase_guideXOS_GDT 0000000010001010     guideXOS.obj
 0001:00000018       __GetNonGCStaticBase_guideXOS_IDT 0000000010001018     guideXOS.obj
 0001:00000020       __GetNonGCStaticBase_guideXOS_System_Windows_Forms_Control 0000000010001020     guideXOS.obj
 0001:00000028       __GetNonGCStaticBase_guideXOS_guideXOS_AC97 0000000010001028     guideXOS.obj
 0001:00000030       __GetNonGCStaticBase_guideXOS_guideXOS_ES1371 0000000010001030     guideXOS.obj
 0001:00000038       __GetNonGCStaticBase_guideXOS_guideXOS_Framebuffer 0000000010001038     guideXOS.obj
 0001:00000040       __GetNonGCStaticBase_guideXOS_guideXOS_Keyboard 0000000010001040     guideXOS.obj
 0001:00000048       __GetNonGCStaticBase_guideXOS_guideXOS_PS2Mouse 0000000010001048     guideXOS.obj
 0001:00000050       __GetNonGCStaticBase_guideXOS_guideXOS_RTC 0000000010001050     guideXOS.obj
 0001:00000058       __GetNonGCStaticBase_guideXOS_guideXOS_SATA 0000000010001058     guideXOS.obj
 0001:00000060       __GetNonGCStaticBase_guideXOS_guideXOS_VMwareTools 0000000010001060     guideXOS.obj
 0001:00000068       __GetNonGCStaticBase_guideXOS_guideXOS_Kbd2Mouse 0000000010001068     guideXOS.obj
 0001:00000070       __GetNonGCStaticBase_guideXOS_guideXOS_Console 0000000010001070     guideXOS.obj
 0001:00000078       __GetNonGCStaticBase_guideXOS_guideXOS_FPSMeter 0000000010001078     guideXOS.obj
 0001:00000080       __GetNonGCStaticBase_guideXOS_guideXOS_PageTable 0000000010001080     guideXOS.obj
 0001:00000088       __GetNonGCStaticBase_guideXOS_guideXOS_SMP 0000000010001088     guideXOS.obj
 0001:00000090       __GetNonGCStaticBase_guideXOS_guideXOS_Misc_Audio 0000000010001090     guideXOS.obj
 0001:00000098       __GetNonGCStaticBase_guideXOS_guideXOS_Misc_ThreadPool 0000000010001098     guideXOS.obj
 0001:000000a0       __GetNonGCStaticBase_guideXOS_guideXOS_Misc_USB 00000000100010a0     guideXOS.obj
 0001:000000a8       __GetNonGCStaticBase_guideXOS_guideXOS_Driver_ACPI 00000000100010a8     guideXOS.obj
 0001:000000b0       __GetNonGCStaticBase_guideXOS_guideXOS_Driver_EHCI 00000000100010b0     guideXOS.obj
 0001:000000b8       __GetNonGCStaticBase_guideXOS_guideXOS_Driver_HID 00000000100010b8     guideXOS.obj
 0001:000000c0       __GetNonGCStaticBase_guideXOS_guideXOS_Driver_HPET 00000000100010c0     guideXOS.obj
 0001:000000c8       __GetNonGCStaticBase_guideXOS_guideXOS_Driver_Hub 00000000100010c8     guideXOS.obj
 0001:000000d0       __GetNonGCStaticBase_guideXOS_guideXOS_Driver_Timer 00000000100010d0     guideXOS.obj
 0001:000000d8       __GetNonGCStaticBase_guideXOS_guideXOS_GUI_Desktop 00000000100010d8     guideXOS.obj
 0001:000000e0       __GetNonGCStaticBase_guideXOS_guideXOS_GUI_WAVPlayer 00000000100010e0     guideXOS.obj
 0001:000000e8       __GetNonGCStaticBase_guideXOS_guideXOS_GUI_WindowManager 00000000100010e8     guideXOS.obj
 0001:000000f0       __GetGCStaticBase_guideXOS_Program 00000000100010f0     guideXOS.obj
 0001:000000fb       __GetGCStaticBase_guideXOS_IDT 00000000100010fb     guideXOS.obj
 0001:00000106       __GetGCStaticBase_guideXOS_System_DateTime 0000000010001106     guideXOS.obj
 0001:00000111       __GetGCStaticBase_guideXOS_guideXOS_Animator 0000000010001111     guideXOS.obj
 0001:0000011c       __GetGCStaticBase_guideXOS_guideXOS_Framebuffer 000000001000111c     guideXOS.obj
 0001:00000127       __GetGCStaticBase_guideXOS_guideXOS_Keyboard 0000000010001127     guideXOS.obj
 0001:00000132       __GetGCStaticBase_guideXOS_guideXOS_PCI 0000000010001132     guideXOS.obj
 0001:0000013d       __GetGCStaticBase_guideXOS_guideXOS_PS2Keyboard 000000001000113d     guideXOS.obj
 0001:00000148       __GetGCStaticBase_guideXOS_guideXOS_PS2Mouse 0000000010001148     guideXOS.obj
 0001:00000153       __GetGCStaticBase_guideXOS_guideXOS_SATA 0000000010001153     guideXOS.obj
 0001:0000015e       __GetGCStaticBase_guideXOS_guideXOS_ASC16 000000001000115e     guideXOS.obj
 0001:00000169       __GetGCStaticBase_guideXOS_guideXOS_Console 0000000010001169     guideXOS.obj
 0001:00000174       __GetGCStaticBase_guideXOS_guideXOS_Misc_BitFont 0000000010001174     guideXOS.obj
 0001:0000017f       __GetGCStaticBase_guideXOS_guideXOS_Misc_Interrupts 000000001000117f     guideXOS.obj
 0001:0000018a       __GetGCStaticBase_guideXOS_guideXOS_Misc_ThreadPool 000000001000118a     guideXOS.obj
 0001:00000195       __GetGCStaticBase_guideXOS_guideXOS_FS_Disk 0000000010001195     guideXOS.obj
 0001:000001a0       __GetGCStaticBase_guideXOS_guideXOS_FS_File 00000000100011a0     guideXOS.obj
 0001:000001ab       __GetGCStaticBase_guideXOS_guideXOS_Driver_ACPI 00000000100011ab     guideXOS.obj
 0001:000001b6       __GetGCStaticBase_guideXOS_guideXOS_Driver_HID 00000000100011b6     guideXOS.obj
 0001:000001c1       __GetGCStaticBase_guideXOS_guideXOS_Driver_IDE 00000000100011c1     guideXOS.obj
 0001:000001cc       __GetGCStaticBase_guideXOS_guideXOS_GUI_Desktop 00000000100011cc     guideXOS.obj
 0001:000001d7       __GetGCStaticBase_guideXOS_guideXOS_GUI_NotificationManager 00000000100011d7     guideXOS.obj
 0001:000001e2       __GetGCStaticBase_guideXOS_guideXOS_GUI_WAVPlayer 00000000100011e2     guideXOS.obj
 0001:000001ed       __GetGCStaticBase_guideXOS_guideXOS_GUI_WindowManager 00000000100011ed     guideXOS.obj
 0001:000001f8       __GetGCStaticBase_guideXOS_guideXOS_DefaultApps_Clock 00000000100011f8     guideXOS.obj
 0001:00000203       __DelegateCtor_guideXOS_System_Delegate__InitializeClosedInstance__guideXOS_guideXOS_GUI_FConsole__PS2Keyboard_OnKeyChanged 0000000010001203     guideXOS.obj
 0001:0000020f       __DelegateCtor_guideXOS_System_Delegate__InitializeClosedInstance__guideXOS_guideXOS_GUI_FConsole__Console_OnWrite 000000001000120f     guideXOS.obj
 0001:00000220       Movsb                      0000000010001220 f   NativeLib:mem.obj
 0001:00000260       Movsd                      0000000010001260 f   NativeLib:mem.obj
 0001:000002a0       Stosb                      00000000100012a0 f   NativeLib:mem.obj
 0001:000002f0       Stosd                      00000000100012f0 f   NativeLib:mem.obj
 0001:00000340       __JustMyCode_Default       0000000010001340 f i NativeLib:mem.obj
 0001:00000350       avx_memcpy                 0000000010001350 f   NativeLib:mem.obj
 0001:00000450       Load_GDT                   0000000010001450 f   NativeLib:interrupts.obj
 0001:00000480       idt_set                    0000000010001480 f   NativeLib:interrupts.obj
 0001:00000560       set_idt_entries            0000000010001560 f   NativeLib:interrupts.obj
 0001:00002480       CPUID                      0000000010003480 f   NativeLib:native.obj
 0001:000024d0       Cli                        00000000100034d0 f   NativeLib:native.obj
 0001:00002500       Fxrstor64                  0000000010003500 f   NativeLib:native.obj
 0001:00002530       Fxsave64                   0000000010003530 f   NativeLib:native.obj
 0001:00002560       Hlt                        0000000010003560 f   NativeLib:native.obj
 0001:00002590       Invlpg                     0000000010003590 f   NativeLib:native.obj
 0001:000025c0       Nop                        00000000100035c0 f   NativeLib:native.obj
 0001:000025e0       Rdmsr                      00000000100035e0 f   NativeLib:native.obj
 0001:00002610       Rdtsc                      0000000010003610 f   NativeLib:native.obj
 0001:00002640       ReadCR2                    0000000010003640 f   NativeLib:native.obj
 0001:00002660       Sti                        0000000010003660 f   NativeLib:native.obj
 0001:00002690       WriteCR3                   0000000010003690 f   NativeLib:native.obj
 0001:000026c0       Wrmsr                      00000000100036c0 f   NativeLib:native.obj
 0001:00002700       intr0                      0000000010003700 f   NativeLib:interrupts_asm.obj
 0001:00002742       intr1                      0000000010003742 f   NativeLib:interrupts_asm.obj
 0001:00002784       intr2                      0000000010003784 f   NativeLib:interrupts_asm.obj
 0001:000027c6       intr3                      00000000100037c6 f   NativeLib:interrupts_asm.obj
 0001:00002808       intr4                      0000000010003808 f   NativeLib:interrupts_asm.obj
 0001:0000284a       intr5                      000000001000384a f   NativeLib:interrupts_asm.obj
 0001:0000288c       intr6                      000000001000388c f   NativeLib:interrupts_asm.obj
 0001:000028ce       intr7                      00000000100038ce f   NativeLib:interrupts_asm.obj
 0001:00002910       intr8                      0000000010003910 f   NativeLib:interrupts_asm.obj
 0001:00002952       intr9                      0000000010003952 f   NativeLib:interrupts_asm.obj
 0001:00002994       intr10                     0000000010003994 f   NativeLib:interrupts_asm.obj
 0001:000029d6       intr11                     00000000100039d6 f   NativeLib:interrupts_asm.obj
 0001:00002a18       intr12                     0000000010003a18 f   NativeLib:interrupts_asm.obj
 0001:00002a5a       intr13                     0000000010003a5a f   NativeLib:interrupts_asm.obj
 0001:00002a9c       intr14                     0000000010003a9c f   NativeLib:interrupts_asm.obj
 0001:00002ade       intr15                     0000000010003ade f   NativeLib:interrupts_asm.obj
 0001:00002b20       intr16                     0000000010003b20 f   NativeLib:interrupts_asm.obj
 0001:00002b62       intr17                     0000000010003b62 f   NativeLib:interrupts_asm.obj
 0001:00002ba4       intr18                     0000000010003ba4 f   NativeLib:interrupts_asm.obj
 0001:00002be6       intr19                     0000000010003be6 f   NativeLib:interrupts_asm.obj
 0001:00002c28       intr20                     0000000010003c28 f   NativeLib:interrupts_asm.obj
 0001:00002c6a       intr21                     0000000010003c6a f   NativeLib:interrupts_asm.obj
 0001:00002cac       intr22                     0000000010003cac f   NativeLib:interrupts_asm.obj
 0001:00002cee       intr23                     0000000010003cee f   NativeLib:interrupts_asm.obj
 0001:00002d30       intr24                     0000000010003d30 f   NativeLib:interrupts_asm.obj
 0001:00002d72       intr25                     0000000010003d72 f   NativeLib:interrupts_asm.obj
 0001:00002db4       intr26                     0000000010003db4 f   NativeLib:interrupts_asm.obj
 0001:00002df6       intr27                     0000000010003df6 f   NativeLib:interrupts_asm.obj
 0001:00002e38       intr28                     0000000010003e38 f   NativeLib:interrupts_asm.obj
 0001:00002e7a       intr29                     0000000010003e7a f   NativeLib:interrupts_asm.obj
 0001:00002ebc       intr30                     0000000010003ebc f   NativeLib:interrupts_asm.obj
 0001:00002efe       intr31                     0000000010003efe f   NativeLib:interrupts_asm.obj
 0001:00002f40       intr32                     0000000010003f40 f   NativeLib:interrupts_asm.obj
 0001:00002f82       intr33                     0000000010003f82 f   NativeLib:interrupts_asm.obj
 0001:00002fc4       intr34                     0000000010003fc4 f   NativeLib:interrupts_asm.obj
 0001:00003006       intr35                     0000000010004006 f   NativeLib:interrupts_asm.obj
 0001:00003048       intr36                     0000000010004048 f   NativeLib:interrupts_asm.obj
 0001:0000308a       intr37                     000000001000408a f   NativeLib:interrupts_asm.obj
 0001:000030cc       intr38                     00000000100040cc f   NativeLib:interrupts_asm.obj
 0001:0000310e       intr39                     000000001000410e f   NativeLib:interrupts_asm.obj
 0001:00003150       intr40                     0000000010004150 f   NativeLib:interrupts_asm.obj
 0001:00003192       intr41                     0000000010004192 f   NativeLib:interrupts_asm.obj
 0001:000031d4       intr42                     00000000100041d4 f   NativeLib:interrupts_asm.obj
 0001:00003216       intr43                     0000000010004216 f   NativeLib:interrupts_asm.obj
 0001:00003258       intr44                     0000000010004258 f   NativeLib:interrupts_asm.obj
 0001:0000329a       intr45                     000000001000429a f   NativeLib:interrupts_asm.obj
 0001:000032dc       intr46                     00000000100042dc f   NativeLib:interrupts_asm.obj
 0001:0000331e       intr47                     000000001000431e f   NativeLib:interrupts_asm.obj
 0001:00003360       intr48                     0000000010004360 f   NativeLib:interrupts_asm.obj
 0001:000033a2       intr49                     00000000100043a2 f   NativeLib:interrupts_asm.obj
 0001:000033e4       intr50                     00000000100043e4 f   NativeLib:interrupts_asm.obj
 0001:00003426       intr51                     0000000010004426 f   NativeLib:interrupts_asm.obj
 0001:00003468       intr52                     0000000010004468 f   NativeLib:interrupts_asm.obj
 0001:000034aa       intr53                     00000000100044aa f   NativeLib:interrupts_asm.obj
 0001:000034ec       intr54                     00000000100044ec f   NativeLib:interrupts_asm.obj
 0001:0000352e       intr55                     000000001000452e f   NativeLib:interrupts_asm.obj
 0001:00003570       intr56                     0000000010004570 f   NativeLib:interrupts_asm.obj
 0001:000035b2       intr57                     00000000100045b2 f   NativeLib:interrupts_asm.obj
 0001:000035f4       intr58                     00000000100045f4 f   NativeLib:interrupts_asm.obj
 0001:00003636       intr59                     0000000010004636 f   NativeLib:interrupts_asm.obj
 0001:00003678       intr60                     0000000010004678 f   NativeLib:interrupts_asm.obj
 0001:000036ba       intr61                     00000000100046ba f   NativeLib:interrupts_asm.obj
 0001:000036fc       intr62                     00000000100046fc f   NativeLib:interrupts_asm.obj
 0001:0000373e       intr63                     000000001000473e f   NativeLib:interrupts_asm.obj
 0001:00003780       intr64                     0000000010004780 f   NativeLib:interrupts_asm.obj
 0001:000037c2       intr65                     00000000100047c2 f   NativeLib:interrupts_asm.obj
 0001:00003804       intr66                     0000000010004804 f   NativeLib:interrupts_asm.obj
 0001:00003846       intr67                     0000000010004846 f   NativeLib:interrupts_asm.obj
 0001:00003888       intr68                     0000000010004888 f   NativeLib:interrupts_asm.obj
 0001:000038ca       intr69                     00000000100048ca f   NativeLib:interrupts_asm.obj
 0001:0000390c       intr70                     000000001000490c f   NativeLib:interrupts_asm.obj
 0001:0000394e       intr71                     000000001000494e f   NativeLib:interrupts_asm.obj
 0001:00003990       intr72                     0000000010004990 f   NativeLib:interrupts_asm.obj
 0001:000039d2       intr73                     00000000100049d2 f   NativeLib:interrupts_asm.obj
 0001:00003a14       intr74                     0000000010004a14 f   NativeLib:interrupts_asm.obj
 0001:00003a56       intr75                     0000000010004a56 f   NativeLib:interrupts_asm.obj
 0001:00003a98       intr76                     0000000010004a98 f   NativeLib:interrupts_asm.obj
 0001:00003ada       intr77                     0000000010004ada f   NativeLib:interrupts_asm.obj
 0001:00003b1c       intr78                     0000000010004b1c f   NativeLib:interrupts_asm.obj
 0001:00003b5e       intr79                     0000000010004b5e f   NativeLib:interrupts_asm.obj
 0001:00003ba0       intr80                     0000000010004ba0 f   NativeLib:interrupts_asm.obj
 0001:00003be2       intr81                     0000000010004be2 f   NativeLib:interrupts_asm.obj
 0001:00003c24       intr82                     0000000010004c24 f   NativeLib:interrupts_asm.obj
 0001:00003c66       intr83                     0000000010004c66 f   NativeLib:interrupts_asm.obj
 0001:00003ca8       intr84                     0000000010004ca8 f   NativeLib:interrupts_asm.obj
 0001:00003cea       intr85                     0000000010004cea f   NativeLib:interrupts_asm.obj
 0001:00003d2c       intr86                     0000000010004d2c f   NativeLib:interrupts_asm.obj
 0001:00003d6e       intr87                     0000000010004d6e f   NativeLib:interrupts_asm.obj
 0001:00003db0       intr88                     0000000010004db0 f   NativeLib:interrupts_asm.obj
 0001:00003df2       intr89                     0000000010004df2 f   NativeLib:interrupts_asm.obj
 0001:00003e34       intr90                     0000000010004e34 f   NativeLib:interrupts_asm.obj
 0001:00003e76       intr91                     0000000010004e76 f   NativeLib:interrupts_asm.obj
 0001:00003eb8       intr92                     0000000010004eb8 f   NativeLib:interrupts_asm.obj
 0001:00003efa       intr93                     0000000010004efa f   NativeLib:interrupts_asm.obj
 0001:00003f3c       intr94                     0000000010004f3c f   NativeLib:interrupts_asm.obj
 0001:00003f7e       intr95                     0000000010004f7e f   NativeLib:interrupts_asm.obj
 0001:00003fc0       intr96                     0000000010004fc0 f   NativeLib:interrupts_asm.obj
 0001:00004002       intr97                     0000000010005002 f   NativeLib:interrupts_asm.obj
 0001:00004044       intr98                     0000000010005044 f   NativeLib:interrupts_asm.obj
 0001:00004086       intr99                     0000000010005086 f   NativeLib:interrupts_asm.obj
 0001:000040c8       intr100                    00000000100050c8 f   NativeLib:interrupts_asm.obj
 0001:0000410a       intr101                    000000001000510a f   NativeLib:interrupts_asm.obj
 0001:0000414c       intr102                    000000001000514c f   NativeLib:interrupts_asm.obj
 0001:0000418e       intr103                    000000001000518e f   NativeLib:interrupts_asm.obj
 0001:000041d0       intr104                    00000000100051d0 f   NativeLib:interrupts_asm.obj
 0001:00004212       intr105                    0000000010005212 f   NativeLib:interrupts_asm.obj
 0001:00004254       intr106                    0000000010005254 f   NativeLib:interrupts_asm.obj
 0001:00004296       intr107                    0000000010005296 f   NativeLib:interrupts_asm.obj
 0001:000042d8       intr108                    00000000100052d8 f   NativeLib:interrupts_asm.obj
 0001:0000431a       intr109                    000000001000531a f   NativeLib:interrupts_asm.obj
 0001:0000435c       intr110                    000000001000535c f   NativeLib:interrupts_asm.obj
 0001:0000439e       intr111                    000000001000539e f   NativeLib:interrupts_asm.obj
 0001:000043e0       intr112                    00000000100053e0 f   NativeLib:interrupts_asm.obj
 0001:00004422       intr113                    0000000010005422 f   NativeLib:interrupts_asm.obj
 0001:00004464       intr114                    0000000010005464 f   NativeLib:interrupts_asm.obj
 0001:000044a6       intr115                    00000000100054a6 f   NativeLib:interrupts_asm.obj
 0001:000044e8       intr116                    00000000100054e8 f   NativeLib:interrupts_asm.obj
 0001:0000452a       intr117                    000000001000552a f   NativeLib:interrupts_asm.obj
 0001:0000456c       intr118                    000000001000556c f   NativeLib:interrupts_asm.obj
 0001:000045ae       intr119                    00000000100055ae f   NativeLib:interrupts_asm.obj
 0001:000045f0       intr120                    00000000100055f0 f   NativeLib:interrupts_asm.obj
 0001:00004632       intr121                    0000000010005632 f   NativeLib:interrupts_asm.obj
 0001:00004674       intr122                    0000000010005674 f   NativeLib:interrupts_asm.obj
 0001:000046b6       intr123                    00000000100056b6 f   NativeLib:interrupts_asm.obj
 0001:000046f8       intr124                    00000000100056f8 f   NativeLib:interrupts_asm.obj
 0001:0000473a       intr125                    000000001000573a f   NativeLib:interrupts_asm.obj
 0001:0000477c       intr126                    000000001000577c f   NativeLib:interrupts_asm.obj
 0001:000047be       intr127                    00000000100057be f   NativeLib:interrupts_asm.obj
 0001:00004800       intr128                    0000000010005800 f   NativeLib:interrupts_asm.obj
 0001:00004842       intr129                    0000000010005842 f   NativeLib:interrupts_asm.obj
 0001:00004884       intr130                    0000000010005884 f   NativeLib:interrupts_asm.obj
 0001:000048c6       intr131                    00000000100058c6 f   NativeLib:interrupts_asm.obj
 0001:00004908       intr132                    0000000010005908 f   NativeLib:interrupts_asm.obj
 0001:0000494a       intr133                    000000001000594a f   NativeLib:interrupts_asm.obj
 0001:0000498c       intr134                    000000001000598c f   NativeLib:interrupts_asm.obj
 0001:000049ce       intr135                    00000000100059ce f   NativeLib:interrupts_asm.obj
 0001:00004a10       intr136                    0000000010005a10 f   NativeLib:interrupts_asm.obj
 0001:00004a52       intr137                    0000000010005a52 f   NativeLib:interrupts_asm.obj
 0001:00004a94       intr138                    0000000010005a94 f   NativeLib:interrupts_asm.obj
 0001:00004ad6       intr139                    0000000010005ad6 f   NativeLib:interrupts_asm.obj
 0001:00004b18       intr140                    0000000010005b18 f   NativeLib:interrupts_asm.obj
 0001:00004b5a       intr141                    0000000010005b5a f   NativeLib:interrupts_asm.obj
 0001:00004b9c       intr142                    0000000010005b9c f   NativeLib:interrupts_asm.obj
 0001:00004bde       intr143                    0000000010005bde f   NativeLib:interrupts_asm.obj
 0001:00004c20       intr144                    0000000010005c20 f   NativeLib:interrupts_asm.obj
 0001:00004c62       intr145                    0000000010005c62 f   NativeLib:interrupts_asm.obj
 0001:00004ca4       intr146                    0000000010005ca4 f   NativeLib:interrupts_asm.obj
 0001:00004ce6       intr147                    0000000010005ce6 f   NativeLib:interrupts_asm.obj
 0001:00004d28       intr148                    0000000010005d28 f   NativeLib:interrupts_asm.obj
 0001:00004d6a       intr149                    0000000010005d6a f   NativeLib:interrupts_asm.obj
 0001:00004dac       intr150                    0000000010005dac f   NativeLib:interrupts_asm.obj
 0001:00004dee       intr151                    0000000010005dee f   NativeLib:interrupts_asm.obj
 0001:00004e30       intr152                    0000000010005e30 f   NativeLib:interrupts_asm.obj
 0001:00004e72       intr153                    0000000010005e72 f   NativeLib:interrupts_asm.obj
 0001:00004eb4       intr154                    0000000010005eb4 f   NativeLib:interrupts_asm.obj
 0001:00004ef6       intr155                    0000000010005ef6 f   NativeLib:interrupts_asm.obj
 0001:00004f38       intr156                    0000000010005f38 f   NativeLib:interrupts_asm.obj
 0001:00004f7a       intr157                    0000000010005f7a f   NativeLib:interrupts_asm.obj
 0001:00004fbc       intr158                    0000000010005fbc f   NativeLib:interrupts_asm.obj
 0001:00004ffe       intr159                    0000000010005ffe f   NativeLib:interrupts_asm.obj
 0001:00005040       intr160                    0000000010006040 f   NativeLib:interrupts_asm.obj
 0001:00005082       intr161                    0000000010006082 f   NativeLib:interrupts_asm.obj
 0001:000050c4       intr162                    00000000100060c4 f   NativeLib:interrupts_asm.obj
 0001:00005106       intr163                    0000000010006106 f   NativeLib:interrupts_asm.obj
 0001:00005148       intr164                    0000000010006148 f   NativeLib:interrupts_asm.obj
 0001:0000518a       intr165                    000000001000618a f   NativeLib:interrupts_asm.obj
 0001:000051cc       intr166                    00000000100061cc f   NativeLib:interrupts_asm.obj
 0001:0000520e       intr167                    000000001000620e f   NativeLib:interrupts_asm.obj
 0001:00005250       intr168                    0000000010006250 f   NativeLib:interrupts_asm.obj
 0001:00005292       intr169                    0000000010006292 f   NativeLib:interrupts_asm.obj
 0001:000052d4       intr170                    00000000100062d4 f   NativeLib:interrupts_asm.obj
 0001:00005316       intr171                    0000000010006316 f   NativeLib:interrupts_asm.obj
 0001:00005358       intr172                    0000000010006358 f   NativeLib:interrupts_asm.obj
 0001:0000539a       intr173                    000000001000639a f   NativeLib:interrupts_asm.obj
 0001:000053dc       intr174                    00000000100063dc f   NativeLib:interrupts_asm.obj
 0001:0000541e       intr175                    000000001000641e f   NativeLib:interrupts_asm.obj
 0001:00005460       intr176                    0000000010006460 f   NativeLib:interrupts_asm.obj
 0001:000054a2       intr177                    00000000100064a2 f   NativeLib:interrupts_asm.obj
 0001:000054e4       intr178                    00000000100064e4 f   NativeLib:interrupts_asm.obj
 0001:00005526       intr179                    0000000010006526 f   NativeLib:interrupts_asm.obj
 0001:00005568       intr180                    0000000010006568 f   NativeLib:interrupts_asm.obj
 0001:000055aa       intr181                    00000000100065aa f   NativeLib:interrupts_asm.obj
 0001:000055ec       intr182                    00000000100065ec f   NativeLib:interrupts_asm.obj
 0001:0000562e       intr183                    000000001000662e f   NativeLib:interrupts_asm.obj
 0001:00005670       intr184                    0000000010006670 f   NativeLib:interrupts_asm.obj
 0001:000056b2       intr185                    00000000100066b2 f   NativeLib:interrupts_asm.obj
 0001:000056f4       intr186                    00000000100066f4 f   NativeLib:interrupts_asm.obj
 0001:00005736       intr187                    0000000010006736 f   NativeLib:interrupts_asm.obj
 0001:00005778       intr188                    0000000010006778 f   NativeLib:interrupts_asm.obj
 0001:000057ba       intr189                    00000000100067ba f   NativeLib:interrupts_asm.obj
 0001:000057fc       intr190                    00000000100067fc f   NativeLib:interrupts_asm.obj
 0001:0000583e       intr191                    000000001000683e f   NativeLib:interrupts_asm.obj
 0001:00005880       intr192                    0000000010006880 f   NativeLib:interrupts_asm.obj
 0001:000058c2       intr193                    00000000100068c2 f   NativeLib:interrupts_asm.obj
 0001:00005904       intr194                    0000000010006904 f   NativeLib:interrupts_asm.obj
 0001:00005946       intr195                    0000000010006946 f   NativeLib:interrupts_asm.obj
 0001:00005988       intr196                    0000000010006988 f   NativeLib:interrupts_asm.obj
 0001:000059ca       intr197                    00000000100069ca f   NativeLib:interrupts_asm.obj
 0001:00005a0c       intr198                    0000000010006a0c f   NativeLib:interrupts_asm.obj
 0001:00005a4e       intr199                    0000000010006a4e f   NativeLib:interrupts_asm.obj
 0001:00005a90       intr200                    0000000010006a90 f   NativeLib:interrupts_asm.obj
 0001:00005ad2       intr201                    0000000010006ad2 f   NativeLib:interrupts_asm.obj
 0001:00005b14       intr202                    0000000010006b14 f   NativeLib:interrupts_asm.obj
 0001:00005b56       intr203                    0000000010006b56 f   NativeLib:interrupts_asm.obj
 0001:00005b98       intr204                    0000000010006b98 f   NativeLib:interrupts_asm.obj
 0001:00005bda       intr205                    0000000010006bda f   NativeLib:interrupts_asm.obj
 0001:00005c1c       intr206                    0000000010006c1c f   NativeLib:interrupts_asm.obj
 0001:00005c5e       intr207                    0000000010006c5e f   NativeLib:interrupts_asm.obj
 0001:00005ca0       intr208                    0000000010006ca0 f   NativeLib:interrupts_asm.obj
 0001:00005ce2       intr209                    0000000010006ce2 f   NativeLib:interrupts_asm.obj
 0001:00005d24       intr210                    0000000010006d24 f   NativeLib:interrupts_asm.obj
 0001:00005d66       intr211                    0000000010006d66 f   NativeLib:interrupts_asm.obj
 0001:00005da8       intr212                    0000000010006da8 f   NativeLib:interrupts_asm.obj
 0001:00005dea       intr213                    0000000010006dea f   NativeLib:interrupts_asm.obj
 0001:00005e2c       intr214                    0000000010006e2c f   NativeLib:interrupts_asm.obj
 0001:00005e6e       intr215                    0000000010006e6e f   NativeLib:interrupts_asm.obj
 0001:00005eb0       intr216                    0000000010006eb0 f   NativeLib:interrupts_asm.obj
 0001:00005ef2       intr217                    0000000010006ef2 f   NativeLib:interrupts_asm.obj
 0001:00005f34       intr218                    0000000010006f34 f   NativeLib:interrupts_asm.obj
 0001:00005f76       intr219                    0000000010006f76 f   NativeLib:interrupts_asm.obj
 0001:00005fb8       intr220                    0000000010006fb8 f   NativeLib:interrupts_asm.obj
 0001:00005ffa       intr221                    0000000010006ffa f   NativeLib:interrupts_asm.obj
 0001:0000603c       intr222                    000000001000703c f   NativeLib:interrupts_asm.obj
 0001:0000607e       intr223                    000000001000707e f   NativeLib:interrupts_asm.obj
 0001:000060c0       intr224                    00000000100070c0 f   NativeLib:interrupts_asm.obj
 0001:00006102       intr225                    0000000010007102 f   NativeLib:interrupts_asm.obj
 0001:00006144       intr226                    0000000010007144 f   NativeLib:interrupts_asm.obj
 0001:00006186       intr227                    0000000010007186 f   NativeLib:interrupts_asm.obj
 0001:000061c8       intr228                    00000000100071c8 f   NativeLib:interrupts_asm.obj
 0001:0000620a       intr229                    000000001000720a f   NativeLib:interrupts_asm.obj
 0001:0000624c       intr230                    000000001000724c f   NativeLib:interrupts_asm.obj
 0001:0000628e       intr231                    000000001000728e f   NativeLib:interrupts_asm.obj
 0001:000062d0       intr232                    00000000100072d0 f   NativeLib:interrupts_asm.obj
 0001:00006312       intr233                    0000000010007312 f   NativeLib:interrupts_asm.obj
 0001:00006354       intr234                    0000000010007354 f   NativeLib:interrupts_asm.obj
 0001:00006396       intr235                    0000000010007396 f   NativeLib:interrupts_asm.obj
 0001:000063d8       intr236                    00000000100073d8 f   NativeLib:interrupts_asm.obj
 0001:0000641a       intr237                    000000001000741a f   NativeLib:interrupts_asm.obj
 0001:0000645c       intr238                    000000001000745c f   NativeLib:interrupts_asm.obj
 0001:0000649e       intr239                    000000001000749e f   NativeLib:interrupts_asm.obj
 0001:000064e0       intr240                    00000000100074e0 f   NativeLib:interrupts_asm.obj
 0001:00006522       intr241                    0000000010007522 f   NativeLib:interrupts_asm.obj
 0001:00006564       intr242                    0000000010007564 f   NativeLib:interrupts_asm.obj
 0001:000065a6       intr243                    00000000100075a6 f   NativeLib:interrupts_asm.obj
 0001:000065e8       intr244                    00000000100075e8 f   NativeLib:interrupts_asm.obj
 0001:0000662a       intr245                    000000001000762a f   NativeLib:interrupts_asm.obj
 0001:0000666c       intr246                    000000001000766c f   NativeLib:interrupts_asm.obj
 0001:000066ae       intr247                    00000000100076ae f   NativeLib:interrupts_asm.obj
 0001:000066f0       intr248                    00000000100076f0 f   NativeLib:interrupts_asm.obj
 0001:00006732       intr249                    0000000010007732 f   NativeLib:interrupts_asm.obj
 0001:00006774       intr250                    0000000010007774 f   NativeLib:interrupts_asm.obj
 0001:000067b6       intr251                    00000000100077b6 f   NativeLib:interrupts_asm.obj
 0001:000067f8       intr252                    00000000100077f8 f   NativeLib:interrupts_asm.obj
 0001:0000683a       intr253                    000000001000783a f   NativeLib:interrupts_asm.obj
 0001:0000687c       intr254                    000000001000787c f   NativeLib:interrupts_asm.obj
 0001:000068be       intr255                    00000000100078be f   NativeLib:interrupts_asm.obj
 0001:00006900       _reload_segreg             0000000010007900 f   NativeLib:interrupts_asm.obj
 0001:00006927       Load_IDT                   0000000010007927 f   NativeLib:interrupts_asm.obj
 0001:0000692b       _cli                       000000001000792b f   NativeLib:interrupts_asm.obj
 0001:0000692d       _sti                       000000001000792d f   NativeLib:interrupts_asm.obj
 0001:0000692f       _hlt                       000000001000792f f   NativeLib:interrupts_asm.obj
 0001:00006931       _inttest                   0000000010007931 f   NativeLib:interrupts_asm.obj
 0001:0000693b       _iretq                     000000001000793b f   NativeLib:interrupts_asm.obj
 0001:00006956       _int20h                    0000000010007956 f   NativeLib:interrupts_asm.obj
 0001:00006960       In16                       0000000010007960 f   NativeLib:io.obj
 0001:00006990       In32                       0000000010007990 f   NativeLib:io.obj
 0001:000069c0       In8                        00000000100079c0 f   NativeLib:io.obj
 0001:000069f0       Insb                       00000000100079f0 f   NativeLib:io.obj
 0001:00006a30       Insd                       0000000010007a30 f   NativeLib:io.obj
 0001:00006a70       Insw                       0000000010007a70 f   NativeLib:io.obj
 0001:00006ab0       Out16                      0000000010007ab0 f   NativeLib:io.obj
 0001:00006ae0       Out32                      0000000010007ae0 f   NativeLib:io.obj
 0001:00006b10       Out8                       0000000010007b10 f   NativeLib:io.obj
 0001:00006b40       Outsb                      0000000010007b40 f   NativeLib:io.obj
 0001:00006b80       Outsd                      0000000010007b80 f   NativeLib:io.obj
 0001:00006bc0       Outsw                      0000000010007bc0 f   NativeLib:io.obj
 0001:00006c00       vmware_send                0000000010007c00 f   NativeLib:vmware.obj
 0001:00006c84       vmware_send_hb             0000000010007c84 f   NativeLib:vmware.obj
 0001:00006d0a       vmware_get_hb              0000000010007d0a f   NativeLib:vmware.obj
 0001:00006d90       enable_avx                 0000000010007d90 f   NativeLib:misc.obj
 0001:00006da3       enable_sse                 0000000010007da3 f   NativeLib:misc.obj
 0001:00006db6       Schedule_Next              0000000010007db6 f   NativeLib:misc.obj
 0001:00012220       lodepng_add_itext          0000000010013220 f   NativeLib:lodepng.obj
 0001:00012460       lodepng_add_text           0000000010013460 f   NativeLib:lodepng.obj
 0001:00012720       lodepng_can_have_alpha     0000000010013720 f   NativeLib:lodepng.obj
 0001:00012780       lodepng_chunk_ancillary    0000000010013780 f   NativeLib:lodepng.obj
 0001:000127d0       lodepng_chunk_append       00000000100137d0 f   NativeLib:lodepng.obj
 0001:000128f0       lodepng_chunk_check_crc    00000000100138f0 f   NativeLib:lodepng.obj
 0001:00012980       lodepng_chunk_create       0000000010013980 f   NativeLib:lodepng.obj
 0001:00012ab0       lodepng_chunk_data         0000000010013ab0 f   NativeLib:lodepng.obj
 0001:00012af0       lodepng_chunk_data_const   0000000010013af0 f   NativeLib:lodepng.obj
 0001:00012b30       lodepng_chunk_find         0000000010013b30 f   NativeLib:lodepng.obj
 0001:00012bb0       lodepng_chunk_find_const   0000000010013bb0 f   NativeLib:lodepng.obj
 0001:00012c30       lodepng_chunk_generate_crc 0000000010013c30 f   NativeLib:lodepng.obj
 0001:00012d80       lodepng_chunk_length       0000000010013d80 f   NativeLib:lodepng.obj
 0001:00012dc0       lodepng_chunk_next         0000000010013dc0 f   NativeLib:lodepng.obj
 0001:00012f20       lodepng_chunk_next_const   0000000010013f20 f   NativeLib:lodepng.obj
 0001:00013080       lodepng_chunk_private      0000000010014080 f   NativeLib:lodepng.obj
 0001:000130d0       lodepng_chunk_safetocopy   00000000100140d0 f   NativeLib:lodepng.obj
 0001:00013120       lodepng_chunk_type         0000000010014120 f   NativeLib:lodepng.obj
 0001:00013190       lodepng_chunk_type_equals  0000000010014190 f   NativeLib:lodepng.obj
 0001:00013280       lodepng_clear_icc          0000000010014280 f   NativeLib:lodepng.obj
 0001:000132f0       lodepng_clear_itext        00000000100142f0 f   NativeLib:lodepng.obj
 0001:00013320       lodepng_clear_text         0000000010014320 f   NativeLib:lodepng.obj
 0001:00013400       lodepng_color_mode_cleanup 0000000010014400 f   NativeLib:lodepng.obj
 0001:00013430       lodepng_color_mode_copy    0000000010014430 f   NativeLib:lodepng.obj
 0001:00013610       lodepng_color_mode_init    0000000010014610 f   NativeLib:lodepng.obj
 0001:00013690       lodepng_color_mode_make    0000000010014690 f   NativeLib:lodepng.obj
 0001:00013820       lodepng_color_stats_init   0000000010014820 f   NativeLib:lodepng.obj
 0001:000138d0       lodepng_compress_settings_init 00000000100148d0 f   NativeLib:lodepng.obj
 0001:00013960       lodepng_compute_color_stats 0000000010014960 f   NativeLib:lodepng.obj
 0001:00014830       lodepng_convert            0000000010015830 f   NativeLib:lodepng.obj
 0001:00014d70       lodepng_convert_rgb        0000000010015d70 f   NativeLib:lodepng.obj
 0001:000150b0       lodepng_crc32              00000000100160b0 f   NativeLib:lodepng.obj
 0001:00015140       lodepng_decode             0000000010016140 f   NativeLib:lodepng.obj
 0001:00015330       lodepng_decode24           0000000010016330 f   NativeLib:lodepng.obj
 0001:000153a0       lodepng_decode32           00000000100163a0 f   NativeLib:lodepng.obj
 0001:00015410       lodepng_decode_memory      0000000010016410 f   NativeLib:lodepng.obj
 0001:000154e0       lodepng_decoder_settings_init 00000000100164e0 f   NativeLib:lodepng.obj
 0001:00015570       lodepng_decompress_settings_init 0000000010016570 f   NativeLib:lodepng.obj
 0001:000155e0       lodepng_deflate            00000000100165e0 f   NativeLib:lodepng.obj
 0001:000158f0       lodepng_encode             00000000100168f0 f   NativeLib:lodepng.obj
 0001:000168f0       lodepng_encode24           00000000100178f0 f   NativeLib:lodepng.obj
 0001:00016950       lodepng_encode32           0000000010017950 f   NativeLib:lodepng.obj
 0001:000169b0       lodepng_encode_memory      00000000100179b0 f   NativeLib:lodepng.obj
 0001:00016a70       lodepng_encoder_settings_init 0000000010017a70 f   NativeLib:lodepng.obj
 0001:00016af0       lodepng_error_text         0000000010017af0 f   NativeLib:lodepng.obj
 0001:000171c0       lodepng_get_bpp            00000000100181c0 f   NativeLib:lodepng.obj
 0001:00017230       lodepng_get_channels       0000000010018230 f   NativeLib:lodepng.obj
 0001:00017260       lodepng_get_raw_size       0000000010018260 f   NativeLib:lodepng.obj
 0001:00017440       lodepng_has_palette_alpha  0000000010018440 f   NativeLib:lodepng.obj
 0001:000174b0       lodepng_huffman_code_lengths 00000000100184b0 f   NativeLib:lodepng.obj
 0001:00017900       lodepng_inflate            0000000010018900 f   NativeLib:lodepng.obj
 0001:00017b10       lodepng_info_cleanup       0000000010018b10 f   NativeLib:lodepng.obj
 0001:00017b70       lodepng_info_copy          0000000010018b70 f   NativeLib:lodepng.obj
 0001:00017ca0       lodepng_info_init          0000000010018ca0 f   NativeLib:lodepng.obj
 0001:00017db0       lodepng_inspect            0000000010018db0 f   NativeLib:lodepng.obj
 0001:00018200       lodepng_inspect_chunk      0000000010019200 f   NativeLib:lodepng.obj
 0001:00018620       lodepng_is_alpha_type      0000000010019620 f   NativeLib:lodepng.obj
 0001:00018670       lodepng_is_greyscale_type  0000000010019670 f   NativeLib:lodepng.obj
 0001:000186c0       lodepng_is_palette_type    00000000100196c0 f   NativeLib:lodepng.obj
 0001:00018870       lodepng_palette_add        0000000010019870 f   NativeLib:lodepng.obj
 0001:00018960       lodepng_palette_clear      0000000010019960 f   NativeLib:lodepng.obj
 0001:00018c80       lodepng_set_icc            0000000010019c80 f   NativeLib:lodepng.obj
 0001:00018cf0       lodepng_state_cleanup      0000000010019cf0 f   NativeLib:lodepng.obj
 0001:00018d40       lodepng_state_copy         0000000010019d40 f   NativeLib:lodepng.obj
 0001:00018e10       lodepng_state_init         0000000010019e10 f   NativeLib:lodepng.obj
 0001:00018ed0       lodepng_zlib_compress      0000000010019ed0 f   NativeLib:lodepng.obj
 0001:000190c0       lodepng_zlib_decompress    000000001001a0c0 f   NativeLib:lodepng.obj
 0001:0001dd70       mystrtoul                  000000001001ed70 f   LibC:strtoul.obj
 0001:00020610       fctprintf                  0000000010021610 f   LibC:printf.obj
 0001:00020690       printf_                    0000000010021690 f   LibC:printf.obj
 0001:00020700       snprintf_                  0000000010021700 f   LibC:printf.obj
 0001:00020760       sprintf_                   0000000010021760 f   LibC:printf.obj
 0001:000207d0       vprintf_                   00000000100217d0 f   LibC:printf.obj
 0001:00020820       vsnprintf_                 0000000010021820 f   LibC:printf.obj
 0001:00020870       myisspace                  0000000010021870 f   LibC:isspace.obj
 0001:000208c0       myisdigit                  00000000100218c0 f   LibC:isdigit.obj
 0001:00020900       myisalpha                  0000000010021900 f   LibC:isalpha.obj
 0001:00020940       myisupper                  0000000010021940 f   LibC:isupper.obj
 0002:00000000       unbox_UInt8__ToString      0000000010022000     guideXOS.obj
 0002:0000000c       unbox_UInt16__ToString     000000001002200c     guideXOS.obj
 0002:00000018       unbox_UInt32__ToString     0000000010022018     guideXOS.obj
 0003:00000000       KMain                      0000000010023000     guideXOS.obj
 0003:00000000       guideXOS_Program__KMain    0000000010023000     guideXOS.obj
 0003:00000288       guideXOS_Program__SMain    0000000010023288     guideXOS.obj
 0003:0000092c       guideXOS_Program__InitConsole 000000001002392c     guideXOS.obj
 0003:0000096c       guideXOS_Allocator__GetPageIndexStart 000000001002396c     guideXOS.obj
 0003:000009c0       guideXOS_Allocator__Free   00000000100239c0     guideXOS.obj
 0003:00000af8       guideXOS_Allocator__get_MemoryInUse 0000000010023af8     guideXOS.obj
 0003:00000b10       guideXOS_Allocator__Initialize 0000000010023b10     guideXOS.obj
 0003:00000ba4       guideXOS_Allocator__Allocate 0000000010023ba4     guideXOS.obj
 0003:00000d08       guideXOS_Allocator__Reallocate 0000000010023d08     guideXOS.obj
 0003:00000dfc       guideXOS_GDT__Initialise   0000000010023dfc     guideXOS.obj
 0003:00000ed8       guideXOS_IDT__Initialize   0000000010023ed8     guideXOS.obj
 0003:00000fcc       guideXOS_IDT__intr_handler 0000000010023fcc     guideXOS.obj
 0003:00000fcc       intr_handler               0000000010023fcc     guideXOS.obj
 0003:000016dc       guideXOS_Native__Load_GDT  00000000100246dc     guideXOS.obj
 0003:00001730       guideXOS_Native__Load_IDT  0000000010024730     guideXOS.obj
 0003:00001784       guideXOS_Internal_Runtime_EEType__get_IsArray 0000000010024784     guideXOS.obj
 0003:000017a8       guideXOS_Internal_Runtime_EEType__get_ArrayRank 00000000100247a8     guideXOS.obj
 0003:000017c8       __imp_GetCurrentThreadId   00000000100247c8     guideXOS.obj
 0003:000017c8       guideXOS_Internal_Runtime_CompilerHelpers_StartupCodeHelpers____imp_GetCurrentThreadId 00000000100247c8     guideXOS.obj
 0003:000017cc       __CheckForDebuggerJustMyCode 00000000100247cc     guideXOS.obj
 0003:000017cc       guideXOS_Internal_Runtime_CompilerHelpers_StartupCodeHelpers____CheckForDebuggerJustMyCode 00000000100247cc     guideXOS.obj
 0003:000017d0       __fail_fast                00000000100247d0     guideXOS.obj
 0003:000017d0       guideXOS_Internal_Runtime_CompilerHelpers_StartupCodeHelpers__FailFast 00000000100247d0     guideXOS.obj
 0003:000017d4       guideXOS_Internal_Runtime_CompilerHelpers_StartupCodeHelpers__MemSet 00000000100247d4     guideXOS.obj
 0003:000017d4       memset                     00000000100247d4     guideXOS.obj
 0003:000017f0       guideXOS_Internal_Runtime_CompilerHelpers_StartupCodeHelpers__MemCpy 00000000100247f0     guideXOS.obj
 0003:000017f0       memcpy                     00000000100247f0     guideXOS.obj
 0003:0000180c       RhpFallbackFailFast        000000001002480c     guideXOS.obj
 0003:0000180c       guideXOS_Internal_Runtime_CompilerHelpers_StartupCodeHelpers__RhpFallbackFailFast 000000001002480c     guideXOS.obj
 0003:00001810       RhpReversePInvoke2         0000000010024810     guideXOS.obj
 0003:00001810       guideXOS_Internal_Runtime_CompilerHelpers_StartupCodeHelpers__RhpReversePInvoke2 0000000010024810     guideXOS.obj
 0003:00001814       RhpReversePInvokeReturn2   0000000010024814     guideXOS.obj
 0003:00001814       guideXOS_Internal_Runtime_CompilerHelpers_StartupCodeHelpers__RhpReversePInvokeReturn2 0000000010024814     guideXOS.obj
 0003:00001818       RhpReversePInvoke          0000000010024818     guideXOS.obj
 0003:00001818       guideXOS_Internal_Runtime_CompilerHelpers_StartupCodeHelpers__RhpReversePInvoke 0000000010024818     guideXOS.obj
 0003:0000181c       RhpReversePInvokeReturn    000000001002481c     guideXOS.obj
 0003:0000181c       guideXOS_Internal_Runtime_CompilerHelpers_StartupCodeHelpers__RhpReversePInvokeReturn 000000001002481c     guideXOS.obj
 0003:00001820       RhpPInvoke                 0000000010024820     guideXOS.obj
 0003:00001820       guideXOS_Internal_Runtime_CompilerHelpers_StartupCodeHelpers__RhpPinvoke 0000000010024820     guideXOS.obj
 0003:00001824       RhpPInvokeReturn           0000000010024824     guideXOS.obj
 0003:00001824       guideXOS_Internal_Runtime_CompilerHelpers_StartupCodeHelpers__RhpPinvokeReturn 0000000010024824     guideXOS.obj
 0003:00001828       RhpNewFast                 0000000010024828     guideXOS.obj
 0003:00001828       guideXOS_Internal_Runtime_CompilerHelpers_StartupCodeHelpers__RhpNewFast 0000000010024828     guideXOS.obj
 0003:000018b4       RhpNewArray                00000000100248b4     guideXOS.obj
 0003:000018b4       guideXOS_Internal_Runtime_CompilerHelpers_StartupCodeHelpers__RhpNewArray 00000000100248b4     guideXOS.obj
 0003:00001978       RhpAssignRef               0000000010024978     guideXOS.obj
 0003:00001978       guideXOS_Internal_Runtime_CompilerHelpers_StartupCodeHelpers__RhpAssignRef 0000000010024978     guideXOS.obj
 0003:0000197c       RhpByRefAssignRef          000000001002497c     guideXOS.obj
 0003:0000197c       guideXOS_Internal_Runtime_CompilerHelpers_StartupCodeHelpers__RhpByRefAssignRef 000000001002497c     guideXOS.obj
 0003:00001980       RhpCheckedAssignRef        0000000010024980     guideXOS.obj
 0003:00001980       guideXOS_Internal_Runtime_CompilerHelpers_StartupCodeHelpers__RhpCheckedAssignRef 0000000010024980     guideXOS.obj
 0003:00001984       RhpStelemRef               0000000010024984     guideXOS.obj
 0003:00001984       guideXOS_Internal_Runtime_CompilerHelpers_StartupCodeHelpers__RhpStelemRef 0000000010024984     guideXOS.obj
 0003:000019bc       RhTypeCast_IsInstanceOfClass 00000000100249bc     guideXOS.obj
 0003:000019bc       guideXOS_Internal_Runtime_CompilerHelpers_StartupCodeHelpers__RhTypeCast_IsInstanceOfClass 00000000100249bc     guideXOS.obj
 0003:000019e8       guideXOS_Internal_Runtime_CompilerHelpers_StartupCodeHelpers__InitializeModules 00000000100249e8     guideXOS.obj
 0003:00001ba0       guideXOS_Internal_Runtime_CompilerHelpers_StartupCodeHelpers__InitializeStatics 0000000010024ba0     guideXOS.obj
 0003:00001c8c       guideXOS_Internal_Runtime_CompilerHelpers_SynchronizedMethodHelpers__MonitorEnterStatic 0000000010024c8c     guideXOS.obj
 0003:00001c90       guideXOS_Internal_Runtime_CompilerHelpers_SynchronizedMethodHelpers__MonitorExitStatic 0000000010024c90     guideXOS.obj
 0003:00001c94       guideXOS_Internal_Runtime_CompilerHelpers_ThrowHelpers__Error 0000000010024c94     guideXOS.obj
 0003:00001d44       guideXOS_Internal_Runtime_CompilerHelpers_ThrowHelpers__ThrowOverflowException 0000000010024d44     guideXOS.obj
 0003:00001d5c       guideXOS_Internal_Runtime_CompilerHelpers_ThrowHelpers__ThrowIndexOutOfRangeException 0000000010024d5c     guideXOS.obj
 0003:00001d74       UInt8__ToString            0000000010024d74     guideXOS.obj
 0003:00001d90       Char__ToUpper              0000000010024d90     guideXOS.obj
 0003:00001da8       guideXOS_System_Delegate__InitializeClosedInstance 0000000010024da8     guideXOS.obj
 0003:00001dd4       guideXOS_System_Math__Pow  0000000010024dd4     guideXOS.obj
 0003:00001e00       guideXOS_System_Math__Fact 0000000010024e00     guideXOS.obj
 0003:00001e38       guideXOS_System_Math__Sin  0000000010024e38     guideXOS.obj
 0003:00001ee8       guideXOS_System_MathF__Floor 0000000010024ee8     guideXOS.obj
 0003:00001f48       Object___ctor              0000000010024f48     guideXOS.obj
 0003:00001f4c       Object__ToString           0000000010024f4c     guideXOS.obj
 0003:00001f54       Object__Dispose            0000000010024f54     guideXOS.obj
 0003:00001fa4       String__FromASCII          0000000010024fa4     guideXOS.obj
 0003:0000203c       String__Ctor               000000001002503c     guideXOS.obj
 0003:0000205c       String__Ctor_2             000000001002505c     guideXOS.obj
 0003:00002118       String__LastIndexOf        0000000010025118     guideXOS.obj
 0003:00002144       String__ToString           0000000010025144     guideXOS.obj
 0003:00002148       String__Equals_0           0000000010025148     guideXOS.obj
 0003:00002190       String__Concat             0000000010025190     guideXOS.obj
 0003:0000227c       String__IndexOf            000000001002527c     guideXOS.obj
 0003:000022ac       String__Concat_0           00000000100252ac     guideXOS.obj
 0003:00002320       String__Concat_1           0000000010025320     guideXOS.obj
 0003:000023e4       String__Concat_2           00000000100253e4     guideXOS.obj
 0003:000024cc       String__Format             00000000100254cc     guideXOS.obj
 0003:000026d8       String__Substring          00000000100256d8     guideXOS.obj
 0003:00002718       String__Substring_0        0000000010025718     guideXOS.obj
 0003:00002754       String__EndsWith_0         0000000010025754     guideXOS.obj
 0003:000027e0       UInt16__ToString           00000000100257e0     guideXOS.obj
 0003:000027fc       UInt32__ToString           00000000100257fc     guideXOS.obj
 0003:00002818       UInt64__ToString           0000000010025818     guideXOS.obj
 0003:000028e0       UInt64__ToStringHex        00000000100258e0     guideXOS.obj
 0003:00002988       guideXOS_System_Threading_Monitor__Unlock 0000000010025988     guideXOS.obj
 0003:000029cc       RhTypeCast_CheckCastClass  00000000100259cc     guideXOS.obj
 0003:000029cc       guideXOS_System_Runtime_TypeCast__CheckCastClass 00000000100259cc     guideXOS.obj
 0003:000029f4       RhTypeCast_CheckCastArray  00000000100259f4     guideXOS.obj
 0003:000029f4       guideXOS_System_Runtime_TypeCast__CheckCastArray 00000000100259f4     guideXOS.obj
 0003:00002a1c       RhTypeCast_IsInstanceOfArray 0000000010025a1c     guideXOS.obj
 0003:00002a1c       guideXOS_System_Runtime_TypeCast__IsInstanceOfArray 0000000010025a1c     guideXOS.obj
 0003:00002a78       guideXOS_System_Drawing_Image___ctor 0000000010025a78     guideXOS.obj
 0003:00002ab4       guideXOS_System_Drawing_Image___ctor_0 0000000010025ab4     guideXOS.obj
 0003:00002ab8       guideXOS_System_Drawing_Image__Resample 0000000010025ab8     guideXOS.obj
 0003:00002e5c       guideXOS_System_Drawing_Image__ResizeImage 0000000010025e5c     guideXOS.obj
 0003:00002fd0       guideXOS_System_Drawing_Image__Dispose 0000000010025fd0     guideXOS.obj
 0003:00003058       guideXOS_System_Diagnostics_Process__Start 0000000010026058     guideXOS.obj
 0003:0000325c       guideXOS_System_Diagnostics_Process__StartThread 000000001002625c     guideXOS.obj
 0003:000032dc       guideXOS_System_Diagnostics_Process__FixImageRelocations 00000000100262dc     guideXOS.obj
 0003:00003348       guideXOS_guideXOS_Animation___ctor 0000000010026348     guideXOS.obj
 0003:00003358       guideXOS_guideXOS_Animator__Initialize 0000000010026358     guideXOS.obj
 0003:000033b0       guideXOS_guideXOS_Animator__OnInterrupt 00000000100263b0     guideXOS.obj
 0003:0000343c       guideXOS_guideXOS_API__HandleSystemCall 000000001002643c     guideXOS.obj
 0003:000037d8       guideXOS_guideXOS_API__API_SndWrite 00000000100267d8     guideXOS.obj
 0003:000037e0       guideXOS_guideXOS_API__API_Calloc 00000000100267e0     guideXOS.obj
 0003:000037e8       guideXOS_guideXOS_API__API_StartThread 00000000100267e8     guideXOS.obj
 0003:00003824       guideXOS_guideXOS_API__API_Error 0000000010026824     guideXOS.obj
 0003:0000382c       guideXOS_guideXOS_API__API_GetTime 000000001002682c     guideXOS.obj
 0003:000038ac       guideXOS_guideXOS_API__API_DrawImage 00000000100268ac     guideXOS.obj
 0003:000038e0       guideXOS_guideXOS_API__API_WriteString 00000000100268e0     guideXOS.obj
 0003:00003940       guideXOS_guideXOS_API__API_Width 0000000010026940     guideXOS.obj
 0003:00003954       guideXOS_guideXOS_API__API_Height 0000000010026954     guideXOS.obj
 0003:00003968       guideXOS_guideXOS_API__API_Update 0000000010026968     guideXOS.obj
 0003:00003970       guideXOS_guideXOS_API__API_Clear 0000000010026970     guideXOS.obj
 0003:00003990       DebugWrite                 0000000010026990     guideXOS.obj
 0003:00003990       guideXOS_guideXOS_API__API_DebugWrite 0000000010026990     guideXOS.obj
 0003:00003998       DebugWriteLine             0000000010026998     guideXOS.obj
 0003:00003998       guideXOS_guideXOS_API__API_DebugWriteLine 0000000010026998     guideXOS.obj
 0003:000039b4       Lock                       00000000100269b4     guideXOS.obj
 0003:000039b4       guideXOS_guideXOS_API__API_Lock 00000000100269b4     guideXOS.obj
 0003:000039dc       Unlock                     00000000100269dc     guideXOS.obj
 0003:000039dc       guideXOS_guideXOS_API__API_Unlock 00000000100269dc     guideXOS.obj
 0003:00003a1c       guideXOS_guideXOS_API__API_DrawPoint 0000000010026a1c     guideXOS.obj
 0003:00003a50       guideXOS_guideXOS_API__API_SwitchToConsoleMode 0000000010026a50     guideXOS.obj
 0003:00003a58       guideXOS_guideXOS_API__API_ReadAllBytes 0000000010026a58     guideXOS.obj
 0003:00003b60       guideXOS_guideXOS_API__API_Sleep 0000000010026b60     guideXOS.obj
 0003:00003b68       guideXOS_guideXOS_API__API_GetTick 0000000010026b68     guideXOS.obj
 0003:00003b7c       guideXOS_guideXOS_API__API_Write 0000000010026b7c     guideXOS.obj
 0003:00003b88       guideXOS_guideXOS_API__API_WriteLine 0000000010026b88     guideXOS.obj
 0003:00003b90       guideXOS_guideXOS_API__API_Allocate 0000000010026b90     guideXOS.obj
 0003:00003b98       guideXOS_guideXOS_API__API_Free 0000000010026b98     guideXOS.obj
 0003:00003ba0       guideXOS_guideXOS_API__API_Reallocate 0000000010026ba0     guideXOS.obj
 0003:00003ba8       guideXOS_guideXOS_API__SayHello 0000000010026ba8     guideXOS.obj
 0003:00003bb4       guideXOS_guideXOS_AC97__Initialize 0000000010026bb4     guideXOS.obj
 0003:00003eb8       guideXOS_guideXOS_AC97__OnInterrupt 0000000010026eb8     guideXOS.obj
 0003:00003ff4       guideXOS_guideXOS_ES1371__Initialize 0000000010026ff4     guideXOS.obj
 0003:00004238       guideXOS_guideXOS_ES1371__OnInterrupt 0000000010027238     guideXOS.obj
 0003:00004340       guideXOS_guideXOS_Framebuffer__set_TripleBuffered 0000000010027340     guideXOS.obj
 0003:000043c4       guideXOS_guideXOS_Framebuffer__Update 00000000100273c4     guideXOS.obj
 0003:00004494       guideXOS_guideXOS_Framebuffer__Initialize 0000000010027494     guideXOS.obj
 0003:000045cc       guideXOS_guideXOS_Keyboard__InvokeOnKeyChanged 00000000100275cc     guideXOS.obj
 0003:000045fc       guideXOS_guideXOS_Keyboard__CleanKeyInfo 00000000100275fc     guideXOS.obj
 0003:00004628       guideXOS_guideXOS_PCIDevice__WriteRegister 0000000010027628     guideXOS.obj
 0003:00004694       guideXOS_guideXOS_PCIDevice___ctor 0000000010027694     guideXOS.obj
 0003:00004698       guideXOS_guideXOS_PCI__GetDevice 0000000010027698     guideXOS.obj
 0003:00004708       guideXOS_guideXOS_PCI__GetDevice_0 0000000010027708     guideXOS.obj
 0003:0000478c       guideXOS_guideXOS_PCI__Initialise 000000001002778c     guideXOS.obj
 0003:00004818       guideXOS_guideXOS_PCI__CheckBus 0000000010027818     guideXOS.obj
 0003:00004c98       guideXOS_guideXOS_PCI__WriteRegister32 0000000010027c98     guideXOS.obj
 0003:00004d34       guideXOS_guideXOS_PCI__ReadRegister32 0000000010027d34     guideXOS.obj
 0003:00004dcc       guideXOS_guideXOS_PCI__ReadRegister16 0000000010027dcc     guideXOS.obj
 0003:00004e74       guideXOS_guideXOS_PCI__ReadRegister8 0000000010027e74     guideXOS.obj
 0003:00004f1c       guideXOS_guideXOS_PCI__WriteRegister16 0000000010027f1c     guideXOS.obj
 0003:00004fbc       guideXOS_guideXOS_PCI__GetVendorID 0000000010027fbc     guideXOS.obj
 0003:00005048       guideXOS_guideXOS_PCI__GetHeaderType 0000000010028048     guideXOS.obj
 0003:000050dc       guideXOS_guideXOS_PCI__GetAddressBase 00000000100280dc     guideXOS.obj
 0003:000050fc       guideXOS_guideXOS_PIC__Disable 00000000100280fc     guideXOS.obj
 0003:000052e8       guideXOS_guideXOS_PS2Keyboard__Initialize 00000000100282e8     guideXOS.obj
 0003:000057a8       guideXOS_guideXOS_PS2Keyboard__OnInterrupt 00000000100287a8     guideXOS.obj
 0003:00005800       guideXOS_guideXOS_PS2Keyboard__ProcessKey 0000000010028800     guideXOS.obj
 0003:000059fc       guideXOS_guideXOS_PS2Mouse__Initialise 00000000100289fc     guideXOS.obj
 0003:00005c00       guideXOS_guideXOS_PS2Mouse__WriteRegister 0000000010028c00     guideXOS.obj
 0003:00005cec       guideXOS_guideXOS_PS2Mouse__OnInterrupt 0000000010028cec     guideXOS.obj
 0003:00005eb8       guideXOS_guideXOS_RTC__get_Second 0000000010028eb8     guideXOS.obj
 0003:00005f50       guideXOS_guideXOS_RTC__get_Minute 0000000010028f50     guideXOS.obj
 0003:00005fec       guideXOS_guideXOS_RTC__get_Hour 0000000010028fec     guideXOS.obj
 0003:000060a0       guideXOS_guideXOS_RTC__get_Century 00000000100290a0     guideXOS.obj
 0003:0000613c       guideXOS_guideXOS_RTC__get_Year 000000001002913c     guideXOS.obj
 0003:000061d8       guideXOS_guideXOS_RTC__get_Month 00000000100291d8     guideXOS.obj
 0003:00006274       guideXOS_guideXOS_RTC__get_Day 0000000010029274     guideXOS.obj
 0003:00006310       guideXOS_guideXOS_SATA__Initialize 0000000010029310     guideXOS.obj
 0003:000066f0       guideXOS_guideXOS_SATA__CheckPortType 00000000100296f0     guideXOS.obj
 0003:0000674c       guideXOS_guideXOS_Serial__Initialise 000000001002974c     guideXOS.obj
 0003:000068ac       guideXOS_guideXOS_Serial__Write_0 00000000100298ac     guideXOS.obj
 0003:00006934       guideXOS_guideXOS_VMwareTools__Initialize 0000000010029934     guideXOS.obj
 0003:00006970       guideXOS_guideXOS_VMwareTools__vmware_handle_mouse 0000000010029970     guideXOS.obj
 0003:00006acc       guideXOS_guideXOS_VMwareTools__mouse_absolute 0000000010029acc     guideXOS.obj
 0003:00006bc4       guideXOS_guideXOS_VMwareTools__is_vmware_backdoor 0000000010029bc4     guideXOS.obj
 0003:00006c48       guideXOS_guideXOS_Kbd2Mouse__OnKeyChanged 0000000010029c48     guideXOS.obj
 0003:00006dcc       guideXOS_guideXOS_ASC16__DrawChar 0000000010029dcc     guideXOS.obj
 0003:00006e60       guideXOS_guideXOS_Console__add_OnWrite 0000000010029e60     guideXOS.obj
 0003:00006ee8       guideXOS_guideXOS_Console__Setup 0000000010029ee8     guideXOS.obj
 0003:00006fa0       guideXOS_guideXOS_Console__Write 0000000010029fa0     guideXOS.obj
 0003:00007050       guideXOS_guideXOS_Console__Write_0 000000001002a050     guideXOS.obj
 0003:000070d4       guideXOS_guideXOS_Console__WriteFramebuffer 000000001002a0d4     guideXOS.obj
 0003:000071e0       guideXOS_guideXOS_Console__MoveUp 000000001002a1e0     guideXOS.obj
 0003:00007214       guideXOS_guideXOS_Console__MoveUpFramebuffer 000000001002a214     guideXOS.obj
 0003:000072c0       guideXOS_guideXOS_Console__UpdateCursorFramebuffer 000000001002a2c0     guideXOS.obj
 0003:00007370       guideXOS_guideXOS_Console__WriteLine 000000001002a370     guideXOS.obj
 0003:00007408       guideXOS_guideXOS_Console__WriteLine_0 000000001002a408     guideXOS.obj
 0003:0000744c       guideXOS_guideXOS_Console__Clear 000000001002a44c     guideXOS.obj
 0003:00007468       guideXOS_guideXOS_Console__ClearFramebuffer 000000001002a468     guideXOS.obj
 0003:00007524       guideXOS_guideXOS_FPSMeter__Update 000000001002a524     guideXOS.obj
 0003:00007580       guideXOS_guideXOS_PageTable__Initialise 000000001002a580     guideXOS.obj
 0003:00007670       guideXOS_guideXOS_PageTable__GetPage 000000001002a670     guideXOS.obj
 0003:0000771c       guideXOS_guideXOS_PageTable__Next 000000001002a71c     guideXOS.obj
 0003:000077c0       guideXOS_guideXOS_NETv4__SwapLeftRight_0 000000001002a7c0     guideXOS.obj
 0003:000077f0       guideXOS_guideXOS_SMP__ApplicationProcessorMain 000000001002a7f0     guideXOS.obj
 0003:0000788c       guideXOS_guideXOS_SMP__Initialize 000000001002a88c     guideXOS.obj
 0003:00007a1c       _putchar                   000000001002aa1c     guideXOS.obj
 0003:00007a1c       guideXOS_guideXOS_stdio___putchar 000000001002aa1c     guideXOS.obj
 0003:00007a30       fopen                      000000001002aa30     guideXOS.obj
 0003:00007a30       guideXOS_guideXOS_stdio__fopen 000000001002aa30     guideXOS.obj
 0003:00007bd0       fseek                      000000001002abd0     guideXOS.obj
 0003:00007bd0       guideXOS_guideXOS_stdio__fseek 000000001002abd0     guideXOS.obj
 0003:00007be8       fread                      000000001002abe8     guideXOS.obj
 0003:00007be8       guideXOS_guideXOS_stdio__fread 000000001002abe8     guideXOS.obj
 0003:00007c4c       guideXOS_guideXOS_stdlib__malloc 000000001002ac4c     guideXOS.obj
 0003:00007c4c       malloc                     000000001002ac4c     guideXOS.obj
 0003:00007c5c       free                       000000001002ac5c     guideXOS.obj
 0003:00007c5c       guideXOS_guideXOS_stdlib__free 000000001002ac5c     guideXOS.obj
 0003:00007c6c       guideXOS_guideXOS_stdlib__realloc 000000001002ac6c     guideXOS.obj
 0003:00007c6c       realloc                    000000001002ac6c     guideXOS.obj
 0003:00007c7c       calloc                     000000001002ac7c     guideXOS.obj
 0003:00007c7c       guideXOS_guideXOS_stdlib__calloc 000000001002ac7c     guideXOS.obj
 0003:00007cf0       guideXOS_guideXOS_stdlib__kmalloc 000000001002acf0     guideXOS.obj
 0003:00007cf0       kmalloc                    000000001002acf0     guideXOS.obj
 0003:00007d00       guideXOS_guideXOS_stdlib__kfree 000000001002ad00     guideXOS.obj
 0003:00007d00       kfree                      000000001002ad00     guideXOS.obj
 0003:00007d10       guideXOS_guideXOS_stdlib__krealloc 000000001002ad10     guideXOS.obj
 0003:00007d10       krealloc                   000000001002ad10     guideXOS.obj
 0003:00007d20       guideXOS_guideXOS_stdlib__kcalloc 000000001002ad20     guideXOS.obj
 0003:00007d20       kcalloc                    000000001002ad20     guideXOS.obj
 0003:00007d94       guideXOS_guideXOS_Misc_Audio__Initialize 000000001002ad94     guideXOS.obj
 0003:00007dc4       guideXOS_guideXOS_Misc_Audio__snd_write 000000001002adc4     guideXOS.obj
 0003:00007dc4       snd_write                  000000001002adc4     guideXOS.obj
 0003:00007eac       guideXOS_guideXOS_Misc_Audio__snd_clear 000000001002aeac     guideXOS.obj
 0003:00007eac       snd_clear                  000000001002aeac     guideXOS.obj
 0003:00007ec0       guideXOS_guideXOS_Misc_Audio__require 000000001002aec0     guideXOS.obj
 0003:00007fbc       guideXOS_guideXOS_Misc_Bitmap___ctor 000000001002afbc     guideXOS.obj
 0003:00008204       guideXOS_guideXOS_Misc_ClassID__GetName 000000001002b204     guideXOS.obj
 0003:0000836c       Entry                      000000001002b36c     guideXOS.obj
 0003:0000836c       guideXOS_guideXOS_Misc_EntryPoint__Entry 000000001002b36c     guideXOS.obj
 0003:00008740       guideXOS_guideXOS_Misc_IFont__DrawChar 000000001002b740     guideXOS.obj
 0003:000088e4       guideXOS_guideXOS_Misc_IFont__DrawString 000000001002b8e4     guideXOS.obj
 0003:00008958       guideXOS_guideXOS_Misc_IFont__MeasureString 000000001002b958     guideXOS.obj
 0003:000089c4       guideXOS_guideXOS_Misc_IFont__DrawString_0 000000001002b9c4     guideXOS.obj
 0003:00008aec       guideXOS_guideXOS_Misc_Interrupts__EnableInterrupt_0 000000001002baec     guideXOS.obj
 0003:00008b54       guideXOS_guideXOS_Misc_Interrupts__HandleInterrupt 000000001002bb54     guideXOS.obj
 0003:00008bbc       guideXOS_guideXOS_Misc_Panic__Error 000000001002bbbc     guideXOS.obj
 0003:00008c58       guideXOS_guideXOS_Misc_PNG___ctor 000000001002bc58     guideXOS.obj
 0003:00008e48       guideXOS_guideXOS_Misc_PNG__lodepng_decode_memory 000000001002be48     guideXOS.obj
 0003:00008ee4       guideXOS_guideXOS_Misc_Thread__NewThread 000000001002bee4     guideXOS.obj
 0003:00008f84       guideXOS_guideXOS_Misc_Thread__Start 000000001002bf84     guideXOS.obj
 0003:00009034       guideXOS_guideXOS_Misc_Thread__Start_0 000000001002c034     guideXOS.obj
 0003:00009124       guideXOS_guideXOS_Misc_ThreadPool__Initialize 000000001002c124     guideXOS.obj
 0003:000092d8       guideXOS_guideXOS_Misc_ThreadPool__Terminate 000000001002c2d8     guideXOS.obj
 0003:00009368       guideXOS_guideXOS_Misc_ThreadPool__IdleThread 000000001002c368     guideXOS.obj
 0003:000093ac       guideXOS_guideXOS_Misc_ThreadPool__get_CanLock 000000001002c3ac     guideXOS.obj
 0003:000093c8       guideXOS_guideXOS_Misc_ThreadPool__Lock 000000001002c3c8     guideXOS.obj
 0003:00009400       guideXOS_guideXOS_Misc_ThreadPool__Schedule 000000001002c400     guideXOS.obj
 0003:00009770       guideXOS_guideXOS_Misc_USBDevice___ctor 000000001002c770     guideXOS.obj
 0003:00009774       guideXOS_guideXOS_Misc_USBRequest__Clean 000000001002c774     guideXOS.obj
 0003:000097e4       guideXOS_guideXOS_Misc_USB__OnInterrupt 000000001002c7e4     guideXOS.obj
 0003:000098fc       guideXOS_guideXOS_Misc_USB__DriveDevice 000000001002c8fc     guideXOS.obj
 0003:00009918       guideXOS_guideXOS_Misc_USB__StartPolling 000000001002c918     guideXOS.obj
 0003:00009950       guideXOS_guideXOS_Misc_USB__LoopPoll 000000001002c950     guideXOS.obj
 0003:000099a8       guideXOS_guideXOS_Misc_VendorID__GetName 000000001002c9a8     guideXOS.obj
 0003:00010df8       guideXOS_guideXOS_Misc_WAV__Decode 0000000010033df8     guideXOS.obj
 0003:00010f4c       guideXOS_guideXOS_Graph_Graphics__FromImage 0000000010033f4c     guideXOS.obj
 0003:00010fb0       guideXOS_guideXOS_Graph_Graphics__Update 0000000010033fb0     guideXOS.obj
 0003:00010fb4       guideXOS_guideXOS_Graph_Graphics__Clear 0000000010033fb4     guideXOS.obj
 0003:0001101c       guideXOS_guideXOS_Graph_Graphics__Copy 000000001003401c     guideXOS.obj
 0003:000110b8       guideXOS_guideXOS_Graph_Graphics__FillRectangle 00000000100340b8     guideXOS.obj
 0003:00011130       guideXOS_guideXOS_Graph_Graphics__AFillRectangle 0000000010034130     guideXOS.obj
 0003:000111a8       guideXOS_guideXOS_Graph_Graphics__GetPoint 00000000100341a8     guideXOS.obj
 0003:000111d4       guideXOS_guideXOS_Graph_Graphics__DrawPoint 00000000100341d4     guideXOS.obj
 0003:000112c4       guideXOS_guideXOS_Graph_Graphics__DrawRectangle 00000000100342c4     guideXOS.obj
 0003:00011380       guideXOS_guideXOS_Graph_Graphics__Save 0000000010034380     guideXOS.obj
 0003:0001145c       guideXOS_guideXOS_Graph_Graphics__ADrawImage 000000001003445c     guideXOS.obj
 0003:0001150c       guideXOS_guideXOS_Graph_Graphics__DrawImage 000000001003450c     guideXOS.obj
 0003:00011764       guideXOS_guideXOS_Graph_Graphics__FPartOfNumber 0000000010034764     guideXOS.obj
 0003:00011794       guideXOS_guideXOS_Graph_Graphics__DrawPoint_0 0000000010034794     guideXOS.obj
 0003:000117fc       guideXOS_guideXOS_Graph_Graphics__DrawLine 00000000100347fc     guideXOS.obj
 0003:000119d4       guideXOS_guideXOS_FS_Ramdisk__Read 00000000100349d4     guideXOS.obj
 0003:00011a40       guideXOS_guideXOS_FS_Ramdisk__Write 0000000010034a40     guideXOS.obj
 0003:00011ab0       get_fattime                0000000010034ab0     guideXOS.obj
 0003:00011ab0       guideXOS_guideXOS_FS_FATFS__get_fattime 0000000010034ab0     guideXOS.obj
 0003:00011b1c       RAM_disk_write             0000000010034b1c     guideXOS.obj
 0003:00011b1c       guideXOS_guideXOS_FS_FATFS__RAM_disk_write 0000000010034b1c     guideXOS.obj
 0003:00011b50       RAM_disk_read              0000000010034b50     guideXOS.obj
 0003:00011b50       guideXOS_guideXOS_FS_FATFS__RAM_disk_read 0000000010034b50     guideXOS.obj
 0003:00011b84       guideXOS_guideXOS_FS_FileInfo__Dispose 0000000010034b84     guideXOS.obj
 0003:00011c0c       guideXOS_guideXOS_FS_FileInfo___ctor 0000000010034c0c     guideXOS.obj
 0003:00011c10       guideXOS_guideXOS_FS_FileSystem__SizeToSec 0000000010034c10     guideXOS.obj
 0003:00011c30       guideXOS_guideXOS_FS_FileSystem__IsInDirectory 0000000010034c30     guideXOS.obj
 0003:00011c94       guideXOS_guideXOS_FS_TarFS__GetFiles 0000000010034c94     guideXOS.obj
 0003:00011f2c       guideXOS_guideXOS_FS_TarFS__ReadAllBytes 0000000010034f2c     guideXOS.obj
 0003:00012244       guideXOS_guideXOS_FS_TarFS___ctor 0000000010035244     guideXOS.obj
 0003:00012264       guideXOS_guideXOS_Driver_ACPI__GetRSDP 0000000010035264     guideXOS.obj
 0003:0001228c       guideXOS_guideXOS_Driver_ACPI__Shutdown 000000001003528c     guideXOS.obj
 0003:00012348       guideXOS_guideXOS_Driver_ACPI__Initialize 0000000010035348     guideXOS.obj
 0003:000123ec       guideXOS_guideXOS_Driver_ACPI__ParseDT 00000000100353ec     guideXOS.obj
 0003:000125bc       guideXOS_guideXOS_Driver_ACPI__RemapIRQ 00000000100355bc     guideXOS.obj
 0003:00012614       guideXOS_guideXOS_Driver_ACPITimer__SleepMicroseconds 0000000010035614     guideXOS.obj
 0003:00012738       guideXOS_guideXOS_Driver_EHCI__Initialize 0000000010035738     guideXOS.obj
 0003:000129ec       guideXOS_guideXOS_Driver_EHCI__SendAndReceive 00000000100359ec     guideXOS.obj
 0003:00012cc8       guideXOS_guideXOS_Driver_EHCI__SetDeviceAddr 0000000010035cc8     guideXOS.obj
 0003:00012f30       guideXOS_guideXOS_Driver_EHCI__WaitForComplete 0000000010035f30     guideXOS.obj
 0003:00012fcc       guideXOS_guideXOS_Driver_EHCI__GetDesc 0000000010035fcc     guideXOS.obj
 0003:000132d0       guideXOS_guideXOS_Driver_EHCI__GetConfig 00000000100362d0     guideXOS.obj
 0003:00013640       guideXOS_guideXOS_Driver_EHCI__SetConfig 0000000010036640     guideXOS.obj
 0003:000138c4       guideXOS_guideXOS_Driver_EHCI__InitPort 00000000100368c4     guideXOS.obj
 0003:00013c00       guideXOS_guideXOS_Driver_EHCI__ScanPorts 0000000010036c00     guideXOS.obj
 0003:00013c54       guideXOS_guideXOS_Driver_HID__Initialize 0000000010036c54     guideXOS.obj
 0003:00013c84       guideXOS_guideXOS_Driver_HID__GetHIDPacket 0000000010036c84     guideXOS.obj
 0003:00013cf4       guideXOS_guideXOS_Driver_HID__GetKeyboardThings 0000000010036cf4     guideXOS.obj
 0003:00013d88       guideXOS_guideXOS_Driver_HID__GetMouseThings 0000000010036d88     guideXOS.obj
 0003:00013e2c       guideXOS_guideXOS_Driver_HID__Initialize_0 0000000010036e2c     guideXOS.obj
 0003:00013f10       guideXOS_guideXOS_Driver_HID__InitializeKeyboard 0000000010036f10     guideXOS.obj
 0003:00013ff8       guideXOS_guideXOS_Driver_HPET__Initialize 0000000010036ff8     guideXOS.obj
 0003:00014054       guideXOS_guideXOS_Driver_HPET__WriteRegister 0000000010037054     guideXOS.obj
 0003:00014078       guideXOS_guideXOS_Driver_HPET__ReadRegister 0000000010037078     guideXOS.obj
 0003:00014098       guideXOS_guideXOS_Driver_Hub__Initialize 0000000010037098     guideXOS.obj
 0003:000140b8       guideXOS_guideXOS_Driver_Hub__Initialize_0 00000000100370b8     guideXOS.obj
 0003:00014400       guideXOS_guideXOS_Driver_IDE__Initialize 0000000010037400     guideXOS.obj
 0003:00014458       guideXOS_guideXOS_Driver_IDE__ScanPorts 0000000010037458     guideXOS.obj
 0003:00014a84       guideXOS_guideXOS_Driver_IDE___ScanPorts_g__WaitForIdentifyData_3_2 0000000010037a84     guideXOS.obj
 0003:00014af0       guideXOS_guideXOS_Driver_IDEDevice__ReadOrWrite 0000000010037af0     guideXOS.obj
 0003:00014db4       guideXOS_guideXOS_Driver_IDEDevice__WaitForReadyStatus 0000000010037db4     guideXOS.obj
 0003:00014e18       guideXOS_guideXOS_Driver_IDEDevice__Read 0000000010037e18     guideXOS.obj
 0003:00014e78       guideXOS_guideXOS_Driver_IDEDevice__Write 0000000010037e78     guideXOS.obj
 0003:00014edc       guideXOS_guideXOS_Driver_IDEDevice___ctor 0000000010037edc     guideXOS.obj
 0003:00014efc       guideXOS_guideXOS_Driver_IOAPIC__Initialize 0000000010037efc     guideXOS.obj
 0003:00014f58       guideXOS_guideXOS_Driver_IOAPIC__In 0000000010037f58     guideXOS.obj
 0003:00014f84       guideXOS_guideXOS_Driver_IOAPIC__Out 0000000010037f84     guideXOS.obj
 0003:00014fb4       guideXOS_guideXOS_Driver_IOAPIC__SetEntry 0000000010037fb4     guideXOS.obj
 0003:00014fe8       guideXOS_guideXOS_Driver_IOAPIC__SetEntry_0 0000000010037fe8     guideXOS.obj
 0003:00015008       guideXOS_guideXOS_Driver_LocalAPIC__ReadRegister 0000000010038008     guideXOS.obj
 0003:00015028       guideXOS_guideXOS_Driver_LocalAPIC__SendIPI 0000000010038028     guideXOS.obj
 0003:00015078       guideXOS_guideXOS_Driver_LocalAPICTimer__StartTimer 0000000010038078     guideXOS.obj
 0003:000150e4       guideXOS_guideXOS_Driver_LocalAPICTimer__EstimateBusSpeed 00000000100380e4     guideXOS.obj
 0003:00015198       guideXOS_guideXOS_Driver_PCIExpress__Initialize 0000000010038198     guideXOS.obj
 0003:00015230       guideXOS_guideXOS_Driver_PCIExpress__CheckBus 0000000010038230     guideXOS.obj
 0003:00015504       guideXOS_guideXOS_Driver_Power__Reboot 0000000010038504     guideXOS.obj
 0003:000155a0       guideXOS_guideXOS_Driver_SMBIOS__Initialise 00000000100385a0     guideXOS.obj
 0003:00015660       guideXOS_guideXOS_Driver_SMBIOS__PrintIndex 0000000010038660     guideXOS.obj
 0003:000156c0       guideXOS_guideXOS_Driver_Timer__Initialize 00000000100386c0     guideXOS.obj
 0003:000156fc       guideXOS_guideXOS_Driver_Timer__EstimateCPUSpeed 00000000100386fc     guideXOS.obj
 0003:00015780       guideXOS_guideXOS_Driver_Timer__OnInterrupt 0000000010038780     guideXOS.obj
 0003:000157c4       guideXOS_guideXOS_Driver_Timer__Sleep 00000000100387c4     guideXOS.obj
 0003:0001582c       guideXOS_guideXOS_OS_AppCollection___ctor 000000001003882c     guideXOS.obj
 0003:0001587c       guideXOS_guideXOS_OS_AppCollection__LoadDefaultApps 000000001003887c     guideXOS.obj
 0003:00015b14       guideXOS_guideXOS_OS_AppCollection__Load 0000000010038b14     guideXOS.obj
 0003:00015d6c       guideXOS_guideXOS_GUI_Desktop__Initialize 0000000010038d6c     guideXOS.obj
 0003:00016084       guideXOS_guideXOS_GUI_Desktop__Update 0000000010039084     guideXOS.obj
[...]
 0004:0000bf44       $unwind$lodepng_chunk_createv 000000001004af44     NativeLib:lodepng.obj
 0004:0000bf50       $unwind$checkColorValidity 000000001004af50     NativeLib:lodepng.obj
 0004:0000bf5c       $unwind$getNumColorChannels 000000001004af5c     NativeLib:lodepng.obj
 0004:0000bf68       $unwind$lodepng_get_bpp_lct 000000001004af68     NativeLib:lodepng.obj
 0004:0000bf74       $unwind$lodepng_color_mode_alloc_palette 000000001004af74     NativeLib:lodepng.obj
 0004:0000bf80       $unwind$lodepng_color_mode_equal 000000001004af80     NativeLib:lodepng.obj
 0004:0000bf8c       $unwind$lodepng_get_raw_size_lct 000000001004af8c     NativeLib:lodepng.obj
 0004:0000bf98       $unwind$lodepng_get_raw_size_idat 000000001004af98     NativeLib:lodepng.obj
 0004:0000bfa4       $unwind$lodepng_pixel_overflow 000000001004afa4     NativeLib:lodepng.obj
 0004:0000bfb0       $unwind$LodePNGUnknownChunks_init 000000001004afb0     NativeLib:lodepng.obj
 0004:0000bfbc       $unwind$LodePNGUnknownChunks_cleanup 000000001004afbc     NativeLib:lodepng.obj
 0004:0000bfc8       $unwind$LodePNGUnknownChunks_copy 000000001004afc8     NativeLib:lodepng.obj
 0004:0000bfd4       $unwind$LodePNGText_init   000000001004afd4     NativeLib:lodepng.obj
 0004:0000bfe0       $unwind$LodePNGText_cleanup 000000001004afe0     NativeLib:lodepng.obj
 0004:0000bfec       $unwind$LodePNGText_copy   000000001004afec     NativeLib:lodepng.obj
 0004:0000bff8       $unwind$lodepng_add_text_sized 000000001004aff8     NativeLib:lodepng.obj
 0004:0000c004       $unwind$LodePNGIText_init  000000001004b004     NativeLib:lodepng.obj
 0004:0000c010       $unwind$LodePNGIText_cleanup 000000001004b010     NativeLib:lodepng.obj
 0004:0000c01c       $unwind$LodePNGIText_copy  000000001004b01c     NativeLib:lodepng.obj
 0004:0000c028       $unwind$lodepng_add_itext_sized 000000001004b028     NativeLib:lodepng.obj
 0004:0000c034       $unwind$lodepng_assign_icc 000000001004b034     NativeLib:lodepng.obj
 0004:0000c040       $unwind$addColorBits       000000001004b040     NativeLib:lodepng.obj
 0004:0000c04c       $unwind$color_tree_init    000000001004b04c     NativeLib:lodepng.obj
 0004:0000c058       $unwind$color_tree_cleanup 000000001004b058     NativeLib:lodepng.obj
 0004:0000c064       $unwind$color_tree_get     000000001004b064     NativeLib:lodepng.obj
 0004:0000c070       $unwind$color_tree_has     000000001004b070     NativeLib:lodepng.obj
 0004:0000c07c       $unwind$color_tree_add     000000001004b07c     NativeLib:lodepng.obj
 0004:0000c088       $unwind$rgba8ToPixel       000000001004b088     NativeLib:lodepng.obj
 0004:0000c094       $unwind$rgba16ToPixel      000000001004b094     NativeLib:lodepng.obj
 0004:0000c0a0       $unwind$getPixelColorRGBA8 000000001004b0a0     NativeLib:lodepng.obj
 0004:0000c0ac       $unwind$getPixelColorsRGBA8 000000001004b0ac     NativeLib:lodepng.obj
 0004:0000c0b8       $unwind$getPixelColorsRGB8 000000001004b0b8     NativeLib:lodepng.obj
 0004:0000c0c4       $unwind$getPixelColorRGBA16 000000001004b0c4     NativeLib:lodepng.obj
 0004:0000c0d0       $unwind$lodepng_convert_rgb 000000001004b0d0     NativeLib:lodepng.obj
 0004:0000c0dc       $unwind$getValueRequiredBits 000000001004b0dc     NativeLib:lodepng.obj
 0004:0000c0e8       $unwind$lodepng_color_stats_add 000000001004b0e8     NativeLib:lodepng.obj
 0004:0000c0f4       $unwind$auto_choose_color  000000001004b0f4     NativeLib:lodepng.obj
 0004:0000c100       $unwind$paethPredictor     000000001004b100     NativeLib:lodepng.obj
 0004:0000c10c       $unwind$Adam7_getpassvalues 000000001004b10c     NativeLib:lodepng.obj
 0004:0000c118       $unwind$unfilterScanline   000000001004b118     NativeLib:lodepng.obj
 0004:0000c124       $unwind$unfilter           000000001004b124     NativeLib:lodepng.obj
 0004:0000c130       $unwind$Adam7_deinterlace  000000001004b130     NativeLib:lodepng.obj
 0004:0000c13c       $unwind$removePaddingBits  000000001004b13c     NativeLib:lodepng.obj
 0004:0000c148       $unwind$postProcessScanlines 000000001004b148     NativeLib:lodepng.obj
 0004:0000c154       $unwind$readChunk_PLTE     000000001004b154     NativeLib:lodepng.obj
 0004:0000c160       $unwind$readChunk_tRNS     000000001004b160     NativeLib:lodepng.obj
 0004:0000c16c       $unwind$readChunk_bKGD     000000001004b16c     NativeLib:lodepng.obj
 0004:0000c178       $unwind$readChunk_tEXt     000000001004b178     NativeLib:lodepng.obj
 0004:0000c184       $unwind$readChunk_zTXt     000000001004b184     NativeLib:lodepng.obj
 0004:0000c194       $unwind$readChunk_iTXt     000000001004b194     NativeLib:lodepng.obj
 0004:0000c1a4       $unwind$readChunk_tIME     000000001004b1a4     NativeLib:lodepng.obj
 0004:0000c1b0       $unwind$readChunk_pHYs     000000001004b1b0     NativeLib:lodepng.obj
 0004:0000c1bc       $unwind$readChunk_gAMA     000000001004b1bc     NativeLib:lodepng.obj
 0004:0000c1c8       $unwind$readChunk_cHRM     000000001004b1c8     NativeLib:lodepng.obj
 0004:0000c1d4       $unwind$readChunk_sRGB     000000001004b1d4     NativeLib:lodepng.obj
 0004:0000c1e0       $unwind$readChunk_iCCP     000000001004b1e0     NativeLib:lodepng.obj
 0004:0000c1f0       $unwind$decodeGeneric      000000001004b1f0     NativeLib:lodepng.obj
 0004:0000c1fc       $unwind$writeSignature     000000001004b1fc     NativeLib:lodepng.obj
 0004:0000c208       $unwind$addChunk_IHDR      000000001004b208     NativeLib:lodepng.obj
 0004:0000c214       $unwind$addChunk_PLTE      000000001004b214     NativeLib:lodepng.obj
 0004:0000c220       $unwind$addChunk_tRNS      000000001004b220     NativeLib:lodepng.obj
 0004:0000c22c       $unwind$addChunk_IDAT      000000001004b22c     NativeLib:lodepng.obj
 0004:0000c238       $unwind$addChunk_IEND      000000001004b238     NativeLib:lodepng.obj
 0004:0000c244       $unwind$addChunk_tEXt      000000001004b244     NativeLib:lodepng.obj
 0004:0000c250       $unwind$addChunk_zTXt      000000001004b250     NativeLib:lodepng.obj
 0004:0000c25c       $unwind$addChunk_iTXt      000000001004b25c     NativeLib:lodepng.obj
 0004:0000c268       $unwind$addChunk_bKGD      000000001004b268     NativeLib:lodepng.obj
 0004:0000c274       $unwind$addChunk_tIME      000000001004b274     NativeLib:lodepng.obj
 0004:0000c280       $unwind$addChunk_pHYs      000000001004b280     NativeLib:lodepng.obj
 0004:0000c28c       $unwind$addChunk_gAMA      000000001004b28c     NativeLib:lodepng.obj
 0004:0000c298       $unwind$addChunk_cHRM      000000001004b298     NativeLib:lodepng.obj
 0004:0000c2a4       $unwind$addChunk_sRGB      000000001004b2a4     NativeLib:lodepng.obj
 0004:0000c2b0       $unwind$addChunk_iCCP      000000001004b2b0     NativeLib:lodepng.obj
 0004:0000c2bc       $unwind$filterScanline     000000001004b2bc     NativeLib:lodepng.obj
 0004:0000c2c8       $unwind$ilog2              000000001004b2c8     NativeLib:lodepng.obj
 0004:0000c2d4       $unwind$ilog2i             000000001004b2d4     NativeLib:lodepng.obj
 0004:0000c2e0       $unwind$filter             000000001004b2e0     NativeLib:lodepng.obj
 0004:0000c2ec       $unwind$addPaddingBits     000000001004b2ec     NativeLib:lodepng.obj
 0004:0000c2f8       $unwind$Adam7_interlace    000000001004b2f8     NativeLib:lodepng.obj
 0004:0000c304       $unwind$preProcessScanlines 000000001004b304     NativeLib:lodepng.obj
 0004:0000c310       $unwind$addUnknownChunks   000000001004b310     NativeLib:lodepng.obj
 0004:0000c31c       $unwind$isGrayICCProfile   000000001004b31c     NativeLib:lodepng.obj
 0004:0000c328       $unwind$isRGBICCProfile    000000001004b328     NativeLib:lodepng.obj
 0004:0000c334       $unwind$mystrtoul          000000001004b334     LibC:strtoul.obj
 0004:0000c340       $unwind$printf_            000000001004b340     LibC:printf.obj
 0004:0000c34c       $unwind$sprintf_           000000001004b34c     LibC:printf.obj
 0004:0000c358       $unwind$snprintf_          000000001004b358     LibC:printf.obj
 0004:0000c364       $unwind$vsnprintf_         000000001004b364     LibC:printf.obj
 0004:0000c370       $unwind$vprintf_           000000001004b370     LibC:printf.obj
 0004:0000c37c       $unwind$fctprintf          000000001004b37c     LibC:printf.obj
 0004:0000c388       $unwind$_out_buffer        000000001004b388     LibC:printf.obj
 0004:0000c394       $unwind$_out_null          000000001004b394     LibC:printf.obj
 0004:0000c3a0       $unwind$_out_char          000000001004b3a0     LibC:printf.obj
 0004:0000c3ac       $unwind$_out_fct           000000001004b3ac     LibC:printf.obj
 0004:0000c3b8       $unwind$_strnlen_s         000000001004b3b8     LibC:printf.obj
 0004:0000c3c4       $unwind$_is_digit          000000001004b3c4     LibC:printf.obj
 0004:0000c3d0       $unwind$_atoi              000000001004b3d0     LibC:printf.obj
 0004:0000c3dc       $unwind$_out_rev           000000001004b3dc     LibC:printf.obj
 0004:0000c3e8       $unwind$_ntoa_format       000000001004b3e8     LibC:printf.obj
 0004:0000c3f4       $unwind$_ntoa_long         000000001004b3f4     LibC:printf.obj
 0004:0000c400       $unwind$_ntoa_long_long    000000001004b400     LibC:printf.obj
 0004:0000c40c       $unwind$_etoa              000000001004b40c     LibC:printf.obj
 0004:0000c418       $unwind$_ftoa              000000001004b418     LibC:printf.obj
 0004:0000c424       $unwind$_vsnprintf         000000001004b424     LibC:printf.obj
 0004:0000c430       $unwind$myisspace          000000001004b430     LibC:isspace.obj
 0004:0000c43c       $unwind$myisdigit          000000001004b43c     LibC:isdigit.obj
 0004:0000c448       $unwind$myisalpha          000000001004b448     LibC:isalpha.obj
 0004:0000c454       $unwind$myisupper          000000001004b454     LibC:isupper.obj
 0005:0001c410       lodepng_crc32_table        0000000010068410     NativeLib:lodepng.obj
 0008:00000000       __FE09AF47_concurrencysal@h 000000001016d000     NativeLib:mem.obj
 0008:00000001       __C073CA79_sal@h           000000001016d001     NativeLib:mem.obj
 0008:00000002       __D6AFE870_vadefs@h        000000001016d002     NativeLib:mem.obj
 0008:00000003       __D63E96CF_vcruntime@h     000000001016d003     NativeLib:mem.obj
 0008:00000004       __F5A7E1DF_intrin0@inl@h   000000001016d004     NativeLib:mem.obj
 0008:00000005       __3EC16E15_setjmp@h        000000001016d005     NativeLib:mem.obj
 0008:00000006       __18C87B63_mmintrin@h      000000001016d006     NativeLib:mem.obj
 0008:00000007       __1B0272D9_corecrt@h       000000001016d007     NativeLib:mem.obj
 0008:00000008       __45DED006_corecrt_malloc@h 000000001016d008     NativeLib:mem.obj
 0008:00000009       __FA77ED4C_malloc@h        000000001016d009     NativeLib:mem.obj
 0008:0000000a       __56EBFA9B_xmmintrin@h     000000001016d00a     NativeLib:mem.obj
 0008:0000000b       __33897357_emmintrin@h     000000001016d00b     NativeLib:mem.obj
 0008:0000000c       __EC281BDE_pmmintrin@h     000000001016d00c     NativeLib:mem.obj
 0008:0000000d       __5CF1685C_tmmintrin@h     000000001016d00d     NativeLib:mem.obj
 0008:0000000e       __75CA7DDF_smmintrin@h     000000001016d00e     NativeLib:mem.obj
 0008:0000000f       __10A8F413_nmmintrin@h     000000001016d00f     NativeLib:mem.obj
 0008:00000010       __C5130E5D_wmmintrin@h     000000001016d010     NativeLib:mem.obj
 0008:00000011       __0E87435A_zmmintrin@h     000000001016d011     NativeLib:mem.obj
 0008:00000012       __3993E190_immintrin@h     000000001016d012     NativeLib:mem.obj
 0008:00000013       __835000D5_ammintrin@h     000000001016d013     NativeLib:mem.obj
 0008:00000014       __18F7D262_intrin@h        000000001016d014     NativeLib:mem.obj
 0008:00000015       __121DF3F2_mem@cpp         000000001016d015     NativeLib:mem.obj
 0008:00000016       __FE09AF47_concurrencysal@h 000000001016d016     NativeLib:interrupts.obj
 0008:00000017       __C073CA79_sal@h           000000001016d017     NativeLib:interrupts.obj
 0008:00000018       __D6AFE870_vadefs@h        000000001016d018     NativeLib:interrupts.obj
 0008:00000019       __D63E96CF_vcruntime@h     000000001016d019     NativeLib:interrupts.obj
 0008:0000001a       __AEA28616_stdint@h        000000001016d01a     NativeLib:interrupts.obj
 0008:0000001b       __F5A7E1DF_intrin0@inl@h   000000001016d01b     NativeLib:interrupts.obj
 0008:0000001c       __3EC16E15_setjmp@h        000000001016d01c     NativeLib:interrupts.obj
 0008:0000001d       __18C87B63_mmintrin@h      000000001016d01d     NativeLib:interrupts.obj
 0008:0000001e       __1B0272D9_corecrt@h       000000001016d01e     NativeLib:interrupts.obj
 0008:0000001f       __45DED006_corecrt_malloc@h 000000001016d01f     NativeLib:interrupts.obj
 0008:00000020       __FA77ED4C_malloc@h        000000001016d020     NativeLib:interrupts.obj
 0008:00000021       __56EBFA9B_xmmintrin@h     000000001016d021     NativeLib:interrupts.obj
 0008:00000022       __33897357_emmintrin@h     000000001016d022     NativeLib:interrupts.obj
 0008:00000023       __EC281BDE_pmmintrin@h     000000001016d023     NativeLib:interrupts.obj
 0008:00000024       __5CF1685C_tmmintrin@h     000000001016d024     NativeLib:interrupts.obj
 0008:00000025       __75CA7DDF_smmintrin@h     000000001016d025     NativeLib:interrupts.obj
 0008:00000026       __10A8F413_nmmintrin@h     000000001016d026     NativeLib:interrupts.obj
 0008:00000027       __C5130E5D_wmmintrin@h     000000001016d027     NativeLib:interrupts.obj
 0008:00000028       __0E87435A_zmmintrin@h     000000001016d028     NativeLib:interrupts.obj
 0008:00000029       __3993E190_immintrin@h     000000001016d029     NativeLib:interrupts.obj
 0008:0000002a       __835000D5_ammintrin@h     000000001016d02a     NativeLib:interrupts.obj
 0008:0000002b       __18F7D262_intrin@h        000000001016d02b     NativeLib:interrupts.obj
 0008:0000002c       __81AF9977_interrupts@cpp  000000001016d02c     NativeLib:interrupts.obj
 0008:0000002d       __FE09AF47_concurrencysal@h 000000001016d02d     NativeLib:native.obj
 0008:0000002e       __C073CA79_sal@h           000000001016d02e     NativeLib:native.obj
 0008:0000002f       __D6AFE870_vadefs@h        000000001016d02f     NativeLib:native.obj
 0008:00000030       __D63E96CF_vcruntime@h     000000001016d030     NativeLib:native.obj
 0008:00000031       __F5A7E1DF_intrin0@inl@h   000000001016d031     NativeLib:native.obj
 0008:00000032       __3EC16E15_setjmp@h        000000001016d032     NativeLib:native.obj
 0008:00000033       __18C87B63_mmintrin@h      000000001016d033     NativeLib:native.obj
 0008:00000034       __1B0272D9_corecrt@h       000000001016d034     NativeLib:native.obj
 0008:00000035       __45DED006_corecrt_malloc@h 000000001016d035     NativeLib:native.obj
 0008:00000036       __FA77ED4C_malloc@h        000000001016d036     NativeLib:native.obj
 0008:00000037       __56EBFA9B_xmmintrin@h     000000001016d037     NativeLib:native.obj
 0008:00000038       __33897357_emmintrin@h     000000001016d038     NativeLib:native.obj
 0008:00000039       __EC281BDE_pmmintrin@h     000000001016d039     NativeLib:native.obj
 0008:0000003a       __5CF1685C_tmmintrin@h     000000001016d03a     NativeLib:native.obj
 0008:0000003b       __75CA7DDF_smmintrin@h     000000001016d03b     NativeLib:native.obj
 0008:0000003c       __10A8F413_nmmintrin@h     000000001016d03c     NativeLib:native.obj
 0008:0000003d       __C5130E5D_wmmintrin@h     000000001016d03d     NativeLib:native.obj
 0008:0000003e       __0E87435A_zmmintrin@h     000000001016d03e     NativeLib:native.obj
 0008:0000003f       __3993E190_immintrin@h     000000001016d03f     NativeLib:native.obj
 0008:00000040       __835000D5_ammintrin@h     000000001016d040     NativeLib:native.obj
 0008:00000041       __18F7D262_intrin@h        000000001016d041     NativeLib:native.obj
 0008:00000042       __5B367C0B_native@cpp      000000001016d042     NativeLib:native.obj
 0008:00000043       __FE09AF47_concurrencysal@h 000000001016d043     NativeLib:io.obj
 0008:00000044       __C073CA79_sal@h           000000001016d044     NativeLib:io.obj
 0008:00000045       __D6AFE870_vadefs@h        000000001016d045     NativeLib:io.obj
 0008:00000046       __D63E96CF_vcruntime@h     000000001016d046     NativeLib:io.obj
 0008:00000047       __F5A7E1DF_intrin0@inl@h   000000001016d047     NativeLib:io.obj
 0008:00000048       __3EC16E15_setjmp@h        000000001016d048     NativeLib:io.obj
 0008:00000049       __18C87B63_mmintrin@h      000000001016d049     NativeLib:io.obj
 0008:0000004a       __1B0272D9_corecrt@h       000000001016d04a     NativeLib:io.obj
 0008:0000004b       __45DED006_corecrt_malloc@h 000000001016d04b     NativeLib:io.obj
 0008:0000004c       __FA77ED4C_malloc@h        000000001016d04c     NativeLib:io.obj
 0008:0000004d       __56EBFA9B_xmmintrin@h     000000001016d04d     NativeLib:io.obj
 0008:0000004e       __33897357_emmintrin@h     000000001016d04e     NativeLib:io.obj
 0008:0000004f       __EC281BDE_pmmintrin@h     000000001016d04f     NativeLib:io.obj
 0008:00000050       __5CF1685C_tmmintrin@h     000000001016d050     NativeLib:io.obj
 0008:00000051       __75CA7DDF_smmintrin@h     000000001016d051     NativeLib:io.obj
 0008:00000052       __10A8F413_nmmintrin@h     000000001016d052     NativeLib:io.obj
 0008:00000053       __C5130E5D_wmmintrin@h     000000001016d053     NativeLib:io.obj
 0008:00000054       __0E87435A_zmmintrin@h     000000001016d054     NativeLib:io.obj
 0008:00000055       __3993E190_immintrin@h     000000001016d055     NativeLib:io.obj
 0008:00000056       __835000D5_ammintrin@h     000000001016d056     NativeLib:io.obj
 0008:00000057       __18F7D262_intrin@h        000000001016d057     NativeLib:io.obj
 0008:00000058       __EB37504C_io@cpp          000000001016d058     NativeLib:io.obj
 0008:00000059       __FE09AF47_concurrencysal@h 000000001016d059     NativeLib:lodepng.obj
 0008:0000005a       __C073CA79_sal@h           000000001016d05a     NativeLib:lodepng.obj
 0008:0000005b       __D6AFE870_vadefs@h        000000001016d05b     NativeLib:lodepng.obj
 0008:0000005c       __D63E96CF_vcruntime@h     000000001016d05c     NativeLib:lodepng.obj
 0008:0000005d       __9A7D38D9_stdarg@h        000000001016d05d     NativeLib:lodepng.obj
 0008:0000005e       __1B0272D9_corecrt@h       000000001016d05e     NativeLib:lodepng.obj
 0008:0000005f       __13F5961F_stddef@h        000000001016d05f     NativeLib:lodepng.obj
 0008:00000060       __0EED556E_printf@h        000000001016d060     NativeLib:lodepng.obj
 0008:00000061       __61CC25A1_errno@h         000000001016d061     NativeLib:lodepng.obj
 0008:00000062       __3EADF068_vcruntime_string@h 000000001016d062     NativeLib:lodepng.obj
 0008:00000063       __E4C945B4_corecrt_memcpy_s@h 000000001016d063     NativeLib:lodepng.obj
 0008:00000064       __8EAFF484_corecrt_memory@h 000000001016d064     NativeLib:lodepng.obj
 0008:00000065       __6490AEC5_corecrt_wstring@h 000000001016d065     NativeLib:lodepng.obj
 0008:00000066       __E8295E1E_string@h        000000001016d066     NativeLib:lodepng.obj
 0008:00000067       __B2031D3E_lodepng@h       000000001016d067     NativeLib:lodepng.obj
 0008:00000068       __45DED006_corecrt_malloc@h 000000001016d068     NativeLib:lodepng.obj
 0008:00000069       __FD6DBD68_corecrt_search@h 000000001016d069     NativeLib:lodepng.obj
 0008:0000006a       __E2E33A61_corecrt_wstdlib@h 000000001016d06a     NativeLib:lodepng.obj
 0008:0000006b       __10D4A829_limits@h        000000001016d06b     NativeLib:lodepng.obj
 0008:0000006c       __6E5ACABA_stdlib@h        000000001016d06c     NativeLib:lodepng.obj
 0008:0000006d       __25D1C4B6_lodepng@c       000000001016d06d     NativeLib:lodepng.obj
 0009:000000a0       $R000000                   000000001016e0a0     guideXOS.res
 0009:000002f0       $R000250                   000000001016e2f0     guideXOS.res
