 guideXOS

 Timestamp is 692f5a56 (Tue Dec  2 13:29:58 2025)

 Preferred load address is 0000000010000000

 Start         Length     Name                   Class
 0001:00000000 00000640H .text                   CODE
 0001:00000640 0002ae31H .text$mn                CODE
 0002:00000000 00000045H .unbox$M                CODE
 0003:00000000 0006d59cH .managedcode$I          CODE
 0004:00000000 0003f500H .rdata                  DATA
 0004:0003f500 00000018H .rdata$voltmd           DATA
 0004:0003f518 0000019cH .rdata$zzzdbg           DATA
 0004:0003f6b4 00014278H .xdata                  DATA
 0004:0005392c 00000000H .edata                  DATA
 0005:00000000 0036c200H .data                   DATA
 0005:0036c200 000019a0H .bss                    DATA
 0006:00000000 00005088H .pdata                  DATA
 0007:00000000 00000008H .modules$I              DATA
 0008:00000000 0000033bH .msvcjmc                DATA
 0009:00000000 000000a0H .rsrc$01                DATA
 0009:000000a0 00000440H .rsrc$02                DATA

  Address         Publics by Value              Rva+Base               Lib:Object

 0000:00000000       __AbsoluteZero             0000000000000000     <absolute>
 0000:00000000       ___safe_se_handler_count   0000000000000000     <absolute>
 0000:00000000       ___safe_se_handler_table   0000000000000000     <absolute>
 0000:00000000       __arm64x_extra_rfe_table   0000000000000000     <absolute>
 0000:00000000       __arm64x_extra_rfe_table_size 0000000000000000     <absolute>
 0000:00000000       __arm64x_native_entrypoint 0000000000000000     <absolute>
 0000:00000000       __arm64x_redirection_metadata 0000000000000000     <absolute>
 0000:00000000       __arm64x_redirection_metadata_count 0000000000000000     <absolute>
 0000:00000000       __dynamic_value_reloc_table 0000000000000000     <absolute>
 0000:00000000       __enclave_config           0000000000000000     <absolute>
 0000:00000000       __guard_check_icall_a64n_fptr 0000000000000000     <absolute>
 0000:00000000       __guard_eh_cont_count      0000000000000000     <absolute>
 0000:00000000       __guard_eh_cont_table      0000000000000000     <absolute>
 0000:00000000       __guard_fids_count         0000000000000000     <absolute>
 0000:00000000       __guard_fids_table         0000000000000000     <absolute>
 0000:00000000       __guard_iat_count          0000000000000000     <absolute>
 0000:00000000       __guard_iat_table          0000000000000000     <absolute>
 0000:00000000       __guard_longjmp_count      0000000000000000     <absolute>
 0000:00000000       __guard_longjmp_table      0000000000000000     <absolute>
 0000:00000000       __hybrid_auxiliary_delayload_iat 0000000000000000     <absolute>
 0000:00000000       __hybrid_auxiliary_delayload_iat_copy 0000000000000000     <absolute>
 0000:00000000       __hybrid_auxiliary_iat     0000000000000000     <absolute>
 0000:00000000       __hybrid_auxiliary_iat_copy 0000000000000000     <absolute>
 0000:00000000       __hybrid_code_map          0000000000000000     <absolute>
 0000:00000000       __hybrid_code_map_count    0000000000000000     <absolute>
 0000:00000000       __hybrid_image_info_bitfield 0000000000000000     <absolute>
 0000:00000000       __x64_code_ranges_to_entry_points 0000000000000000     <absolute>
 0000:00000000       __x64_code_ranges_to_entry_points_count 0000000000000000     <absolute>
 0000:00000100       __guard_flags              0000000000000100     <absolute>
 0000:00000000       __ImageBase                0000000010000000     <linker-defined>
 0001:00000000       __GetNonGCStaticBase_guideXOS_Program 0000000010001000     guideXOS.obj
 0001:00000008       __GetNonGCStaticBase_guideXOS_Allocator 0000000010001008     guideXOS.obj
 0001:00000010       __GetNonGCStaticBase_guideXOS_GDT 0000000010001010     guideXOS.obj
 0001:00000018       __GetNonGCStaticBase_guideXOS_IDT 0000000010001018     guideXOS.obj
 0001:00000020       __GetNonGCStaticBase_guideXOS_System_StringPool 0000000010001020     guideXOS.obj
 0001:0000003d       __GetNonGCStaticBase_guideXOS_System_Windows_Forms_Control 000000001000103d     guideXOS.obj
 0001:00000045       __GetNonGCStaticBase_guideXOS_guideXOS_Kbd2Mouse 0000000010001045     guideXOS.obj
 0001:0000004d       __GetNonGCStaticBase_guideXOS_guideXOS_Console 000000001000104d     guideXOS.obj
 0001:00000055       __GetNonGCStaticBase_guideXOS_guideXOS_PageTable 0000000010001055     guideXOS.obj
 0001:0000005d       __GetNonGCStaticBase_guideXOS_guideXOS_Intel825xx 000000001000105d     guideXOS.obj
 0001:00000065       __GetNonGCStaticBase_guideXOS_guideXOS_NETv4 0000000010001065     guideXOS.obj
 0001:0000006d       __GetNonGCStaticBase_guideXOS_guideXOS_RTL8111 000000001000106d     guideXOS.obj
 0001:00000075       __GetNonGCStaticBase_guideXOS_guideXOS_SMP 0000000010001075     guideXOS.obj
 0001:0000007d       __GetNonGCStaticBase_guideXOS_guideXOS_Network_Http 000000001000107d     guideXOS.obj
 0001:00000085       __GetNonGCStaticBase_guideXOS_guideXOS_Misc_Audio 0000000010001085     guideXOS.obj
 0001:0000008d       __GetNonGCStaticBase_guideXOS_guideXOS_Misc_BootSplash 000000001000108d     guideXOS.obj
 0001:00000095       __GetNonGCStaticBase_guideXOS_guideXOS_Misc_Panic 0000000010001095     guideXOS.obj
 0001:0000009d       __GetNonGCStaticBase_guideXOS_guideXOS_Misc_ThreadPool 000000001000109d     guideXOS.obj
 0001:000000a5       __GetNonGCStaticBase_guideXOS_guideXOS_Misc_USB 00000000100010a5     guideXOS.obj
 0001:000000ad       __GetNonGCStaticBase_guideXOS_guideXOS_Kernel_Drivers_AC97 00000000100010ad     guideXOS.obj
 0001:000000b5       __GetNonGCStaticBase_guideXOS_guideXOS_Kernel_Drivers_ACPI 00000000100010b5     guideXOS.obj
 0001:000000bd       __GetNonGCStaticBase_guideXOS_guideXOS_Kernel_Drivers_DisplayManager 00000000100010bd     guideXOS.obj
 0001:000000c5       __GetNonGCStaticBase_guideXOS_guideXOS_Kernel_Drivers_EHCI 00000000100010c5     guideXOS.obj
 0001:000000cd       __GetNonGCStaticBase_guideXOS_guideXOS_Kernel_Drivers_ES1371 00000000100010cd     guideXOS.obj
 0001:000000d5       __GetNonGCStaticBase_guideXOS_guideXOS_Kernel_Drivers_Framebuffer 00000000100010d5     guideXOS.obj
 0001:000000dd       __GetNonGCStaticBase_guideXOS_guideXOS_Kernel_Drivers_HID 00000000100010dd     guideXOS.obj
 0001:000000e5       __GetNonGCStaticBase_guideXOS_guideXOS_Kernel_Drivers_HPET 00000000100010e5     guideXOS.obj
 0001:000000ed       __GetNonGCStaticBase_guideXOS_guideXOS_Kernel_Drivers_Hub 00000000100010ed     guideXOS.obj
 0001:000000f5       __GetNonGCStaticBase_guideXOS_guideXOS_Kernel_Drivers_Keyboard 00000000100010f5     guideXOS.obj
 0001:000000fd       __GetNonGCStaticBase_guideXOS_guideXOS_Kernel_Drivers_PS2Keyboard 00000000100010fd     guideXOS.obj
 0001:00000105       __GetNonGCStaticBase_guideXOS_guideXOS_Kernel_Drivers_PS2Mouse 0000000010001105     guideXOS.obj
 0001:0000010d       __GetNonGCStaticBase_guideXOS_guideXOS_Kernel_Drivers_RTC 000000001000110d     guideXOS.obj
 0001:00000115       __GetNonGCStaticBase_guideXOS_guideXOS_Kernel_Drivers_SATA 0000000010001115     guideXOS.obj
 0001:0000011d       __GetNonGCStaticBase_guideXOS_guideXOS_Kernel_Drivers_Timer 000000001000111d     guideXOS.obj
 0001:00000125       __GetNonGCStaticBase_guideXOS_guideXOS_Kernel_Drivers_VMwareTools 0000000010001125     guideXOS.obj
 0001:0000012d       __GetNonGCStaticBase_guideXOS_guideXOS_Kernel_Drivers_USBStorage 000000001000112d     guideXOS.obj
 0001:0000014a       __GetNonGCStaticBase_guideXOS_guideXOS_OS_Firewall 000000001000114a     guideXOS.obj
 0001:00000167       __GetNonGCStaticBase_guideXOS_guideXOS_GUI_BackgroundRotationManager 0000000010001167     guideXOS.obj
 0001:0000016f       __GetNonGCStaticBase_guideXOS_guideXOS_GUI_Busy 000000001000116f     guideXOS.obj
 0001:00000177       __GetNonGCStaticBase_guideXOS_guideXOS_GUI_Desktop 0000000010001177     guideXOS.obj
 0001:0000017f       __GetNonGCStaticBase_guideXOS_guideXOS_GUI_Icons 000000001000117f     guideXOS.obj
 0001:0000019c       __GetNonGCStaticBase_guideXOS_guideXOS_GUI_StartMenu 000000001000119c     guideXOS.obj
 0001:000001a4       __GetNonGCStaticBase_guideXOS_guideXOS_GUI_UISettings 00000000100011a4     guideXOS.obj
 0001:000001ac       __GetNonGCStaticBase_guideXOS_guideXOS_GUI_WindowManager 00000000100011ac     guideXOS.obj
 0001:000001b4       __GetNonGCStaticBase_guideXOS_guideXOS_GUI_WorkspaceManager 00000000100011b4     guideXOS.obj
 0001:000001d1       __GetNonGCStaticBase_guideXOS_guideXOS_DockableWidgets_Clock 00000000100011d1     guideXOS.obj
 0001:000001d9       __GetNonGCStaticBase_guideXOS_guideXOS_DefaultApps_nexIRC 00000000100011d9     guideXOS.obj
 0001:000001e1       __GetNonGCStaticBase_guideXOS_guideXOS_DefaultApps_WAVPlayer 00000000100011e1     guideXOS.obj
 0001:000001e9       __GetNonGCStaticBase_guideXOS_guideXOS_DefaultApps_WebBrowser 00000000100011e9     guideXOS.obj
 0001:000001f1       __GetGCStaticBase_guideXOS_Program 00000000100011f1     guideXOS.obj
 0001:000001fc       __GetGCStaticBase_guideXOS_Allocator 00000000100011fc     guideXOS.obj
 0001:00000207       __GetGCStaticBase_guideXOS_IDT 0000000010001207     guideXOS.obj
 0001:00000212       __GetGCStaticBase_guideXOS_System_DateTime 0000000010001212     guideXOS.obj
 0001:0000021d       __GetGCStaticBase_guideXOS_System_StringPool 000000001000121d     guideXOS.obj
 0001:0000023d       __GetGCStaticBase_guideXOS_guideXOS_Animator 000000001000123d     guideXOS.obj
 0001:00000248       __GetGCStaticBase_guideXOS_guideXOS_ASC16 0000000010001248     guideXOS.obj
 0001:00000253       __GetGCStaticBase_guideXOS_guideXOS_Console 0000000010001253     guideXOS.obj
 0001:0000025e       __GetGCStaticBase_guideXOS_guideXOS_NETv4 000000001000125e     guideXOS.obj
 0001:00000269       __GetGCStaticBase_guideXOS_guideXOS_Misc_BitFont 0000000010001269     guideXOS.obj
 0001:00000274       __GetGCStaticBase_guideXOS_guideXOS_Misc_BootSplash 0000000010001274     guideXOS.obj
 0001:0000027f       __GetGCStaticBase_guideXOS_guideXOS_Misc_Interrupts 000000001000127f     guideXOS.obj
 0001:0000028a       __GetGCStaticBase_guideXOS_guideXOS_Misc_ThreadPool 000000001000128a     guideXOS.obj
 0001:00000295       __GetGCStaticBase_guideXOS_guideXOS_FS_Disk 0000000010001295     guideXOS.obj
 0001:000002a0       __GetGCStaticBase_guideXOS_guideXOS_FS_File 00000000100012a0     guideXOS.obj
 0001:000002ab       __GetGCStaticBase_guideXOS_guideXOS_Kernel_Drivers_AC97 00000000100012ab     guideXOS.obj
 0001:000002b6       __GetGCStaticBase_guideXOS_guideXOS_Kernel_Drivers_ACPI 00000000100012b6     guideXOS.obj
 0001:000002c1       __GetGCStaticBase_guideXOS_guideXOS_Kernel_Drivers_DisplayManager 00000000100012c1     guideXOS.obj
 0001:000002cc       __GetGCStaticBase_guideXOS_guideXOS_Kernel_Drivers_Framebuffer 00000000100012cc     guideXOS.obj
 0001:000002d7       __GetGCStaticBase_guideXOS_guideXOS_Kernel_Drivers_HID 00000000100012d7     guideXOS.obj
 0001:000002e2       __GetGCStaticBase_guideXOS_guideXOS_Kernel_Drivers_IDE 00000000100012e2     guideXOS.obj
 0001:000002ed       __GetGCStaticBase_guideXOS_guideXOS_Kernel_Drivers_Keyboard 00000000100012ed     guideXOS.obj
 0001:000002f8       __GetGCStaticBase_guideXOS_guideXOS_Kernel_Drivers_PCI 00000000100012f8     guideXOS.obj
 0001:00000303       __GetGCStaticBase_guideXOS_guideXOS_Kernel_Drivers_PS2Mouse 0000000010001303     guideXOS.obj
 0001:0000030e       __GetGCStaticBase_guideXOS_guideXOS_Kernel_Drivers_SATA 000000001000130e     guideXOS.obj
 0001:00000319       __GetGCStaticBase_guideXOS_guideXOS_Kernel_Drivers_USBStorage 0000000010001319     guideXOS.obj
 0001:00000339       __GetGCStaticBase_guideXOS_guideXOS_OS_Firewall 0000000010001339     guideXOS.obj
 0001:00000359       __GetGCStaticBase_guideXOS_guideXOS_OS_Session 0000000010001359     guideXOS.obj
 0001:00000364       __GetGCStaticBase_guideXOS_guideXOS_Modules_ModuleManager 0000000010001364     guideXOS.obj
 0001:00000384       __GetGCStaticBase_guideXOS_guideXOS_GUI_BackgroundRotationManager 0000000010001384     guideXOS.obj
 0001:0000038f       __GetGCStaticBase_guideXOS_guideXOS_GUI_Desktop 000000001000138f     guideXOS.obj
 0001:0000039a       __GetGCStaticBase_guideXOS_guideXOS_GUI_Icons 000000001000139a     guideXOS.obj
 0001:000003ba       __GetGCStaticBase_guideXOS_guideXOS_GUI_Lockscreen 00000000100013ba     guideXOS.obj
 0001:000003c5       __GetGCStaticBase_guideXOS_guideXOS_GUI_NotificationManager 00000000100013c5     guideXOS.obj
 0001:000003d0       __GetGCStaticBase_guideXOS_guideXOS_GUI_OnScreenKeyboard 00000000100013d0     guideXOS.obj
 0001:000003f0       __GetGCStaticBase_guideXOS_guideXOS_GUI_PinnedManager 00000000100013f0     guideXOS.obj
 0001:00000410       __GetGCStaticBase_guideXOS_guideXOS_GUI_RecentManager 0000000010001410     guideXOS.obj
 0001:00000430       __GetGCStaticBase_guideXOS_guideXOS_GUI_WindowManager 0000000010001430     guideXOS.obj
 0001:0000043b       __GetGCStaticBase_guideXOS_guideXOS_GUI_WorkspaceManager 000000001000143b     guideXOS.obj
 0001:0000045b       __GetGCStaticBase_guideXOS_guideXOS_DockableWidgets_Clock 000000001000145b     guideXOS.obj
 0001:00000466       __GetGCStaticBase_guideXOS_guideXOS_DefaultApps_WAVPlayer 0000000010001466     guideXOS.obj
 0001:00000471       __GetGCStaticBase_guideXOS_guideXOS_Modules_ModuleManager___c 0000000010001471     guideXOS.obj
 0001:0000047c       __GetGCStaticBase_guideXOS_guideXOS_GUI_DisplayOptions___c 000000001000147c     guideXOS.obj
 0001:00000487       __GetGCStaticBase_guideXOS_guideXOS_GUI_SaveDialog___O 0000000010001487     guideXOS.obj
 0001:00000492       __GetGCStaticBase_guideXOS_System_Array_EmptyArray_1<String> 0000000010001492     guideXOS.obj
 0001:000004b2       __DelegateCtor_guideXOS_System_Delegate__InitializeClosedInstance__guideXOS_guideXOS_GUI_GXMScriptWindow__Keyboard_OnKeyChanged 00000000100014b2     guideXOS.obj
 0001:000004be       __DelegateCtor_guideXOS_System_Delegate__InitializeClosedInstance__guideXOS_guideXOS_GUI_GXMScriptWindow___OpenSaveDialogForTextBox_b__39_0 00000000100014be     guideXOS.obj
 0001:000004ca       __DelegateCtor_guideXOS_System_Delegate__InitializeClosedInstance__guideXOS_guideXOS_GUI_GXMScriptWindow___OpenOpenDialogForTextBox_b__40_0 00000000100014ca     guideXOS.obj
 0001:000004d6       __DelegateCtor_guideXOS_System_Delegate__InitializeClosedInstance__guideXOS_guideXOS_GUI_NetworkConfigurationDialog__Keyboard_OnKeyChanged 00000000100014d6     guideXOS.obj
 0001:000004e2       __DelegateCtor_guideXOS_System_Delegate__InitializeClosedInstance__guideXOS_guideXOS_GUI_OpenDialog__Keyboard_OnKeyChanged 00000000100014e2     guideXOS.obj
 0001:000004ee       __DelegateCtor_guideXOS_System_Delegate__InitializeClosedInstance__guideXOS_guideXOS_GUI_SaveDialog__Keyboard_OnKeyChanged 00000000100014ee     guideXOS.obj
 0001:000004fa       __DelegateCtor_guideXOS_System_Delegate__InitializeClosedInstance__guideXOS_guideXOS_DefaultApps_ComputerFiles__Keyboard_OnKeyChanged 00000000100014fa     guideXOS.obj
 0001:00000506       __DelegateCtor_guideXOS_System_Delegate__InitializeClosedInstance__guideXOS_guideXOS_DefaultApps_FConsole__Keyboard_OnKeyChanged 0000000010001506     guideXOS.obj
 0001:00000512       __DelegateCtor_guideXOS_System_Delegate__InitializeClosedInstance__guideXOS_guideXOS_DefaultApps_FConsole__Console_OnWrite 0000000010001512     guideXOS.obj
 0001:0000051e       __DelegateCtor_guideXOS_System_Delegate__InitializeClosedInstance__guideXOS_guideXOS_DefaultApps_nexIRC__Keyboard_OnKeyChanged 000000001000151e     guideXOS.obj
 0001:0000052a       __DelegateCtor_guideXOS_System_Delegate__InitializeClosedInstance__guideXOS_guideXOS_DefaultApps_Notepad__Keyboard_OnKeyChanged 000000001000152a     guideXOS.obj
 0001:00000536       __DelegateCtor_guideXOS_System_Delegate__InitializeClosedInstance__guideXOS_guideXOS_DefaultApps_Notepad___OnSetVisible_b__19_0 0000000010001536     guideXOS.obj
 0001:00000542       __DelegateCtor_guideXOS_System_Delegate__InitializeClosedInstance__guideXOS_guideXOS_DefaultApps_Notepad___OnSetVisible_b__19_3 0000000010001542     guideXOS.obj
 0001:0000054e       __DelegateCtor_guideXOS_System_Delegate__InitializeClosedInstance__guideXOS_guideXOS_DefaultApps_Notepad___OnSetVisible_b__19_1 000000001000154e     guideXOS.obj
 0001:0000055a       __DelegateCtor_guideXOS_System_Delegate__InitializeClosedInstance__guideXOS_guideXOS_DefaultApps_Notepad___OnSetVisible_b__19_2 000000001000155a     guideXOS.obj
 0001:00000566       __DelegateCtor_guideXOS_System_Delegate__InitializeClosedInstance__guideXOS_guideXOS_DefaultApps_WebBrowser__OnKey 0000000010001566     guideXOS.obj
 0001:00000572       __DelegateCtor_guideXOS_System_Delegate__InitializeClosedInstance__guideXOS_guideXOS_FS_FAT___c__DisplayClass48_0___FindPath_b__0 0000000010001572     guideXOS.obj
 0001:0000057e       __DelegateCtor_guideXOS_System_Delegate__InitializeClosedInstance__guideXOS_guideXOS_FS_FAT___c__DisplayClass48_1___FindPath_b__1 000000001000157e     guideXOS.obj
 0001:0000058a       __DelegateCtor_guideXOS_System_Delegate__InitializeClosedInstance__guideXOS_guideXOS_FS_FAT___c__DisplayClass58_0___GetFiles_b__0 000000001000158a     guideXOS.obj
 0001:00000596       __DelegateCtor_guideXOS_System_Delegate__InitializeClosedInstance__guideXOS_guideXOS_Modules_ModuleManager___c___InitializeBuiltins_b__7_0 0000000010001596     guideXOS.obj
 0001:000005a2       __DelegateCtor_guideXOS_System_Delegate__InitializeClosedInstance__guideXOS_guideXOS_GUI_DisplayOptions___c___OnInput_b__40_0 00000000100015a2     guideXOS.obj
 0001:000005ae       __DelegateCtor_guideXOS_System_Delegate__InitializeClosedInstance__guideXOS_guideXOS_GUI_DisplayOptions___c___OnInput_b__40_1 00000000100015ae     guideXOS.obj
 0001:000005ba       __DelegateCtor_guideXOS_System_Delegate__InitializeClosedInstance__guideXOS_guideXOS_DefaultApps_DiskManager___c__DisplayClass38_0___ReadMBRForEntry_b__0 00000000100015ba     guideXOS.obj
 0001:000005c6       __DelegateCtor_guideXOS_System_Delegate__InitializeClosedInstance__guideXOS_guideXOS_DefaultApps_DiskManager___c__DisplayClass54_0___TryCreatePartitionLargestFree_b__0 00000000100015c6     guideXOS.obj
 0001:000005d2       __DelegateCtor_guideXOS_System_Delegate__InitializeClosedInstance__guideXOS_guideXOS_DefaultApps_DiskManager___c__DisplayClass54_0___TryCreatePartitionLargestFree_b__1 00000000100015d2     guideXOS.obj
 0001:000005de       __DelegateCtor_guideXOS_System_Delegate__InitializeClosedInstance__guideXOS_guideXOS_DefaultApps_Notepad___c__DisplayClass24_0___OpenSaveAs_b__0 00000000100015de     guideXOS.obj
 0001:000005ea       __DelegateCtor_guideXOS_System_Delegate__InitializeOpenStaticThunk__guideXOS_guideXOS_GUI_Icons__DocumentIcon__guideXOS_System_Func_2<Int32__System___Canon>__InvokeOpenStaticThunk 00000000100015ea     guideXOS.obj
 0001:000005fd       __GenericLookupFromType_guideXOS_System_Array_EmptyArray_1<System___Canon>_GCStaticBase_guideXOS_System_Array_EmptyArray_1<T_System___Canon> 00000000100015fd     guideXOS.obj
 0001:00000620       cpuid_supported            0000000010001620     cpuid_safe.obj
 0001:00000626       cpuid_safe                 0000000010001626     cpuid_safe.obj
 0001:00000640       CPUID                      0000000010001640 f   NativeLib:native.obj
 0001:00000690       Cli                        0000000010001690 f   NativeLib:native.obj
 0001:000006c0       Fxrstor64                  00000000100016c0 f   NativeLib:native.obj
 0001:000006f0       Fxsave64                   00000000100016f0 f   NativeLib:native.obj
 0001:00000720       Hlt                        0000000010001720 f   NativeLib:native.obj
 0001:00000750       Invlpg                     0000000010001750 f   NativeLib:native.obj
 0001:00000780       Nop                        0000000010001780 f   NativeLib:native.obj
 0001:000007a0       Rdmsr                      00000000100017a0 f   NativeLib:native.obj
 0001:000007d0       Rdtsc                      00000000100017d0 f   NativeLib:native.obj
 0001:00000800       ReadCR2                    0000000010001800 f   NativeLib:native.obj
 0001:00000820       Sti                        0000000010001820 f   NativeLib:native.obj
 0001:00000850       WriteCR3                   0000000010001850 f   NativeLib:native.obj
 0001:00000880       Wrmsr                      0000000010001880 f   NativeLib:native.obj
 0001:000008c0       __JustMyCode_Default       00000000100018c0 f i NativeLib:native.obj
 0001:000008d0       Movsb                      00000000100018d0 f   NativeLib:mem.obj
 0001:00000910       Movsd                      0000000010001910 f   NativeLib:mem.obj
 0001:00000950       Stosb                      0000000010001950 f   NativeLib:mem.obj
 0001:000009a0       Stosd                      00000000100019a0 f   NativeLib:mem.obj
 0001:000009f0       avx_memcpy                 00000000100019f0 f   NativeLib:mem.obj
 0001:00000af0       Load_GDT                   0000000010001af0 f   NativeLib:interrupts.obj
 0001:00000b20       idt_set                    0000000010001b20 f   NativeLib:interrupts.obj
 0001:00000c00       set_idt_entries            0000000010001c00 f   NativeLib:interrupts.obj
 0001:00002b20       intr0                      0000000010003b20 f   NativeLib:interrupts_asm.obj
 0001:00002b62       intr1                      0000000010003b62 f   NativeLib:interrupts_asm.obj
 0001:00002ba4       intr2                      0000000010003ba4 f   NativeLib:interrupts_asm.obj
 0001:00002be6       intr3                      0000000010003be6 f   NativeLib:interrupts_asm.obj
 0001:00002c28       intr4                      0000000010003c28 f   NativeLib:interrupts_asm.obj
 0001:00002c6a       intr5                      0000000010003c6a f   NativeLib:interrupts_asm.obj
 0001:00002cac       intr6                      0000000010003cac f   NativeLib:interrupts_asm.obj
 0001:00002cee       intr7                      0000000010003cee f   NativeLib:interrupts_asm.obj
 0001:00002d30       intr8                      0000000010003d30 f   NativeLib:interrupts_asm.obj
 0001:00002d72       intr9                      0000000010003d72 f   NativeLib:interrupts_asm.obj
 0001:00002db4       intr10                     0000000010003db4 f   NativeLib:interrupts_asm.obj
 0001:00002df6       intr11                     0000000010003df6 f   NativeLib:interrupts_asm.obj
 0001:00002e38       intr12                     0000000010003e38 f   NativeLib:interrupts_asm.obj
 0001:00002e7a       intr13                     0000000010003e7a f   NativeLib:interrupts_asm.obj
 0001:00002ebc       intr14                     0000000010003ebc f   NativeLib:interrupts_asm.obj
 0001:00002efe       intr15                     0000000010003efe f   NativeLib:interrupts_asm.obj
 0001:00002f40       intr16                     0000000010003f40 f   NativeLib:interrupts_asm.obj
 0001:00002f82       intr17                     0000000010003f82 f   NativeLib:interrupts_asm.obj
 0001:00002fc4       intr18                     0000000010003fc4 f   NativeLib:interrupts_asm.obj
 0001:00003006       intr19                     0000000010004006 f   NativeLib:interrupts_asm.obj
 0001:00003048       intr20                     0000000010004048 f   NativeLib:interrupts_asm.obj
 0001:0000308a       intr21                     000000001000408a f   NativeLib:interrupts_asm.obj
 0001:000030cc       intr22                     00000000100040cc f   NativeLib:interrupts_asm.obj
 0001:0000310e       intr23                     000000001000410e f   NativeLib:interrupts_asm.obj
 0001:00003150       intr24                     0000000010004150 f   NativeLib:interrupts_asm.obj
 0001:00003192       intr25                     0000000010004192 f   NativeLib:interrupts_asm.obj
 0001:000031d4       intr26                     00000000100041d4 f   NativeLib:interrupts_asm.obj
 0001:00003216       intr27                     0000000010004216 f   NativeLib:interrupts_asm.obj
 0001:00003258       intr28                     0000000010004258 f   NativeLib:interrupts_asm.obj
 0001:0000329a       intr29                     000000001000429a f   NativeLib:interrupts_asm.obj
 0001:000032dc       intr30                     00000000100042dc f   NativeLib:interrupts_asm.obj
 0001:0000331e       intr31                     000000001000431e f   NativeLib:interrupts_asm.obj
 0001:00003360       intr32                     0000000010004360 f   NativeLib:interrupts_asm.obj
 0001:000033a2       intr33                     00000000100043a2 f   NativeLib:interrupts_asm.obj
 0001:000033e4       intr34                     00000000100043e4 f   NativeLib:interrupts_asm.obj
 0001:00003426       intr35                     0000000010004426 f   NativeLib:interrupts_asm.obj
 0001:00003468       intr36                     0000000010004468 f   NativeLib:interrupts_asm.obj
 0001:000034aa       intr37                     00000000100044aa f   NativeLib:interrupts_asm.obj
 0001:000034ec       intr38                     00000000100044ec f   NativeLib:interrupts_asm.obj
 0001:0000352e       intr39                     000000001000452e f   NativeLib:interrupts_asm.obj
 0001:00003570       intr40                     0000000010004570 f   NativeLib:interrupts_asm.obj
 0001:000035b2       intr41                     00000000100045b2 f   NativeLib:interrupts_asm.obj
 0001:000035f4       intr42                     00000000100045f4 f   NativeLib:interrupts_asm.obj
 0001:00003636       intr43                     0000000010004636 f   NativeLib:interrupts_asm.obj
 0001:00003678       intr44                     0000000010004678 f   NativeLib:interrupts_asm.obj
 0001:000036ba       intr45                     00000000100046ba f   NativeLib:interrupts_asm.obj
 0001:000036fc       intr46                     00000000100046fc f   NativeLib:interrupts_asm.obj
 0001:0000373e       intr47                     000000001000473e f   NativeLib:interrupts_asm.obj
 0001:00003780       intr48                     0000000010004780 f   NativeLib:interrupts_asm.obj
 0001:000037c2       intr49                     00000000100047c2 f   NativeLib:interrupts_asm.obj
 0001:00003804       intr50                     0000000010004804 f   NativeLib:interrupts_asm.obj
 0001:00003846       intr51                     0000000010004846 f   NativeLib:interrupts_asm.obj
 0001:00003888       intr52                     0000000010004888 f   NativeLib:interrupts_asm.obj
 0001:000038ca       intr53                     00000000100048ca f   NativeLib:interrupts_asm.obj
 0001:0000390c       intr54                     000000001000490c f   NativeLib:interrupts_asm.obj
 0001:0000394e       intr55                     000000001000494e f   NativeLib:interrupts_asm.obj
 0001:00003990       intr56                     0000000010004990 f   NativeLib:interrupts_asm.obj
 0001:000039d2       intr57                     00000000100049d2 f   NativeLib:interrupts_asm.obj
 0001:00003a14       intr58                     0000000010004a14 f   NativeLib:interrupts_asm.obj
 0001:00003a56       intr59                     0000000010004a56 f   NativeLib:interrupts_asm.obj
 0001:00003a98       intr60                     0000000010004a98 f   NativeLib:interrupts_asm.obj
 0001:00003ada       intr61                     0000000010004ada f   NativeLib:interrupts_asm.obj
 0001:00003b1c       intr62                     0000000010004b1c f   NativeLib:interrupts_asm.obj
 0001:00003b5e       intr63                     0000000010004b5e f   NativeLib:interrupts_asm.obj
 0001:00003ba0       intr64                     0000000010004ba0 f   NativeLib:interrupts_asm.obj
 0001:00003be2       intr65                     0000000010004be2 f   NativeLib:interrupts_asm.obj
 0001:00003c24       intr66                     0000000010004c24 f   NativeLib:interrupts_asm.obj
 0001:00003c66       intr67                     0000000010004c66 f   NativeLib:interrupts_asm.obj
 0001:00003ca8       intr68                     0000000010004ca8 f   NativeLib:interrupts_asm.obj
 0001:00003cea       intr69                     0000000010004cea f   NativeLib:interrupts_asm.obj
 0001:00003d2c       intr70                     0000000010004d2c f   NativeLib:interrupts_asm.obj
 0001:00003d6e       intr71                     0000000010004d6e f   NativeLib:interrupts_asm.obj
 0001:00003db0       intr72                     0000000010004db0 f   NativeLib:interrupts_asm.obj
 0001:00003df2       intr73                     0000000010004df2 f   NativeLib:interrupts_asm.obj
 0001:00003e34       intr74                     0000000010004e34 f   NativeLib:interrupts_asm.obj
 0001:00003e76       intr75                     0000000010004e76 f   NativeLib:interrupts_asm.obj
 0001:00003eb8       intr76                     0000000010004eb8 f   NativeLib:interrupts_asm.obj
 0001:00003efa       intr77                     0000000010004efa f   NativeLib:interrupts_asm.obj
 0001:00003f3c       intr78                     0000000010004f3c f   NativeLib:interrupts_asm.obj
 0001:00003f7e       intr79                     0000000010004f7e f   NativeLib:interrupts_asm.obj
 0001:00003fc0       intr80                     0000000010004fc0 f   NativeLib:interrupts_asm.obj
 0001:00004002       intr81                     0000000010005002 f   NativeLib:interrupts_asm.obj
 0001:00004044       intr82                     0000000010005044 f   NativeLib:interrupts_asm.obj
 0001:00004086       intr83                     0000000010005086 f   NativeLib:interrupts_asm.obj
 0001:000040c8       intr84                     00000000100050c8 f   NativeLib:interrupts_asm.obj
 0001:0000410a       intr85                     000000001000510a f   NativeLib:interrupts_asm.obj
 0001:0000414c       intr86                     000000001000514c f   NativeLib:interrupts_asm.obj
 0001:0000418e       intr87                     000000001000518e f   NativeLib:interrupts_asm.obj
 0001:000041d0       intr88                     00000000100051d0 f   NativeLib:interrupts_asm.obj
 0001:00004212       intr89                     0000000010005212 f   NativeLib:interrupts_asm.obj
 0001:00004254       intr90                     0000000010005254 f   NativeLib:interrupts_asm.obj
 0001:00004296       intr91                     0000000010005296 f   NativeLib:interrupts_asm.obj
 0001:000042d8       intr92                     00000000100052d8 f   NativeLib:interrupts_asm.obj
 0001:0000431a       intr93                     000000001000531a f   NativeLib:interrupts_asm.obj
 0001:0000435c       intr94                     000000001000535c f   NativeLib:interrupts_asm.obj
 0001:0000439e       intr95                     000000001000539e f   NativeLib:interrupts_asm.obj
 0001:000043e0       intr96                     00000000100053e0 f   NativeLib:interrupts_asm.obj
 0001:00004422       intr97                     0000000010005422 f   NativeLib:interrupts_asm.obj
 0001:00004464       intr98                     0000000010005464 f   NativeLib:interrupts_asm.obj
 0001:000044a6       intr99                     00000000100054a6 f   NativeLib:interrupts_asm.obj
 0001:000044e8       intr100                    00000000100054e8 f   NativeLib:interrupts_asm.obj
 0001:0000452a       intr101                    000000001000552a f   NativeLib:interrupts_asm.obj
 0001:0000456c       intr102                    000000001000556c f   NativeLib:interrupts_asm.obj
 0001:000045ae       intr103                    00000000100055ae f   NativeLib:interrupts_asm.obj
 0001:000045f0       intr104                    00000000100055f0 f   NativeLib:interrupts_asm.obj
 0001:00004632       intr105                    0000000010005632 f   NativeLib:interrupts_asm.obj
 0001:00004674       intr106                    0000000010005674 f   NativeLib:interrupts_asm.obj
 0001:000046b6       intr107                    00000000100056b6 f   NativeLib:interrupts_asm.obj
 0001:000046f8       intr108                    00000000100056f8 f   NativeLib:interrupts_asm.obj
 0001:0000473a       intr109                    000000001000573a f   NativeLib:interrupts_asm.obj
 0001:0000477c       intr110                    000000001000577c f   NativeLib:interrupts_asm.obj
 0001:000047be       intr111                    00000000100057be f   NativeLib:interrupts_asm.obj
 0001:00004800       intr112                    0000000010005800 f   NativeLib:interrupts_asm.obj
 0001:00004842       intr113                    0000000010005842 f   NativeLib:interrupts_asm.obj
 0001:00004884       intr114                    0000000010005884 f   NativeLib:interrupts_asm.obj
 0001:000048c6       intr115                    00000000100058c6 f   NativeLib:interrupts_asm.obj
 0001:00004908       intr116                    0000000010005908 f   NativeLib:interrupts_asm.obj
 0001:0000494a       intr117                    000000001000594a f   NativeLib:interrupts_asm.obj
 0001:0000498c       intr118                    000000001000598c f   NativeLib:interrupts_asm.obj
 0001:000049ce       intr119                    00000000100059ce f   NativeLib:interrupts_asm.obj
 0001:00004a10       intr120                    0000000010005a10 f   NativeLib:interrupts_asm.obj
 0001:00004a52       intr121                    0000000010005a52 f   NativeLib:interrupts_asm.obj
 0001:00004a94       intr122                    0000000010005a94 f   NativeLib:interrupts_asm.obj
 0001:00004ad6       intr123                    0000000010005ad6 f   NativeLib:interrupts_asm.obj
 0001:00004b18       intr124                    0000000010005b18 f   NativeLib:interrupts_asm.obj
 0001:00004b5a       intr125                    0000000010005b5a f   NativeLib:interrupts_asm.obj
 0001:00004b9c       intr126                    0000000010005b9c f   NativeLib:interrupts_asm.obj
 0001:00004bde       intr127                    0000000010005bde f   NativeLib:interrupts_asm.obj
 0001:00004c20       intr128                    0000000010005c20 f   NativeLib:interrupts_asm.obj
 0001:00004c62       intr129                    0000000010005c62 f   NativeLib:interrupts_asm.obj
 0001:00004ca4       intr130                    0000000010005ca4 f   NativeLib:interrupts_asm.obj
 0001:00004ce6       intr131                    0000000010005ce6 f   NativeLib:interrupts_asm.obj
 0001:00004d28       intr132                    0000000010005d28 f   NativeLib:interrupts_asm.obj
 0001:00004d6a       intr133                    0000000010005d6a f   NativeLib:interrupts_asm.obj
 0001:00004dac       intr134                    0000000010005dac f   NativeLib:interrupts_asm.obj
 0001:00004dee       intr135                    0000000010005dee f   NativeLib:interrupts_asm.obj
 0001:00004e30       intr136                    0000000010005e30 f   NativeLib:interrupts_asm.obj
 0001:00004e72       intr137                    0000000010005e72 f   NativeLib:interrupts_asm.obj
 0001:00004eb4       intr138                    0000000010005eb4 f   NativeLib:interrupts_asm.obj
 0001:00004ef6       intr139                    0000000010005ef6 f   NativeLib:interrupts_asm.obj
 0001:00004f38       intr140                    0000000010005f38 f   NativeLib:interrupts_asm.obj
 0001:00004f7a       intr141                    0000000010005f7a f   NativeLib:interrupts_asm.obj
 0001:00004fbc       intr142                    0000000010005fbc f   NativeLib:interrupts_asm.obj
 0001:00004ffe       intr143                    0000000010005ffe f   NativeLib:interrupts_asm.obj
 0001:00005040       intr144                    0000000010006040 f   NativeLib:interrupts_asm.obj
 0001:00005082       intr145                    0000000010006082 f   NativeLib:interrupts_asm.obj
 0001:000050c4       intr146                    00000000100060c4 f   NativeLib:interrupts_asm.obj
 0001:00005106       intr147                    0000000010006106 f   NativeLib:interrupts_asm.obj
 0001:00005148       intr148                    0000000010006148 f   NativeLib:interrupts_asm.obj
 0001:0000518a       intr149                    000000001000618a f   NativeLib:interrupts_asm.obj
 0001:000051cc       intr150                    00000000100061cc f   NativeLib:interrupts_asm.obj
 0001:0000520e       intr151                    000000001000620e f   NativeLib:interrupts_asm.obj
 0001:00005250       intr152                    0000000010006250 f   NativeLib:interrupts_asm.obj
 0001:00005292       intr153                    0000000010006292 f   NativeLib:interrupts_asm.obj
 0001:000052d4       intr154                    00000000100062d4 f   NativeLib:interrupts_asm.obj
 0001:00005316       intr155                    0000000010006316 f   NativeLib:interrupts_asm.obj
 0001:00005358       intr156                    0000000010006358 f   NativeLib:interrupts_asm.obj
 0001:0000539a       intr157                    000000001000639a f   NativeLib:interrupts_asm.obj
 0001:000053dc       intr158                    00000000100063dc f   NativeLib:interrupts_asm.obj
 0001:0000541e       intr159                    000000001000641e f   NativeLib:interrupts_asm.obj
 0001:00005460       intr160                    0000000010006460 f   NativeLib:interrupts_asm.obj
 0001:000054a2       intr161                    00000000100064a2 f   NativeLib:interrupts_asm.obj
 0001:000054e4       intr162                    00000000100064e4 f   NativeLib:interrupts_asm.obj
 0001:00005526       intr163                    0000000010006526 f   NativeLib:interrupts_asm.obj
 0001:00005568       intr164                    0000000010006568 f   NativeLib:interrupts_asm.obj
 0001:000055aa       intr165                    00000000100065aa f   NativeLib:interrupts_asm.obj
 0001:000055ec       intr166                    00000000100065ec f   NativeLib:interrupts_asm.obj
 0001:0000562e       intr167                    000000001000662e f   NativeLib:interrupts_asm.obj
 0001:00005670       intr168                    0000000010006670 f   NativeLib:interrupts_asm.obj
 0001:000056b2       intr169                    00000000100066b2 f   NativeLib:interrupts_asm.obj
 0001:000056f4       intr170                    00000000100066f4 f   NativeLib:interrupts_asm.obj
 0001:00005736       intr171                    0000000010006736 f   NativeLib:interrupts_asm.obj
 0001:00005778       intr172                    0000000010006778 f   NativeLib:interrupts_asm.obj
 0001:000057ba       intr173                    00000000100067ba f   NativeLib:interrupts_asm.obj
 0001:000057fc       intr174                    00000000100067fc f   NativeLib:interrupts_asm.obj
 0001:0000583e       intr175                    000000001000683e f   NativeLib:interrupts_asm.obj
 0001:00005880       intr176                    0000000010006880 f   NativeLib:interrupts_asm.obj
 0001:000058c2       intr177                    00000000100068c2 f   NativeLib:interrupts_asm.obj
 0001:00005904       intr178                    0000000010006904 f   NativeLib:interrupts_asm.obj
 0001:00005946       intr179                    0000000010006946 f   NativeLib:interrupts_asm.obj
 0001:00005988       intr180                    0000000010006988 f   NativeLib:interrupts_asm.obj
 0001:000059ca       intr181                    00000000100069ca f   NativeLib:interrupts_asm.obj
 0001:00005a0c       intr182                    0000000010006a0c f   NativeLib:interrupts_asm.obj
 0001:00005a4e       intr183                    0000000010006a4e f   NativeLib:interrupts_asm.obj
 0001:00005a90       intr184                    0000000010006a90 f   NativeLib:interrupts_asm.obj
 0001:00005ad2       intr185                    0000000010006ad2 f   NativeLib:interrupts_asm.obj
 0001:00005b14       intr186                    0000000010006b14 f   NativeLib:interrupts_asm.obj
 0001:00005b56       intr187                    0000000010006b56 f   NativeLib:interrupts_asm.obj
 0001:00005b98       intr188                    0000000010006b98 f   NativeLib:interrupts_asm.obj
 0001:00005bda       intr189                    0000000010006bda f   NativeLib:interrupts_asm.obj
 0001:00005c1c       intr190                    0000000010006c1c f   NativeLib:interrupts_asm.obj
 0001:00005c5e       intr191                    0000000010006c5e f   NativeLib:interrupts_asm.obj
 0001:00005ca0       intr192                    0000000010006ca0 f   NativeLib:interrupts_asm.obj
 0001:00005ce2       intr193                    0000000010006ce2 f   NativeLib:interrupts_asm.obj
 0001:00005d24       intr194                    0000000010006d24 f   NativeLib:interrupts_asm.obj
 0001:00005d66       intr195                    0000000010006d66 f   NativeLib:interrupts_asm.obj
 0001:00005da8       intr196                    0000000010006da8 f   NativeLib:interrupts_asm.obj
 0001:00005dea       intr197                    0000000010006dea f   NativeLib:interrupts_asm.obj
 0001:00005e2c       intr198                    0000000010006e2c f   NativeLib:interrupts_asm.obj
 0001:00005e6e       intr199                    0000000010006e6e f   NativeLib:interrupts_asm.obj
 0001:00005eb0       intr200                    0000000010006eb0 f   NativeLib:interrupts_asm.obj
 0001:00005ef2       intr201                    0000000010006ef2 f   NativeLib:interrupts_asm.obj
 0001:00005f34       intr202                    0000000010006f34 f   NativeLib:interrupts_asm.obj
 0001:00005f76       intr203                    0000000010006f76 f   NativeLib:interrupts_asm.obj
 0001:00005fb8       intr204                    0000000010006fb8 f   NativeLib:interrupts_asm.obj
 0001:00005ffa       intr205                    0000000010006ffa f   NativeLib:interrupts_asm.obj
 0001:0000603c       intr206                    000000001000703c f   NativeLib:interrupts_asm.obj
 0001:0000607e       intr207                    000000001000707e f   NativeLib:interrupts_asm.obj
 0001:000060c0       intr208                    00000000100070c0 f   NativeLib:interrupts_asm.obj
 0001:00006102       intr209                    0000000010007102 f   NativeLib:interrupts_asm.obj
 0001:00006144       intr210                    0000000010007144 f   NativeLib:interrupts_asm.obj
 0001:00006186       intr211                    0000000010007186 f   NativeLib:interrupts_asm.obj
 0001:000061c8       intr212                    00000000100071c8 f   NativeLib:interrupts_asm.obj
 0001:0000620a       intr213                    000000001000720a f   NativeLib:interrupts_asm.obj
 0001:0000624c       intr214                    000000001000724c f   NativeLib:interrupts_asm.obj
 0001:0000628e       intr215                    000000001000728e f   NativeLib:interrupts_asm.obj
 0001:000062d0       intr216                    00000000100072d0 f   NativeLib:interrupts_asm.obj
 0001:00006312       intr217                    0000000010007312 f   NativeLib:interrupts_asm.obj
 0001:00006354       intr218                    0000000010007354 f   NativeLib:interrupts_asm.obj
 0001:00006396       intr219                    0000000010007396 f   NativeLib:interrupts_asm.obj
 0001:000063d8       intr220                    00000000100073d8 f   NativeLib:interrupts_asm.obj
 0001:0000641a       intr221                    000000001000741a f   NativeLib:interrupts_asm.obj
 0001:0000645c       intr222                    000000001000745c f   NativeLib:interrupts_asm.obj
 0001:0000649e       intr223                    000000001000749e f   NativeLib:interrupts_asm.obj
 0001:000064e0       intr224                    00000000100074e0 f   NativeLib:interrupts_asm.obj
 0001:00006522       intr225                    0000000010007522 f   NativeLib:interrupts_asm.obj
 0001:00006564       intr226                    0000000010007564 f   NativeLib:interrupts_asm.obj
 0001:000065a6       intr227                    00000000100075a6 f   NativeLib:interrupts_asm.obj
 0001:000065e8       intr228                    00000000100075e8 f   NativeLib:interrupts_asm.obj
 0001:0000662a       intr229                    000000001000762a f   NativeLib:interrupts_asm.obj
 0001:0000666c       intr230                    000000001000766c f   NativeLib:interrupts_asm.obj
 0001:000066ae       intr231                    00000000100076ae f   NativeLib:interrupts_asm.obj
 0001:000066f0       intr232                    00000000100076f0 f   NativeLib:interrupts_asm.obj
 0001:00006732       intr233                    0000000010007732 f   NativeLib:interrupts_asm.obj
 0001:00006774       intr234                    0000000010007774 f   NativeLib:interrupts_asm.obj
 0001:000067b6       intr235                    00000000100077b6 f   NativeLib:interrupts_asm.obj
 0001:000067f8       intr236                    00000000100077f8 f   NativeLib:interrupts_asm.obj
 0001:0000683a       intr237                    000000001000783a f   NativeLib:interrupts_asm.obj
 0001:0000687c       intr238                    000000001000787c f   NativeLib:interrupts_asm.obj
 0001:000068be       intr239                    00000000100078be f   NativeLib:interrupts_asm.obj
 0001:00006900       intr240                    0000000010007900 f   NativeLib:interrupts_asm.obj
 0001:00006942       intr241                    0000000010007942 f   NativeLib:interrupts_asm.obj
 0001:00006984       intr242                    0000000010007984 f   NativeLib:interrupts_asm.obj
 0001:000069c6       intr243                    00000000100079c6 f   NativeLib:interrupts_asm.obj
 0001:00006a08       intr244                    0000000010007a08 f   NativeLib:interrupts_asm.obj
 0001:00006a4a       intr245                    0000000010007a4a f   NativeLib:interrupts_asm.obj
 0001:00006a8c       intr246                    0000000010007a8c f   NativeLib:interrupts_asm.obj
 0001:00006ace       intr247                    0000000010007ace f   NativeLib:interrupts_asm.obj
 0001:00006b10       intr248                    0000000010007b10 f   NativeLib:interrupts_asm.obj
 0001:00006b52       intr249                    0000000010007b52 f   NativeLib:interrupts_asm.obj
 0001:00006b94       intr250                    0000000010007b94 f   NativeLib:interrupts_asm.obj
 0001:00006bd6       intr251                    0000000010007bd6 f   NativeLib:interrupts_asm.obj
 0001:00006c18       intr252                    0000000010007c18 f   NativeLib:interrupts_asm.obj
 0001:00006c5a       intr253                    0000000010007c5a f   NativeLib:interrupts_asm.obj
 0001:00006c9c       intr254                    0000000010007c9c f   NativeLib:interrupts_asm.obj
 0001:00006cde       intr255                    0000000010007cde f   NativeLib:interrupts_asm.obj
 0001:00006d20       _reload_segreg             0000000010007d20 f   NativeLib:interrupts_asm.obj
 0001:00006d47       Load_IDT                   0000000010007d47 f   NativeLib:interrupts_asm.obj
 0001:00006d4b       _cli                       0000000010007d4b f   NativeLib:interrupts_asm.obj
 0001:00006d4d       _sti                       0000000010007d4d f   NativeLib:interrupts_asm.obj
 0001:00006d4f       _hlt                       0000000010007d4f f   NativeLib:interrupts_asm.obj
 0001:00006d51       _inttest                   0000000010007d51 f   NativeLib:interrupts_asm.obj
 0001:00006d5b       _iretq                     0000000010007d5b f   NativeLib:interrupts_asm.obj
 0001:00006d76       _int20h                    0000000010007d76 f   NativeLib:interrupts_asm.obj
 0001:00006d80       In16                       0000000010007d80 f   NativeLib:io.obj
 0001:00006db0       In32                       0000000010007db0 f   NativeLib:io.obj
 0001:00006de0       In8                        0000000010007de0 f   NativeLib:io.obj
 0001:00006e10       Insb                       0000000010007e10 f   NativeLib:io.obj
 0001:00006e50       Insd                       0000000010007e50 f   NativeLib:io.obj
 0001:00006e90       Insw                       0000000010007e90 f   NativeLib:io.obj
 0001:00006ed0       Out16                      0000000010007ed0 f   NativeLib:io.obj
 0001:00006f00       Out32                      0000000010007f00 f   NativeLib:io.obj
 0001:00006f30       Out8                       0000000010007f30 f   NativeLib:io.obj
 0001:00006f60       Outsb                      0000000010007f60 f   NativeLib:io.obj
 0001:00006fa0       Outsd                      0000000010007fa0 f   NativeLib:io.obj
 0001:00006fe0       Outsw                      0000000010007fe0 f   NativeLib:io.obj
 0001:00007020       enable_avx                 0000000010008020 f   NativeLib:misc.obj
 0001:00007033       enable_sse                 0000000010008033 f   NativeLib:misc.obj
 0001:00007046       Schedule_Next              0000000010008046 f   NativeLib:misc.obj
 0001:000124b0       lodepng_add_itext          00000000100134b0 f   NativeLib:lodepng.obj
 0001:000126f0       lodepng_add_text           00000000100136f0 f   NativeLib:lodepng.obj
 0001:000129b0       lodepng_can_have_alpha     00000000100139b0 f   NativeLib:lodepng.obj
 0001:00012a10       lodepng_chunk_ancillary    0000000010013a10 f   NativeLib:lodepng.obj
 0001:00012a60       lodepng_chunk_append       0000000010013a60 f   NativeLib:lodepng.obj
 0001:00012b80       lodepng_chunk_check_crc    0000000010013b80 f   NativeLib:lodepng.obj
 0001:00012c10       lodepng_chunk_create       0000000010013c10 f   NativeLib:lodepng.obj
 0001:00012d40       lodepng_chunk_data         0000000010013d40 f   NativeLib:lodepng.obj
 0001:00012d80       lodepng_chunk_data_const   0000000010013d80 f   NativeLib:lodepng.obj
 0001:00012dc0       lodepng_chunk_find         0000000010013dc0 f   NativeLib:lodepng.obj
 0001:00012e40       lodepng_chunk_find_const   0000000010013e40 f   NativeLib:lodepng.obj
 0001:00012ec0       lodepng_chunk_generate_crc 0000000010013ec0 f   NativeLib:lodepng.obj
 0001:00013010       lodepng_chunk_length       0000000010014010 f   NativeLib:lodepng.obj
 0001:00013050       lodepng_chunk_next         0000000010014050 f   NativeLib:lodepng.obj
 0001:000131b0       lodepng_chunk_next_const   00000000100141b0 f   NativeLib:lodepng.obj
 0001:00013310       lodepng_chunk_private      0000000010014310 f   NativeLib:lodepng.obj
 0001:00013360       lodepng_chunk_safetocopy   0000000010014360 f   NativeLib:lodepng.obj
 0001:000133b0       lodepng_chunk_type         00000000100143b0 f   NativeLib:lodepng.obj
 0001:00013420       lodepng_chunk_type_equals  0000000010014420 f   NativeLib:lodepng.obj
 0001:00013510       lodepng_clear_icc          0000000010014510 f   NativeLib:lodepng.obj
 0001:00013580       lodepng_clear_itext        0000000010014580 f   NativeLib:lodepng.obj
 0001:000135b0       lodepng_clear_text         00000000100145b0 f   NativeLib:lodepng.obj
 0001:00013690       lodepng_color_mode_cleanup 0000000010014690 f   NativeLib:lodepng.obj
 0001:000136c0       lodepng_color_mode_copy    00000000100146c0 f   NativeLib:lodepng.obj
 0001:000138a0       lodepng_color_mode_init    00000000100148a0 f   NativeLib:lodepng.obj
 0001:00013920       lodepng_color_mode_make    0000000010014920 f   NativeLib:lodepng.obj
 0001:00013ab0       lodepng_color_stats_init   0000000010014ab0 f   NativeLib:lodepng.obj
 0001:00013b60       lodepng_compress_settings_init 0000000010014b60 f   NativeLib:lodepng.obj
 0001:00013bf0       lodepng_compute_color_stats 0000000010014bf0 f   NativeLib:lodepng.obj
 0001:00014ac0       lodepng_convert            0000000010015ac0 f   NativeLib:lodepng.obj
 0001:00015000       lodepng_convert_rgb        0000000010016000 f   NativeLib:lodepng.obj
 0001:00015340       lodepng_crc32              0000000010016340 f   NativeLib:lodepng.obj
 0001:000153d0       lodepng_decode             00000000100163d0 f   NativeLib:lodepng.obj
 0001:000155c0       lodepng_decode24           00000000100165c0 f   NativeLib:lodepng.obj
 0001:00015630       lodepng_decode32           0000000010016630 f   NativeLib:lodepng.obj
 0001:000156a0       lodepng_decode_memory      00000000100166a0 f   NativeLib:lodepng.obj
 0001:00015770       lodepng_decoder_settings_init 0000000010016770 f   NativeLib:lodepng.obj
 0001:00015800       lodepng_decompress_settings_init 0000000010016800 f   NativeLib:lodepng.obj
 0001:00015870       lodepng_deflate            0000000010016870 f   NativeLib:lodepng.obj
 0001:00015b80       lodepng_encode             0000000010016b80 f   NativeLib:lodepng.obj
 0001:00016b80       lodepng_encode24           0000000010017b80 f   NativeLib:lodepng.obj
 0001:00016be0       lodepng_encode32           0000000010017be0 f   NativeLib:lodepng.obj
 0001:00016c40       lodepng_encode_memory      0000000010017c40 f   NativeLib:lodepng.obj
 0001:00016d00       lodepng_encoder_settings_init 0000000010017d00 f   NativeLib:lodepng.obj
 0001:00016d80       lodepng_error_text         0000000010017d80 f   NativeLib:lodepng.obj
 0001:00017450       lodepng_get_bpp            0000000010018450 f   NativeLib:lodepng.obj
 0001:000174c0       lodepng_get_channels       00000000100184c0 f   NativeLib:lodepng.obj
 0001:000174f0       lodepng_get_raw_size       00000000100184f0 f   NativeLib:lodepng.obj
 0001:000176d0       lodepng_has_palette_alpha  00000000100186d0 f   NativeLib:lodepng.obj
 0001:00017740       lodepng_huffman_code_lengths 0000000010018740 f   NativeLib:lodepng.obj
 0001:00017b90       lodepng_inflate            0000000010018b90 f   NativeLib:lodepng.obj
 0001:00017da0       lodepng_info_cleanup       0000000010018da0 f   NativeLib:lodepng.obj
 0001:00017e00       lodepng_info_copy          0000000010018e00 f   NativeLib:lodepng.obj
 0001:00017f30       lodepng_info_init          0000000010018f30 f   NativeLib:lodepng.obj
 0001:00018040       lodepng_inspect            0000000010019040 f   NativeLib:lodepng.obj
 0001:00018490       lodepng_inspect_chunk      0000000010019490 f   NativeLib:lodepng.obj
 0001:000188b0       lodepng_is_alpha_type      00000000100198b0 f   NativeLib:lodepng.obj
 0001:00018900       lodepng_is_greyscale_type  0000000010019900 f   NativeLib:lodepng.obj
 0001:00018950       lodepng_is_palette_type    0000000010019950 f   NativeLib:lodepng.obj
 0001:00018b00       lodepng_palette_add        0000000010019b00 f   NativeLib:lodepng.obj
 0001:00018bf0       lodepng_palette_clear      0000000010019bf0 f   NativeLib:lodepng.obj
 0001:00018f10       lodepng_set_icc            0000000010019f10 f   NativeLib:lodepng.obj
 0001:00018f80       lodepng_state_cleanup      0000000010019f80 f   NativeLib:lodepng.obj
 0001:00018fd0       lodepng_state_copy         0000000010019fd0 f   NativeLib:lodepng.obj
 0001:000190a0       lodepng_state_init         000000001001a0a0 f   NativeLib:lodepng.obj
 0001:00019160       lodepng_zlib_compress      000000001001a160 f   NativeLib:lodepng.obj
 0001:00019350       lodepng_zlib_decompress    000000001001a350 f   NativeLib:lodepng.obj
 0001:0001e000       fatfs_init                 000000001001f000 f   NativeLib:fatfs.obj
 0001:0001e080       format_exfat               000000001001f080 f   NativeLib:fatfs.obj
 0001:0001e100       get_files                  000000001001f100 f   NativeLib:fatfs.obj
 0001:0001e240       read_all_bytes             000000001001f240 f   NativeLib:fatfs.obj
 0001:0001e300       write_all_bytes            000000001001f300 f   NativeLib:fatfs.obj
 0001:0001e3a0       vmware_send                000000001001f3a0 f   NativeLib:vmware.obj
 0001:0001e424       vmware_send_hb             000000001001f424 f   NativeLib:vmware.obj
 0001:0001e4aa       vmware_get_hb              000000001001f4aa f   NativeLib:vmware.obj
 0001:00020840       f_close                    0000000010021840 f   NativeLib:ff.obj
 0001:000208a0       f_closedir                 00000000100218a0 f   NativeLib:ff.obj
 0001:000208f0       f_getfree                  00000000100218f0 f   NativeLib:ff.obj
 0001:00020bd0       f_lseek                    0000000010021bd0 f   NativeLib:ff.obj
 0001:00021110       f_mkdir                    0000000010022110 f   NativeLib:ff.obj
 0001:00021450       f_mkfs                     0000000010022450 f   NativeLib:ff.obj
 0001:00023000       f_mount                    0000000010024000 f   NativeLib:ff.obj
 0001:000230c0       f_open                     00000000100240c0 f   NativeLib:ff.obj
 0001:00023780       f_opendir                  0000000010024780 f   NativeLib:ff.obj
 0001:00023940       f_read                     0000000010024940 f   NativeLib:ff.obj
 0001:00023da0       f_readdir                  0000000010024da0 f   NativeLib:ff.obj
 0001:00023e50       f_rename                   0000000010024e50 f   NativeLib:ff.obj
 0001:00024310       f_stat                     0000000010025310 f   NativeLib:ff.obj
 0001:000243b0       f_sync                     00000000100253b0 f   NativeLib:ff.obj
 0001:00024700       f_truncate                 0000000010025700 f   NativeLib:ff.obj
 0001:000248b0       f_unlink                   00000000100258b0 f   NativeLib:ff.obj
 0001:00024af0       f_write                    0000000010025af0 f   NativeLib:ff.obj
 0001:00028320       ff_oem2uni                 0000000010029320 f   NativeLib:ffunicode.obj
 0001:00028430       ff_uni2oem                 0000000010029430 f   NativeLib:ffunicode.obj
 0001:00028540       ff_wtoupper                0000000010029540 f   NativeLib:ffunicode.obj
 0001:00028710       disk_initialize            0000000010029710 f   NativeLib:diskio.obj
 0001:00028740       disk_ioctl                 0000000010029740 f   NativeLib:diskio.obj
 0001:000287c0       disk_read                  00000000100297c0 f   NativeLib:diskio.obj
 0001:00028800       disk_status                0000000010029800 f   NativeLib:diskio.obj
 0001:00028830       disk_write                 0000000010029830 f   NativeLib:diskio.obj
 0001:00028870       mystrtoul                  0000000010029870 f   LibC:strtoul.obj
 0001:0002b110       fctprintf                  000000001002c110 f   LibC:printf.obj
 0001:0002b190       printf_                    000000001002c190 f   LibC:printf.obj
 0001:0002b200       snprintf_                  000000001002c200 f   LibC:printf.obj
 0001:0002b260       sprintf_                   000000001002c260 f   LibC:printf.obj
 0001:0002b2d0       vprintf_                   000000001002c2d0 f   LibC:printf.obj
 0001:0002b320       vsnprintf_                 000000001002c320 f   LibC:printf.obj
 0001:0002b370       myisspace                  000000001002c370 f   LibC:isspace.obj
 0001:0002b3c0       myisdigit                  000000001002c3c0 f   LibC:isdigit.obj
 0001:0002b400       myisalpha                  000000001002c400 f   LibC:isalpha.obj
 0001:0002b440       myisupper                  000000001002c440 f   LibC:isupper.obj
 0002:00000000       unbox_Bool__ToString       000000001002d000     guideXOS.obj
 0002:0000000c       unbox_UInt8__ToString      000000001002d00c     guideXOS.obj
 0002:00000018       unbox_Int32__ToString      000000001002d018     guideXOS.obj
 0002:00000024       unbox_UInt16__ToString     000000001002d024     guideXOS.obj
 0002:00000030       unbox_UInt32__ToString     000000001002d030     guideXOS.obj
 0002:0000003c       unbox_UInt64__ToString     000000001002d03c     guideXOS.obj
 0003:00000000       KMain                      000000001002e000     guideXOS.obj
 0003:00000000       guideXOS_Program__KMain    000000001002e000     guideXOS.obj
 0003:00000418       guideXOS_Program__SMain    000000001002e418     guideXOS.obj
 0003:00000f18       guideXOS_Program__RefreshCachedIcons 000000001002ef18     guideXOS.obj
 0003:00000ff4       guideXOS_Allocator__FindOrAddOwner 000000001002eff4     guideXOS.obj
 0003:00001104       guideXOS_Allocator__Initialize 000000001002f104     guideXOS.obj
 0003:000011f8       guideXOS_Allocator__get_MemoryInUse 000000001002f1f8     guideXOS.obj
 0003:00001210       guideXOS_Allocator__GetPageIndexStart 000000001002f210     guideXOS.obj
 0003:00001264       guideXOS_Allocator__Free   000000001002f264     guideXOS.obj
 0003:000014b8       guideXOS_Allocator__SuspiciousSize 000000001002f4b8     guideXOS.obj
 0003:000014d8       guideXOS_Allocator__Allocate_0 000000001002f4d8     guideXOS.obj
 0003:00001848       guideXOS_Allocator__Reallocate 000000001002f848     guideXOS.obj
 0003:00001970       guideXOS_Allocator__ClearAllocate_0 000000001002f970     guideXOS.obj
 0003:00001a18       guideXOS_Allocator__GetTagBytes 000000001002fa18     guideXOS.obj
 0003:00001a40       guideXOS_Allocator__GetOwnerBytes 000000001002fa40     guideXOS.obj
 0003:00001b78       guideXOS_Allocator__GetOwnerListSnapshot 000000001002fb78     guideXOS.obj
 0003:00001cc0       guideXOS_GDT__FillEntry    000000001002fcc0     guideXOS.obj
 0003:00001d00       guideXOS_GDT__Initialise   000000001002fd00     guideXOS.obj
 0003:00001e50       guideXOS_GDT__SetKernelStack 000000001002fe50     guideXOS.obj
 0003:00001e74       guideXOS_IDT__Initialize   000000001002fe74     guideXOS.obj
 0003:00001f68       guideXOS_IDT__AllowUserSoftwareInterrupt 000000001002ff68     guideXOS.obj
 0003:00002000       guideXOS_IDT__intr_handler 0000000010030000     guideXOS.obj
 0003:00002000       intr_handler               0000000010030000     guideXOS.obj
 0003:000021b4       guideXOS_Native__Load_GDT  00000000100301b4     guideXOS.obj
 0003:00002208       guideXOS_Native__Load_IDT  0000000010030208     guideXOS.obj
 0003:0000225c       guideXOS_Internal_Runtime_EEType__get_IsArray 000000001003025c     guideXOS.obj
 0003:00002280       guideXOS_Internal_Runtime_EEType__get_ArrayRank 0000000010030280     guideXOS.obj
 0003:000022a0       __imp_GetCurrentThreadId   00000000100302a0     guideXOS.obj
 0003:000022a0       guideXOS_Internal_Runtime_CompilerHelpers_StartupCodeHelpers____imp_GetCurrentThreadId 00000000100302a0     guideXOS.obj
 0003:000022a4       __CheckForDebuggerJustMyCode 00000000100302a4     guideXOS.obj
 0003:000022a4       guideXOS_Internal_Runtime_CompilerHelpers_StartupCodeHelpers____CheckForDebuggerJustMyCode 00000000100302a4     guideXOS.obj
 0003:000022a8       __fail_fast                00000000100302a8     guideXOS.obj
 0003:000022a8       guideXOS_Internal_Runtime_CompilerHelpers_StartupCodeHelpers__FailFast 00000000100302a8     guideXOS.obj
 0003:000022ac       guideXOS_Internal_Runtime_CompilerHelpers_StartupCodeHelpers__MemSet 00000000100302ac     guideXOS.obj
 0003:000022ac       memset                     00000000100302ac     guideXOS.obj
 0003:000022c8       guideXOS_Internal_Runtime_CompilerHelpers_StartupCodeHelpers__MemCpy 00000000100302c8     guideXOS.obj
 0003:000022c8       memcpy                     00000000100302c8     guideXOS.obj
 0003:000022e4       RhpFallbackFailFast        00000000100302e4     guideXOS.obj
 0003:000022e4       guideXOS_Internal_Runtime_CompilerHelpers_StartupCodeHelpers__RhpFallbackFailFast 00000000100302e4     guideXOS.obj
 0003:000022e8       RhpReversePInvoke2         00000000100302e8     guideXOS.obj
 0003:000022e8       guideXOS_Internal_Runtime_CompilerHelpers_StartupCodeHelpers__RhpReversePInvoke2 00000000100302e8     guideXOS.obj
 0003:000022ec       RhpReversePInvokeReturn2   00000000100302ec     guideXOS.obj
 0003:000022ec       guideXOS_Internal_Runtime_CompilerHelpers_StartupCodeHelpers__RhpReversePInvokeReturn2 00000000100302ec     guideXOS.obj
 0003:000022f0       RhpReversePInvoke          00000000100302f0     guideXOS.obj
 0003:000022f0       guideXOS_Internal_Runtime_CompilerHelpers_StartupCodeHelpers__RhpReversePInvoke 00000000100302f0     guideXOS.obj
 0003:000022f4       RhpReversePInvokeReturn    00000000100302f4     guideXOS.obj
 0003:000022f4       guideXOS_Internal_Runtime_CompilerHelpers_StartupCodeHelpers__RhpReversePInvokeReturn 00000000100302f4     guideXOS.obj
 0003:000022f8       RhpPInvoke                 00000000100302f8     guideXOS.obj
 0003:000022f8       guideXOS_Internal_Runtime_CompilerHelpers_StartupCodeHelpers__RhpPinvoke 00000000100302f8     guideXOS.obj
 0003:000022fc       RhpPInvokeReturn           00000000100302fc     guideXOS.obj
 0003:000022fc       guideXOS_Internal_Runtime_CompilerHelpers_StartupCodeHelpers__RhpPinvokeReturn 00000000100302fc     guideXOS.obj
 0003:00002300       RhpNewFast                 0000000010030300     guideXOS.obj
 0003:00002300       guideXOS_Internal_Runtime_CompilerHelpers_StartupCodeHelpers__RhpNewFast 0000000010030300     guideXOS.obj
 0003:0000238c       RhpNewArray                000000001003038c     guideXOS.obj
 0003:0000238c       guideXOS_Internal_Runtime_CompilerHelpers_StartupCodeHelpers__RhpNewArray 000000001003038c     guideXOS.obj
 0003:00002450       RhpAssignRef               0000000010030450     guideXOS.obj
 0003:00002450       guideXOS_Internal_Runtime_CompilerHelpers_StartupCodeHelpers__RhpAssignRef 0000000010030450     guideXOS.obj
 0003:00002454       RhpByRefAssignRef          0000000010030454     guideXOS.obj
 0003:00002454       guideXOS_Internal_Runtime_CompilerHelpers_StartupCodeHelpers__RhpByRefAssignRef 0000000010030454     guideXOS.obj
 0003:00002458       RhpCheckedAssignRef        0000000010030458     guideXOS.obj
 0003:00002458       guideXOS_Internal_Runtime_CompilerHelpers_StartupCodeHelpers__RhpCheckedAssignRef 0000000010030458     guideXOS.obj
 0003:0000245c       RhpStelemRef               000000001003045c     guideXOS.obj
 0003:0000245c       guideXOS_Internal_Runtime_CompilerHelpers_StartupCodeHelpers__RhpStelemRef 000000001003045c     guideXOS.obj
 0003:00002494       RhTypeCast_IsInstanceOfClass 0000000010030494     guideXOS.obj
 0003:00002494       guideXOS_Internal_Runtime_CompilerHelpers_StartupCodeHelpers__RhTypeCast_IsInstanceOfClass 0000000010030494     guideXOS.obj
 0003:000024c0       guideXOS_Internal_Runtime_CompilerHelpers_StartupCodeHelpers__InitializeModules 00000000100304c0     guideXOS.obj
 0003:00002678       guideXOS_Internal_Runtime_CompilerHelpers_StartupCodeHelpers__InitializeStatics 0000000010030678     guideXOS.obj
 0003:00002764       guideXOS_Internal_Runtime_CompilerHelpers_SynchronizedMethodHelpers__MonitorEnterStatic 0000000010030764     guideXOS.obj
 0003:00002768       guideXOS_Internal_Runtime_CompilerHelpers_SynchronizedMethodHelpers__MonitorExitStatic 0000000010030768     guideXOS.obj
 0003:0000276c       guideXOS_Internal_Runtime_CompilerHelpers_ThrowHelpers__Error 000000001003076c     guideXOS.obj
 0003:0000281c       guideXOS_Internal_Runtime_CompilerHelpers_ThrowHelpers__ThrowOverflowException 000000001003081c     guideXOS.obj
 0003:00002834       guideXOS_Internal_Runtime_CompilerHelpers_ThrowHelpers__ThrowIndexOutOfRangeException 0000000010030834     guideXOS.obj
 0003:0000284c       Bool__ToString             000000001003084c     guideXOS.obj
 0003:00002864       UInt8__ToString            0000000010030864     guideXOS.obj
 0003:00002880       guideXOS_System_Delegate__InitializeOpenStaticThunk 0000000010030880     guideXOS.obj
 0003:000028a4       guideXOS_System_Delegate__InitializeClosedInstance 00000000100308a4     guideXOS.obj
 0003:000028d0       Int32__ToString            00000000100308d0     guideXOS.obj
 0003:000028f0       Int32__op_Implicit         00000000100308f0     guideXOS.obj
 0003:000028f4       Int64__ToString            00000000100308f4     guideXOS.obj
 0003:000029e4       guideXOS_System_Math__Sqrt 00000000100309e4     guideXOS.obj
 0003:00002a48       guideXOS_System_MathF__Floor 0000000010030a48     guideXOS.obj
 0003:00002aa8       Object___ctor              0000000010030aa8     guideXOS.obj
 0003:00002aac       Object__ToString           0000000010030aac     guideXOS.obj
 0003:00002ab4       Object__Dispose            0000000010030ab4     guideXOS.obj
 0003:00002b04       String__FromASCII          0000000010030b04     guideXOS.obj
 0003:00002b9c       String__Ctor               0000000010030b9c     guideXOS.obj
 0003:00002bbc       String__Ctor_1             0000000010030bbc     guideXOS.obj
 0003:00002c08       String__Ctor_2             0000000010030c08     guideXOS.obj
 0003:00002cc4       String__LastIndexOf        0000000010030cc4     guideXOS.obj
 0003:00002cf0       String__Ctor_3             0000000010030cf0     guideXOS.obj
 0003:00002d34       String__ToString           0000000010030d34     guideXOS.obj
 0003:00002d38       String__Equals_0           0000000010030d38     guideXOS.obj
 0003:00002d80       String__Concat             0000000010030d80     guideXOS.obj
 0003:00002e6c       String__IndexOf            0000000010030e6c     guideXOS.obj
 0003:00002e9c       String__Concat_0           0000000010030e9c     guideXOS.obj
 0003:00002f10       String__Concat_1           0000000010030f10     guideXOS.obj
 0003:00002fd4       String__Concat_2           0000000010030fd4     guideXOS.obj
 0003:000030bc       String__Format             00000000100310bc     guideXOS.obj
 0003:000032c8       String__Split              00000000100312c8     guideXOS.obj
 0003:000033dc       String__Substring          00000000100313dc     guideXOS.obj
 0003:0000341c       String__Substring_0        000000001003141c     guideXOS.obj
 0003:00003458       String__EndsWith_0         0000000010031458     guideXOS.obj
 0003:000034e4       String__ToUpper            00000000100314e4     guideXOS.obj
 0003:00003578       guideXOS_System_StringPool___cctor 0000000010031578     guideXOS.obj
 0003:000036f8       guideXOS_System_StringPool__GetPercentage 00000000100316f8     guideXOS.obj
 0003:000037cc       guideXOS_System_StringPool__GetNumber 00000000100317cc     guideXOS.obj
 0003:00003894       guideXOS_System_StringPool__GetNumber_0 0000000010031894     guideXOS.obj
 0003:0000393c       guideXOS_System_StringPool__GetMemorySize 000000001003193c     guideXOS.obj
 0003:00003bc4       guideXOS_System_StringPool__GetTransferRate 0000000010031bc4     guideXOS.obj
 0003:00003cb0       guideXOS_System_StringPool__FormatUptime 0000000010031cb0     guideXOS.obj
 0003:00003f54       UInt16__ToString           0000000010031f54     guideXOS.obj
 0003:00003f70       UInt32__ToString           0000000010031f70     guideXOS.obj
 0003:00003f8c       UInt64__ToString           0000000010031f8c     guideXOS.obj
 0003:00004054       UInt64__ToStringHex        0000000010032054     guideXOS.obj
 0003:000040fc       guideXOS_System_Threading_Monitor__Unlock 00000000100320fc     guideXOS.obj
 0003:00004140       RhTypeCast_CheckCastClass  0000000010032140     guideXOS.obj
 0003:00004140       guideXOS_System_Runtime_TypeCast__CheckCastClass 0000000010032140     guideXOS.obj
 0003:00004168       RhTypeCast_CheckCastArray  0000000010032168     guideXOS.obj
 0003:00004168       guideXOS_System_Runtime_TypeCast__CheckCastArray 0000000010032168     guideXOS.obj
 0003:00004190       RhTypeCast_IsInstanceOfArray 0000000010032190     guideXOS.obj
 0003:00004190       guideXOS_System_Runtime_TypeCast__IsInstanceOfArray 0000000010032190     guideXOS.obj
 0003:000041ec       guideXOS_System_Runtime_CompilerServices_ClassConstructorRunner__CheckStaticClassConstructionReturnNonGCStaticBase 00000000100321ec     guideXOS.obj
 0003:00004204       guideXOS_System_Runtime_CompilerServices_ClassConstructorRunner__CheckStaticClassConstructionReturnGCStaticBase 0000000010032204     guideXOS.obj
 0003:0000421c       guideXOS_System_Runtime_CompilerServices_ClassConstructorRunner__CheckStaticClassConstruction 000000001003221c     guideXOS.obj
 0003:00004250       guideXOS_System_Drawing_Image___ctor 0000000010032250     guideXOS.obj
 0003:0000428c       guideXOS_System_Drawing_Image___ctor_0 000000001003228c     guideXOS.obj
 0003:00004290       guideXOS_System_Drawing_Image__Resample 0000000010032290     guideXOS.obj
 0003:00004634       guideXOS_System_Drawing_Image__ResizeImage 0000000010032634     guideXOS.obj
 0003:000047a8       guideXOS_System_Drawing_Image__Dispose 00000000100327a8     guideXOS.obj
 0003:00004830       guideXOS_guideXOS_Animation___ctor 0000000010032830     guideXOS.obj
 0003:00004840       guideXOS_guideXOS_Animator__Initialize 0000000010032840     guideXOS.obj
 0003:00004898       guideXOS_guideXOS_Animator__OnInterrupt 0000000010032898     guideXOS.obj
 0003:00004924       guideXOS_guideXOS_API__HandleSystemCall 0000000010032924     guideXOS.obj
 0003:00004cc0       guideXOS_guideXOS_API__API_SndWrite 0000000010032cc0     guideXOS.obj
 0003:00004cc8       guideXOS_guideXOS_API__API_Calloc 0000000010032cc8     guideXOS.obj
 0003:00004cd0       guideXOS_guideXOS_API__API_StartThread 0000000010032cd0     guideXOS.obj
 0003:00004d0c       guideXOS_guideXOS_API__API_Error 0000000010032d0c     guideXOS.obj
 0003:00004d14       guideXOS_guideXOS_API__API_GetTime 0000000010032d14     guideXOS.obj
 0003:00004d94       guideXOS_guideXOS_API__API_DrawImage 0000000010032d94     guideXOS.obj
 0003:00004dc8       guideXOS_guideXOS_API__API_WriteString 0000000010032dc8     guideXOS.obj
 0003:00004e28       guideXOS_guideXOS_API__API_Width 0000000010032e28     guideXOS.obj
 0003:00004e3c       guideXOS_guideXOS_API__API_Height 0000000010032e3c     guideXOS.obj
 0003:00004e50       guideXOS_guideXOS_API__API_Update 0000000010032e50     guideXOS.obj
 0003:00004e58       guideXOS_guideXOS_API__API_Clear 0000000010032e58     guideXOS.obj
 0003:00004e78       DebugWrite                 0000000010032e78     guideXOS.obj
 0003:00004e78       guideXOS_guideXOS_API__API_DebugWrite 0000000010032e78     guideXOS.obj
 0003:00004e80       DebugWriteLine             0000000010032e80     guideXOS.obj
 0003:00004e80       guideXOS_guideXOS_API__API_DebugWriteLine 0000000010032e80     guideXOS.obj
 0003:00004e9c       Lock                       0000000010032e9c     guideXOS.obj
 0003:00004e9c       guideXOS_guideXOS_API__API_Lock 0000000010032e9c     guideXOS.obj
 0003:00004ec4       Unlock                     0000000010032ec4     guideXOS.obj
 0003:00004ec4       guideXOS_guideXOS_API__API_Unlock 0000000010032ec4     guideXOS.obj
 0003:00004f04       guideXOS_guideXOS_API__API_DrawPoint 0000000010032f04     guideXOS.obj
 0003:00004f38       guideXOS_guideXOS_API__API_SwitchToConsoleMode 0000000010032f38     guideXOS.obj
 0003:00004f40       guideXOS_guideXOS_API__API_ReadAllBytes 0000000010032f40     guideXOS.obj
 0003:00005048       guideXOS_guideXOS_API__API_Sleep 0000000010033048     guideXOS.obj
 0003:00005050       guideXOS_guideXOS_API__API_GetTick 0000000010033050     guideXOS.obj
 0003:00005064       guideXOS_guideXOS_API__API_Write 0000000010033064     guideXOS.obj
 0003:00005070       guideXOS_guideXOS_API__API_WriteLine 0000000010033070     guideXOS.obj
 0003:00005078       guideXOS_guideXOS_API__API_Allocate 0000000010033078     guideXOS.obj
 0003:00005080       guideXOS_guideXOS_API__API_Free 0000000010033080     guideXOS.obj
 0003:00005088       guideXOS_guideXOS_API__API_Reallocate 0000000010033088     guideXOS.obj
 0003:00005090       guideXOS_guideXOS_API__SayHello 0000000010033090     guideXOS.obj
 0003:0000509c       guideXOS_guideXOS_Kbd2Mouse__OnKeyChanged 000000001003309c     guideXOS.obj
 0003:000052c0       guideXOS_guideXOS_ASC16__DrawChar 00000000100332c0     guideXOS.obj
 0003:00005354       guideXOS_guideXOS_Console__add_OnWrite 0000000010033354     guideXOS.obj
 0003:000053dc       guideXOS_guideXOS_Console__Setup 00000000100333dc     guideXOS.obj
 0003:00005494       guideXOS_guideXOS_Console__Write 0000000010033494     guideXOS.obj
 0003:00005544       guideXOS_guideXOS_Console__Write_0 0000000010033544     guideXOS.obj
 0003:000055c8       guideXOS_guideXOS_Console__WriteFramebuffer 00000000100335c8     guideXOS.obj
 0003:000056d4       guideXOS_guideXOS_Console__MoveUp 00000000100336d4     guideXOS.obj
 0003:00005708       guideXOS_guideXOS_Console__MoveUpFramebuffer 0000000010033708     guideXOS.obj
 0003:000057b4       guideXOS_guideXOS_Console__UpdateCursorFramebuffer 00000000100337b4     guideXOS.obj
 0003:00005864       guideXOS_guideXOS_Console__WriteLine 0000000010033864     guideXOS.obj
 0003:000058fc       guideXOS_guideXOS_Console__WriteLine_0 00000000100338fc     guideXOS.obj
 0003:00005940       guideXOS_guideXOS_Console__Clear 0000000010033940     guideXOS.obj
 0003:0000595c       guideXOS_guideXOS_Console__ClearFramebuffer 000000001003395c     guideXOS.obj
 0003:00005a18       guideXOS_guideXOS_PageTable__Initialise 0000000010033a18     guideXOS.obj
 0003:00005aec       guideXOS_guideXOS_PageTable__GetPageInternal 0000000010033aec     guideXOS.obj
 0003:00005ba8       guideXOS_guideXOS_PageTable__MapOnRoot 0000000010033ba8     guideXOS.obj
 0003:00005c38       guideXOS_guideXOS_PageTable__Next_0 0000000010033c38     guideXOS.obj
 0003:00005d08       guideXOS_guideXOS_Intel825xx__Initialize 0000000010033d08     guideXOS.obj
 0003:00006714       guideXOS_guideXOS_Intel825xx__Reset 0000000010034714     guideXOS.obj
 0003:00006748       guideXOS_guideXOS_Intel825xx__TXsetup 0000000010034748     guideXOS.obj
 0003:000067b8       guideXOS_guideXOS_Intel825xx__RXsetup 00000000100347b8     guideXOS.obj
 0003:00006850       guideXOS_guideXOS_Intel825xx__ReadROM 0000000010034850     guideXOS.obj
 0003:00006884       guideXOS_guideXOS_Intel825xx__OnInterrupt 0000000010034884     guideXOS.obj
 0003:00006908       guideXOS_guideXOS_Intel825xx__Linkup 0000000010034908     guideXOS.obj
 0003:00006944       guideXOS_guideXOS_Intel825xx__Send 0000000010034944     guideXOS.obj
 0003:000069a4       guideXOS_guideXOS_NETv4__Initialize 00000000100349a4     guideXOS.obj
 0003:00006a8c       guideXOS_guideXOS_NETv4__SwapLeftRight 0000000010034a8c     guideXOS.obj
 0003:00006aa8       guideXOS_guideXOS_NETv4__SwapLeftRight_0 0000000010034aa8     guideXOS.obj
 0003:00006ad8       guideXOS_guideXOS_NETv4__SwapLeftRight_1 0000000010034ad8     guideXOS.obj
 0003:00006af4       guideXOS_guideXOS_NETv4__SwapLeftRight_2 0000000010034af4     guideXOS.obj
 0003:00006b30       guideXOS_guideXOS_NETv4__OnData_0 0000000010034b30     guideXOS.obj
 0003:00006ba4       guideXOS_guideXOS_NETv4__DNSQuery 0000000010034ba4     guideXOS.obj
 0003:00007098       guideXOS_guideXOS_NETv4__DHCPDiscover 0000000010035098     guideXOS.obj
 0003:000075b8       guideXOS_guideXOS_NETv4__MakeDHCPRequestPacket 00000000100355b8     guideXOS.obj
 0003:00007688       guideXOS_guideXOS_NETv4__UDPBind 0000000010035688     guideXOS.obj
 0003:000076e4       guideXOS_guideXOS_NETv4__UDPSend 00000000100356e4     guideXOS.obj
 0003:00007848       guideXOS_guideXOS_NETv4__MakeUDPPacket 0000000010035848     guideXOS.obj
 0003:00007954       guideXOS_guideXOS_NETv4__UDPOnData_0 0000000010035954     guideXOS.obj
 0003:00007ab4       guideXOS_guideXOS_NETv4__TCPOnData 0000000010035ab4     guideXOS.obj
 0003:000080d0       guideXOS_guideXOS_NETv4__TCPConnect 00000000100360d0     guideXOS.obj
 0003:00008170       guideXOS_guideXOS_NETv4__TCPClose 0000000010036170     guideXOS.obj
 0003:000081a8       guideXOS_guideXOS_NETv4__TCPSendData 00000000100361a8     guideXOS.obj
 0003:00008238       guideXOS_guideXOS_NETv4__TCPSend 0000000010036238     guideXOS.obj
 0003:00008390       guideXOS_guideXOS_NETv4__MakeTCPPacket 0000000010036390     guideXOS.obj
 0003:00008554       guideXOS_guideXOS_NETv4__IPOnData 0000000010036554     guideXOS.obj
 0003:00008680       guideXOS_guideXOS_NETv4__MakeIPPacket 0000000010036680     guideXOS.obj
 0003:000086e8       guideXOS_guideXOS_NETv4__IPChecksum 00000000100366e8     guideXOS.obj
 0003:00008738       guideXOS_guideXOS_NETv4__ICMPOnData 0000000010036738     guideXOS.obj
 0003:000088ac       guideXOS_guideXOS_NETv4__ICMPPing 00000000100368ac     guideXOS.obj
 0003:00008a18       guideXOS_guideXOS_NETv4__ARPLookup 0000000010036a18     guideXOS.obj
 0003:00008ba4       guideXOS_guideXOS_NETv4__ARPOnData 0000000010036ba4     guideXOS.obj
 0003:00008dc0       guideXOS_guideXOS_NETv4__MakeARPPacket 0000000010036dc0     guideXOS.obj
 0003:00008e38       guideXOS_guideXOS_NETv4__ARPRequire 0000000010036e38     guideXOS.obj
 0003:00008f3c       guideXOS_guideXOS_NETv4__MakeEthernetPacket 0000000010036f3c     guideXOS.obj
 0003:00008f78       guideXOS_guideXOS_RTL8111__Initialize 0000000010036f78     guideXOS.obj
 0003:00009a2c       guideXOS_guideXOS_RTL8111__ResetRXDesc 0000000010037a2c     guideXOS.obj
 0003:00009a64       guideXOS_guideXOS_RTL8111__Send 0000000010037a64     guideXOS.obj
[...]
 0008:00000262       __E2E33A61_corecrt_wstdlib@h 0000000010465262     NativeLib:ffunicode.obj
 0008:00000263       __10D4A829_limits@h        0000000010465263     NativeLib:ffunicode.obj
 0008:00000264       __6E5ACABA_stdlib@h        0000000010465264     NativeLib:ffunicode.obj
 0008:00000265       __30B1AFDA_unknwnbase@h    0000000010465265     NativeLib:ffunicode.obj
 0008:00000266       __328C1996_objidlbase@h    0000000010465266     NativeLib:ffunicode.obj
 0008:00000267       __C4E06B6A_cguid@h         0000000010465267     NativeLib:ffunicode.obj
 0008:00000268       __434718C5_combaseapi@h    0000000010465268     NativeLib:ffunicode.obj
 0008:00000269       __DE6FDEF1_unknwn@h        0000000010465269     NativeLib:ffunicode.obj
 0008:0000026a       __CCE0BACC_objidl@h        000000001046526a     NativeLib:ffunicode.obj
 0008:0000026b       __8C7011E5_oaidl@h         000000001046526b     NativeLib:ffunicode.obj
 0008:0000026c       __2E0B7863_propidlbase@h   000000001046526c     NativeLib:ffunicode.obj
 0008:0000026d       __BF4CF2EC_coml2api@h      000000001046526d     NativeLib:ffunicode.obj
 0008:0000026e       __6D897344_oleidl@h        000000001046526e     NativeLib:ffunicode.obj
 0008:0000026f       __1129FC2C_servprov@h      000000001046526f     NativeLib:ffunicode.obj
 0008:00000270       __757952E4_msxml@h         0000000010465270     NativeLib:ffunicode.obj
 0008:00000271       __B1191D53_urlmon@h        0000000010465271     NativeLib:ffunicode.obj
 0008:00000272       __404D1A47_propidl@h       0000000010465272     NativeLib:ffunicode.obj
 0008:00000273       __A1C63593_objbase@h       0000000010465273     NativeLib:ffunicode.obj
 0008:00000274       __C1B0A9CB_oleauto@h       0000000010465274     NativeLib:ffunicode.obj
 0008:00000275       __24EAF61F_ole2@h          0000000010465275     NativeLib:ffunicode.obj
 0008:00000276       __2B1843DA_commdlg@h       0000000010465276     NativeLib:ffunicode.obj
 0008:00000277       __81DDEDE3_stralign@h      0000000010465277     NativeLib:ffunicode.obj
 0008:00000278       __2134D1B4_winsvc@h        0000000010465278     NativeLib:ffunicode.obj
 0008:00000279       __11C07376_mcx@h           0000000010465279     NativeLib:ffunicode.obj
 0008:0000027a       __577CE3E7_ime_cmodes@h    000000001046527a     NativeLib:ffunicode.obj
 0008:0000027b       __1E72C31E_imm@h           000000001046527b     NativeLib:ffunicode.obj
 0008:0000027c       __E15BF856_windows@h       000000001046527c     NativeLib:ffunicode.obj
 0008:0000027d       __44420885_corecrt_stdio_config@h 000000001046527d     NativeLib:ffunicode.obj
 0008:0000027e       __EF1F6BBA_corecrt_wconio@h 000000001046527e     NativeLib:ffunicode.obj
 0008:0000027f       __3D1D430C_corecrt_wdirect@h 000000001046527f     NativeLib:ffunicode.obj
 0008:00000280       __8ECB7138_corecrt_share@h 0000000010465280     NativeLib:ffunicode.obj
 0008:00000281       __DB7FEBA6_corecrt_wio@h   0000000010465281     NativeLib:ffunicode.obj
 0008:00000282       __9A9F0068_corecrt_wprocess@h 0000000010465282     NativeLib:ffunicode.obj
 0008:00000283       __AB601D8D_corecrt_wstdio@h 0000000010465283     NativeLib:ffunicode.obj
 0008:00000284       __369A9BC3_corecrt_wtime@h 0000000010465284     NativeLib:ffunicode.obj
 0008:00000285       __CE789B9D_types@h         0000000010465285     NativeLib:ffunicode.obj
 0008:00000286       __9901C817_stat@h          0000000010465286     NativeLib:ffunicode.obj
 0008:00000287       __3FCAD62E_wchar@h         0000000010465287     NativeLib:ffunicode.obj
 0008:00000288       __0E22CCB3_tchar@h         0000000010465288     NativeLib:ffunicode.obj
 0008:00000289       __4CCC6929_integer@h       0000000010465289     NativeLib:ffunicode.obj
 0008:0000028a       __ED2A062E_ffconf@h        000000001046528a     NativeLib:ffunicode.obj
 0008:0000028b       __A5A085C2_ff@h            000000001046528b     NativeLib:ffunicode.obj
 0008:0000028c       __87CD6F4B_ffunicode@c     000000001046528c     NativeLib:ffunicode.obj
 0008:0000028d       __0ED14FEE_winpackagefamily@h 000000001046528d     NativeLib:diskio.obj
 0008:0000028e       __F92EF742_winapifamily@h  000000001046528e     NativeLib:diskio.obj
 0008:0000028f       __22E515EB_sdkddkver@h     000000001046528f     NativeLib:diskio.obj
 0008:00000290       __FE09AF47_concurrencysal@h 0000000010465290     NativeLib:diskio.obj
 0008:00000291       __C073CA79_sal@h           0000000010465291     NativeLib:diskio.obj
 0008:00000292       __D6AFE870_vadefs@h        0000000010465292     NativeLib:diskio.obj
 0008:00000293       __D63E96CF_vcruntime@h     0000000010465293     NativeLib:diskio.obj
 0008:00000294       __514B86D7_excpt@h         0000000010465294     NativeLib:diskio.obj
 0008:00000295       __9A7D38D9_stdarg@h        0000000010465295     NativeLib:diskio.obj
 0008:00000296       __29F49F40_specstrings_undef@h 0000000010465296     NativeLib:diskio.obj
 0008:00000297       __D0F42932_specstrings_strict@h 0000000010465297     NativeLib:diskio.obj
 0008:00000298       __F00405FD_sdv_driverspecs@h 0000000010465298     NativeLib:diskio.obj
 0008:00000299       __173E09CA_driverspecs@h   0000000010465299     NativeLib:diskio.obj
 0008:0000029a       __9A452361_specstrings@h   000000001046529a     NativeLib:diskio.obj
 0008:0000029b       __1B0272D9_corecrt@h       000000001046529b     NativeLib:diskio.obj
 0008:0000029c       __74484FB3_corecrt_wctype@h 000000001046529c     NativeLib:diskio.obj
 0008:0000029d       __1EC467ED_ctype@h         000000001046529d     NativeLib:diskio.obj
 0008:0000029e       __98517906_kernelspecs@h   000000001046529e     NativeLib:diskio.obj
 0008:0000029f       __D3497022_basetsd@h       000000001046529f     NativeLib:diskio.obj
 0008:000002a0       __61CC25A1_errno@h         00000000104652a0     NativeLib:diskio.obj
 0008:000002a1       __3EADF068_vcruntime_string@h 00000000104652a1     NativeLib:diskio.obj
 0008:000002a2       __E4C945B4_corecrt_memcpy_s@h 00000000104652a2     NativeLib:diskio.obj
 0008:000002a3       __8EAFF484_corecrt_memory@h 00000000104652a3     NativeLib:diskio.obj
 0008:000002a4       __6490AEC5_corecrt_wstring@h 00000000104652a4     NativeLib:diskio.obj
 0008:000002a5       __E8295E1E_string@h        00000000104652a5     NativeLib:diskio.obj
 0008:000002a6       __7FCB5136_guiddef@h       00000000104652a6     NativeLib:diskio.obj
 0008:000002a7       __FF8A9E11_pshpack4@h      00000000104652a7     NativeLib:diskio.obj
 0008:000002a8       __D5438902_poppack@h       00000000104652a8     NativeLib:diskio.obj
 0008:000002a9       __FB07E2A3_pshpack2@h      00000000104652a9     NativeLib:diskio.obj
 0008:000002aa       __F6906775_pshpack8@h      00000000104652aa     NativeLib:diskio.obj
 0008:000002ab       __F9415CFA_pshpack1@h      00000000104652ab     NativeLib:diskio.obj
 0008:000002ac       __E58C6F1C_apiset@h        00000000104652ac     NativeLib:diskio.obj
 0008:000002ad       __A5C52262_ktmtypes@h      00000000104652ad     NativeLib:diskio.obj
 0008:000002ae       __FBBA8F9D_winnt@h         00000000104652ae     NativeLib:diskio.obj
 0008:000002af       __A32D3D2C_minwindef@h     00000000104652af     NativeLib:diskio.obj
 0008:000002b0       __7D798299_windef@h        00000000104652b0     NativeLib:diskio.obj
 0008:000002b1       __9AE108E9_apisetcconv@h   00000000104652b1     NativeLib:diskio.obj
 0008:000002b2       __9CE53D2C_minwinbase@h    00000000104652b2     NativeLib:diskio.obj
 0008:000002b3       __5D0AA210_apiquery2@h     00000000104652b3     NativeLib:diskio.obj
 0008:000002b4       __4DD4E726_processenv@h    00000000104652b4     NativeLib:diskio.obj
 0008:000002b5       __3575CC96_fileapi@h       00000000104652b5     NativeLib:diskio.obj
 0008:000002b6       __8EA220E6_fileapifromapp@h 00000000104652b6     NativeLib:diskio.obj
 0008:000002b7       __BF9B31FE_debugapi@h      00000000104652b7     NativeLib:diskio.obj
 0008:000002b8       __C3AFE134_utilapiset@h    00000000104652b8     NativeLib:diskio.obj
 0008:000002b9       __76F69E51_handleapi@h     00000000104652b9     NativeLib:diskio.obj
 0008:000002ba       __7E63D784_errhandlingapi@h 00000000104652ba     NativeLib:diskio.obj
 0008:000002bb       __FFA7003C_fibersapi@h     00000000104652bb     NativeLib:diskio.obj
 0008:000002bc       __8971CECF_namedpipeapi@h  00000000104652bc     NativeLib:diskio.obj
 0008:000002bd       __46C9D8A6_profileapi@h    00000000104652bd     NativeLib:diskio.obj
 0008:000002be       __98D4F0A3_heapapi@h       00000000104652be     NativeLib:diskio.obj
 0008:000002bf       __50EF2A88_ioapiset@h      00000000104652bf     NativeLib:diskio.obj
 0008:000002c0       __92EA1464_synchapi@h      00000000104652c0     NativeLib:diskio.obj
 0008:000002c1       __A53D8AED_interlockedapi@h 00000000104652c1     NativeLib:diskio.obj
 0008:000002c2       __B506CAAF_processthreadsapi@h 00000000104652c2     NativeLib:diskio.obj
 0008:000002c3       __FF735694_sysinfoapi@h    00000000104652c3     NativeLib:diskio.obj
 0008:000002c4       __29589789_memoryapi@h     00000000104652c4     NativeLib:diskio.obj
 0008:000002c5       __E9C7A663_enclaveapi@h    00000000104652c5     NativeLib:diskio.obj
 0008:000002c6       __D035F9F7_threadpoollegacyapiset@h 00000000104652c6     NativeLib:diskio.obj
 0008:000002c7       __C899130C_threadpoolapiset@h 00000000104652c7     NativeLib:diskio.obj
 0008:000002c8       __E0441EE7_jobapi@h        00000000104652c8     NativeLib:diskio.obj
 0008:000002c9       __CEF86838_jobapi2@h       00000000104652c9     NativeLib:diskio.obj
 0008:000002ca       __35AC6B9A_wow64apiset@h   00000000104652ca     NativeLib:diskio.obj
 0008:000002cb       __C8AE41A5_libloaderapi@h  00000000104652cb     NativeLib:diskio.obj
 0008:000002cc       __CC9E232D_securitybaseapi@h 00000000104652cc     NativeLib:diskio.obj
 0008:000002cd       __C9D0C9B8_namespaceapi@h  00000000104652cd     NativeLib:diskio.obj
 0008:000002ce       __30FF9CAD_systemtopologyapi@h 00000000104652ce     NativeLib:diskio.obj
 0008:000002cf       __4D358795_processtopologyapi@h 00000000104652cf     NativeLib:diskio.obj
 0008:000002d0       __40446D10_securityappcontainer@h 00000000104652d0     NativeLib:diskio.obj
 0008:000002d1       __3A952EDF_realtimeapiset@h 00000000104652d1     NativeLib:diskio.obj
 0008:000002d2       __F4865F4B_winerror@h      00000000104652d2     NativeLib:diskio.obj
 0008:000002d3       __53C1BD93_timezoneapi@h   00000000104652d3     NativeLib:diskio.obj
 0008:000002d4       __1FFBEDBF_winbase@h       00000000104652d4     NativeLib:diskio.obj
 0008:000002d5       __43D3FA34_wingdi@h        00000000104652d5     NativeLib:diskio.obj
 0008:000002d6       __D24A7391_tvout@h         00000000104652d6     NativeLib:diskio.obj
 0008:000002d7       __7713A6C8_winuser@h       00000000104652d7     NativeLib:diskio.obj
 0008:000002d8       __0B345F71_datetimeapi@h   00000000104652d8     NativeLib:diskio.obj
 0008:000002d9       __9AC6960C_winnls@h        00000000104652d9     NativeLib:diskio.obj
 0008:000002da       __973A40A8_stringapiset@h  00000000104652da     NativeLib:diskio.obj
 0008:000002db       __CC46FEE2_wincontypes@h   00000000104652db     NativeLib:diskio.obj
 0008:000002dc       __97D70BE1_consoleapi@h    00000000104652dc     NativeLib:diskio.obj
 0008:000002dd       __27EC5E18_consoleapi2@h   00000000104652dd     NativeLib:diskio.obj
 0008:000002de       __262E342F_consoleapi3@h   00000000104652de     NativeLib:diskio.obj
 0008:000002df       __641DCD70_wincon@h        00000000104652df     NativeLib:diskio.obj
 0008:000002e0       __5A96C7A7_verrsrc@h       00000000104652e0     NativeLib:diskio.obj
 0008:000002e1       __B69C6FF2_winver@h        00000000104652e1     NativeLib:diskio.obj
 0008:000002e2       __7AEB8C37_reason@h        00000000104652e2     NativeLib:diskio.obj
 0008:000002e3       __59F1A8A9_winreg@h        00000000104652e3     NativeLib:diskio.obj
 0008:000002e4       __EE0E2B7F_wnnc@h          00000000104652e4     NativeLib:diskio.obj
 0008:000002e5       __DCDB7054_winnetwk@h      00000000104652e5     NativeLib:diskio.obj
 0008:000002e6       __EDC72EEB_cderr@h         00000000104652e6     NativeLib:diskio.obj
 0008:000002e7       __95F9199D_dde@h           00000000104652e7     NativeLib:diskio.obj
 0008:000002e8       __66427627_ddeml@h         00000000104652e8     NativeLib:diskio.obj
 0008:000002e9       __957C29A0_dlgs@h          00000000104652e9     NativeLib:diskio.obj
 0008:000002ea       __12EA15AF_lzexpand@h      00000000104652ea     NativeLib:diskio.obj
 0008:000002eb       __62131F15_mmsyscom@h      00000000104652eb     NativeLib:diskio.obj
 0008:000002ec       __47E68D49_mciapi@h        00000000104652ec     NativeLib:diskio.obj
 0008:000002ed       __5D7DD356_mmiscapi@h      00000000104652ed     NativeLib:diskio.obj
 0008:000002ee       __7223D2EF_mmiscapi2@h     00000000104652ee     NativeLib:diskio.obj
 0008:000002ef       __A330DBB3_playsoundapi@h  00000000104652ef     NativeLib:diskio.obj
 0008:000002f0       __601B366F_mmeapi@h        00000000104652f0     NativeLib:diskio.obj
 0008:000002f1       __1134ADD5_timeapi@h       00000000104652f1     NativeLib:diskio.obj
 0008:000002f2       __93F2265A_joystickapi@h   00000000104652f2     NativeLib:diskio.obj
 0008:000002f3       __DF6EB4E3_mmsystem@h      00000000104652f3     NativeLib:diskio.obj
 0008:000002f4       __BD641FCB_nb30@h          00000000104652f4     NativeLib:diskio.obj
 0008:000002f5       __DF8704F0_rpcdcep@h       00000000104652f5     NativeLib:diskio.obj
 0008:000002f6       __5C6CA7BB_rpcdce@h        00000000104652f6     NativeLib:diskio.obj
 0008:000002f7       __853533C4_rpcnsi@h        00000000104652f7     NativeLib:diskio.obj
 0008:000002f8       __2D2406C3_rpcnterr@h      00000000104652f8     NativeLib:diskio.obj
 0008:000002f9       __64521D71_rpcasync@h      00000000104652f9     NativeLib:diskio.obj
 0008:000002fa       __AADCBA08_rpc@h           00000000104652fa     NativeLib:diskio.obj
 0008:000002fb       __19E26CFF_shellapi@h      00000000104652fb     NativeLib:diskio.obj
 0008:000002fc       __1E9F31D3_winperf@h       00000000104652fc     NativeLib:diskio.obj
 0008:000002fd       __832A4112_inaddr@h        00000000104652fd     NativeLib:diskio.obj
 0008:000002fe       __32C6F875_winsock@h       00000000104652fe     NativeLib:diskio.obj
 0008:000002ff       __7953A3F8_bcrypt@h        00000000104652ff     NativeLib:diskio.obj
 0008:00000300       __E4169492_ncrypt@h        0000000010465300     NativeLib:diskio.obj
 0008:00000301       __AF3DDDC3_dpapi@h         0000000010465301     NativeLib:diskio.obj
 0008:00000302       __D1E23BF2_wincrypt@h      0000000010465302     NativeLib:diskio.obj
 0008:00000303       __82AB4779_winefs@h        0000000010465303     NativeLib:diskio.obj
 0008:00000304       __1FE431C9_rpcnsip@h       0000000010465304     NativeLib:diskio.obj
 0008:00000305       __2B741F2D_rpcsal@h        0000000010465305     NativeLib:diskio.obj
 0008:00000306       __92623256_rpcndr@h        0000000010465306     NativeLib:diskio.obj
 0008:00000307       __9C18532E_wtypesbase@h    0000000010465307     NativeLib:diskio.obj
 0008:00000308       __EA2E1D6D_wtypes@h        0000000010465308     NativeLib:diskio.obj
 0008:00000309       __7DDD9F45_winioctl@h      0000000010465309     NativeLib:diskio.obj
 0008:0000030a       __E550A843_winsmcrd@h      000000001046530a     NativeLib:diskio.obj
 0008:0000030b       __9809C1BA_winscard@h      000000001046530b     NativeLib:diskio.obj
 0008:0000030c       __EA174FA4_prsht@h         000000001046530c     NativeLib:diskio.obj
 0008:0000030d       __0E1BD114_winspool@h      000000001046530d     NativeLib:diskio.obj
 0008:0000030e       __45DED006_corecrt_malloc@h 000000001046530e     NativeLib:diskio.obj
 0008:0000030f       __13F5961F_stddef@h        000000001046530f     NativeLib:diskio.obj
 0008:00000310       __FD6DBD68_corecrt_search@h 0000000010465310     NativeLib:diskio.obj
 0008:00000311       __E2E33A61_corecrt_wstdlib@h 0000000010465311     NativeLib:diskio.obj
 0008:00000312       __10D4A829_limits@h        0000000010465312     NativeLib:diskio.obj
 0008:00000313       __6E5ACABA_stdlib@h        0000000010465313     NativeLib:diskio.obj
 0008:00000314       __30B1AFDA_unknwnbase@h    0000000010465314     NativeLib:diskio.obj
 0008:00000315       __328C1996_objidlbase@h    0000000010465315     NativeLib:diskio.obj
 0008:00000316       __C4E06B6A_cguid@h         0000000010465316     NativeLib:diskio.obj
 0008:00000317       __434718C5_combaseapi@h    0000000010465317     NativeLib:diskio.obj
 0008:00000318       __DE6FDEF1_unknwn@h        0000000010465318     NativeLib:diskio.obj
 0008:00000319       __CCE0BACC_objidl@h        0000000010465319     NativeLib:diskio.obj
 0008:0000031a       __8C7011E5_oaidl@h         000000001046531a     NativeLib:diskio.obj
 0008:0000031b       __2E0B7863_propidlbase@h   000000001046531b     NativeLib:diskio.obj
 0008:0000031c       __BF4CF2EC_coml2api@h      000000001046531c     NativeLib:diskio.obj
 0008:0000031d       __6D897344_oleidl@h        000000001046531d     NativeLib:diskio.obj
 0008:0000031e       __1129FC2C_servprov@h      000000001046531e     NativeLib:diskio.obj
 0008:0000031f       __757952E4_msxml@h         000000001046531f     NativeLib:diskio.obj
 0008:00000320       __B1191D53_urlmon@h        0000000010465320     NativeLib:diskio.obj
 0008:00000321       __404D1A47_propidl@h       0000000010465321     NativeLib:diskio.obj
 0008:00000322       __A1C63593_objbase@h       0000000010465322     NativeLib:diskio.obj
 0008:00000323       __C1B0A9CB_oleauto@h       0000000010465323     NativeLib:diskio.obj
 0008:00000324       __24EAF61F_ole2@h          0000000010465324     NativeLib:diskio.obj
 0008:00000325       __2B1843DA_commdlg@h       0000000010465325     NativeLib:diskio.obj
 0008:00000326       __81DDEDE3_stralign@h      0000000010465326     NativeLib:diskio.obj
 0008:00000327       __2134D1B4_winsvc@h        0000000010465327     NativeLib:diskio.obj
 0008:00000328       __11C07376_mcx@h           0000000010465328     NativeLib:diskio.obj
 0008:00000329       __577CE3E7_ime_cmodes@h    0000000010465329     NativeLib:diskio.obj
 0008:0000032a       __1E72C31E_imm@h           000000001046532a     NativeLib:diskio.obj
 0008:0000032b       __E15BF856_windows@h       000000001046532b     NativeLib:diskio.obj
 0008:0000032c       __44420885_corecrt_stdio_config@h 000000001046532c     NativeLib:diskio.obj
 0008:0000032d       __EF1F6BBA_corecrt_wconio@h 000000001046532d     NativeLib:diskio.obj
 0008:0000032e       __3D1D430C_corecrt_wdirect@h 000000001046532e     NativeLib:diskio.obj
 0008:0000032f       __8ECB7138_corecrt_share@h 000000001046532f     NativeLib:diskio.obj
 0008:00000330       __DB7FEBA6_corecrt_wio@h   0000000010465330     NativeLib:diskio.obj
 0008:00000331       __9A9F0068_corecrt_wprocess@h 0000000010465331     NativeLib:diskio.obj
 0008:00000332       __AB601D8D_corecrt_wstdio@h 0000000010465332     NativeLib:diskio.obj
 0008:00000333       __369A9BC3_corecrt_wtime@h 0000000010465333     NativeLib:diskio.obj
 0008:00000334       __CE789B9D_types@h         0000000010465334     NativeLib:diskio.obj
 0008:00000335       __9901C817_stat@h          0000000010465335     NativeLib:diskio.obj
 0008:00000336       __3FCAD62E_wchar@h         0000000010465336     NativeLib:diskio.obj
 0008:00000337       __0E22CCB3_tchar@h         0000000010465337     NativeLib:diskio.obj
 0008:00000338       __4CCC6929_integer@h       0000000010465338     NativeLib:diskio.obj
 0008:00000339       __3D17D6D7_diskio@h        0000000010465339     NativeLib:diskio.obj
 0008:0000033a       __AAC50F5F_diskio@c        000000001046533a     NativeLib:diskio.obj
 0009:000000a0       $R000000                   00000000104660a0     guideXOS.res
 0009:000002f0       $R000250                   00000000104662f0     guideXOS.res
