 guideXOS

 Timestamp is 692f3f74 (Tue Dec  2 11:35:16 2025)

 Preferred load address is 0000000010000000

 Start         Length     Name                   Class
 0001:00000000 00000620H .text                   CODE
 0001:00000620 0002ae31H .text$mn                CODE
 0002:00000000 00000045H .unbox$M                CODE
 0003:00000000 0006c15cH .managedcode$I          CODE
 0004:00000000 0003f390H .rdata                  DATA
 0004:0003f390 00000018H .rdata$voltmd           DATA
 0004:0003f3a8 0000019cH .rdata$zzzdbg           DATA
 0004:0003f544 00013ef8H .xdata                  DATA
 0004:0005343c 00000000H .edata                  DATA
 0005:00000000 0036ab40H .data                   DATA
 0005:0036ab40 000019a0H .bss                    DATA
 0006:00000000 00004ff8H .pdata                  DATA
 0007:00000000 00000008H .modules$I              DATA
 0008:00000000 0000033bH .msvcjmc                DATA
 0009:00000000 000000a0H .rsrc$01                DATA
 0009:000000a0 00000440H .rsrc$02                DATA

  Address         Publics by Value              Rva+Base               Lib:Object

 0000:00000000       __AbsoluteZero             0000000000000000     <absolute>
 0000:00000000       ___safe_se_handler_count   0000000000000000     <absolute>
 0000:00000000       ___safe_se_handler_table   0000000000000000     <absolute>
 0000:00000000       __arm64x_extra_rfe_table   0000000000000000     <absolute>
 0000:00000000       __arm64x_extra_rfe_table_size 0000000000000000     <absolute>
 0000:00000000       __arm64x_native_entrypoint 0000000000000000     <absolute>
 0000:00000000       __arm64x_redirection_metadata 0000000000000000     <absolute>
 0000:00000000       __arm64x_redirection_metadata_count 0000000000000000     <absolute>
 0000:00000000       __dynamic_value_reloc_table 0000000000000000     <absolute>
 0000:00000000       __enclave_config           0000000000000000     <absolute>
 0000:00000000       __guard_check_icall_a64n_fptr 0000000000000000     <absolute>
 0000:00000000       __guard_eh_cont_count      0000000000000000     <absolute>
 0000:00000000       __guard_eh_cont_table      0000000000000000     <absolute>
 0000:00000000       __guard_fids_count         0000000000000000     <absolute>
 0000:00000000       __guard_fids_table         0000000000000000     <absolute>
 0000:00000000       __guard_iat_count          0000000000000000     <absolute>
 0000:00000000       __guard_iat_table          0000000000000000     <absolute>
 0000:00000000       __guard_longjmp_count      0000000000000000     <absolute>
 0000:00000000       __guard_longjmp_table      0000000000000000     <absolute>
 0000:00000000       __hybrid_auxiliary_delayload_iat 0000000000000000     <absolute>
 0000:00000000       __hybrid_auxiliary_delayload_iat_copy 0000000000000000     <absolute>
 0000:00000000       __hybrid_auxiliary_iat     0000000000000000     <absolute>
 0000:00000000       __hybrid_auxiliary_iat_copy 0000000000000000     <absolute>
 0000:00000000       __hybrid_code_map          0000000000000000     <absolute>
 0000:00000000       __hybrid_code_map_count    0000000000000000     <absolute>
 0000:00000000       __hybrid_image_info_bitfield 0000000000000000     <absolute>
 0000:00000000       __x64_code_ranges_to_entry_points 0000000000000000     <absolute>
 0000:00000000       __x64_code_ranges_to_entry_points_count 0000000000000000     <absolute>
 0000:00000100       __guard_flags              0000000000000100     <absolute>
 0000:00000000       __ImageBase                0000000010000000     <linker-defined>
 0001:00000000       __GetNonGCStaticBase_guideXOS_Program 0000000010001000     guideXOS.obj
 0001:00000008       __GetNonGCStaticBase_guideXOS_Allocator 0000000010001008     guideXOS.obj
 0001:00000010       __GetNonGCStaticBase_guideXOS_GDT 0000000010001010     guideXOS.obj
 0001:00000018       __GetNonGCStaticBase_guideXOS_IDT 0000000010001018     guideXOS.obj
 0001:00000020       __GetNonGCStaticBase_guideXOS_System_StringPool 0000000010001020     guideXOS.obj
 0001:0000003d       __GetNonGCStaticBase_guideXOS_System_Windows_Forms_Control 000000001000103d     guideXOS.obj
 0001:00000045       __GetNonGCStaticBase_guideXOS_guideXOS_Kbd2Mouse 0000000010001045     guideXOS.obj
 0001:0000004d       __GetNonGCStaticBase_guideXOS_guideXOS_Console 000000001000104d     guideXOS.obj
 0001:00000055       __GetNonGCStaticBase_guideXOS_guideXOS_PageTable 0000000010001055     guideXOS.obj
 0001:0000005d       __GetNonGCStaticBase_guideXOS_guideXOS_Intel825xx 000000001000105d     guideXOS.obj
 0001:00000065       __GetNonGCStaticBase_guideXOS_guideXOS_NETv4 0000000010001065     guideXOS.obj
 0001:0000006d       __GetNonGCStaticBase_guideXOS_guideXOS_RTL8111 000000001000106d     guideXOS.obj
 0001:00000075       __GetNonGCStaticBase_guideXOS_guideXOS_SMP 0000000010001075     guideXOS.obj
 0001:0000007d       __GetNonGCStaticBase_guideXOS_guideXOS_Network_Http 000000001000107d     guideXOS.obj
 0001:00000085       __GetNonGCStaticBase_guideXOS_guideXOS_Misc_Audio 0000000010001085     guideXOS.obj
 0001:0000008d       __GetNonGCStaticBase_guideXOS_guideXOS_Misc_BootSplash 000000001000108d     guideXOS.obj
 0001:00000095       __GetNonGCStaticBase_guideXOS_guideXOS_Misc_Panic 0000000010001095     guideXOS.obj
 0001:0000009d       __GetNonGCStaticBase_guideXOS_guideXOS_Misc_ThreadPool 000000001000109d     guideXOS.obj
 0001:000000a5       __GetNonGCStaticBase_guideXOS_guideXOS_Misc_USB 00000000100010a5     guideXOS.obj
 0001:000000ad       __GetNonGCStaticBase_guideXOS_guideXOS_Kernel_Drivers_AC97 00000000100010ad     guideXOS.obj
 0001:000000b5       __GetNonGCStaticBase_guideXOS_guideXOS_Kernel_Drivers_ACPI 00000000100010b5     guideXOS.obj
 0001:000000bd       __GetNonGCStaticBase_guideXOS_guideXOS_Kernel_Drivers_DisplayManager 00000000100010bd     guideXOS.obj
 0001:000000c5       __GetNonGCStaticBase_guideXOS_guideXOS_Kernel_Drivers_EHCI 00000000100010c5     guideXOS.obj
 0001:000000cd       __GetNonGCStaticBase_guideXOS_guideXOS_Kernel_Drivers_ES1371 00000000100010cd     guideXOS.obj
 0001:000000d5       __GetNonGCStaticBase_guideXOS_guideXOS_Kernel_Drivers_Framebuffer 00000000100010d5     guideXOS.obj
 0001:000000dd       __GetNonGCStaticBase_guideXOS_guideXOS_Kernel_Drivers_HID 00000000100010dd     guideXOS.obj
 0001:000000e5       __GetNonGCStaticBase_guideXOS_guideXOS_Kernel_Drivers_HPET 00000000100010e5     guideXOS.obj
 0001:000000ed       __GetNonGCStaticBase_guideXOS_guideXOS_Kernel_Drivers_Hub 00000000100010ed     guideXOS.obj
 0001:000000f5       __GetNonGCStaticBase_guideXOS_guideXOS_Kernel_Drivers_Keyboard 00000000100010f5     guideXOS.obj
 0001:000000fd       __GetNonGCStaticBase_guideXOS_guideXOS_Kernel_Drivers_PS2Keyboard 00000000100010fd     guideXOS.obj
 0001:00000105       __GetNonGCStaticBase_guideXOS_guideXOS_Kernel_Drivers_PS2Mouse 0000000010001105     guideXOS.obj
 0001:0000010d       __GetNonGCStaticBase_guideXOS_guideXOS_Kernel_Drivers_RTC 000000001000110d     guideXOS.obj
 0001:00000115       __GetNonGCStaticBase_guideXOS_guideXOS_Kernel_Drivers_SATA 0000000010001115     guideXOS.obj
 0001:0000011d       __GetNonGCStaticBase_guideXOS_guideXOS_Kernel_Drivers_Timer 000000001000111d     guideXOS.obj
 0001:00000125       __GetNonGCStaticBase_guideXOS_guideXOS_Kernel_Drivers_VMwareTools 0000000010001125     guideXOS.obj
 0001:0000012d       __GetNonGCStaticBase_guideXOS_guideXOS_Kernel_Drivers_USBStorage 000000001000112d     guideXOS.obj
 0001:0000014a       __GetNonGCStaticBase_guideXOS_guideXOS_OS_Firewall 000000001000114a     guideXOS.obj
 0001:00000167       __GetNonGCStaticBase_guideXOS_guideXOS_GUI_BackgroundRotationManager 0000000010001167     guideXOS.obj
 0001:0000016f       __GetNonGCStaticBase_guideXOS_guideXOS_GUI_Busy 000000001000116f     guideXOS.obj
 0001:00000177       __GetNonGCStaticBase_guideXOS_guideXOS_GUI_Desktop 0000000010001177     guideXOS.obj
 0001:0000017f       __GetNonGCStaticBase_guideXOS_guideXOS_GUI_Icons 000000001000117f     guideXOS.obj
 0001:0000019c       __GetNonGCStaticBase_guideXOS_guideXOS_GUI_StartMenu 000000001000119c     guideXOS.obj
 0001:000001a4       __GetNonGCStaticBase_guideXOS_guideXOS_GUI_UISettings 00000000100011a4     guideXOS.obj
 0001:000001ac       __GetNonGCStaticBase_guideXOS_guideXOS_GUI_WindowManager 00000000100011ac     guideXOS.obj
 0001:000001b4       __GetNonGCStaticBase_guideXOS_guideXOS_GUI_WorkspaceManager 00000000100011b4     guideXOS.obj
 0001:000001d1       __GetNonGCStaticBase_guideXOS_guideXOS_DockableWidgets_Clock 00000000100011d1     guideXOS.obj
 0001:000001d9       __GetNonGCStaticBase_guideXOS_guideXOS_DefaultApps_nexIRC 00000000100011d9     guideXOS.obj
 0001:000001e1       __GetNonGCStaticBase_guideXOS_guideXOS_DefaultApps_WAVPlayer 00000000100011e1     guideXOS.obj
 0001:000001e9       __GetNonGCStaticBase_guideXOS_guideXOS_DefaultApps_WebBrowser 00000000100011e9     guideXOS.obj
 0001:000001f1       __GetGCStaticBase_guideXOS_Program 00000000100011f1     guideXOS.obj
 0001:000001fc       __GetGCStaticBase_guideXOS_Allocator 00000000100011fc     guideXOS.obj
 0001:00000207       __GetGCStaticBase_guideXOS_IDT 0000000010001207     guideXOS.obj
 0001:00000212       __GetGCStaticBase_guideXOS_System_DateTime 0000000010001212     guideXOS.obj
 0001:0000021d       __GetGCStaticBase_guideXOS_System_StringPool 000000001000121d     guideXOS.obj
 0001:0000023d       __GetGCStaticBase_guideXOS_guideXOS_Animator 000000001000123d     guideXOS.obj
 0001:00000248       __GetGCStaticBase_guideXOS_guideXOS_ASC16 0000000010001248     guideXOS.obj
 0001:00000253       __GetGCStaticBase_guideXOS_guideXOS_Console 0000000010001253     guideXOS.obj
 0001:0000025e       __GetGCStaticBase_guideXOS_guideXOS_NETv4 000000001000125e     guideXOS.obj
 0001:00000269       __GetGCStaticBase_guideXOS_guideXOS_Misc_BitFont 0000000010001269     guideXOS.obj
 0001:00000274       __GetGCStaticBase_guideXOS_guideXOS_Misc_BootSplash 0000000010001274     guideXOS.obj
 0001:0000027f       __GetGCStaticBase_guideXOS_guideXOS_Misc_Interrupts 000000001000127f     guideXOS.obj
 0001:0000028a       __GetGCStaticBase_guideXOS_guideXOS_Misc_ThreadPool 000000001000128a     guideXOS.obj
 0001:00000295       __GetGCStaticBase_guideXOS_guideXOS_FS_Disk 0000000010001295     guideXOS.obj
 0001:000002a0       __GetGCStaticBase_guideXOS_guideXOS_FS_File 00000000100012a0     guideXOS.obj
 0001:000002ab       __GetGCStaticBase_guideXOS_guideXOS_Kernel_Drivers_AC97 00000000100012ab     guideXOS.obj
 0001:000002b6       __GetGCStaticBase_guideXOS_guideXOS_Kernel_Drivers_ACPI 00000000100012b6     guideXOS.obj
 0001:000002c1       __GetGCStaticBase_guideXOS_guideXOS_Kernel_Drivers_DisplayManager 00000000100012c1     guideXOS.obj
 0001:000002cc       __GetGCStaticBase_guideXOS_guideXOS_Kernel_Drivers_Framebuffer 00000000100012cc     guideXOS.obj
 0001:000002d7       __GetGCStaticBase_guideXOS_guideXOS_Kernel_Drivers_HID 00000000100012d7     guideXOS.obj
 0001:000002e2       __GetGCStaticBase_guideXOS_guideXOS_Kernel_Drivers_IDE 00000000100012e2     guideXOS.obj
 0001:000002ed       __GetGCStaticBase_guideXOS_guideXOS_Kernel_Drivers_Keyboard 00000000100012ed     guideXOS.obj
 0001:000002f8       __GetGCStaticBase_guideXOS_guideXOS_Kernel_Drivers_PCI 00000000100012f8     guideXOS.obj
 0001:00000303       __GetGCStaticBase_guideXOS_guideXOS_Kernel_Drivers_PS2Mouse 0000000010001303     guideXOS.obj
 0001:0000030e       __GetGCStaticBase_guideXOS_guideXOS_Kernel_Drivers_SATA 000000001000130e     guideXOS.obj
 0001:00000319       __GetGCStaticBase_guideXOS_guideXOS_Kernel_Drivers_USBStorage 0000000010001319     guideXOS.obj
 0001:00000339       __GetGCStaticBase_guideXOS_guideXOS_OS_Firewall 0000000010001339     guideXOS.obj
 0001:00000359       __GetGCStaticBase_guideXOS_guideXOS_OS_Session 0000000010001359     guideXOS.obj
 0001:00000364       __GetGCStaticBase_guideXOS_guideXOS_Modules_ModuleManager 0000000010001364     guideXOS.obj
 0001:00000384       __GetGCStaticBase_guideXOS_guideXOS_GUI_BackgroundRotationManager 0000000010001384     guideXOS.obj
 0001:0000038f       __GetGCStaticBase_guideXOS_guideXOS_GUI_Desktop 000000001000138f     guideXOS.obj
 0001:0000039a       __GetGCStaticBase_guideXOS_guideXOS_GUI_Icons 000000001000139a     guideXOS.obj
 0001:000003ba       __GetGCStaticBase_guideXOS_guideXOS_GUI_Lockscreen 00000000100013ba     guideXOS.obj
 0001:000003c5       __GetGCStaticBase_guideXOS_guideXOS_GUI_NotificationManager 00000000100013c5     guideXOS.obj
 0001:000003d0       __GetGCStaticBase_guideXOS_guideXOS_GUI_OnScreenKeyboard 00000000100013d0     guideXOS.obj
 0001:000003f0       __GetGCStaticBase_guideXOS_guideXOS_GUI_PinnedManager 00000000100013f0     guideXOS.obj
 0001:00000410       __GetGCStaticBase_guideXOS_guideXOS_GUI_RecentManager 0000000010001410     guideXOS.obj
 0001:00000430       __GetGCStaticBase_guideXOS_guideXOS_GUI_WindowManager 0000000010001430     guideXOS.obj
 0001:0000043b       __GetGCStaticBase_guideXOS_guideXOS_GUI_WorkspaceManager 000000001000143b     guideXOS.obj
 0001:0000045b       __GetGCStaticBase_guideXOS_guideXOS_DockableWidgets_Clock 000000001000145b     guideXOS.obj
 0001:00000466       __GetGCStaticBase_guideXOS_guideXOS_DefaultApps_WAVPlayer 0000000010001466     guideXOS.obj
 0001:00000471       __GetGCStaticBase_guideXOS_guideXOS_Modules_ModuleManager___c 0000000010001471     guideXOS.obj
 0001:0000047c       __GetGCStaticBase_guideXOS_guideXOS_GUI_DisplayOptions___c 000000001000147c     guideXOS.obj
 0001:00000487       __GetGCStaticBase_guideXOS_guideXOS_GUI_SaveDialog___O 0000000010001487     guideXOS.obj
 0001:00000492       __GetGCStaticBase_guideXOS_System_Array_EmptyArray_1<String> 0000000010001492     guideXOS.obj
 0001:000004b2       __DelegateCtor_guideXOS_System_Delegate__InitializeClosedInstance__guideXOS_guideXOS_GUI_GXMScriptWindow__Keyboard_OnKeyChanged 00000000100014b2     guideXOS.obj
 0001:000004be       __DelegateCtor_guideXOS_System_Delegate__InitializeClosedInstance__guideXOS_guideXOS_GUI_GXMScriptWindow___OpenSaveDialogForTextBox_b__39_0 00000000100014be     guideXOS.obj
 0001:000004ca       __DelegateCtor_guideXOS_System_Delegate__InitializeClosedInstance__guideXOS_guideXOS_GUI_GXMScriptWindow___OpenOpenDialogForTextBox_b__40_0 00000000100014ca     guideXOS.obj
 0001:000004d6       __DelegateCtor_guideXOS_System_Delegate__InitializeClosedInstance__guideXOS_guideXOS_GUI_NetworkConfigurationDialog__Keyboard_OnKeyChanged 00000000100014d6     guideXOS.obj
 0001:000004e2       __DelegateCtor_guideXOS_System_Delegate__InitializeClosedInstance__guideXOS_guideXOS_GUI_OpenDialog__Keyboard_OnKeyChanged 00000000100014e2     guideXOS.obj
 0001:000004ee       __DelegateCtor_guideXOS_System_Delegate__InitializeClosedInstance__guideXOS_guideXOS_GUI_SaveDialog__Keyboard_OnKeyChanged 00000000100014ee     guideXOS.obj
 0001:000004fa       __DelegateCtor_guideXOS_System_Delegate__InitializeClosedInstance__guideXOS_guideXOS_DefaultApps_ComputerFiles__Keyboard_OnKeyChanged 00000000100014fa     guideXOS.obj
 0001:00000506       __DelegateCtor_guideXOS_System_Delegate__InitializeClosedInstance__guideXOS_guideXOS_DefaultApps_FConsole__Keyboard_OnKeyChanged 0000000010001506     guideXOS.obj
 0001:00000512       __DelegateCtor_guideXOS_System_Delegate__InitializeClosedInstance__guideXOS_guideXOS_DefaultApps_FConsole__Console_OnWrite 0000000010001512     guideXOS.obj
 0001:0000051e       __DelegateCtor_guideXOS_System_Delegate__InitializeClosedInstance__guideXOS_guideXOS_DefaultApps_nexIRC__Keyboard_OnKeyChanged 000000001000151e     guideXOS.obj
 0001:0000052a       __DelegateCtor_guideXOS_System_Delegate__InitializeClosedInstance__guideXOS_guideXOS_DefaultApps_Notepad__Keyboard_OnKeyChanged 000000001000152a     guideXOS.obj
 0001:00000536       __DelegateCtor_guideXOS_System_Delegate__InitializeClosedInstance__guideXOS_guideXOS_DefaultApps_Notepad___OnSetVisible_b__19_0 0000000010001536     guideXOS.obj
 0001:00000542       __DelegateCtor_guideXOS_System_Delegate__InitializeClosedInstance__guideXOS_guideXOS_DefaultApps_Notepad___OnSetVisible_b__19_3 0000000010001542     guideXOS.obj
 0001:0000054e       __DelegateCtor_guideXOS_System_Delegate__InitializeClosedInstance__guideXOS_guideXOS_DefaultApps_Notepad___OnSetVisible_b__19_1 000000001000154e     guideXOS.obj
 0001:0000055a       __DelegateCtor_guideXOS_System_Delegate__InitializeClosedInstance__guideXOS_guideXOS_DefaultApps_Notepad___OnSetVisible_b__19_2 000000001000155a     guideXOS.obj
 0001:00000566       __DelegateCtor_guideXOS_System_Delegate__InitializeClosedInstance__guideXOS_guideXOS_DefaultApps_WebBrowser__OnKey 0000000010001566     guideXOS.obj
 0001:00000572       __DelegateCtor_guideXOS_System_Delegate__InitializeClosedInstance__guideXOS_guideXOS_FS_FAT___c__DisplayClass48_0___FindPath_b__0 0000000010001572     guideXOS.obj
 0001:0000057e       __DelegateCtor_guideXOS_System_Delegate__InitializeClosedInstance__guideXOS_guideXOS_FS_FAT___c__DisplayClass48_1___FindPath_b__1 000000001000157e     guideXOS.obj
 0001:0000058a       __DelegateCtor_guideXOS_System_Delegate__InitializeClosedInstance__guideXOS_guideXOS_FS_FAT___c__DisplayClass58_0___GetFiles_b__0 000000001000158a     guideXOS.obj
 0001:00000596       __DelegateCtor_guideXOS_System_Delegate__InitializeClosedInstance__guideXOS_guideXOS_Modules_ModuleManager___c___InitializeBuiltins_b__7_0 0000000010001596     guideXOS.obj
 0001:000005a2       __DelegateCtor_guideXOS_System_Delegate__InitializeClosedInstance__guideXOS_guideXOS_GUI_DisplayOptions___c___OnInput_b__40_0 00000000100015a2     guideXOS.obj
 0001:000005ae       __DelegateCtor_guideXOS_System_Delegate__InitializeClosedInstance__guideXOS_guideXOS_GUI_DisplayOptions___c___OnInput_b__40_1 00000000100015ae     guideXOS.obj
 0001:000005ba       __DelegateCtor_guideXOS_System_Delegate__InitializeClosedInstance__guideXOS_guideXOS_DefaultApps_DiskManager___c__DisplayClass38_0___ReadMBRForEntry_b__0 00000000100015ba     guideXOS.obj
 0001:000005c6       __DelegateCtor_guideXOS_System_Delegate__InitializeClosedInstance__guideXOS_guideXOS_DefaultApps_DiskManager___c__DisplayClass54_0___TryCreatePartitionLargestFree_b__0 00000000100015c6     guideXOS.obj
 0001:000005d2       __DelegateCtor_guideXOS_System_Delegate__InitializeClosedInstance__guideXOS_guideXOS_DefaultApps_DiskManager___c__DisplayClass54_0___TryCreatePartitionLargestFree_b__1 00000000100015d2     guideXOS.obj
 0001:000005de       __DelegateCtor_guideXOS_System_Delegate__InitializeClosedInstance__guideXOS_guideXOS_DefaultApps_Notepad___c__DisplayClass24_0___OpenSaveAs_b__0 00000000100015de     guideXOS.obj
 0001:000005ea       __DelegateCtor_guideXOS_System_Delegate__InitializeOpenStaticThunk__guideXOS_guideXOS_GUI_Icons__DocumentIcon__guideXOS_System_Func_2<Int32__System___Canon>__InvokeOpenStaticThunk 00000000100015ea     guideXOS.obj
 0001:000005fd       __GenericLookupFromType_guideXOS_System_Array_EmptyArray_1<System___Canon>_GCStaticBase_guideXOS_System_Array_EmptyArray_1<T_System___Canon> 00000000100015fd     guideXOS.obj
 0001:00000620       CPUID                      0000000010001620 f   NativeLib:native.obj
 0001:00000670       Cli                        0000000010001670 f   NativeLib:native.obj
 0001:000006a0       Fxrstor64                  00000000100016a0 f   NativeLib:native.obj
 0001:000006d0       Fxsave64                   00000000100016d0 f   NativeLib:native.obj
 0001:00000700       Hlt                        0000000010001700 f   NativeLib:native.obj
 0001:00000730       Invlpg                     0000000010001730 f   NativeLib:native.obj
 0001:00000760       Nop                        0000000010001760 f   NativeLib:native.obj
 0001:00000780       Rdmsr                      0000000010001780 f   NativeLib:native.obj
 0001:000007b0       Rdtsc                      00000000100017b0 f   NativeLib:native.obj
 0001:000007e0       ReadCR2                    00000000100017e0 f   NativeLib:native.obj
 0001:00000800       Sti                        0000000010001800 f   NativeLib:native.obj
 0001:00000830       WriteCR3                   0000000010001830 f   NativeLib:native.obj
 0001:00000860       Wrmsr                      0000000010001860 f   NativeLib:native.obj
 0001:000008a0       __JustMyCode_Default       00000000100018a0 f i NativeLib:native.obj
 0001:000008b0       Movsb                      00000000100018b0 f   NativeLib:mem.obj
 0001:000008f0       Movsd                      00000000100018f0 f   NativeLib:mem.obj
 0001:00000930       Stosb                      0000000010001930 f   NativeLib:mem.obj
 0001:00000980       Stosd                      0000000010001980 f   NativeLib:mem.obj
 0001:000009d0       avx_memcpy                 00000000100019d0 f   NativeLib:mem.obj
 0001:00000ad0       Load_GDT                   0000000010001ad0 f   NativeLib:interrupts.obj
 0001:00000b00       idt_set                    0000000010001b00 f   NativeLib:interrupts.obj
 0001:00000be0       set_idt_entries            0000000010001be0 f   NativeLib:interrupts.obj
 0001:00002b00       intr0                      0000000010003b00 f   NativeLib:interrupts_asm.obj
 0001:00002b42       intr1                      0000000010003b42 f   NativeLib:interrupts_asm.obj
 0001:00002b84       intr2                      0000000010003b84 f   NativeLib:interrupts_asm.obj
 0001:00002bc6       intr3                      0000000010003bc6 f   NativeLib:interrupts_asm.obj
 0001:00002c08       intr4                      0000000010003c08 f   NativeLib:interrupts_asm.obj
 0001:00002c4a       intr5                      0000000010003c4a f   NativeLib:interrupts_asm.obj
 0001:00002c8c       intr6                      0000000010003c8c f   NativeLib:interrupts_asm.obj
 0001:00002cce       intr7                      0000000010003cce f   NativeLib:interrupts_asm.obj
 0001:00002d10       intr8                      0000000010003d10 f   NativeLib:interrupts_asm.obj
 0001:00002d52       intr9                      0000000010003d52 f   NativeLib:interrupts_asm.obj
 0001:00002d94       intr10                     0000000010003d94 f   NativeLib:interrupts_asm.obj
 0001:00002dd6       intr11                     0000000010003dd6 f   NativeLib:interrupts_asm.obj
 0001:00002e18       intr12                     0000000010003e18 f   NativeLib:interrupts_asm.obj
 0001:00002e5a       intr13                     0000000010003e5a f   NativeLib:interrupts_asm.obj
 0001:00002e9c       intr14                     0000000010003e9c f   NativeLib:interrupts_asm.obj
 0001:00002ede       intr15                     0000000010003ede f   NativeLib:interrupts_asm.obj
 0001:00002f20       intr16                     0000000010003f20 f   NativeLib:interrupts_asm.obj
 0001:00002f62       intr17                     0000000010003f62 f   NativeLib:interrupts_asm.obj
 0001:00002fa4       intr18                     0000000010003fa4 f   NativeLib:interrupts_asm.obj
 0001:00002fe6       intr19                     0000000010003fe6 f   NativeLib:interrupts_asm.obj
 0001:00003028       intr20                     0000000010004028 f   NativeLib:interrupts_asm.obj
 0001:0000306a       intr21                     000000001000406a f   NativeLib:interrupts_asm.obj
 0001:000030ac       intr22                     00000000100040ac f   NativeLib:interrupts_asm.obj
 0001:000030ee       intr23                     00000000100040ee f   NativeLib:interrupts_asm.obj
 0001:00003130       intr24                     0000000010004130 f   NativeLib:interrupts_asm.obj
 0001:00003172       intr25                     0000000010004172 f   NativeLib:interrupts_asm.obj
 0001:000031b4       intr26                     00000000100041b4 f   NativeLib:interrupts_asm.obj
 0001:000031f6       intr27                     00000000100041f6 f   NativeLib:interrupts_asm.obj
 0001:00003238       intr28                     0000000010004238 f   NativeLib:interrupts_asm.obj
 0001:0000327a       intr29                     000000001000427a f   NativeLib:interrupts_asm.obj
 0001:000032bc       intr30                     00000000100042bc f   NativeLib:interrupts_asm.obj
 0001:000032fe       intr31                     00000000100042fe f   NativeLib:interrupts_asm.obj
 0001:00003340       intr32                     0000000010004340 f   NativeLib:interrupts_asm.obj
 0001:00003382       intr33                     0000000010004382 f   NativeLib:interrupts_asm.obj
 0001:000033c4       intr34                     00000000100043c4 f   NativeLib:interrupts_asm.obj
 0001:00003406       intr35                     0000000010004406 f   NativeLib:interrupts_asm.obj
 0001:00003448       intr36                     0000000010004448 f   NativeLib:interrupts_asm.obj
 0001:0000348a       intr37                     000000001000448a f   NativeLib:interrupts_asm.obj
 0001:000034cc       intr38                     00000000100044cc f   NativeLib:interrupts_asm.obj
 0001:0000350e       intr39                     000000001000450e f   NativeLib:interrupts_asm.obj
 0001:00003550       intr40                     0000000010004550 f   NativeLib:interrupts_asm.obj
 0001:00003592       intr41                     0000000010004592 f   NativeLib:interrupts_asm.obj
 0001:000035d4       intr42                     00000000100045d4 f   NativeLib:interrupts_asm.obj
 0001:00003616       intr43                     0000000010004616 f   NativeLib:interrupts_asm.obj
 0001:00003658       intr44                     0000000010004658 f   NativeLib:interrupts_asm.obj
 0001:0000369a       intr45                     000000001000469a f   NativeLib:interrupts_asm.obj
 0001:000036dc       intr46                     00000000100046dc f   NativeLib:interrupts_asm.obj
 0001:0000371e       intr47                     000000001000471e f   NativeLib:interrupts_asm.obj
 0001:00003760       intr48                     0000000010004760 f   NativeLib:interrupts_asm.obj
 0001:000037a2       intr49                     00000000100047a2 f   NativeLib:interrupts_asm.obj
 0001:000037e4       intr50                     00000000100047e4 f   NativeLib:interrupts_asm.obj
 0001:00003826       intr51                     0000000010004826 f   NativeLib:interrupts_asm.obj
 0001:00003868       intr52                     0000000010004868 f   NativeLib:interrupts_asm.obj
 0001:000038aa       intr53                     00000000100048aa f   NativeLib:interrupts_asm.obj
 0001:000038ec       intr54                     00000000100048ec f   NativeLib:interrupts_asm.obj
 0001:0000392e       intr55                     000000001000492e f   NativeLib:interrupts_asm.obj
 0001:00003970       intr56                     0000000010004970 f   NativeLib:interrupts_asm.obj
 0001:000039b2       intr57                     00000000100049b2 f   NativeLib:interrupts_asm.obj
 0001:000039f4       intr58                     00000000100049f4 f   NativeLib:interrupts_asm.obj
 0001:00003a36       intr59                     0000000010004a36 f   NativeLib:interrupts_asm.obj
 0001:00003a78       intr60                     0000000010004a78 f   NativeLib:interrupts_asm.obj
 0001:00003aba       intr61                     0000000010004aba f   NativeLib:interrupts_asm.obj
 0001:00003afc       intr62                     0000000010004afc f   NativeLib:interrupts_asm.obj
 0001:00003b3e       intr63                     0000000010004b3e f   NativeLib:interrupts_asm.obj
 0001:00003b80       intr64                     0000000010004b80 f   NativeLib:interrupts_asm.obj
 0001:00003bc2       intr65                     0000000010004bc2 f   NativeLib:interrupts_asm.obj
 0001:00003c04       intr66                     0000000010004c04 f   NativeLib:interrupts_asm.obj
 0001:00003c46       intr67                     0000000010004c46 f   NativeLib:interrupts_asm.obj
 0001:00003c88       intr68                     0000000010004c88 f   NativeLib:interrupts_asm.obj
 0001:00003cca       intr69                     0000000010004cca f   NativeLib:interrupts_asm.obj
 0001:00003d0c       intr70                     0000000010004d0c f   NativeLib:interrupts_asm.obj
 0001:00003d4e       intr71                     0000000010004d4e f   NativeLib:interrupts_asm.obj
 0001:00003d90       intr72                     0000000010004d90 f   NativeLib:interrupts_asm.obj
 0001:00003dd2       intr73                     0000000010004dd2 f   NativeLib:interrupts_asm.obj
 0001:00003e14       intr74                     0000000010004e14 f   NativeLib:interrupts_asm.obj
 0001:00003e56       intr75                     0000000010004e56 f   NativeLib:interrupts_asm.obj
 0001:00003e98       intr76                     0000000010004e98 f   NativeLib:interrupts_asm.obj
 0001:00003eda       intr77                     0000000010004eda f   NativeLib:interrupts_asm.obj
 0001:00003f1c       intr78                     0000000010004f1c f   NativeLib:interrupts_asm.obj
 0001:00003f5e       intr79                     0000000010004f5e f   NativeLib:interrupts_asm.obj
 0001:00003fa0       intr80                     0000000010004fa0 f   NativeLib:interrupts_asm.obj
 0001:00003fe2       intr81                     0000000010004fe2 f   NativeLib:interrupts_asm.obj
 0001:00004024       intr82                     0000000010005024 f   NativeLib:interrupts_asm.obj
 0001:00004066       intr83                     0000000010005066 f   NativeLib:interrupts_asm.obj
 0001:000040a8       intr84                     00000000100050a8 f   NativeLib:interrupts_asm.obj
 0001:000040ea       intr85                     00000000100050ea f   NativeLib:interrupts_asm.obj
 0001:0000412c       intr86                     000000001000512c f   NativeLib:interrupts_asm.obj
 0001:0000416e       intr87                     000000001000516e f   NativeLib:interrupts_asm.obj
 0001:000041b0       intr88                     00000000100051b0 f   NativeLib:interrupts_asm.obj
 0001:000041f2       intr89                     00000000100051f2 f   NativeLib:interrupts_asm.obj
 0001:00004234       intr90                     0000000010005234 f   NativeLib:interrupts_asm.obj
 0001:00004276       intr91                     0000000010005276 f   NativeLib:interrupts_asm.obj
 0001:000042b8       intr92                     00000000100052b8 f   NativeLib:interrupts_asm.obj
 0001:000042fa       intr93                     00000000100052fa f   NativeLib:interrupts_asm.obj
 0001:0000433c       intr94                     000000001000533c f   NativeLib:interrupts_asm.obj
 0001:0000437e       intr95                     000000001000537e f   NativeLib:interrupts_asm.obj
 0001:000043c0       intr96                     00000000100053c0 f   NativeLib:interrupts_asm.obj
 0001:00004402       intr97                     0000000010005402 f   NativeLib:interrupts_asm.obj
 0001:00004444       intr98                     0000000010005444 f   NativeLib:interrupts_asm.obj
 0001:00004486       intr99                     0000000010005486 f   NativeLib:interrupts_asm.obj
 0001:000044c8       intr100                    00000000100054c8 f   NativeLib:interrupts_asm.obj
 0001:0000450a       intr101                    000000001000550a f   NativeLib:interrupts_asm.obj
 0001:0000454c       intr102                    000000001000554c f   NativeLib:interrupts_asm.obj
 0001:0000458e       intr103                    000000001000558e f   NativeLib:interrupts_asm.obj
 0001:000045d0       intr104                    00000000100055d0 f   NativeLib:interrupts_asm.obj
 0001:00004612       intr105                    0000000010005612 f   NativeLib:interrupts_asm.obj
 0001:00004654       intr106                    0000000010005654 f   NativeLib:interrupts_asm.obj
 0001:00004696       intr107                    0000000010005696 f   NativeLib:interrupts_asm.obj
 0001:000046d8       intr108                    00000000100056d8 f   NativeLib:interrupts_asm.obj
 0001:0000471a       intr109                    000000001000571a f   NativeLib:interrupts_asm.obj
 0001:0000475c       intr110                    000000001000575c f   NativeLib:interrupts_asm.obj
 0001:0000479e       intr111                    000000001000579e f   NativeLib:interrupts_asm.obj
 0001:000047e0       intr112                    00000000100057e0 f   NativeLib:interrupts_asm.obj
 0001:00004822       intr113                    0000000010005822 f   NativeLib:interrupts_asm.obj
 0001:00004864       intr114                    0000000010005864 f   NativeLib:interrupts_asm.obj
 0001:000048a6       intr115                    00000000100058a6 f   NativeLib:interrupts_asm.obj
 0001:000048e8       intr116                    00000000100058e8 f   NativeLib:interrupts_asm.obj
 0001:0000492a       intr117                    000000001000592a f   NativeLib:interrupts_asm.obj
 0001:0000496c       intr118                    000000001000596c f   NativeLib:interrupts_asm.obj
 0001:000049ae       intr119                    00000000100059ae f   NativeLib:interrupts_asm.obj
 0001:000049f0       intr120                    00000000100059f0 f   NativeLib:interrupts_asm.obj
 0001:00004a32       intr121                    0000000010005a32 f   NativeLib:interrupts_asm.obj
 0001:00004a74       intr122                    0000000010005a74 f   NativeLib:interrupts_asm.obj
 0001:00004ab6       intr123                    0000000010005ab6 f   NativeLib:interrupts_asm.obj
 0001:00004af8       intr124                    0000000010005af8 f   NativeLib:interrupts_asm.obj
 0001:00004b3a       intr125                    0000000010005b3a f   NativeLib:interrupts_asm.obj
 0001:00004b7c       intr126                    0000000010005b7c f   NativeLib:interrupts_asm.obj
 0001:00004bbe       intr127                    0000000010005bbe f   NativeLib:interrupts_asm.obj
 0001:00004c00       intr128                    0000000010005c00 f   NativeLib:interrupts_asm.obj
 0001:00004c42       intr129                    0000000010005c42 f   NativeLib:interrupts_asm.obj
 0001:00004c84       intr130                    0000000010005c84 f   NativeLib:interrupts_asm.obj
 0001:00004cc6       intr131                    0000000010005cc6 f   NativeLib:interrupts_asm.obj
 0001:00004d08       intr132                    0000000010005d08 f   NativeLib:interrupts_asm.obj
 0001:00004d4a       intr133                    0000000010005d4a f   NativeLib:interrupts_asm.obj
 0001:00004d8c       intr134                    0000000010005d8c f   NativeLib:interrupts_asm.obj
 0001:00004dce       intr135                    0000000010005dce f   NativeLib:interrupts_asm.obj
 0001:00004e10       intr136                    0000000010005e10 f   NativeLib:interrupts_asm.obj
 0001:00004e52       intr137                    0000000010005e52 f   NativeLib:interrupts_asm.obj
 0001:00004e94       intr138                    0000000010005e94 f   NativeLib:interrupts_asm.obj
 0001:00004ed6       intr139                    0000000010005ed6 f   NativeLib:interrupts_asm.obj
 0001:00004f18       intr140                    0000000010005f18 f   NativeLib:interrupts_asm.obj
 0001:00004f5a       intr141                    0000000010005f5a f   NativeLib:interrupts_asm.obj
 0001:00004f9c       intr142                    0000000010005f9c f   NativeLib:interrupts_asm.obj
 0001:00004fde       intr143                    0000000010005fde f   NativeLib:interrupts_asm.obj
 0001:00005020       intr144                    0000000010006020 f   NativeLib:interrupts_asm.obj
 0001:00005062       intr145                    0000000010006062 f   NativeLib:interrupts_asm.obj
 0001:000050a4       intr146                    00000000100060a4 f   NativeLib:interrupts_asm.obj
 0001:000050e6       intr147                    00000000100060e6 f   NativeLib:interrupts_asm.obj
 0001:00005128       intr148                    0000000010006128 f   NativeLib:interrupts_asm.obj
 0001:0000516a       intr149                    000000001000616a f   NativeLib:interrupts_asm.obj
 0001:000051ac       intr150                    00000000100061ac f   NativeLib:interrupts_asm.obj
 0001:000051ee       intr151                    00000000100061ee f   NativeLib:interrupts_asm.obj
 0001:00005230       intr152                    0000000010006230 f   NativeLib:interrupts_asm.obj
 0001:00005272       intr153                    0000000010006272 f   NativeLib:interrupts_asm.obj
 0001:000052b4       intr154                    00000000100062b4 f   NativeLib:interrupts_asm.obj
 0001:000052f6       intr155                    00000000100062f6 f   NativeLib:interrupts_asm.obj
 0001:00005338       intr156                    0000000010006338 f   NativeLib:interrupts_asm.obj
 0001:0000537a       intr157                    000000001000637a f   NativeLib:interrupts_asm.obj
 0001:000053bc       intr158                    00000000100063bc f   NativeLib:interrupts_asm.obj
 0001:000053fe       intr159                    00000000100063fe f   NativeLib:interrupts_asm.obj
 0001:00005440       intr160                    0000000010006440 f   NativeLib:interrupts_asm.obj
 0001:00005482       intr161                    0000000010006482 f   NativeLib:interrupts_asm.obj
 0001:000054c4       intr162                    00000000100064c4 f   NativeLib:interrupts_asm.obj
 0001:00005506       intr163                    0000000010006506 f   NativeLib:interrupts_asm.obj
 0001:00005548       intr164                    0000000010006548 f   NativeLib:interrupts_asm.obj
 0001:0000558a       intr165                    000000001000658a f   NativeLib:interrupts_asm.obj
 0001:000055cc       intr166                    00000000100065cc f   NativeLib:interrupts_asm.obj
 0001:0000560e       intr167                    000000001000660e f   NativeLib:interrupts_asm.obj
 0001:00005650       intr168                    0000000010006650 f   NativeLib:interrupts_asm.obj
 0001:00005692       intr169                    0000000010006692 f   NativeLib:interrupts_asm.obj
 0001:000056d4       intr170                    00000000100066d4 f   NativeLib:interrupts_asm.obj
 0001:00005716       intr171                    0000000010006716 f   NativeLib:interrupts_asm.obj
 0001:00005758       intr172                    0000000010006758 f   NativeLib:interrupts_asm.obj
 0001:0000579a       intr173                    000000001000679a f   NativeLib:interrupts_asm.obj
 0001:000057dc       intr174                    00000000100067dc f   NativeLib:interrupts_asm.obj
 0001:0000581e       intr175                    000000001000681e f   NativeLib:interrupts_asm.obj
 0001:00005860       intr176                    0000000010006860 f   NativeLib:interrupts_asm.obj
 0001:000058a2       intr177                    00000000100068a2 f   NativeLib:interrupts_asm.obj
 0001:000058e4       intr178                    00000000100068e4 f   NativeLib:interrupts_asm.obj
 0001:00005926       intr179                    0000000010006926 f   NativeLib:interrupts_asm.obj
 0001:00005968       intr180                    0000000010006968 f   NativeLib:interrupts_asm.obj
 0001:000059aa       intr181                    00000000100069aa f   NativeLib:interrupts_asm.obj
 0001:000059ec       intr182                    00000000100069ec f   NativeLib:interrupts_asm.obj
 0001:00005a2e       intr183                    0000000010006a2e f   NativeLib:interrupts_asm.obj
 0001:00005a70       intr184                    0000000010006a70 f   NativeLib:interrupts_asm.obj
 0001:00005ab2       intr185                    0000000010006ab2 f   NativeLib:interrupts_asm.obj
 0001:00005af4       intr186                    0000000010006af4 f   NativeLib:interrupts_asm.obj
 0001:00005b36       intr187                    0000000010006b36 f   NativeLib:interrupts_asm.obj
 0001:00005b78       intr188                    0000000010006b78 f   NativeLib:interrupts_asm.obj
 0001:00005bba       intr189                    0000000010006bba f   NativeLib:interrupts_asm.obj
 0001:00005bfc       intr190                    0000000010006bfc f   NativeLib:interrupts_asm.obj
 0001:00005c3e       intr191                    0000000010006c3e f   NativeLib:interrupts_asm.obj
 0001:00005c80       intr192                    0000000010006c80 f   NativeLib:interrupts_asm.obj
 0001:00005cc2       intr193                    0000000010006cc2 f   NativeLib:interrupts_asm.obj
 0001:00005d04       intr194                    0000000010006d04 f   NativeLib:interrupts_asm.obj
 0001:00005d46       intr195                    0000000010006d46 f   NativeLib:interrupts_asm.obj
 0001:00005d88       intr196                    0000000010006d88 f   NativeLib:interrupts_asm.obj
 0001:00005dca       intr197                    0000000010006dca f   NativeLib:interrupts_asm.obj
 0001:00005e0c       intr198                    0000000010006e0c f   NativeLib:interrupts_asm.obj
 0001:00005e4e       intr199                    0000000010006e4e f   NativeLib:interrupts_asm.obj
 0001:00005e90       intr200                    0000000010006e90 f   NativeLib:interrupts_asm.obj
 0001:00005ed2       intr201                    0000000010006ed2 f   NativeLib:interrupts_asm.obj
 0001:00005f14       intr202                    0000000010006f14 f   NativeLib:interrupts_asm.obj
 0001:00005f56       intr203                    0000000010006f56 f   NativeLib:interrupts_asm.obj
 0001:00005f98       intr204                    0000000010006f98 f   NativeLib:interrupts_asm.obj
 0001:00005fda       intr205                    0000000010006fda f   NativeLib:interrupts_asm.obj
 0001:0000601c       intr206                    000000001000701c f   NativeLib:interrupts_asm.obj
 0001:0000605e       intr207                    000000001000705e f   NativeLib:interrupts_asm.obj
 0001:000060a0       intr208                    00000000100070a0 f   NativeLib:interrupts_asm.obj
 0001:000060e2       intr209                    00000000100070e2 f   NativeLib:interrupts_asm.obj
 0001:00006124       intr210                    0000000010007124 f   NativeLib:interrupts_asm.obj
 0001:00006166       intr211                    0000000010007166 f   NativeLib:interrupts_asm.obj
 0001:000061a8       intr212                    00000000100071a8 f   NativeLib:interrupts_asm.obj
 0001:000061ea       intr213                    00000000100071ea f   NativeLib:interrupts_asm.obj
 0001:0000622c       intr214                    000000001000722c f   NativeLib:interrupts_asm.obj
 0001:0000626e       intr215                    000000001000726e f   NativeLib:interrupts_asm.obj
 0001:000062b0       intr216                    00000000100072b0 f   NativeLib:interrupts_asm.obj
 0001:000062f2       intr217                    00000000100072f2 f   NativeLib:interrupts_asm.obj
 0001:00006334       intr218                    0000000010007334 f   NativeLib:interrupts_asm.obj
 0001:00006376       intr219                    0000000010007376 f   NativeLib:interrupts_asm.obj
 0001:000063b8       intr220                    00000000100073b8 f   NativeLib:interrupts_asm.obj
 0001:000063fa       intr221                    00000000100073fa f   NativeLib:interrupts_asm.obj
 0001:0000643c       intr222                    000000001000743c f   NativeLib:interrupts_asm.obj
 0001:0000647e       intr223                    000000001000747e f   NativeLib:interrupts_asm.obj
 0001:000064c0       intr224                    00000000100074c0 f   NativeLib:interrupts_asm.obj
 0001:00006502       intr225                    0000000010007502 f   NativeLib:interrupts_asm.obj
 0001:00006544       intr226                    0000000010007544 f   NativeLib:interrupts_asm.obj
 0001:00006586       intr227                    0000000010007586 f   NativeLib:interrupts_asm.obj
 0001:000065c8       intr228                    00000000100075c8 f   NativeLib:interrupts_asm.obj
 0001:0000660a       intr229                    000000001000760a f   NativeLib:interrupts_asm.obj
 0001:0000664c       intr230                    000000001000764c f   NativeLib:interrupts_asm.obj
 0001:0000668e       intr231                    000000001000768e f   NativeLib:interrupts_asm.obj
 0001:000066d0       intr232                    00000000100076d0 f   NativeLib:interrupts_asm.obj
 0001:00006712       intr233                    0000000010007712 f   NativeLib:interrupts_asm.obj
 0001:00006754       intr234                    0000000010007754 f   NativeLib:interrupts_asm.obj
 0001:00006796       intr235                    0000000010007796 f   NativeLib:interrupts_asm.obj
 0001:000067d8       intr236                    00000000100077d8 f   NativeLib:interrupts_asm.obj
 0001:0000681a       intr237                    000000001000781a f   NativeLib:interrupts_asm.obj
 0001:0000685c       intr238                    000000001000785c f   NativeLib:interrupts_asm.obj
 0001:0000689e       intr239                    000000001000789e f   NativeLib:interrupts_asm.obj
 0001:000068e0       intr240                    00000000100078e0 f   NativeLib:interrupts_asm.obj
 0001:00006922       intr241                    0000000010007922 f   NativeLib:interrupts_asm.obj
 0001:00006964       intr242                    0000000010007964 f   NativeLib:interrupts_asm.obj
 0001:000069a6       intr243                    00000000100079a6 f   NativeLib:interrupts_asm.obj
 0001:000069e8       intr244                    00000000100079e8 f   NativeLib:interrupts_asm.obj
 0001:00006a2a       intr245                    0000000010007a2a f   NativeLib:interrupts_asm.obj
 0001:00006a6c       intr246                    0000000010007a6c f   NativeLib:interrupts_asm.obj
 0001:00006aae       intr247                    0000000010007aae f   NativeLib:interrupts_asm.obj
 0001:00006af0       intr248                    0000000010007af0 f   NativeLib:interrupts_asm.obj
 0001:00006b32       intr249                    0000000010007b32 f   NativeLib:interrupts_asm.obj
 0001:00006b74       intr250                    0000000010007b74 f   NativeLib:interrupts_asm.obj
 0001:00006bb6       intr251                    0000000010007bb6 f   NativeLib:interrupts_asm.obj
 0001:00006bf8       intr252                    0000000010007bf8 f   NativeLib:interrupts_asm.obj
 0001:00006c3a       intr253                    0000000010007c3a f   NativeLib:interrupts_asm.obj
 0001:00006c7c       intr254                    0000000010007c7c f   NativeLib:interrupts_asm.obj
 0001:00006cbe       intr255                    0000000010007cbe f   NativeLib:interrupts_asm.obj
 0001:00006d00       _reload_segreg             0000000010007d00 f   NativeLib:interrupts_asm.obj
 0001:00006d27       Load_IDT                   0000000010007d27 f   NativeLib:interrupts_asm.obj
 0001:00006d2b       _cli                       0000000010007d2b f   NativeLib:interrupts_asm.obj
 0001:00006d2d       _sti                       0000000010007d2d f   NativeLib:interrupts_asm.obj
 0001:00006d2f       _hlt                       0000000010007d2f f   NativeLib:interrupts_asm.obj
 0001:00006d31       _inttest                   0000000010007d31 f   NativeLib:interrupts_asm.obj
 0001:00006d3b       _iretq                     0000000010007d3b f   NativeLib:interrupts_asm.obj
 0001:00006d56       _int20h                    0000000010007d56 f   NativeLib:interrupts_asm.obj
 0001:00006d60       In16                       0000000010007d60 f   NativeLib:io.obj
 0001:00006d90       In32                       0000000010007d90 f   NativeLib:io.obj
 0001:00006dc0       In8                        0000000010007dc0 f   NativeLib:io.obj
 0001:00006df0       Insb                       0000000010007df0 f   NativeLib:io.obj
 0001:00006e30       Insd                       0000000010007e30 f   NativeLib:io.obj
 0001:00006e70       Insw                       0000000010007e70 f   NativeLib:io.obj
 0001:00006eb0       Out16                      0000000010007eb0 f   NativeLib:io.obj
 0001:00006ee0       Out32                      0000000010007ee0 f   NativeLib:io.obj
 0001:00006f10       Out8                       0000000010007f10 f   NativeLib:io.obj
 0001:00006f40       Outsb                      0000000010007f40 f   NativeLib:io.obj
 0001:00006f80       Outsd                      0000000010007f80 f   NativeLib:io.obj
 0001:00006fc0       Outsw                      0000000010007fc0 f   NativeLib:io.obj
 0001:00007000       enable_avx                 0000000010008000 f   NativeLib:misc.obj
 0001:00007013       enable_sse                 0000000010008013 f   NativeLib:misc.obj
 0001:00007026       Schedule_Next              0000000010008026 f   NativeLib:misc.obj
 0001:00012490       lodepng_add_itext          0000000010013490 f   NativeLib:lodepng.obj
 0001:000126d0       lodepng_add_text           00000000100136d0 f   NativeLib:lodepng.obj
 0001:00012990       lodepng_can_have_alpha     0000000010013990 f   NativeLib:lodepng.obj
 0001:000129f0       lodepng_chunk_ancillary    00000000100139f0 f   NativeLib:lodepng.obj
 0001:00012a40       lodepng_chunk_append       0000000010013a40 f   NativeLib:lodepng.obj
 0001:00012b60       lodepng_chunk_check_crc    0000000010013b60 f   NativeLib:lodepng.obj
 0001:00012bf0       lodepng_chunk_create       0000000010013bf0 f   NativeLib:lodepng.obj
 0001:00012d20       lodepng_chunk_data         0000000010013d20 f   NativeLib:lodepng.obj
 0001:00012d60       lodepng_chunk_data_const   0000000010013d60 f   NativeLib:lodepng.obj
 0001:00012da0       lodepng_chunk_find         0000000010013da0 f   NativeLib:lodepng.obj
 0001:00012e20       lodepng_chunk_find_const   0000000010013e20 f   NativeLib:lodepng.obj
 0001:00012ea0       lodepng_chunk_generate_crc 0000000010013ea0 f   NativeLib:lodepng.obj
 0001:00012ff0       lodepng_chunk_length       0000000010013ff0 f   NativeLib:lodepng.obj
 0001:00013030       lodepng_chunk_next         0000000010014030 f   NativeLib:lodepng.obj
 0001:00013190       lodepng_chunk_next_const   0000000010014190 f   NativeLib:lodepng.obj
 0001:000132f0       lodepng_chunk_private      00000000100142f0 f   NativeLib:lodepng.obj
 0001:00013340       lodepng_chunk_safetocopy   0000000010014340 f   NativeLib:lodepng.obj
 0001:00013390       lodepng_chunk_type         0000000010014390 f   NativeLib:lodepng.obj
 0001:00013400       lodepng_chunk_type_equals  0000000010014400 f   NativeLib:lodepng.obj
 0001:000134f0       lodepng_clear_icc          00000000100144f0 f   NativeLib:lodepng.obj
 0001:00013560       lodepng_clear_itext        0000000010014560 f   NativeLib:lodepng.obj
 0001:00013590       lodepng_clear_text         0000000010014590 f   NativeLib:lodepng.obj
 0001:00013670       lodepng_color_mode_cleanup 0000000010014670 f   NativeLib:lodepng.obj
 0001:000136a0       lodepng_color_mode_copy    00000000100146a0 f   NativeLib:lodepng.obj
 0001:00013880       lodepng_color_mode_init    0000000010014880 f   NativeLib:lodepng.obj
 0001:00013900       lodepng_color_mode_make    0000000010014900 f   NativeLib:lodepng.obj
 0001:00013a90       lodepng_color_stats_init   0000000010014a90 f   NativeLib:lodepng.obj
 0001:00013b40       lodepng_compress_settings_init 0000000010014b40 f   NativeLib:lodepng.obj
 0001:00013bd0       lodepng_compute_color_stats 0000000010014bd0 f   NativeLib:lodepng.obj
 0001:00014aa0       lodepng_convert            0000000010015aa0 f   NativeLib:lodepng.obj
 0001:00014fe0       lodepng_convert_rgb        0000000010015fe0 f   NativeLib:lodepng.obj
 0001:00015320       lodepng_crc32              0000000010016320 f   NativeLib:lodepng.obj
 0001:000153b0       lodepng_decode             00000000100163b0 f   NativeLib:lodepng.obj
 0001:000155a0       lodepng_decode24           00000000100165a0 f   NativeLib:lodepng.obj
 0001:00015610       lodepng_decode32           0000000010016610 f   NativeLib:lodepng.obj
 0001:00015680       lodepng_decode_memory      0000000010016680 f   NativeLib:lodepng.obj
 0001:00015750       lodepng_decoder_settings_init 0000000010016750 f   NativeLib:lodepng.obj
 0001:000157e0       lodepng_decompress_settings_init 00000000100167e0 f   NativeLib:lodepng.obj
 0001:00015850       lodepng_deflate            0000000010016850 f   NativeLib:lodepng.obj
 0001:00015b60       lodepng_encode             0000000010016b60 f   NativeLib:lodepng.obj
 0001:00016b60       lodepng_encode24           0000000010017b60 f   NativeLib:lodepng.obj
 0001:00016bc0       lodepng_encode32           0000000010017bc0 f   NativeLib:lodepng.obj
 0001:00016c20       lodepng_encode_memory      0000000010017c20 f   NativeLib:lodepng.obj
 0001:00016ce0       lodepng_encoder_settings_init 0000000010017ce0 f   NativeLib:lodepng.obj
 0001:00016d60       lodepng_error_text         0000000010017d60 f   NativeLib:lodepng.obj
 0001:00017430       lodepng_get_bpp            0000000010018430 f   NativeLib:lodepng.obj
 0001:000174a0       lodepng_get_channels       00000000100184a0 f   NativeLib:lodepng.obj
 0001:000174d0       lodepng_get_raw_size       00000000100184d0 f   NativeLib:lodepng.obj
 0001:000176b0       lodepng_has_palette_alpha  00000000100186b0 f   NativeLib:lodepng.obj
 0001:00017720       lodepng_huffman_code_lengths 0000000010018720 f   NativeLib:lodepng.obj
 0001:00017b70       lodepng_inflate            0000000010018b70 f   NativeLib:lodepng.obj
 0001:00017d80       lodepng_info_cleanup       0000000010018d80 f   NativeLib:lodepng.obj
 0001:00017de0       lodepng_info_copy          0000000010018de0 f   NativeLib:lodepng.obj
 0001:00017f10       lodepng_info_init          0000000010018f10 f   NativeLib:lodepng.obj
 0001:00018020       lodepng_inspect            0000000010019020 f   NativeLib:lodepng.obj
 0001:00018470       lodepng_inspect_chunk      0000000010019470 f   NativeLib:lodepng.obj
 0001:00018890       lodepng_is_alpha_type      0000000010019890 f   NativeLib:lodepng.obj
 0001:000188e0       lodepng_is_greyscale_type  00000000100198e0 f   NativeLib:lodepng.obj
 0001:00018930       lodepng_is_palette_type    0000000010019930 f   NativeLib:lodepng.obj
 0001:00018ae0       lodepng_palette_add        0000000010019ae0 f   NativeLib:lodepng.obj
 0001:00018bd0       lodepng_palette_clear      0000000010019bd0 f   NativeLib:lodepng.obj
 0001:00018ef0       lodepng_set_icc            0000000010019ef0 f   NativeLib:lodepng.obj
 0001:00018f60       lodepng_state_cleanup      0000000010019f60 f   NativeLib:lodepng.obj
 0001:00018fb0       lodepng_state_copy         0000000010019fb0 f   NativeLib:lodepng.obj
 0001:00019080       lodepng_state_init         000000001001a080 f   NativeLib:lodepng.obj
 0001:00019140       lodepng_zlib_compress      000000001001a140 f   NativeLib:lodepng.obj
 0001:00019330       lodepng_zlib_decompress    000000001001a330 f   NativeLib:lodepng.obj
 0001:0001dfe0       fatfs_init                 000000001001efe0 f   NativeLib:fatfs.obj
 0001:0001e060       format_exfat               000000001001f060 f   NativeLib:fatfs.obj
 0001:0001e0e0       get_files                  000000001001f0e0 f   NativeLib:fatfs.obj
 0001:0001e220       read_all_bytes             000000001001f220 f   NativeLib:fatfs.obj
 0001:0001e2e0       write_all_bytes            000000001001f2e0 f   NativeLib:fatfs.obj
 0001:0001e380       vmware_send                000000001001f380 f   NativeLib:vmware.obj
 0001:0001e404       vmware_send_hb             000000001001f404 f   NativeLib:vmware.obj
 0001:0001e48a       vmware_get_hb              000000001001f48a f   NativeLib:vmware.obj
 0001:00020820       f_close                    0000000010021820 f   NativeLib:ff.obj
 0001:00020880       f_closedir                 0000000010021880 f   NativeLib:ff.obj
 0001:000208d0       f_getfree                  00000000100218d0 f   NativeLib:ff.obj
 0001:00020bb0       f_lseek                    0000000010021bb0 f   NativeLib:ff.obj
 0001:000210f0       f_mkdir                    00000000100220f0 f   NativeLib:ff.obj
 0001:00021430       f_mkfs                     0000000010022430 f   NativeLib:ff.obj
 0001:00022fe0       f_mount                    0000000010023fe0 f   NativeLib:ff.obj
 0001:000230a0       f_open                     00000000100240a0 f   NativeLib:ff.obj
 0001:00023760       f_opendir                  0000000010024760 f   NativeLib:ff.obj
 0001:00023920       f_read                     0000000010024920 f   NativeLib:ff.obj
 0001:00023d80       f_readdir                  0000000010024d80 f   NativeLib:ff.obj
 0001:00023e30       f_rename                   0000000010024e30 f   NativeLib:ff.obj
 0001:000242f0       f_stat                     00000000100252f0 f   NativeLib:ff.obj
 0001:00024390       f_sync                     0000000010025390 f   NativeLib:ff.obj
 0001:000246e0       f_truncate                 00000000100256e0 f   NativeLib:ff.obj
 0001:00024890       f_unlink                   0000000010025890 f   NativeLib:ff.obj
 0001:00024ad0       f_write                    0000000010025ad0 f   NativeLib:ff.obj
 0001:00028300       ff_oem2uni                 0000000010029300 f   NativeLib:ffunicode.obj
 0001:00028410       ff_uni2oem                 0000000010029410 f   NativeLib:ffunicode.obj
 0001:00028520       ff_wtoupper                0000000010029520 f   NativeLib:ffunicode.obj
 0001:000286f0       disk_initialize            00000000100296f0 f   NativeLib:diskio.obj
 0001:00028720       disk_ioctl                 0000000010029720 f   NativeLib:diskio.obj
 0001:000287a0       disk_read                  00000000100297a0 f   NativeLib:diskio.obj
 0001:000287e0       disk_status                00000000100297e0 f   NativeLib:diskio.obj
 0001:00028810       disk_write                 0000000010029810 f   NativeLib:diskio.obj
 0001:00028850       mystrtoul                  0000000010029850 f   LibC:strtoul.obj
 0001:0002b0f0       fctprintf                  000000001002c0f0 f   LibC:printf.obj
 0001:0002b170       printf_                    000000001002c170 f   LibC:printf.obj
 0001:0002b1e0       snprintf_                  000000001002c1e0 f   LibC:printf.obj
 0001:0002b240       sprintf_                   000000001002c240 f   LibC:printf.obj
 0001:0002b2b0       vprintf_                   000000001002c2b0 f   LibC:printf.obj
 0001:0002b300       vsnprintf_                 000000001002c300 f   LibC:printf.obj
 0001:0002b350       myisspace                  000000001002c350 f   LibC:isspace.obj
 0001:0002b3a0       myisdigit                  000000001002c3a0 f   LibC:isdigit.obj
 0001:0002b3e0       myisalpha                  000000001002c3e0 f   LibC:isalpha.obj
 0001:0002b420       myisupper                  000000001002c420 f   LibC:isupper.obj
 0002:00000000       unbox_Bool__ToString       000000001002d000     guideXOS.obj
 0002:0000000c       unbox_UInt8__ToString      000000001002d00c     guideXOS.obj
 0002:00000018       unbox_Int32__ToString      000000001002d018     guideXOS.obj
 0002:00000024       unbox_UInt16__ToString     000000001002d024     guideXOS.obj
 0002:00000030       unbox_UInt32__ToString     000000001002d030     guideXOS.obj
 0002:0000003c       unbox_UInt64__ToString     000000001002d03c     guideXOS.obj
 0003:00000000       KMain                      000000001002e000     guideXOS.obj
 0003:00000000       guideXOS_Program__KMain    000000001002e000     guideXOS.obj
 0003:00000418       guideXOS_Program__SMain    000000001002e418     guideXOS.obj
 0003:00000f0c       guideXOS_Program__RefreshCachedIcons 000000001002ef0c     guideXOS.obj
 0003:00000fe8       guideXOS_Allocator__FindOrAddOwner 000000001002efe8     guideXOS.obj
 0003:000010f8       guideXOS_Allocator__Initialize 000000001002f0f8     guideXOS.obj
 0003:000011ec       guideXOS_Allocator__get_MemoryInUse 000000001002f1ec     guideXOS.obj
 0003:00001204       guideXOS_Allocator__GetPageIndexStart 000000001002f204     guideXOS.obj
 0003:00001258       guideXOS_Allocator__Free   000000001002f258     guideXOS.obj
 0003:000014ac       guideXOS_Allocator__SuspiciousSize 000000001002f4ac     guideXOS.obj
 0003:000014cc       guideXOS_Allocator__Allocate_0 000000001002f4cc     guideXOS.obj
 0003:0000183c       guideXOS_Allocator__Reallocate 000000001002f83c     guideXOS.obj
 0003:00001964       guideXOS_Allocator__ClearAllocate_0 000000001002f964     guideXOS.obj
 0003:00001a0c       guideXOS_Allocator__GetTagBytes 000000001002fa0c     guideXOS.obj
 0003:00001a34       guideXOS_Allocator__GetOwnerBytes 000000001002fa34     guideXOS.obj
 0003:00001b6c       guideXOS_Allocator__GetOwnerListSnapshot 000000001002fb6c     guideXOS.obj
 0003:00001cb4       guideXOS_GDT__FillEntry    000000001002fcb4     guideXOS.obj
 0003:00001cf4       guideXOS_GDT__Initialise   000000001002fcf4     guideXOS.obj
 0003:00001e44       guideXOS_GDT__SetKernelStack 000000001002fe44     guideXOS.obj
 0003:00001e68       guideXOS_IDT__Initialize   000000001002fe68     guideXOS.obj
 0003:00001f5c       guideXOS_IDT__AllowUserSoftwareInterrupt 000000001002ff5c     guideXOS.obj
 0003:00001ff4       guideXOS_IDT__intr_handler 000000001002fff4     guideXOS.obj
 0003:00001ff4       intr_handler               000000001002fff4     guideXOS.obj
 0003:000021a8       guideXOS_Native__Load_GDT  00000000100301a8     guideXOS.obj
 0003:000021fc       guideXOS_Native__Load_IDT  00000000100301fc     guideXOS.obj
 0003:00002250       guideXOS_Internal_Runtime_EEType__get_IsArray 0000000010030250     guideXOS.obj
 0003:00002274       guideXOS_Internal_Runtime_EEType__get_ArrayRank 0000000010030274     guideXOS.obj
 0003:00002294       __imp_GetCurrentThreadId   0000000010030294     guideXOS.obj
 0003:00002294       guideXOS_Internal_Runtime_CompilerHelpers_StartupCodeHelpers____imp_GetCurrentThreadId 0000000010030294     guideXOS.obj
 0003:00002298       __CheckForDebuggerJustMyCode 0000000010030298     guideXOS.obj
 0003:00002298       guideXOS_Internal_Runtime_CompilerHelpers_StartupCodeHelpers____CheckForDebuggerJustMyCode 0000000010030298     guideXOS.obj
 0003:0000229c       __fail_fast                000000001003029c     guideXOS.obj
 0003:0000229c       guideXOS_Internal_Runtime_CompilerHelpers_StartupCodeHelpers__FailFast 000000001003029c     guideXOS.obj
 0003:000022a0       guideXOS_Internal_Runtime_CompilerHelpers_StartupCodeHelpers__MemSet 00000000100302a0     guideXOS.obj
 0003:000022a0       memset                     00000000100302a0     guideXOS.obj
 0003:000022bc       guideXOS_Internal_Runtime_CompilerHelpers_StartupCodeHelpers__MemCpy 00000000100302bc     guideXOS.obj
 0003:000022bc       memcpy                     00000000100302bc     guideXOS.obj
 0003:000022d8       RhpFallbackFailFast        00000000100302d8     guideXOS.obj
 0003:000022d8       guideXOS_Internal_Runtime_CompilerHelpers_StartupCodeHelpers__RhpFallbackFailFast 00000000100302d8     guideXOS.obj
 0003:000022dc       RhpReversePInvoke2         00000000100302dc     guideXOS.obj
 0003:000022dc       guideXOS_Internal_Runtime_CompilerHelpers_StartupCodeHelpers__RhpReversePInvoke2 00000000100302dc     guideXOS.obj
 0003:000022e0       RhpReversePInvokeReturn2   00000000100302e0     guideXOS.obj
 0003:000022e0       guideXOS_Internal_Runtime_CompilerHelpers_StartupCodeHelpers__RhpReversePInvokeReturn2 00000000100302e0     guideXOS.obj
 0003:000022e4       RhpReversePInvoke          00000000100302e4     guideXOS.obj
 0003:000022e4       guideXOS_Internal_Runtime_CompilerHelpers_StartupCodeHelpers__RhpReversePInvoke 00000000100302e4     guideXOS.obj
 0003:000022e8       RhpReversePInvokeReturn    00000000100302e8     guideXOS.obj
 0003:000022e8       guideXOS_Internal_Runtime_CompilerHelpers_StartupCodeHelpers__RhpReversePInvokeReturn 00000000100302e8     guideXOS.obj
 0003:000022ec       RhpPInvoke                 00000000100302ec     guideXOS.obj
 0003:000022ec       guideXOS_Internal_Runtime_CompilerHelpers_StartupCodeHelpers__RhpPinvoke 00000000100302ec     guideXOS.obj
 0003:000022f0       RhpPInvokeReturn           00000000100302f0     guideXOS.obj
 0003:000022f0       guideXOS_Internal_Runtime_CompilerHelpers_StartupCodeHelpers__RhpPinvokeReturn 00000000100302f0     guideXOS.obj
 0003:000022f4       RhpNewFast                 00000000100302f4     guideXOS.obj
 0003:000022f4       guideXOS_Internal_Runtime_CompilerHelpers_StartupCodeHelpers__RhpNewFast 00000000100302f4     guideXOS.obj
 0003:00002380       RhpNewArray                0000000010030380     guideXOS.obj
 0003:00002380       guideXOS_Internal_Runtime_CompilerHelpers_StartupCodeHelpers__RhpNewArray 0000000010030380     guideXOS.obj
 0003:00002444       RhpAssignRef               0000000010030444     guideXOS.obj
 0003:00002444       guideXOS_Internal_Runtime_CompilerHelpers_StartupCodeHelpers__RhpAssignRef 0000000010030444     guideXOS.obj
 0003:00002448       RhpByRefAssignRef          0000000010030448     guideXOS.obj
 0003:00002448       guideXOS_Internal_Runtime_CompilerHelpers_StartupCodeHelpers__RhpByRefAssignRef 0000000010030448     guideXOS.obj
 0003:0000244c       RhpCheckedAssignRef        000000001003044c     guideXOS.obj
 0003:0000244c       guideXOS_Internal_Runtime_CompilerHelpers_StartupCodeHelpers__RhpCheckedAssignRef 000000001003044c     guideXOS.obj
 0003:00002450       RhpStelemRef               0000000010030450     guideXOS.obj
 0003:00002450       guideXOS_Internal_Runtime_CompilerHelpers_StartupCodeHelpers__RhpStelemRef 0000000010030450     guideXOS.obj
 0003:00002488       RhTypeCast_IsInstanceOfClass 0000000010030488     guideXOS.obj
 0003:00002488       guideXOS_Internal_Runtime_CompilerHelpers_StartupCodeHelpers__RhTypeCast_IsInstanceOfClass 0000000010030488     guideXOS.obj
 0003:000024b4       guideXOS_Internal_Runtime_CompilerHelpers_StartupCodeHelpers__InitializeModules 00000000100304b4     guideXOS.obj
 0003:0000266c       guideXOS_Internal_Runtime_CompilerHelpers_StartupCodeHelpers__InitializeStatics 000000001003066c     guideXOS.obj
 0003:00002758       guideXOS_Internal_Runtime_CompilerHelpers_SynchronizedMethodHelpers__MonitorEnterStatic 0000000010030758     guideXOS.obj
 0003:0000275c       guideXOS_Internal_Runtime_CompilerHelpers_SynchronizedMethodHelpers__MonitorExitStatic 000000001003075c     guideXOS.obj
 0003:00002760       guideXOS_Internal_Runtime_CompilerHelpers_ThrowHelpers__Error 0000000010030760     guideXOS.obj
 0003:00002810       guideXOS_Internal_Runtime_CompilerHelpers_ThrowHelpers__ThrowOverflowException 0000000010030810     guideXOS.obj
 0003:00002828       guideXOS_Internal_Runtime_CompilerHelpers_ThrowHelpers__ThrowIndexOutOfRangeException 0000000010030828     guideXOS.obj
 0003:00002840       Bool__ToString             0000000010030840     guideXOS.obj
 0003:00002858       UInt8__ToString            0000000010030858     guideXOS.obj
 0003:00002874       guideXOS_System_Delegate__InitializeOpenStaticThunk 0000000010030874     guideXOS.obj
 0003:00002898       guideXOS_System_Delegate__InitializeClosedInstance 0000000010030898     guideXOS.obj
 0003:000028c4       Int32__ToString            00000000100308c4     guideXOS.obj
 0003:000028e4       Int32__op_Implicit         00000000100308e4     guideXOS.obj
 0003:000028e8       Int64__ToString            00000000100308e8     guideXOS.obj
 0003:000029d8       guideXOS_System_Math__Sqrt 00000000100309d8     guideXOS.obj
 0003:00002a3c       guideXOS_System_MathF__Floor 0000000010030a3c     guideXOS.obj
 0003:00002a9c       Object___ctor              0000000010030a9c     guideXOS.obj
 0003:00002aa0       Object__ToString           0000000010030aa0     guideXOS.obj
 0003:00002aa8       Object__Dispose            0000000010030aa8     guideXOS.obj
 0003:00002af8       String__FromASCII          0000000010030af8     guideXOS.obj
 0003:00002b90       String__Ctor               0000000010030b90     guideXOS.obj
 0003:00002bb0       String__Ctor_1             0000000010030bb0     guideXOS.obj
 0003:00002bfc       String__Ctor_2             0000000010030bfc     guideXOS.obj
 0003:00002cb8       String__LastIndexOf        0000000010030cb8     guideXOS.obj
 0003:00002ce4       String__Ctor_3             0000000010030ce4     guideXOS.obj
 0003:00002d28       String__ToString           0000000010030d28     guideXOS.obj
 0003:00002d2c       String__Equals_0           0000000010030d2c     guideXOS.obj
 0003:00002d74       String__Concat             0000000010030d74     guideXOS.obj
 0003:00002e60       String__IndexOf            0000000010030e60     guideXOS.obj
 0003:00002e90       String__Concat_0           0000000010030e90     guideXOS.obj
 0003:00002f04       String__Concat_1           0000000010030f04     guideXOS.obj
 0003:00002fc8       String__Concat_2           0000000010030fc8     guideXOS.obj
 0003:000030b0       String__Format             00000000100310b0     guideXOS.obj
 0003:000032bc       String__Split              00000000100312bc     guideXOS.obj
 0003:000033d0       String__Substring          00000000100313d0     guideXOS.obj
 0003:00003410       String__Substring_0        0000000010031410     guideXOS.obj
 0003:0000344c       String__EndsWith_0         000000001003144c     guideXOS.obj
 0003:000034d8       String__ToUpper            00000000100314d8     guideXOS.obj
 0003:0000356c       guideXOS_System_StringPool___cctor 000000001003156c     guideXOS.obj
 0003:000036ec       guideXOS_System_StringPool__GetPercentage 00000000100316ec     guideXOS.obj
 0003:000037c0       guideXOS_System_StringPool__GetNumber 00000000100317c0     guideXOS.obj
 0003:00003888       guideXOS_System_StringPool__GetNumber_0 0000000010031888     guideXOS.obj
 0003:00003930       guideXOS_System_StringPool__GetMemorySize 0000000010031930     guideXOS.obj
 0003:00003bb8       guideXOS_System_StringPool__GetTransferRate 0000000010031bb8     guideXOS.obj
 0003:00003ca4       guideXOS_System_StringPool__FormatUptime 0000000010031ca4     guideXOS.obj
 0003:00003f48       UInt16__ToString           0000000010031f48     guideXOS.obj
 0003:00003f64       UInt32__ToString           0000000010031f64     guideXOS.obj
 0003:00003f80       UInt64__ToString           0000000010031f80     guideXOS.obj
 0003:00004048       UInt64__ToStringHex        0000000010032048     guideXOS.obj
 0003:000040f0       guideXOS_System_Threading_Monitor__Unlock 00000000100320f0     guideXOS.obj
 0003:00004134       RhTypeCast_CheckCastClass  0000000010032134     guideXOS.obj
 0003:00004134       guideXOS_System_Runtime_TypeCast__CheckCastClass 0000000010032134     guideXOS.obj
 0003:0000415c       RhTypeCast_CheckCastArray  000000001003215c     guideXOS.obj
 0003:0000415c       guideXOS_System_Runtime_TypeCast__CheckCastArray 000000001003215c     guideXOS.obj
 0003:00004184       RhTypeCast_IsInstanceOfArray 0000000010032184     guideXOS.obj
 0003:00004184       guideXOS_System_Runtime_TypeCast__IsInstanceOfArray 0000000010032184     guideXOS.obj
 0003:000041e0       guideXOS_System_Runtime_CompilerServices_ClassConstructorRunner__CheckStaticClassConstructionReturnNonGCStaticBase 00000000100321e0     guideXOS.obj
 0003:000041f8       guideXOS_System_Runtime_CompilerServices_ClassConstructorRunner__CheckStaticClassConstructionReturnGCStaticBase 00000000100321f8     guideXOS.obj
 0003:00004210       guideXOS_System_Runtime_CompilerServices_ClassConstructorRunner__CheckStaticClassConstruction 0000000010032210     guideXOS.obj
 0003:00004244       guideXOS_System_Drawing_Image___ctor 0000000010032244     guideXOS.obj
 0003:00004280       guideXOS_System_Drawing_Image___ctor_0 0000000010032280     guideXOS.obj
 0003:00004284       guideXOS_System_Drawing_Image__Resample 0000000010032284     guideXOS.obj
 0003:00004628       guideXOS_System_Drawing_Image__ResizeImage 0000000010032628     guideXOS.obj
 0003:0000479c       guideXOS_System_Drawing_Image__Dispose 000000001003279c     guideXOS.obj
 0003:00004824       guideXOS_guideXOS_Animation___ctor 0000000010032824     guideXOS.obj
 0003:00004834       guideXOS_guideXOS_Animator__Initialize 0000000010032834     guideXOS.obj
 0003:0000488c       guideXOS_guideXOS_Animator__OnInterrupt 000000001003288c     guideXOS.obj
 0003:00004918       guideXOS_guideXOS_API__HandleSystemCall 0000000010032918     guideXOS.obj
 0003:00004cb4       guideXOS_guideXOS_API__API_SndWrite 0000000010032cb4     guideXOS.obj
 0003:00004cbc       guideXOS_guideXOS_API__API_Calloc 0000000010032cbc     guideXOS.obj
 0003:00004cc4       guideXOS_guideXOS_API__API_StartThread 0000000010032cc4     guideXOS.obj
 0003:00004d00       guideXOS_guideXOS_API__API_Error 0000000010032d00     guideXOS.obj
 0003:00004d08       guideXOS_guideXOS_API__API_GetTime 0000000010032d08     guideXOS.obj
 0003:00004d88       guideXOS_guideXOS_API__API_DrawImage 0000000010032d88     guideXOS.obj
 0003:00004dbc       guideXOS_guideXOS_API__API_WriteString 0000000010032dbc     guideXOS.obj
 0003:00004e1c       guideXOS_guideXOS_API__API_Width 0000000010032e1c     guideXOS.obj
 0003:00004e30       guideXOS_guideXOS_API__API_Height 0000000010032e30     guideXOS.obj
 0003:00004e44       guideXOS_guideXOS_API__API_Update 0000000010032e44     guideXOS.obj
 0003:00004e4c       guideXOS_guideXOS_API__API_Clear 0000000010032e4c     guideXOS.obj
 0003:00004e6c       DebugWrite                 0000000010032e6c     guideXOS.obj
 0003:00004e6c       guideXOS_guideXOS_API__API_DebugWrite 0000000010032e6c     guideXOS.obj
 0003:00004e74       DebugWriteLine             0000000010032e74     guideXOS.obj
 0003:00004e74       guideXOS_guideXOS_API__API_DebugWriteLine 0000000010032e74     guideXOS.obj
 0003:00004e90       Lock                       0000000010032e90     guideXOS.obj
 0003:00004e90       guideXOS_guideXOS_API__API_Lock 0000000010032e90     guideXOS.obj
 0003:00004eb8       Unlock                     0000000010032eb8     guideXOS.obj
 0003:00004eb8       guideXOS_guideXOS_API__API_Unlock 0000000010032eb8     guideXOS.obj
 0003:00004ef8       guideXOS_guideXOS_API__API_DrawPoint 0000000010032ef8     guideXOS.obj
 0003:00004f2c       guideXOS_guideXOS_API__API_SwitchToConsoleMode 0000000010032f2c     guideXOS.obj
 0003:00004f34       guideXOS_guideXOS_API__API_ReadAllBytes 0000000010032f34     guideXOS.obj
 0003:0000503c       guideXOS_guideXOS_API__API_Sleep 000000001003303c     guideXOS.obj
 0003:00005044       guideXOS_guideXOS_API__API_GetTick 0000000010033044     guideXOS.obj
 0003:00005058       guideXOS_guideXOS_API__API_Write 0000000010033058     guideXOS.obj
 0003:00005064       guideXOS_guideXOS_API__API_WriteLine 0000000010033064     guideXOS.obj
 0003:0000506c       guideXOS_guideXOS_API__API_Allocate 000000001003306c     guideXOS.obj
 0003:00005074       guideXOS_guideXOS_API__API_Free 0000000010033074     guideXOS.obj
 0003:0000507c       guideXOS_guideXOS_API__API_Reallocate 000000001003307c     guideXOS.obj
 0003:00005084       guideXOS_guideXOS_API__SayHello 0000000010033084     guideXOS.obj
 0003:00005090       guideXOS_guideXOS_Kbd2Mouse__OnKeyChanged 0000000010033090     guideXOS.obj
 0003:00005214       guideXOS_guideXOS_ASC16__DrawChar 0000000010033214     guideXOS.obj
 0003:000052a8       guideXOS_guideXOS_Console__add_OnWrite 00000000100332a8     guideXOS.obj
 0003:00005330       guideXOS_guideXOS_Console__Setup 0000000010033330     guideXOS.obj
 0003:000053e8       guideXOS_guideXOS_Console__Write 00000000100333e8     guideXOS.obj
 0003:00005498       guideXOS_guideXOS_Console__Write_0 0000000010033498     guideXOS.obj
 0003:0000551c       guideXOS_guideXOS_Console__WriteFramebuffer 000000001003351c     guideXOS.obj
 0003:00005628       guideXOS_guideXOS_Console__MoveUp 0000000010033628     guideXOS.obj
 0003:0000565c       guideXOS_guideXOS_Console__MoveUpFramebuffer 000000001003365c     guideXOS.obj
 0003:00005708       guideXOS_guideXOS_Console__UpdateCursorFramebuffer 0000000010033708     guideXOS.obj
 0003:000057b8       guideXOS_guideXOS_Console__WriteLine 00000000100337b8     guideXOS.obj
 0003:00005850       guideXOS_guideXOS_Console__WriteLine_0 0000000010033850     guideXOS.obj
 0003:00005894       guideXOS_guideXOS_Console__Clear 0000000010033894     guideXOS.obj
 0003:000058b0       guideXOS_guideXOS_Console__ClearFramebuffer 00000000100338b0     guideXOS.obj
 0003:0000596c       guideXOS_guideXOS_PageTable__Initialise 000000001003396c     guideXOS.obj
 0003:00005a40       guideXOS_guideXOS_PageTable__GetPageInternal 0000000010033a40     guideXOS.obj
 0003:00005afc       guideXOS_guideXOS_PageTable__MapOnRoot 0000000010033afc     guideXOS.obj
 0003:00005b8c       guideXOS_guideXOS_PageTable__Next_0 0000000010033b8c     guideXOS.obj
 0003:00005c5c       guideXOS_guideXOS_Intel825xx__Initialize 0000000010033c5c     guideXOS.obj
 0003:00006668       guideXOS_guideXOS_Intel825xx__Reset 0000000010034668     guideXOS.obj
 0003:0000669c       guideXOS_guideXOS_Intel825xx__TXsetup 000000001003469c     guideXOS.obj
 0003:0000670c       guideXOS_guideXOS_Intel825xx__RXsetup 000000001003470c     guideXOS.obj
 0003:000067a4       guideXOS_guideXOS_Intel825xx__ReadROM 00000000100347a4     guideXOS.obj
 0003:000067d8       guideXOS_guideXOS_Intel825xx__OnInterrupt 00000000100347d8     guideXOS.obj
 0003:0000685c       guideXOS_guideXOS_Intel825xx__Linkup 000000001003485c     guideXOS.obj
 0003:00006898       guideXOS_guideXOS_Intel825xx__Send 0000000010034898     guideXOS.obj
 0003:000068f8       guideXOS_guideXOS_NETv4__Initialize 00000000100348f8     guideXOS.obj
 0003:000069e0       guideXOS_guideXOS_NETv4__SwapLeftRight 00000000100349e0     guideXOS.obj
 0003:000069fc       guideXOS_guideXOS_NETv4__SwapLeftRight_0 00000000100349fc     guideXOS.obj
 0003:00006a2c       guideXOS_guideXOS_NETv4__SwapLeftRight_1 0000000010034a2c     guideXOS.obj
 0003:00006a48       guideXOS_guideXOS_NETv4__SwapLeftRight_2 0000000010034a48     guideXOS.obj
 0003:00006a84       guideXOS_guideXOS_NETv4__OnData_0 0000000010034a84     guideXOS.obj
 0003:00006af8       guideXOS_guideXOS_NETv4__DNSQuery 0000000010034af8     guideXOS.obj
 0003:00006fec       guideXOS_guideXOS_NETv4__DHCPDiscover 0000000010034fec     guideXOS.obj
 0003:0000750c       guideXOS_guideXOS_NETv4__MakeDHCPRequestPacket 000000001003550c     guideXOS.obj
 0003:000075dc       guideXOS_guideXOS_NETv4__UDPBind 00000000100355dc     guideXOS.obj
 0003:00007638       guideXOS_guideXOS_NETv4__UDPSend 0000000010035638     guideXOS.obj
 0003:0000779c       guideXOS_guideXOS_NETv4__MakeUDPPacket 000000001003579c     guideXOS.obj
 0003:000078a8       guideXOS_guideXOS_NETv4__UDPOnData_0 00000000100358a8     guideXOS.obj
 0003:00007a08       guideXOS_guideXOS_NETv4__TCPOnData 0000000010035a08     guideXOS.obj
 0003:00008024       guideXOS_guideXOS_NETv4__TCPConnect 0000000010036024     guideXOS.obj
 0003:000080c4       guideXOS_guideXOS_NETv4__TCPClose 00000000100360c4     guideXOS.obj
 0003:000080fc       guideXOS_guideXOS_NETv4__TCPSendData 00000000100360fc     guideXOS.obj
 0003:0000818c       guideXOS_guideXOS_NETv4__TCPSend 000000001003618c     guideXOS.obj
 0003:000082e4       guideXOS_guideXOS_NETv4__MakeTCPPacket 00000000100362e4     guideXOS.obj
 0003:000084a8       guideXOS_guideXOS_NETv4__IPOnData 00000000100364a8     guideXOS.obj
 0003:000085d4       guideXOS_guideXOS_NETv4__MakeIPPacket 00000000100365d4     guideXOS.obj
 0003:0000863c       guideXOS_guideXOS_NETv4__IPChecksum 000000001003663c     guideXOS.obj
 0003:0000868c       guideXOS_guideXOS_NETv4__ICMPOnData 000000001003668c     guideXOS.obj
 0003:00008800       guideXOS_guideXOS_NETv4__ICMPPing 0000000010036800     guideXOS.obj
 0003:0000896c       guideXOS_guideXOS_NETv4__ARPLookup 000000001003696c     guideXOS.obj
 0003:00008af8       guideXOS_guideXOS_NETv4__ARPOnData 0000000010036af8     guideXOS.obj
 0003:00008d14       guideXOS_guideXOS_NETv4__MakeARPPacket 0000000010036d14     guideXOS.obj
 0003:00008d8c       guideXOS_guideXOS_NETv4__ARPRequire 0000000010036d8c     guideXOS.obj
 0003:00008e90       guideXOS_guideXOS_NETv4__MakeEthernetPacket 0000000010036e90     guideXOS.obj
 0003:00008ecc       guideXOS_guideXOS_RTL8111__Initialize 0000000010036ecc     guideXOS.obj
 0003:00009980       guideXOS_guideXOS_RTL8111__ResetRXDesc 0000000010037980     guideXOS.obj
 0003:000099b8       guideXOS_guideXOS_RTL8111__Send 00000000100379b8     guideXOS.obj
 0003:00009a78       guideXOS_guideXOS_RTL8111__OnInterrupt 0000000010037a78     guideXOS.obj
 0003:00009b64       guideXOS_guideXOS_SMP__ApplicationProcessorMain 0000000010037b64     guideXOS.obj
[...]
 0008:00000262       __E2E33A61_corecrt_wstdlib@h 0000000010462262     NativeLib:ffunicode.obj
 0008:00000263       __10D4A829_limits@h        0000000010462263     NativeLib:ffunicode.obj
 0008:00000264       __6E5ACABA_stdlib@h        0000000010462264     NativeLib:ffunicode.obj
 0008:00000265       __30B1AFDA_unknwnbase@h    0000000010462265     NativeLib:ffunicode.obj
 0008:00000266       __328C1996_objidlbase@h    0000000010462266     NativeLib:ffunicode.obj
 0008:00000267       __C4E06B6A_cguid@h         0000000010462267     NativeLib:ffunicode.obj
 0008:00000268       __434718C5_combaseapi@h    0000000010462268     NativeLib:ffunicode.obj
 0008:00000269       __DE6FDEF1_unknwn@h        0000000010462269     NativeLib:ffunicode.obj
 0008:0000026a       __CCE0BACC_objidl@h        000000001046226a     NativeLib:ffunicode.obj
 0008:0000026b       __8C7011E5_oaidl@h         000000001046226b     NativeLib:ffunicode.obj
 0008:0000026c       __2E0B7863_propidlbase@h   000000001046226c     NativeLib:ffunicode.obj
 0008:0000026d       __BF4CF2EC_coml2api@h      000000001046226d     NativeLib:ffunicode.obj
 0008:0000026e       __6D897344_oleidl@h        000000001046226e     NativeLib:ffunicode.obj
 0008:0000026f       __1129FC2C_servprov@h      000000001046226f     NativeLib:ffunicode.obj
 0008:00000270       __757952E4_msxml@h         0000000010462270     NativeLib:ffunicode.obj
 0008:00000271       __B1191D53_urlmon@h        0000000010462271     NativeLib:ffunicode.obj
 0008:00000272       __404D1A47_propidl@h       0000000010462272     NativeLib:ffunicode.obj
 0008:00000273       __A1C63593_objbase@h       0000000010462273     NativeLib:ffunicode.obj
 0008:00000274       __C1B0A9CB_oleauto@h       0000000010462274     NativeLib:ffunicode.obj
 0008:00000275       __24EAF61F_ole2@h          0000000010462275     NativeLib:ffunicode.obj
 0008:00000276       __2B1843DA_commdlg@h       0000000010462276     NativeLib:ffunicode.obj
 0008:00000277       __81DDEDE3_stralign@h      0000000010462277     NativeLib:ffunicode.obj
 0008:00000278       __2134D1B4_winsvc@h        0000000010462278     NativeLib:ffunicode.obj
 0008:00000279       __11C07376_mcx@h           0000000010462279     NativeLib:ffunicode.obj
 0008:0000027a       __577CE3E7_ime_cmodes@h    000000001046227a     NativeLib:ffunicode.obj
 0008:0000027b       __1E72C31E_imm@h           000000001046227b     NativeLib:ffunicode.obj
 0008:0000027c       __E15BF856_windows@h       000000001046227c     NativeLib:ffunicode.obj
 0008:0000027d       __44420885_corecrt_stdio_config@h 000000001046227d     NativeLib:ffunicode.obj
 0008:0000027e       __EF1F6BBA_corecrt_wconio@h 000000001046227e     NativeLib:ffunicode.obj
 0008:0000027f       __3D1D430C_corecrt_wdirect@h 000000001046227f     NativeLib:ffunicode.obj
 0008:00000280       __8ECB7138_corecrt_share@h 0000000010462280     NativeLib:ffunicode.obj
 0008:00000281       __DB7FEBA6_corecrt_wio@h   0000000010462281     NativeLib:ffunicode.obj
 0008:00000282       __9A9F0068_corecrt_wprocess@h 0000000010462282     NativeLib:ffunicode.obj
 0008:00000283       __AB601D8D_corecrt_wstdio@h 0000000010462283     NativeLib:ffunicode.obj
 0008:00000284       __369A9BC3_corecrt_wtime@h 0000000010462284     NativeLib:ffunicode.obj
 0008:00000285       __CE789B9D_types@h         0000000010462285     NativeLib:ffunicode.obj
 0008:00000286       __9901C817_stat@h          0000000010462286     NativeLib:ffunicode.obj
 0008:00000287       __3FCAD62E_wchar@h         0000000010462287     NativeLib:ffunicode.obj
 0008:00000288       __0E22CCB3_tchar@h         0000000010462288     NativeLib:ffunicode.obj
 0008:00000289       __4CCC6929_integer@h       0000000010462289     NativeLib:ffunicode.obj
 0008:0000028a       __ED2A062E_ffconf@h        000000001046228a     NativeLib:ffunicode.obj
 0008:0000028b       __A5A085C2_ff@h            000000001046228b     NativeLib:ffunicode.obj
 0008:0000028c       __87CD6F4B_ffunicode@c     000000001046228c     NativeLib:ffunicode.obj
 0008:0000028d       __0ED14FEE_winpackagefamily@h 000000001046228d     NativeLib:diskio.obj
 0008:0000028e       __F92EF742_winapifamily@h  000000001046228e     NativeLib:diskio.obj
 0008:0000028f       __22E515EB_sdkddkver@h     000000001046228f     NativeLib:diskio.obj
 0008:00000290       __FE09AF47_concurrencysal@h 0000000010462290     NativeLib:diskio.obj
 0008:00000291       __C073CA79_sal@h           0000000010462291     NativeLib:diskio.obj
 0008:00000292       __D6AFE870_vadefs@h        0000000010462292     NativeLib:diskio.obj
 0008:00000293       __D63E96CF_vcruntime@h     0000000010462293     NativeLib:diskio.obj
 0008:00000294       __514B86D7_excpt@h         0000000010462294     NativeLib:diskio.obj
 0008:00000295       __9A7D38D9_stdarg@h        0000000010462295     NativeLib:diskio.obj
 0008:00000296       __29F49F40_specstrings_undef@h 0000000010462296     NativeLib:diskio.obj
 0008:00000297       __D0F42932_specstrings_strict@h 0000000010462297     NativeLib:diskio.obj
 0008:00000298       __F00405FD_sdv_driverspecs@h 0000000010462298     NativeLib:diskio.obj
 0008:00000299       __173E09CA_driverspecs@h   0000000010462299     NativeLib:diskio.obj
 0008:0000029a       __9A452361_specstrings@h   000000001046229a     NativeLib:diskio.obj
 0008:0000029b       __1B0272D9_corecrt@h       000000001046229b     NativeLib:diskio.obj
 0008:0000029c       __74484FB3_corecrt_wctype@h 000000001046229c     NativeLib:diskio.obj
 0008:0000029d       __1EC467ED_ctype@h         000000001046229d     NativeLib:diskio.obj
 0008:0000029e       __98517906_kernelspecs@h   000000001046229e     NativeLib:diskio.obj
 0008:0000029f       __D3497022_basetsd@h       000000001046229f     NativeLib:diskio.obj
 0008:000002a0       __61CC25A1_errno@h         00000000104622a0     NativeLib:diskio.obj
 0008:000002a1       __3EADF068_vcruntime_string@h 00000000104622a1     NativeLib:diskio.obj
 0008:000002a2       __E4C945B4_corecrt_memcpy_s@h 00000000104622a2     NativeLib:diskio.obj
 0008:000002a3       __8EAFF484_corecrt_memory@h 00000000104622a3     NativeLib:diskio.obj
 0008:000002a4       __6490AEC5_corecrt_wstring@h 00000000104622a4     NativeLib:diskio.obj
 0008:000002a5       __E8295E1E_string@h        00000000104622a5     NativeLib:diskio.obj
 0008:000002a6       __7FCB5136_guiddef@h       00000000104622a6     NativeLib:diskio.obj
 0008:000002a7       __FF8A9E11_pshpack4@h      00000000104622a7     NativeLib:diskio.obj
 0008:000002a8       __D5438902_poppack@h       00000000104622a8     NativeLib:diskio.obj
 0008:000002a9       __FB07E2A3_pshpack2@h      00000000104622a9     NativeLib:diskio.obj
 0008:000002aa       __F6906775_pshpack8@h      00000000104622aa     NativeLib:diskio.obj
 0008:000002ab       __F9415CFA_pshpack1@h      00000000104622ab     NativeLib:diskio.obj
 0008:000002ac       __E58C6F1C_apiset@h        00000000104622ac     NativeLib:diskio.obj
 0008:000002ad       __A5C52262_ktmtypes@h      00000000104622ad     NativeLib:diskio.obj
 0008:000002ae       __FBBA8F9D_winnt@h         00000000104622ae     NativeLib:diskio.obj
 0008:000002af       __A32D3D2C_minwindef@h     00000000104622af     NativeLib:diskio.obj
 0008:000002b0       __7D798299_windef@h        00000000104622b0     NativeLib:diskio.obj
 0008:000002b1       __9AE108E9_apisetcconv@h   00000000104622b1     NativeLib:diskio.obj
 0008:000002b2       __9CE53D2C_minwinbase@h    00000000104622b2     NativeLib:diskio.obj
 0008:000002b3       __5D0AA210_apiquery2@h     00000000104622b3     NativeLib:diskio.obj
 0008:000002b4       __4DD4E726_processenv@h    00000000104622b4     NativeLib:diskio.obj
 0008:000002b5       __3575CC96_fileapi@h       00000000104622b5     NativeLib:diskio.obj
 0008:000002b6       __8EA220E6_fileapifromapp@h 00000000104622b6     NativeLib:diskio.obj
 0008:000002b7       __BF9B31FE_debugapi@h      00000000104622b7     NativeLib:diskio.obj
 0008:000002b8       __C3AFE134_utilapiset@h    00000000104622b8     NativeLib:diskio.obj
 0008:000002b9       __76F69E51_handleapi@h     00000000104622b9     NativeLib:diskio.obj
 0008:000002ba       __7E63D784_errhandlingapi@h 00000000104622ba     NativeLib:diskio.obj
 0008:000002bb       __FFA7003C_fibersapi@h     00000000104622bb     NativeLib:diskio.obj
 0008:000002bc       __8971CECF_namedpipeapi@h  00000000104622bc     NativeLib:diskio.obj
 0008:000002bd       __46C9D8A6_profileapi@h    00000000104622bd     NativeLib:diskio.obj
 0008:000002be       __98D4F0A3_heapapi@h       00000000104622be     NativeLib:diskio.obj
 0008:000002bf       __50EF2A88_ioapiset@h      00000000104622bf     NativeLib:diskio.obj
 0008:000002c0       __92EA1464_synchapi@h      00000000104622c0     NativeLib:diskio.obj
 0008:000002c1       __A53D8AED_interlockedapi@h 00000000104622c1     NativeLib:diskio.obj
 0008:000002c2       __B506CAAF_processthreadsapi@h 00000000104622c2     NativeLib:diskio.obj
 0008:000002c3       __FF735694_sysinfoapi@h    00000000104622c3     NativeLib:diskio.obj
 0008:000002c4       __29589789_memoryapi@h     00000000104622c4     NativeLib:diskio.obj
 0008:000002c5       __E9C7A663_enclaveapi@h    00000000104622c5     NativeLib:diskio.obj
 0008:000002c6       __D035F9F7_threadpoollegacyapiset@h 00000000104622c6     NativeLib:diskio.obj
 0008:000002c7       __C899130C_threadpoolapiset@h 00000000104622c7     NativeLib:diskio.obj
 0008:000002c8       __E0441EE7_jobapi@h        00000000104622c8     NativeLib:diskio.obj
 0008:000002c9       __CEF86838_jobapi2@h       00000000104622c9     NativeLib:diskio.obj
 0008:000002ca       __35AC6B9A_wow64apiset@h   00000000104622ca     NativeLib:diskio.obj
 0008:000002cb       __C8AE41A5_libloaderapi@h  00000000104622cb     NativeLib:diskio.obj
 0008:000002cc       __CC9E232D_securitybaseapi@h 00000000104622cc     NativeLib:diskio.obj
 0008:000002cd       __C9D0C9B8_namespaceapi@h  00000000104622cd     NativeLib:diskio.obj
 0008:000002ce       __30FF9CAD_systemtopologyapi@h 00000000104622ce     NativeLib:diskio.obj
 0008:000002cf       __4D358795_processtopologyapi@h 00000000104622cf     NativeLib:diskio.obj
 0008:000002d0       __40446D10_securityappcontainer@h 00000000104622d0     NativeLib:diskio.obj
 0008:000002d1       __3A952EDF_realtimeapiset@h 00000000104622d1     NativeLib:diskio.obj
 0008:000002d2       __F4865F4B_winerror@h      00000000104622d2     NativeLib:diskio.obj
 0008:000002d3       __53C1BD93_timezoneapi@h   00000000104622d3     NativeLib:diskio.obj
 0008:000002d4       __1FFBEDBF_winbase@h       00000000104622d4     NativeLib:diskio.obj
 0008:000002d5       __43D3FA34_wingdi@h        00000000104622d5     NativeLib:diskio.obj
 0008:000002d6       __D24A7391_tvout@h         00000000104622d6     NativeLib:diskio.obj
 0008:000002d7       __7713A6C8_winuser@h       00000000104622d7     NativeLib:diskio.obj
 0008:000002d8       __0B345F71_datetimeapi@h   00000000104622d8     NativeLib:diskio.obj
 0008:000002d9       __9AC6960C_winnls@h        00000000104622d9     NativeLib:diskio.obj
 0008:000002da       __973A40A8_stringapiset@h  00000000104622da     NativeLib:diskio.obj
 0008:000002db       __CC46FEE2_wincontypes@h   00000000104622db     NativeLib:diskio.obj
 0008:000002dc       __97D70BE1_consoleapi@h    00000000104622dc     NativeLib:diskio.obj
 0008:000002dd       __27EC5E18_consoleapi2@h   00000000104622dd     NativeLib:diskio.obj
 0008:000002de       __262E342F_consoleapi3@h   00000000104622de     NativeLib:diskio.obj
 0008:000002df       __641DCD70_wincon@h        00000000104622df     NativeLib:diskio.obj
 0008:000002e0       __5A96C7A7_verrsrc@h       00000000104622e0     NativeLib:diskio.obj
 0008:000002e1       __B69C6FF2_winver@h        00000000104622e1     NativeLib:diskio.obj
 0008:000002e2       __7AEB8C37_reason@h        00000000104622e2     NativeLib:diskio.obj
 0008:000002e3       __59F1A8A9_winreg@h        00000000104622e3     NativeLib:diskio.obj
 0008:000002e4       __EE0E2B7F_wnnc@h          00000000104622e4     NativeLib:diskio.obj
 0008:000002e5       __DCDB7054_winnetwk@h      00000000104622e5     NativeLib:diskio.obj
 0008:000002e6       __EDC72EEB_cderr@h         00000000104622e6     NativeLib:diskio.obj
 0008:000002e7       __95F9199D_dde@h           00000000104622e7     NativeLib:diskio.obj
 0008:000002e8       __66427627_ddeml@h         00000000104622e8     NativeLib:diskio.obj
 0008:000002e9       __957C29A0_dlgs@h          00000000104622e9     NativeLib:diskio.obj
 0008:000002ea       __12EA15AF_lzexpand@h      00000000104622ea     NativeLib:diskio.obj
 0008:000002eb       __62131F15_mmsyscom@h      00000000104622eb     NativeLib:diskio.obj
 0008:000002ec       __47E68D49_mciapi@h        00000000104622ec     NativeLib:diskio.obj
 0008:000002ed       __5D7DD356_mmiscapi@h      00000000104622ed     NativeLib:diskio.obj
 0008:000002ee       __7223D2EF_mmiscapi2@h     00000000104622ee     NativeLib:diskio.obj
 0008:000002ef       __A330DBB3_playsoundapi@h  00000000104622ef     NativeLib:diskio.obj
 0008:000002f0       __601B366F_mmeapi@h        00000000104622f0     NativeLib:diskio.obj
 0008:000002f1       __1134ADD5_timeapi@h       00000000104622f1     NativeLib:diskio.obj
 0008:000002f2       __93F2265A_joystickapi@h   00000000104622f2     NativeLib:diskio.obj
 0008:000002f3       __DF6EB4E3_mmsystem@h      00000000104622f3     NativeLib:diskio.obj
 0008:000002f4       __BD641FCB_nb30@h          00000000104622f4     NativeLib:diskio.obj
 0008:000002f5       __DF8704F0_rpcdcep@h       00000000104622f5     NativeLib:diskio.obj
 0008:000002f6       __5C6CA7BB_rpcdce@h        00000000104622f6     NativeLib:diskio.obj
 0008:000002f7       __853533C4_rpcnsi@h        00000000104622f7     NativeLib:diskio.obj
 0008:000002f8       __2D2406C3_rpcnterr@h      00000000104622f8     NativeLib:diskio.obj
 0008:000002f9       __64521D71_rpcasync@h      00000000104622f9     NativeLib:diskio.obj
 0008:000002fa       __AADCBA08_rpc@h           00000000104622fa     NativeLib:diskio.obj
 0008:000002fb       __19E26CFF_shellapi@h      00000000104622fb     NativeLib:diskio.obj
 0008:000002fc       __1E9F31D3_winperf@h       00000000104622fc     NativeLib:diskio.obj
 0008:000002fd       __832A4112_inaddr@h        00000000104622fd     NativeLib:diskio.obj
 0008:000002fe       __32C6F875_winsock@h       00000000104622fe     NativeLib:diskio.obj
 0008:000002ff       __7953A3F8_bcrypt@h        00000000104622ff     NativeLib:diskio.obj
 0008:00000300       __E4169492_ncrypt@h        0000000010462300     NativeLib:diskio.obj
 0008:00000301       __AF3DDDC3_dpapi@h         0000000010462301     NativeLib:diskio.obj
 0008:00000302       __D1E23BF2_wincrypt@h      0000000010462302     NativeLib:diskio.obj
 0008:00000303       __82AB4779_winefs@h        0000000010462303     NativeLib:diskio.obj
 0008:00000304       __1FE431C9_rpcnsip@h       0000000010462304     NativeLib:diskio.obj
 0008:00000305       __2B741F2D_rpcsal@h        0000000010462305     NativeLib:diskio.obj
 0008:00000306       __92623256_rpcndr@h        0000000010462306     NativeLib:diskio.obj
 0008:00000307       __9C18532E_wtypesbase@h    0000000010462307     NativeLib:diskio.obj
 0008:00000308       __EA2E1D6D_wtypes@h        0000000010462308     NativeLib:diskio.obj
 0008:00000309       __7DDD9F45_winioctl@h      0000000010462309     NativeLib:diskio.obj
 0008:0000030a       __E550A843_winsmcrd@h      000000001046230a     NativeLib:diskio.obj
 0008:0000030b       __9809C1BA_winscard@h      000000001046230b     NativeLib:diskio.obj
 0008:0000030c       __EA174FA4_prsht@h         000000001046230c     NativeLib:diskio.obj
 0008:0000030d       __0E1BD114_winspool@h      000000001046230d     NativeLib:diskio.obj
 0008:0000030e       __45DED006_corecrt_malloc@h 000000001046230e     NativeLib:diskio.obj
 0008:0000030f       __13F5961F_stddef@h        000000001046230f     NativeLib:diskio.obj
 0008:00000310       __FD6DBD68_corecrt_search@h 0000000010462310     NativeLib:diskio.obj
 0008:00000311       __E2E33A61_corecrt_wstdlib@h 0000000010462311     NativeLib:diskio.obj
 0008:00000312       __10D4A829_limits@h        0000000010462312     NativeLib:diskio.obj
 0008:00000313       __6E5ACABA_stdlib@h        0000000010462313     NativeLib:diskio.obj
 0008:00000314       __30B1AFDA_unknwnbase@h    0000000010462314     NativeLib:diskio.obj
 0008:00000315       __328C1996_objidlbase@h    0000000010462315     NativeLib:diskio.obj
 0008:00000316       __C4E06B6A_cguid@h         0000000010462316     NativeLib:diskio.obj
 0008:00000317       __434718C5_combaseapi@h    0000000010462317     NativeLib:diskio.obj
 0008:00000318       __DE6FDEF1_unknwn@h        0000000010462318     NativeLib:diskio.obj
 0008:00000319       __CCE0BACC_objidl@h        0000000010462319     NativeLib:diskio.obj
 0008:0000031a       __8C7011E5_oaidl@h         000000001046231a     NativeLib:diskio.obj
 0008:0000031b       __2E0B7863_propidlbase@h   000000001046231b     NativeLib:diskio.obj
 0008:0000031c       __BF4CF2EC_coml2api@h      000000001046231c     NativeLib:diskio.obj
 0008:0000031d       __6D897344_oleidl@h        000000001046231d     NativeLib:diskio.obj
 0008:0000031e       __1129FC2C_servprov@h      000000001046231e     NativeLib:diskio.obj
 0008:0000031f       __757952E4_msxml@h         000000001046231f     NativeLib:diskio.obj
 0008:00000320       __B1191D53_urlmon@h        0000000010462320     NativeLib:diskio.obj
 0008:00000321       __404D1A47_propidl@h       0000000010462321     NativeLib:diskio.obj
 0008:00000322       __A1C63593_objbase@h       0000000010462322     NativeLib:diskio.obj
 0008:00000323       __C1B0A9CB_oleauto@h       0000000010462323     NativeLib:diskio.obj
 0008:00000324       __24EAF61F_ole2@h          0000000010462324     NativeLib:diskio.obj
 0008:00000325       __2B1843DA_commdlg@h       0000000010462325     NativeLib:diskio.obj
 0008:00000326       __81DDEDE3_stralign@h      0000000010462326     NativeLib:diskio.obj
 0008:00000327       __2134D1B4_winsvc@h        0000000010462327     NativeLib:diskio.obj
 0008:00000328       __11C07376_mcx@h           0000000010462328     NativeLib:diskio.obj
 0008:00000329       __577CE3E7_ime_cmodes@h    0000000010462329     NativeLib:diskio.obj
 0008:0000032a       __1E72C31E_imm@h           000000001046232a     NativeLib:diskio.obj
 0008:0000032b       __E15BF856_windows@h       000000001046232b     NativeLib:diskio.obj
 0008:0000032c       __44420885_corecrt_stdio_config@h 000000001046232c     NativeLib:diskio.obj
 0008:0000032d       __EF1F6BBA_corecrt_wconio@h 000000001046232d     NativeLib:diskio.obj
 0008:0000032e       __3D1D430C_corecrt_wdirect@h 000000001046232e     NativeLib:diskio.obj
 0008:0000032f       __8ECB7138_corecrt_share@h 000000001046232f     NativeLib:diskio.obj
 0008:00000330       __DB7FEBA6_corecrt_wio@h   0000000010462330     NativeLib:diskio.obj
 0008:00000331       __9A9F0068_corecrt_wprocess@h 0000000010462331     NativeLib:diskio.obj
 0008:00000332       __AB601D8D_corecrt_wstdio@h 0000000010462332     NativeLib:diskio.obj
 0008:00000333       __369A9BC3_corecrt_wtime@h 0000000010462333     NativeLib:diskio.obj
 0008:00000334       __CE789B9D_types@h         0000000010462334     NativeLib:diskio.obj
 0008:00000335       __9901C817_stat@h          0000000010462335     NativeLib:diskio.obj
 0008:00000336       __3FCAD62E_wchar@h         0000000010462336     NativeLib:diskio.obj
 0008:00000337       __0E22CCB3_tchar@h         0000000010462337     NativeLib:diskio.obj
 0008:00000338       __4CCC6929_integer@h       0000000010462338     NativeLib:diskio.obj
 0008:00000339       __3D17D6D7_diskio@h        0000000010462339     NativeLib:diskio.obj
 0008:0000033a       __AAC50F5F_diskio@c        000000001046233a     NativeLib:diskio.obj
 0009:000000a0       $R000000                   00000000104630a0     guideXOS.res
 0009:000002f0       $R000250                   00000000104632f0     guideXOS.res
