 guideXOS

 Timestamp is 6906e230 (Sat Nov  1 21:46:40 2025)

 Preferred load address is 0000000010000000

 Start         Length     Name                   Class
 0001:00000000 00000350H .text                   CODE
 0001:00000350 0002ae81H .text$mn                CODE
 0002:00000000 00000045H .unbox$M                CODE
 0003:00000000 0002e52bH .managedcode$I          CODE
 0004:00000000 00036010H .rdata                  DATA
 0004:00036010 00000018H .rdata$voltmd           DATA
 0004:00036028 0000019cH .rdata$zzzdbg           DATA
 0004:000361c4 00008004H .xdata                  DATA
 0004:0003e1c8 00000000H .edata                  DATA
 0005:00000000 0001e4e0H .data                   DATA
 0005:0001e4e0 001015e0H .bss                    DATA
 0006:00000000 00002fdcH .pdata                  DATA
 0007:00000000 00000008H .modules$I              DATA
 0008:00000000 00000344H .msvcjmc                DATA
 0009:00000000 000000a0H .rsrc$01                DATA
 0009:000000a0 00000440H .rsrc$02                DATA

  Address         Publics by Value              Rva+Base               Lib:Object

 0000:00000000       __AbsoluteZero             0000000000000000     <absolute>
 0000:00000000       ___safe_se_handler_count   0000000000000000     <absolute>
 0000:00000000       ___safe_se_handler_table   0000000000000000     <absolute>
 0000:00000000       __arm64x_extra_rfe_table   0000000000000000     <absolute>
 0000:00000000       __arm64x_extra_rfe_table_size 0000000000000000     <absolute>
 0000:00000000       __arm64x_native_entrypoint 0000000000000000     <absolute>
 0000:00000000       __arm64x_redirection_metadata 0000000000000000     <absolute>
 0000:00000000       __arm64x_redirection_metadata_count 0000000000000000     <absolute>
 0000:00000000       __dynamic_value_reloc_table 0000000000000000     <absolute>
 0000:00000000       __enclave_config           0000000000000000     <absolute>
 0000:00000000       __guard_check_icall_a64n_fptr 0000000000000000     <absolute>
 0000:00000000       __guard_eh_cont_count      0000000000000000     <absolute>
 0000:00000000       __guard_eh_cont_table      0000000000000000     <absolute>
 0000:00000000       __guard_fids_count         0000000000000000     <absolute>
 0000:00000000       __guard_fids_table         0000000000000000     <absolute>
 0000:00000000       __guard_iat_count          0000000000000000     <absolute>
 0000:00000000       __guard_iat_table          0000000000000000     <absolute>
 0000:00000000       __guard_longjmp_count      0000000000000000     <absolute>
 0000:00000000       __guard_longjmp_table      0000000000000000     <absolute>
 0000:00000000       __hybrid_auxiliary_delayload_iat 0000000000000000     <absolute>
 0000:00000000       __hybrid_auxiliary_delayload_iat_copy 0000000000000000     <absolute>
 0000:00000000       __hybrid_auxiliary_iat     0000000000000000     <absolute>
 0000:00000000       __hybrid_auxiliary_iat_copy 0000000000000000     <absolute>
 0000:00000000       __hybrid_code_map          0000000000000000     <absolute>
 0000:00000000       __hybrid_code_map_count    0000000000000000     <absolute>
 0000:00000000       __hybrid_image_info_bitfield 0000000000000000     <absolute>
 0000:00000000       __x64_code_ranges_to_entry_points 0000000000000000     <absolute>
 0000:00000000       __x64_code_ranges_to_entry_points_count 0000000000000000     <absolute>
 0000:00000100       __guard_flags              0000000000000100     <absolute>
 0000:00000000       __ImageBase                0000000010000000     <linker-defined>
 0001:00000000       __GetNonGCStaticBase_guideXOS_Program 0000000010001000     guideXOS.obj
 0001:00000008       __GetNonGCStaticBase_guideXOS_Allocator 0000000010001008     guideXOS.obj
 0001:00000010       __GetNonGCStaticBase_guideXOS_GDT 0000000010001010     guideXOS.obj
 0001:00000018       __GetNonGCStaticBase_guideXOS_IDT 0000000010001018     guideXOS.obj
 0001:00000020       __GetNonGCStaticBase_guideXOS_System_Windows_Forms_Control 0000000010001020     guideXOS.obj
 0001:00000028       __GetNonGCStaticBase_guideXOS_guideXOS_Kbd2Mouse 0000000010001028     guideXOS.obj
 0001:00000030       __GetNonGCStaticBase_guideXOS_guideXOS_Console 0000000010001030     guideXOS.obj
 0001:00000038       __GetNonGCStaticBase_guideXOS_guideXOS_FPSMeter 0000000010001038     guideXOS.obj
 0001:00000040       __GetNonGCStaticBase_guideXOS_guideXOS_PageTable 0000000010001040     guideXOS.obj
 0001:00000048       __GetNonGCStaticBase_guideXOS_guideXOS_SMP 0000000010001048     guideXOS.obj
 0001:00000050       __GetNonGCStaticBase_guideXOS_guideXOS_Misc_Audio 0000000010001050     guideXOS.obj
 0001:00000058       __GetNonGCStaticBase_guideXOS_guideXOS_Misc_BootSplash 0000000010001058     guideXOS.obj
 0001:00000060       __GetNonGCStaticBase_guideXOS_guideXOS_Misc_ThreadPool 0000000010001060     guideXOS.obj
 0001:00000068       __GetNonGCStaticBase_guideXOS_guideXOS_Misc_USB 0000000010001068     guideXOS.obj
 0001:00000070       __GetNonGCStaticBase_guideXOS_guideXOS_Kernel_Drivers_AC97 0000000010001070     guideXOS.obj
 0001:00000078       __GetNonGCStaticBase_guideXOS_guideXOS_Kernel_Drivers_ACPI 0000000010001078     guideXOS.obj
 0001:00000080       __GetNonGCStaticBase_guideXOS_guideXOS_Kernel_Drivers_DisplayManager 0000000010001080     guideXOS.obj
 0001:00000088       __GetNonGCStaticBase_guideXOS_guideXOS_Kernel_Drivers_EHCI 0000000010001088     guideXOS.obj
 0001:00000090       __GetNonGCStaticBase_guideXOS_guideXOS_Kernel_Drivers_ES1371 0000000010001090     guideXOS.obj
 0001:00000098       __GetNonGCStaticBase_guideXOS_guideXOS_Kernel_Drivers_Framebuffer 0000000010001098     guideXOS.obj
 0001:000000a0       __GetNonGCStaticBase_guideXOS_guideXOS_Kernel_Drivers_HID 00000000100010a0     guideXOS.obj
 0001:000000a8       __GetNonGCStaticBase_guideXOS_guideXOS_Kernel_Drivers_HPET 00000000100010a8     guideXOS.obj
 0001:000000b0       __GetNonGCStaticBase_guideXOS_guideXOS_Kernel_Drivers_Hub 00000000100010b0     guideXOS.obj
 0001:000000b8       __GetNonGCStaticBase_guideXOS_guideXOS_Kernel_Drivers_Keyboard 00000000100010b8     guideXOS.obj
 0001:000000c0       __GetNonGCStaticBase_guideXOS_guideXOS_Kernel_Drivers_PS2Mouse 00000000100010c0     guideXOS.obj
 0001:000000c8       __GetNonGCStaticBase_guideXOS_guideXOS_Kernel_Drivers_RTC 00000000100010c8     guideXOS.obj
 0001:000000d0       __GetNonGCStaticBase_guideXOS_guideXOS_Kernel_Drivers_SATA 00000000100010d0     guideXOS.obj
 0001:000000d8       __GetNonGCStaticBase_guideXOS_guideXOS_Kernel_Drivers_Timer 00000000100010d8     guideXOS.obj
 0001:000000e0       __GetNonGCStaticBase_guideXOS_guideXOS_Kernel_Drivers_VMwareTools 00000000100010e0     guideXOS.obj
 0001:000000e8       __GetNonGCStaticBase_guideXOS_guideXOS_Kernel_Drivers_USBStorage 00000000100010e8     guideXOS.obj
 0001:000000f0       __GetNonGCStaticBase_guideXOS_guideXOS_GUI_Busy 00000000100010f0     guideXOS.obj
 0001:000000f8       __GetNonGCStaticBase_guideXOS_guideXOS_GUI_Desktop 00000000100010f8     guideXOS.obj
 0001:00000100       __GetNonGCStaticBase_guideXOS_guideXOS_GUI_StartMenu 0000000010001100     guideXOS.obj
 0001:00000108       __GetNonGCStaticBase_guideXOS_guideXOS_GUI_UISettings 0000000010001108     guideXOS.obj
 0001:00000110       __GetNonGCStaticBase_guideXOS_guideXOS_GUI_WAVPlayer 0000000010001110     guideXOS.obj
 0001:00000118       __GetNonGCStaticBase_guideXOS_guideXOS_GUI_WindowManager 0000000010001118     guideXOS.obj
 0001:00000120       __GetGCStaticBase_guideXOS_Program 0000000010001120     guideXOS.obj
 0001:0000012b       __GetGCStaticBase_guideXOS_IDT 000000001000112b     guideXOS.obj
 0001:00000136       __GetGCStaticBase_guideXOS_System_DateTime 0000000010001136     guideXOS.obj
 0001:00000141       __GetGCStaticBase_guideXOS_guideXOS_Animator 0000000010001141     guideXOS.obj
 0001:0000014c       __GetGCStaticBase_guideXOS_guideXOS_ASC16 000000001000114c     guideXOS.obj
 0001:00000157       __GetGCStaticBase_guideXOS_guideXOS_Console 0000000010001157     guideXOS.obj
 0001:00000162       __GetGCStaticBase_guideXOS_guideXOS_Misc_BitFont 0000000010001162     guideXOS.obj
 0001:0000016d       __GetGCStaticBase_guideXOS_guideXOS_Misc_BootSplash 000000001000116d     guideXOS.obj
 0001:00000178       __GetGCStaticBase_guideXOS_guideXOS_Misc_Interrupts 0000000010001178     guideXOS.obj
 0001:00000183       __GetGCStaticBase_guideXOS_guideXOS_Misc_ThreadPool 0000000010001183     guideXOS.obj
 0001:0000018e       __GetGCStaticBase_guideXOS_guideXOS_FS_Disk 000000001000118e     guideXOS.obj
 0001:00000199       __GetGCStaticBase_guideXOS_guideXOS_FS_File 0000000010001199     guideXOS.obj
 0001:000001a4       __GetGCStaticBase_guideXOS_guideXOS_Kernel_Drivers_AC97 00000000100011a4     guideXOS.obj
 0001:000001af       __GetGCStaticBase_guideXOS_guideXOS_Kernel_Drivers_ACPI 00000000100011af     guideXOS.obj
 0001:000001ba       __GetGCStaticBase_guideXOS_guideXOS_Kernel_Drivers_DisplayManager 00000000100011ba     guideXOS.obj
 0001:000001c5       __GetGCStaticBase_guideXOS_guideXOS_Kernel_Drivers_Framebuffer 00000000100011c5     guideXOS.obj
 0001:000001d0       __GetGCStaticBase_guideXOS_guideXOS_Kernel_Drivers_HID 00000000100011d0     guideXOS.obj
 0001:000001db       __GetGCStaticBase_guideXOS_guideXOS_Kernel_Drivers_IDE 00000000100011db     guideXOS.obj
 0001:000001e6       __GetGCStaticBase_guideXOS_guideXOS_Kernel_Drivers_Keyboard 00000000100011e6     guideXOS.obj
 0001:000001f1       __GetGCStaticBase_guideXOS_guideXOS_Kernel_Drivers_PCI 00000000100011f1     guideXOS.obj
 0001:000001fc       __GetGCStaticBase_guideXOS_guideXOS_Kernel_Drivers_PS2Keyboard 00000000100011fc     guideXOS.obj
 0001:00000207       __GetGCStaticBase_guideXOS_guideXOS_Kernel_Drivers_PS2Mouse 0000000010001207     guideXOS.obj
 0001:00000212       __GetGCStaticBase_guideXOS_guideXOS_Kernel_Drivers_SATA 0000000010001212     guideXOS.obj
 0001:0000021d       __GetGCStaticBase_guideXOS_guideXOS_GUI_Desktop 000000001000121d     guideXOS.obj
 0001:00000228       __GetGCStaticBase_guideXOS_guideXOS_GUI_Icons 0000000010001228     guideXOS.obj
 0001:00000233       __GetGCStaticBase_guideXOS_guideXOS_GUI_Lockscreen 0000000010001233     guideXOS.obj
 0001:0000023e       __GetGCStaticBase_guideXOS_guideXOS_GUI_NotificationManager 000000001000123e     guideXOS.obj
 0001:00000249       __GetGCStaticBase_guideXOS_guideXOS_GUI_RecentManager 0000000010001249     guideXOS.obj
 0001:00000269       __GetGCStaticBase_guideXOS_guideXOS_GUI_WAVPlayer 0000000010001269     guideXOS.obj
 0001:00000274       __GetGCStaticBase_guideXOS_guideXOS_GUI_WindowManager 0000000010001274     guideXOS.obj
 0001:0000027f       __GetGCStaticBase_guideXOS_guideXOS_DefaultApps_Clock 000000001000127f     guideXOS.obj
 0001:0000028a       __GetGCStaticBase_guideXOS_guideXOS_GUI_DisplayOptions___c 000000001000128a     guideXOS.obj
 0001:00000295       __DelegateCtor_guideXOS_System_Delegate__InitializeClosedInstance__guideXOS_guideXOS_GUI_FConsole__Keyboard_OnKeyChanged 0000000010001295     guideXOS.obj
 0001:000002a1       __DelegateCtor_guideXOS_System_Delegate__InitializeClosedInstance__guideXOS_guideXOS_GUI_FConsole__Console_OnWrite 00000000100012a1     guideXOS.obj
 0001:000002ad       __DelegateCtor_guideXOS_System_Delegate__InitializeClosedInstance__guideXOS_guideXOS_GUI_OpenDialog__Keyboard_OnKeyChanged 00000000100012ad     guideXOS.obj
 0001:000002b9       __DelegateCtor_guideXOS_System_Delegate__InitializeClosedInstance__guideXOS_guideXOS_GUI_SaveDialog__Keyboard_OnKeyChanged 00000000100012b9     guideXOS.obj
 0001:000002c5       __DelegateCtor_guideXOS_System_Delegate__InitializeClosedInstance__guideXOS_guideXOS_DefaultApps_Notepad__Keyboard_OnKeyChanged 00000000100012c5     guideXOS.obj
 0001:000002d1       __DelegateCtor_guideXOS_System_Delegate__InitializeClosedInstance__guideXOS_guideXOS_DefaultApps_Notepad___OnSetVisible_b__16_0 00000000100012d1     guideXOS.obj
 0001:000002dd       __DelegateCtor_guideXOS_System_Delegate__InitializeClosedInstance__guideXOS_guideXOS_DefaultApps_Notepad___OnSetVisible_b__16_3 00000000100012dd     guideXOS.obj
 0001:000002e9       __DelegateCtor_guideXOS_System_Delegate__InitializeClosedInstance__guideXOS_guideXOS_DefaultApps_Notepad___OnSetVisible_b__16_1 00000000100012e9     guideXOS.obj
 0001:000002f5       __DelegateCtor_guideXOS_System_Delegate__InitializeClosedInstance__guideXOS_guideXOS_DefaultApps_Notepad___OnSetVisible_b__16_2 00000000100012f5     guideXOS.obj
 0001:00000301       __DelegateCtor_guideXOS_System_Delegate__InitializeClosedInstance__guideXOS_guideXOS_FS_FAT___c__DisplayClass46_0___FindPath_b__0 0000000010001301     guideXOS.obj
 0001:0000030d       __DelegateCtor_guideXOS_System_Delegate__InitializeClosedInstance__guideXOS_guideXOS_FS_FAT___c__DisplayClass46_1___FindPath_b__1 000000001000130d     guideXOS.obj
 0001:00000319       __DelegateCtor_guideXOS_System_Delegate__InitializeClosedInstance__guideXOS_guideXOS_FS_FAT___c__DisplayClass56_0___GetFiles_b__0 0000000010001319     guideXOS.obj
 0001:00000325       __DelegateCtor_guideXOS_System_Delegate__InitializeClosedInstance__guideXOS_guideXOS_GUI_DisplayOptions___c___OnInput_b__17_0 0000000010001325     guideXOS.obj
 0001:00000331       __DelegateCtor_guideXOS_System_Delegate__InitializeClosedInstance__guideXOS_guideXOS_GUI_DisplayOptions___c___OnInput_b__17_1 0000000010001331     guideXOS.obj
 0001:0000033d       __DelegateCtor_guideXOS_System_Delegate__InitializeClosedInstance__guideXOS_guideXOS_DefaultApps_Notepad___c__DisplayClass20_0___OpenSaveAs_b__0 000000001000133d     guideXOS.obj
 0001:00000350       Movsb                      0000000010001350 f   NativeLib:mem.obj
 0001:00000390       Movsd                      0000000010001390 f   NativeLib:mem.obj
 0001:000003d0       Stosb                      00000000100013d0 f   NativeLib:mem.obj
 0001:00000420       Stosd                      0000000010001420 f   NativeLib:mem.obj
 0001:00000470       __JustMyCode_Default       0000000010001470 f i NativeLib:mem.obj
 0001:00000480       avx_memcpy                 0000000010001480 f   NativeLib:mem.obj
 0001:00000580       Load_GDT                   0000000010001580 f   NativeLib:interrupts.obj
 0001:000005b0       idt_set                    00000000100015b0 f   NativeLib:interrupts.obj
 0001:00000690       set_idt_entries            0000000010001690 f   NativeLib:interrupts.obj
 0001:000025b0       CPUID                      00000000100035b0 f   NativeLib:native.obj
 0001:00002600       Cli                        0000000010003600 f   NativeLib:native.obj
 0001:00002630       Fxrstor64                  0000000010003630 f   NativeLib:native.obj
 0001:00002660       Fxsave64                   0000000010003660 f   NativeLib:native.obj
 0001:00002690       Hlt                        0000000010003690 f   NativeLib:native.obj
 0001:000026c0       Invlpg                     00000000100036c0 f   NativeLib:native.obj
 0001:000026f0       Nop                        00000000100036f0 f   NativeLib:native.obj
 0001:00002710       Rdmsr                      0000000010003710 f   NativeLib:native.obj
 0001:00002740       Rdtsc                      0000000010003740 f   NativeLib:native.obj
 0001:00002770       ReadCR2                    0000000010003770 f   NativeLib:native.obj
 0001:00002790       Sti                        0000000010003790 f   NativeLib:native.obj
 0001:000027c0       WriteCR3                   00000000100037c0 f   NativeLib:native.obj
 0001:000027f0       Wrmsr                      00000000100037f0 f   NativeLib:native.obj
 0001:00002830       intr0                      0000000010003830 f   NativeLib:interrupts_asm.obj
 0001:00002872       intr1                      0000000010003872 f   NativeLib:interrupts_asm.obj
 0001:000028b4       intr2                      00000000100038b4 f   NativeLib:interrupts_asm.obj
 0001:000028f6       intr3                      00000000100038f6 f   NativeLib:interrupts_asm.obj
 0001:00002938       intr4                      0000000010003938 f   NativeLib:interrupts_asm.obj
 0001:0000297a       intr5                      000000001000397a f   NativeLib:interrupts_asm.obj
 0001:000029bc       intr6                      00000000100039bc f   NativeLib:interrupts_asm.obj
 0001:000029fe       intr7                      00000000100039fe f   NativeLib:interrupts_asm.obj
 0001:00002a40       intr8                      0000000010003a40 f   NativeLib:interrupts_asm.obj
 0001:00002a82       intr9                      0000000010003a82 f   NativeLib:interrupts_asm.obj
 0001:00002ac4       intr10                     0000000010003ac4 f   NativeLib:interrupts_asm.obj
 0001:00002b06       intr11                     0000000010003b06 f   NativeLib:interrupts_asm.obj
 0001:00002b48       intr12                     0000000010003b48 f   NativeLib:interrupts_asm.obj
 0001:00002b8a       intr13                     0000000010003b8a f   NativeLib:interrupts_asm.obj
 0001:00002bcc       intr14                     0000000010003bcc f   NativeLib:interrupts_asm.obj
 0001:00002c0e       intr15                     0000000010003c0e f   NativeLib:interrupts_asm.obj
 0001:00002c50       intr16                     0000000010003c50 f   NativeLib:interrupts_asm.obj
 0001:00002c92       intr17                     0000000010003c92 f   NativeLib:interrupts_asm.obj
 0001:00002cd4       intr18                     0000000010003cd4 f   NativeLib:interrupts_asm.obj
 0001:00002d16       intr19                     0000000010003d16 f   NativeLib:interrupts_asm.obj
 0001:00002d58       intr20                     0000000010003d58 f   NativeLib:interrupts_asm.obj
 0001:00002d9a       intr21                     0000000010003d9a f   NativeLib:interrupts_asm.obj
 0001:00002ddc       intr22                     0000000010003ddc f   NativeLib:interrupts_asm.obj
 0001:00002e1e       intr23                     0000000010003e1e f   NativeLib:interrupts_asm.obj
 0001:00002e60       intr24                     0000000010003e60 f   NativeLib:interrupts_asm.obj
 0001:00002ea2       intr25                     0000000010003ea2 f   NativeLib:interrupts_asm.obj
 0001:00002ee4       intr26                     0000000010003ee4 f   NativeLib:interrupts_asm.obj
 0001:00002f26       intr27                     0000000010003f26 f   NativeLib:interrupts_asm.obj
 0001:00002f68       intr28                     0000000010003f68 f   NativeLib:interrupts_asm.obj
 0001:00002faa       intr29                     0000000010003faa f   NativeLib:interrupts_asm.obj
 0001:00002fec       intr30                     0000000010003fec f   NativeLib:interrupts_asm.obj
 0001:0000302e       intr31                     000000001000402e f   NativeLib:interrupts_asm.obj
 0001:00003070       intr32                     0000000010004070 f   NativeLib:interrupts_asm.obj
 0001:000030b2       intr33                     00000000100040b2 f   NativeLib:interrupts_asm.obj
 0001:000030f4       intr34                     00000000100040f4 f   NativeLib:interrupts_asm.obj
 0001:00003136       intr35                     0000000010004136 f   NativeLib:interrupts_asm.obj
 0001:00003178       intr36                     0000000010004178 f   NativeLib:interrupts_asm.obj
 0001:000031ba       intr37                     00000000100041ba f   NativeLib:interrupts_asm.obj
 0001:000031fc       intr38                     00000000100041fc f   NativeLib:interrupts_asm.obj
 0001:0000323e       intr39                     000000001000423e f   NativeLib:interrupts_asm.obj
 0001:00003280       intr40                     0000000010004280 f   NativeLib:interrupts_asm.obj
 0001:000032c2       intr41                     00000000100042c2 f   NativeLib:interrupts_asm.obj
 0001:00003304       intr42                     0000000010004304 f   NativeLib:interrupts_asm.obj
 0001:00003346       intr43                     0000000010004346 f   NativeLib:interrupts_asm.obj
 0001:00003388       intr44                     0000000010004388 f   NativeLib:interrupts_asm.obj
 0001:000033ca       intr45                     00000000100043ca f   NativeLib:interrupts_asm.obj
 0001:0000340c       intr46                     000000001000440c f   NativeLib:interrupts_asm.obj
 0001:0000344e       intr47                     000000001000444e f   NativeLib:interrupts_asm.obj
 0001:00003490       intr48                     0000000010004490 f   NativeLib:interrupts_asm.obj
 0001:000034d2       intr49                     00000000100044d2 f   NativeLib:interrupts_asm.obj
 0001:00003514       intr50                     0000000010004514 f   NativeLib:interrupts_asm.obj
 0001:00003556       intr51                     0000000010004556 f   NativeLib:interrupts_asm.obj
 0001:00003598       intr52                     0000000010004598 f   NativeLib:interrupts_asm.obj
 0001:000035da       intr53                     00000000100045da f   NativeLib:interrupts_asm.obj
 0001:0000361c       intr54                     000000001000461c f   NativeLib:interrupts_asm.obj
 0001:0000365e       intr55                     000000001000465e f   NativeLib:interrupts_asm.obj
 0001:000036a0       intr56                     00000000100046a0 f   NativeLib:interrupts_asm.obj
 0001:000036e2       intr57                     00000000100046e2 f   NativeLib:interrupts_asm.obj
 0001:00003724       intr58                     0000000010004724 f   NativeLib:interrupts_asm.obj
 0001:00003766       intr59                     0000000010004766 f   NativeLib:interrupts_asm.obj
 0001:000037a8       intr60                     00000000100047a8 f   NativeLib:interrupts_asm.obj
 0001:000037ea       intr61                     00000000100047ea f   NativeLib:interrupts_asm.obj
 0001:0000382c       intr62                     000000001000482c f   NativeLib:interrupts_asm.obj
 0001:0000386e       intr63                     000000001000486e f   NativeLib:interrupts_asm.obj
 0001:000038b0       intr64                     00000000100048b0 f   NativeLib:interrupts_asm.obj
 0001:000038f2       intr65                     00000000100048f2 f   NativeLib:interrupts_asm.obj
 0001:00003934       intr66                     0000000010004934 f   NativeLib:interrupts_asm.obj
 0001:00003976       intr67                     0000000010004976 f   NativeLib:interrupts_asm.obj
 0001:000039b8       intr68                     00000000100049b8 f   NativeLib:interrupts_asm.obj
 0001:000039fa       intr69                     00000000100049fa f   NativeLib:interrupts_asm.obj
 0001:00003a3c       intr70                     0000000010004a3c f   NativeLib:interrupts_asm.obj
 0001:00003a7e       intr71                     0000000010004a7e f   NativeLib:interrupts_asm.obj
 0001:00003ac0       intr72                     0000000010004ac0 f   NativeLib:interrupts_asm.obj
 0001:00003b02       intr73                     0000000010004b02 f   NativeLib:interrupts_asm.obj
 0001:00003b44       intr74                     0000000010004b44 f   NativeLib:interrupts_asm.obj
 0001:00003b86       intr75                     0000000010004b86 f   NativeLib:interrupts_asm.obj
 0001:00003bc8       intr76                     0000000010004bc8 f   NativeLib:interrupts_asm.obj
 0001:00003c0a       intr77                     0000000010004c0a f   NativeLib:interrupts_asm.obj
 0001:00003c4c       intr78                     0000000010004c4c f   NativeLib:interrupts_asm.obj
 0001:00003c8e       intr79                     0000000010004c8e f   NativeLib:interrupts_asm.obj
 0001:00003cd0       intr80                     0000000010004cd0 f   NativeLib:interrupts_asm.obj
 0001:00003d12       intr81                     0000000010004d12 f   NativeLib:interrupts_asm.obj
 0001:00003d54       intr82                     0000000010004d54 f   NativeLib:interrupts_asm.obj
 0001:00003d96       intr83                     0000000010004d96 f   NativeLib:interrupts_asm.obj
 0001:00003dd8       intr84                     0000000010004dd8 f   NativeLib:interrupts_asm.obj
 0001:00003e1a       intr85                     0000000010004e1a f   NativeLib:interrupts_asm.obj
 0001:00003e5c       intr86                     0000000010004e5c f   NativeLib:interrupts_asm.obj
 0001:00003e9e       intr87                     0000000010004e9e f   NativeLib:interrupts_asm.obj
 0001:00003ee0       intr88                     0000000010004ee0 f   NativeLib:interrupts_asm.obj
 0001:00003f22       intr89                     0000000010004f22 f   NativeLib:interrupts_asm.obj
 0001:00003f64       intr90                     0000000010004f64 f   NativeLib:interrupts_asm.obj
 0001:00003fa6       intr91                     0000000010004fa6 f   NativeLib:interrupts_asm.obj
 0001:00003fe8       intr92                     0000000010004fe8 f   NativeLib:interrupts_asm.obj
 0001:0000402a       intr93                     000000001000502a f   NativeLib:interrupts_asm.obj
 0001:0000406c       intr94                     000000001000506c f   NativeLib:interrupts_asm.obj
 0001:000040ae       intr95                     00000000100050ae f   NativeLib:interrupts_asm.obj
 0001:000040f0       intr96                     00000000100050f0 f   NativeLib:interrupts_asm.obj
 0001:00004132       intr97                     0000000010005132 f   NativeLib:interrupts_asm.obj
 0001:00004174       intr98                     0000000010005174 f   NativeLib:interrupts_asm.obj
 0001:000041b6       intr99                     00000000100051b6 f   NativeLib:interrupts_asm.obj
 0001:000041f8       intr100                    00000000100051f8 f   NativeLib:interrupts_asm.obj
 0001:0000423a       intr101                    000000001000523a f   NativeLib:interrupts_asm.obj
 0001:0000427c       intr102                    000000001000527c f   NativeLib:interrupts_asm.obj
 0001:000042be       intr103                    00000000100052be f   NativeLib:interrupts_asm.obj
 0001:00004300       intr104                    0000000010005300 f   NativeLib:interrupts_asm.obj
 0001:00004342       intr105                    0000000010005342 f   NativeLib:interrupts_asm.obj
 0001:00004384       intr106                    0000000010005384 f   NativeLib:interrupts_asm.obj
 0001:000043c6       intr107                    00000000100053c6 f   NativeLib:interrupts_asm.obj
 0001:00004408       intr108                    0000000010005408 f   NativeLib:interrupts_asm.obj
 0001:0000444a       intr109                    000000001000544a f   NativeLib:interrupts_asm.obj
 0001:0000448c       intr110                    000000001000548c f   NativeLib:interrupts_asm.obj
 0001:000044ce       intr111                    00000000100054ce f   NativeLib:interrupts_asm.obj
 0001:00004510       intr112                    0000000010005510 f   NativeLib:interrupts_asm.obj
 0001:00004552       intr113                    0000000010005552 f   NativeLib:interrupts_asm.obj
 0001:00004594       intr114                    0000000010005594 f   NativeLib:interrupts_asm.obj
 0001:000045d6       intr115                    00000000100055d6 f   NativeLib:interrupts_asm.obj
 0001:00004618       intr116                    0000000010005618 f   NativeLib:interrupts_asm.obj
 0001:0000465a       intr117                    000000001000565a f   NativeLib:interrupts_asm.obj
 0001:0000469c       intr118                    000000001000569c f   NativeLib:interrupts_asm.obj
 0001:000046de       intr119                    00000000100056de f   NativeLib:interrupts_asm.obj
 0001:00004720       intr120                    0000000010005720 f   NativeLib:interrupts_asm.obj
 0001:00004762       intr121                    0000000010005762 f   NativeLib:interrupts_asm.obj
 0001:000047a4       intr122                    00000000100057a4 f   NativeLib:interrupts_asm.obj
 0001:000047e6       intr123                    00000000100057e6 f   NativeLib:interrupts_asm.obj
 0001:00004828       intr124                    0000000010005828 f   NativeLib:interrupts_asm.obj
 0001:0000486a       intr125                    000000001000586a f   NativeLib:interrupts_asm.obj
 0001:000048ac       intr126                    00000000100058ac f   NativeLib:interrupts_asm.obj
 0001:000048ee       intr127                    00000000100058ee f   NativeLib:interrupts_asm.obj
 0001:00004930       intr128                    0000000010005930 f   NativeLib:interrupts_asm.obj
 0001:00004972       intr129                    0000000010005972 f   NativeLib:interrupts_asm.obj
 0001:000049b4       intr130                    00000000100059b4 f   NativeLib:interrupts_asm.obj
 0001:000049f6       intr131                    00000000100059f6 f   NativeLib:interrupts_asm.obj
 0001:00004a38       intr132                    0000000010005a38 f   NativeLib:interrupts_asm.obj
 0001:00004a7a       intr133                    0000000010005a7a f   NativeLib:interrupts_asm.obj
 0001:00004abc       intr134                    0000000010005abc f   NativeLib:interrupts_asm.obj
 0001:00004afe       intr135                    0000000010005afe f   NativeLib:interrupts_asm.obj
 0001:00004b40       intr136                    0000000010005b40 f   NativeLib:interrupts_asm.obj
 0001:00004b82       intr137                    0000000010005b82 f   NativeLib:interrupts_asm.obj
 0001:00004bc4       intr138                    0000000010005bc4 f   NativeLib:interrupts_asm.obj
 0001:00004c06       intr139                    0000000010005c06 f   NativeLib:interrupts_asm.obj
 0001:00004c48       intr140                    0000000010005c48 f   NativeLib:interrupts_asm.obj
 0001:00004c8a       intr141                    0000000010005c8a f   NativeLib:interrupts_asm.obj
 0001:00004ccc       intr142                    0000000010005ccc f   NativeLib:interrupts_asm.obj
 0001:00004d0e       intr143                    0000000010005d0e f   NativeLib:interrupts_asm.obj
 0001:00004d50       intr144                    0000000010005d50 f   NativeLib:interrupts_asm.obj
 0001:00004d92       intr145                    0000000010005d92 f   NativeLib:interrupts_asm.obj
 0001:00004dd4       intr146                    0000000010005dd4 f   NativeLib:interrupts_asm.obj
 0001:00004e16       intr147                    0000000010005e16 f   NativeLib:interrupts_asm.obj
 0001:00004e58       intr148                    0000000010005e58 f   NativeLib:interrupts_asm.obj
 0001:00004e9a       intr149                    0000000010005e9a f   NativeLib:interrupts_asm.obj
 0001:00004edc       intr150                    0000000010005edc f   NativeLib:interrupts_asm.obj
 0001:00004f1e       intr151                    0000000010005f1e f   NativeLib:interrupts_asm.obj
 0001:00004f60       intr152                    0000000010005f60 f   NativeLib:interrupts_asm.obj
 0001:00004fa2       intr153                    0000000010005fa2 f   NativeLib:interrupts_asm.obj
 0001:00004fe4       intr154                    0000000010005fe4 f   NativeLib:interrupts_asm.obj
 0001:00005026       intr155                    0000000010006026 f   NativeLib:interrupts_asm.obj
 0001:00005068       intr156                    0000000010006068 f   NativeLib:interrupts_asm.obj
 0001:000050aa       intr157                    00000000100060aa f   NativeLib:interrupts_asm.obj
 0001:000050ec       intr158                    00000000100060ec f   NativeLib:interrupts_asm.obj
 0001:0000512e       intr159                    000000001000612e f   NativeLib:interrupts_asm.obj
 0001:00005170       intr160                    0000000010006170 f   NativeLib:interrupts_asm.obj
 0001:000051b2       intr161                    00000000100061b2 f   NativeLib:interrupts_asm.obj
 0001:000051f4       intr162                    00000000100061f4 f   NativeLib:interrupts_asm.obj
 0001:00005236       intr163                    0000000010006236 f   NativeLib:interrupts_asm.obj
 0001:00005278       intr164                    0000000010006278 f   NativeLib:interrupts_asm.obj
 0001:000052ba       intr165                    00000000100062ba f   NativeLib:interrupts_asm.obj
 0001:000052fc       intr166                    00000000100062fc f   NativeLib:interrupts_asm.obj
 0001:0000533e       intr167                    000000001000633e f   NativeLib:interrupts_asm.obj
 0001:00005380       intr168                    0000000010006380 f   NativeLib:interrupts_asm.obj
 0001:000053c2       intr169                    00000000100063c2 f   NativeLib:interrupts_asm.obj
 0001:00005404       intr170                    0000000010006404 f   NativeLib:interrupts_asm.obj
 0001:00005446       intr171                    0000000010006446 f   NativeLib:interrupts_asm.obj
 0001:00005488       intr172                    0000000010006488 f   NativeLib:interrupts_asm.obj
 0001:000054ca       intr173                    00000000100064ca f   NativeLib:interrupts_asm.obj
 0001:0000550c       intr174                    000000001000650c f   NativeLib:interrupts_asm.obj
 0001:0000554e       intr175                    000000001000654e f   NativeLib:interrupts_asm.obj
 0001:00005590       intr176                    0000000010006590 f   NativeLib:interrupts_asm.obj
 0001:000055d2       intr177                    00000000100065d2 f   NativeLib:interrupts_asm.obj
 0001:00005614       intr178                    0000000010006614 f   NativeLib:interrupts_asm.obj
 0001:00005656       intr179                    0000000010006656 f   NativeLib:interrupts_asm.obj
 0001:00005698       intr180                    0000000010006698 f   NativeLib:interrupts_asm.obj
 0001:000056da       intr181                    00000000100066da f   NativeLib:interrupts_asm.obj
 0001:0000571c       intr182                    000000001000671c f   NativeLib:interrupts_asm.obj
 0001:0000575e       intr183                    000000001000675e f   NativeLib:interrupts_asm.obj
 0001:000057a0       intr184                    00000000100067a0 f   NativeLib:interrupts_asm.obj
 0001:000057e2       intr185                    00000000100067e2 f   NativeLib:interrupts_asm.obj
 0001:00005824       intr186                    0000000010006824 f   NativeLib:interrupts_asm.obj
 0001:00005866       intr187                    0000000010006866 f   NativeLib:interrupts_asm.obj
 0001:000058a8       intr188                    00000000100068a8 f   NativeLib:interrupts_asm.obj
 0001:000058ea       intr189                    00000000100068ea f   NativeLib:interrupts_asm.obj
 0001:0000592c       intr190                    000000001000692c f   NativeLib:interrupts_asm.obj
 0001:0000596e       intr191                    000000001000696e f   NativeLib:interrupts_asm.obj
 0001:000059b0       intr192                    00000000100069b0 f   NativeLib:interrupts_asm.obj
 0001:000059f2       intr193                    00000000100069f2 f   NativeLib:interrupts_asm.obj
 0001:00005a34       intr194                    0000000010006a34 f   NativeLib:interrupts_asm.obj
 0001:00005a76       intr195                    0000000010006a76 f   NativeLib:interrupts_asm.obj
 0001:00005ab8       intr196                    0000000010006ab8 f   NativeLib:interrupts_asm.obj
 0001:00005afa       intr197                    0000000010006afa f   NativeLib:interrupts_asm.obj
 0001:00005b3c       intr198                    0000000010006b3c f   NativeLib:interrupts_asm.obj
 0001:00005b7e       intr199                    0000000010006b7e f   NativeLib:interrupts_asm.obj
 0001:00005bc0       intr200                    0000000010006bc0 f   NativeLib:interrupts_asm.obj
 0001:00005c02       intr201                    0000000010006c02 f   NativeLib:interrupts_asm.obj
 0001:00005c44       intr202                    0000000010006c44 f   NativeLib:interrupts_asm.obj
 0001:00005c86       intr203                    0000000010006c86 f   NativeLib:interrupts_asm.obj
 0001:00005cc8       intr204                    0000000010006cc8 f   NativeLib:interrupts_asm.obj
 0001:00005d0a       intr205                    0000000010006d0a f   NativeLib:interrupts_asm.obj
 0001:00005d4c       intr206                    0000000010006d4c f   NativeLib:interrupts_asm.obj
 0001:00005d8e       intr207                    0000000010006d8e f   NativeLib:interrupts_asm.obj
 0001:00005dd0       intr208                    0000000010006dd0 f   NativeLib:interrupts_asm.obj
 0001:00005e12       intr209                    0000000010006e12 f   NativeLib:interrupts_asm.obj
 0001:00005e54       intr210                    0000000010006e54 f   NativeLib:interrupts_asm.obj
 0001:00005e96       intr211                    0000000010006e96 f   NativeLib:interrupts_asm.obj
 0001:00005ed8       intr212                    0000000010006ed8 f   NativeLib:interrupts_asm.obj
 0001:00005f1a       intr213                    0000000010006f1a f   NativeLib:interrupts_asm.obj
 0001:00005f5c       intr214                    0000000010006f5c f   NativeLib:interrupts_asm.obj
 0001:00005f9e       intr215                    0000000010006f9e f   NativeLib:interrupts_asm.obj
 0001:00005fe0       intr216                    0000000010006fe0 f   NativeLib:interrupts_asm.obj
 0001:00006022       intr217                    0000000010007022 f   NativeLib:interrupts_asm.obj
 0001:00006064       intr218                    0000000010007064 f   NativeLib:interrupts_asm.obj
 0001:000060a6       intr219                    00000000100070a6 f   NativeLib:interrupts_asm.obj
 0001:000060e8       intr220                    00000000100070e8 f   NativeLib:interrupts_asm.obj
 0001:0000612a       intr221                    000000001000712a f   NativeLib:interrupts_asm.obj
 0001:0000616c       intr222                    000000001000716c f   NativeLib:interrupts_asm.obj
 0001:000061ae       intr223                    00000000100071ae f   NativeLib:interrupts_asm.obj
 0001:000061f0       intr224                    00000000100071f0 f   NativeLib:interrupts_asm.obj
 0001:00006232       intr225                    0000000010007232 f   NativeLib:interrupts_asm.obj
 0001:00006274       intr226                    0000000010007274 f   NativeLib:interrupts_asm.obj
 0001:000062b6       intr227                    00000000100072b6 f   NativeLib:interrupts_asm.obj
 0001:000062f8       intr228                    00000000100072f8 f   NativeLib:interrupts_asm.obj
 0001:0000633a       intr229                    000000001000733a f   NativeLib:interrupts_asm.obj
 0001:0000637c       intr230                    000000001000737c f   NativeLib:interrupts_asm.obj
 0001:000063be       intr231                    00000000100073be f   NativeLib:interrupts_asm.obj
 0001:00006400       intr232                    0000000010007400 f   NativeLib:interrupts_asm.obj
 0001:00006442       intr233                    0000000010007442 f   NativeLib:interrupts_asm.obj
 0001:00006484       intr234                    0000000010007484 f   NativeLib:interrupts_asm.obj
 0001:000064c6       intr235                    00000000100074c6 f   NativeLib:interrupts_asm.obj
 0001:00006508       intr236                    0000000010007508 f   NativeLib:interrupts_asm.obj
 0001:0000654a       intr237                    000000001000754a f   NativeLib:interrupts_asm.obj
 0001:0000658c       intr238                    000000001000758c f   NativeLib:interrupts_asm.obj
 0001:000065ce       intr239                    00000000100075ce f   NativeLib:interrupts_asm.obj
 0001:00006610       intr240                    0000000010007610 f   NativeLib:interrupts_asm.obj
 0001:00006652       intr241                    0000000010007652 f   NativeLib:interrupts_asm.obj
 0001:00006694       intr242                    0000000010007694 f   NativeLib:interrupts_asm.obj
 0001:000066d6       intr243                    00000000100076d6 f   NativeLib:interrupts_asm.obj
 0001:00006718       intr244                    0000000010007718 f   NativeLib:interrupts_asm.obj
 0001:0000675a       intr245                    000000001000775a f   NativeLib:interrupts_asm.obj
 0001:0000679c       intr246                    000000001000779c f   NativeLib:interrupts_asm.obj
 0001:000067de       intr247                    00000000100077de f   NativeLib:interrupts_asm.obj
 0001:00006820       intr248                    0000000010007820 f   NativeLib:interrupts_asm.obj
 0001:00006862       intr249                    0000000010007862 f   NativeLib:interrupts_asm.obj
 0001:000068a4       intr250                    00000000100078a4 f   NativeLib:interrupts_asm.obj
 0001:000068e6       intr251                    00000000100078e6 f   NativeLib:interrupts_asm.obj
 0001:00006928       intr252                    0000000010007928 f   NativeLib:interrupts_asm.obj
 0001:0000696a       intr253                    000000001000796a f   NativeLib:interrupts_asm.obj
 0001:000069ac       intr254                    00000000100079ac f   NativeLib:interrupts_asm.obj
 0001:000069ee       intr255                    00000000100079ee f   NativeLib:interrupts_asm.obj
 0001:00006a30       _reload_segreg             0000000010007a30 f   NativeLib:interrupts_asm.obj
 0001:00006a57       Load_IDT                   0000000010007a57 f   NativeLib:interrupts_asm.obj
 0001:00006a5b       _cli                       0000000010007a5b f   NativeLib:interrupts_asm.obj
 0001:00006a5d       _sti                       0000000010007a5d f   NativeLib:interrupts_asm.obj
 0001:00006a5f       _hlt                       0000000010007a5f f   NativeLib:interrupts_asm.obj
 0001:00006a61       _inttest                   0000000010007a61 f   NativeLib:interrupts_asm.obj
 0001:00006a6b       _iretq                     0000000010007a6b f   NativeLib:interrupts_asm.obj
 0001:00006a86       _int20h                    0000000010007a86 f   NativeLib:interrupts_asm.obj
 0001:00006a90       double_tostring            0000000010007a90 f   NativeLib:double_tostring.obj
 0001:00006ae0       enable_avx                 0000000010007ae0 f   NativeLib:misc.obj
 0001:00006af3       enable_sse                 0000000010007af3 f   NativeLib:misc.obj
 0001:00006b06       Schedule_Next              0000000010007b06 f   NativeLib:misc.obj
 0001:00011f70       lodepng_add_itext          0000000010012f70 f   NativeLib:lodepng.obj
 0001:000121b0       lodepng_add_text           00000000100131b0 f   NativeLib:lodepng.obj
 0001:00012470       lodepng_can_have_alpha     0000000010013470 f   NativeLib:lodepng.obj
 0001:000124d0       lodepng_chunk_ancillary    00000000100134d0 f   NativeLib:lodepng.obj
 0001:00012520       lodepng_chunk_append       0000000010013520 f   NativeLib:lodepng.obj
 0001:00012640       lodepng_chunk_check_crc    0000000010013640 f   NativeLib:lodepng.obj
 0001:000126d0       lodepng_chunk_create       00000000100136d0 f   NativeLib:lodepng.obj
 0001:00012800       lodepng_chunk_data         0000000010013800 f   NativeLib:lodepng.obj
 0001:00012840       lodepng_chunk_data_const   0000000010013840 f   NativeLib:lodepng.obj
 0001:00012880       lodepng_chunk_find         0000000010013880 f   NativeLib:lodepng.obj
 0001:00012900       lodepng_chunk_find_const   0000000010013900 f   NativeLib:lodepng.obj
 0001:00012980       lodepng_chunk_generate_crc 0000000010013980 f   NativeLib:lodepng.obj
 0001:00012ad0       lodepng_chunk_length       0000000010013ad0 f   NativeLib:lodepng.obj
 0001:00012b10       lodepng_chunk_next         0000000010013b10 f   NativeLib:lodepng.obj
 0001:00012c70       lodepng_chunk_next_const   0000000010013c70 f   NativeLib:lodepng.obj
 0001:00012dd0       lodepng_chunk_private      0000000010013dd0 f   NativeLib:lodepng.obj
 0001:00012e20       lodepng_chunk_safetocopy   0000000010013e20 f   NativeLib:lodepng.obj
 0001:00012e70       lodepng_chunk_type         0000000010013e70 f   NativeLib:lodepng.obj
 0001:00012ee0       lodepng_chunk_type_equals  0000000010013ee0 f   NativeLib:lodepng.obj
 0001:00012fd0       lodepng_clear_icc          0000000010013fd0 f   NativeLib:lodepng.obj
 0001:00013040       lodepng_clear_itext        0000000010014040 f   NativeLib:lodepng.obj
 0001:00013070       lodepng_clear_text         0000000010014070 f   NativeLib:lodepng.obj
 0001:00013150       lodepng_color_mode_cleanup 0000000010014150 f   NativeLib:lodepng.obj
 0001:00013180       lodepng_color_mode_copy    0000000010014180 f   NativeLib:lodepng.obj
 0001:00013360       lodepng_color_mode_init    0000000010014360 f   NativeLib:lodepng.obj
 0001:000133e0       lodepng_color_mode_make    00000000100143e0 f   NativeLib:lodepng.obj
 0001:00013570       lodepng_color_stats_init   0000000010014570 f   NativeLib:lodepng.obj
 0001:00013620       lodepng_compress_settings_init 0000000010014620 f   NativeLib:lodepng.obj
 0001:000136b0       lodepng_compute_color_stats 00000000100146b0 f   NativeLib:lodepng.obj
 0001:00014580       lodepng_convert            0000000010015580 f   NativeLib:lodepng.obj
 0001:00014ac0       lodepng_convert_rgb        0000000010015ac0 f   NativeLib:lodepng.obj
 0001:00014e00       lodepng_crc32              0000000010015e00 f   NativeLib:lodepng.obj
 0001:00014e90       lodepng_decode             0000000010015e90 f   NativeLib:lodepng.obj
 0001:00015080       lodepng_decode24           0000000010016080 f   NativeLib:lodepng.obj
 0001:000150f0       lodepng_decode32           00000000100160f0 f   NativeLib:lodepng.obj
 0001:00015160       lodepng_decode_memory      0000000010016160 f   NativeLib:lodepng.obj
 0001:00015230       lodepng_decoder_settings_init 0000000010016230 f   NativeLib:lodepng.obj
 0001:000152c0       lodepng_decompress_settings_init 00000000100162c0 f   NativeLib:lodepng.obj
 0001:00015330       lodepng_deflate            0000000010016330 f   NativeLib:lodepng.obj
 0001:00015640       lodepng_encode             0000000010016640 f   NativeLib:lodepng.obj
 0001:00016640       lodepng_encode24           0000000010017640 f   NativeLib:lodepng.obj
 0001:000166a0       lodepng_encode32           00000000100176a0 f   NativeLib:lodepng.obj
 0001:00016700       lodepng_encode_memory      0000000010017700 f   NativeLib:lodepng.obj
 0001:000167c0       lodepng_encoder_settings_init 00000000100177c0 f   NativeLib:lodepng.obj
 0001:00016840       lodepng_error_text         0000000010017840 f   NativeLib:lodepng.obj
 0001:00016f10       lodepng_get_bpp            0000000010017f10 f   NativeLib:lodepng.obj
 0001:00016f80       lodepng_get_channels       0000000010017f80 f   NativeLib:lodepng.obj
 0001:00016fb0       lodepng_get_raw_size       0000000010017fb0 f   NativeLib:lodepng.obj
 0001:00017190       lodepng_has_palette_alpha  0000000010018190 f   NativeLib:lodepng.obj
 0001:00017200       lodepng_huffman_code_lengths 0000000010018200 f   NativeLib:lodepng.obj
 0001:00017650       lodepng_inflate            0000000010018650 f   NativeLib:lodepng.obj
 0001:00017860       lodepng_info_cleanup       0000000010018860 f   NativeLib:lodepng.obj
 0001:000178c0       lodepng_info_copy          00000000100188c0 f   NativeLib:lodepng.obj
 0001:000179f0       lodepng_info_init          00000000100189f0 f   NativeLib:lodepng.obj
 0001:00017b00       lodepng_inspect            0000000010018b00 f   NativeLib:lodepng.obj
 0001:00017f50       lodepng_inspect_chunk      0000000010018f50 f   NativeLib:lodepng.obj
 0001:00018370       lodepng_is_alpha_type      0000000010019370 f   NativeLib:lodepng.obj
 0001:000183c0       lodepng_is_greyscale_type  00000000100193c0 f   NativeLib:lodepng.obj
 0001:00018410       lodepng_is_palette_type    0000000010019410 f   NativeLib:lodepng.obj
 0001:000185c0       lodepng_palette_add        00000000100195c0 f   NativeLib:lodepng.obj
 0001:000186b0       lodepng_palette_clear      00000000100196b0 f   NativeLib:lodepng.obj
 0001:000189d0       lodepng_set_icc            00000000100199d0 f   NativeLib:lodepng.obj
 0001:00018a40       lodepng_state_cleanup      0000000010019a40 f   NativeLib:lodepng.obj
 0001:00018a90       lodepng_state_copy         0000000010019a90 f   NativeLib:lodepng.obj
 0001:00018b60       lodepng_state_init         0000000010019b60 f   NativeLib:lodepng.obj
 0001:00018c20       lodepng_zlib_compress      0000000010019c20 f   NativeLib:lodepng.obj
 0001:00018e10       lodepng_zlib_decompress    0000000010019e10 f   NativeLib:lodepng.obj
 0001:0001dac0       fatfs_init                 000000001001eac0 f   NativeLib:fatfs.obj
 0001:0001db40       format_exfat               000000001001eb40 f   NativeLib:fatfs.obj
 0001:0001dbc0       get_files                  000000001001ebc0 f   NativeLib:fatfs.obj
 0001:0001dd00       read_all_bytes             000000001001ed00 f   NativeLib:fatfs.obj
 0001:0001ddc0       write_all_bytes            000000001001edc0 f   NativeLib:fatfs.obj
 0001:0001de60       In16                       000000001001ee60 f   NativeLib:io.obj
 0001:0001de90       In32                       000000001001ee90 f   NativeLib:io.obj
 0001:0001dec0       In8                        000000001001eec0 f   NativeLib:io.obj
 0001:0001def0       Insb                       000000001001eef0 f   NativeLib:io.obj
 0001:0001df30       Insd                       000000001001ef30 f   NativeLib:io.obj
 0001:0001df70       Insw                       000000001001ef70 f   NativeLib:io.obj
 0001:0001dfb0       Out16                      000000001001efb0 f   NativeLib:io.obj
 0001:0001dfe0       Out32                      000000001001efe0 f   NativeLib:io.obj
 0001:0001e010       Out8                       000000001001f010 f   NativeLib:io.obj
 0001:0001e040       Outsb                      000000001001f040 f   NativeLib:io.obj
 0001:0001e080       Outsd                      000000001001f080 f   NativeLib:io.obj
 0001:0001e0c0       Outsw                      000000001001f0c0 f   NativeLib:io.obj
 0001:0001e100       vmware_send                000000001001f100 f   NativeLib:vmware.obj
 0001:0001e184       vmware_send_hb             000000001001f184 f   NativeLib:vmware.obj
 0001:0001e20a       vmware_get_hb              000000001001f20a f   NativeLib:vmware.obj
 0001:000205a0       f_close                    00000000100215a0 f   NativeLib:ff.obj
 0001:00020600       f_closedir                 0000000010021600 f   NativeLib:ff.obj
 0001:00020650       f_getfree                  0000000010021650 f   NativeLib:ff.obj
 0001:00020930       f_lseek                    0000000010021930 f   NativeLib:ff.obj
 0001:00020e70       f_mkdir                    0000000010021e70 f   NativeLib:ff.obj
 0001:000211b0       f_mkfs                     00000000100221b0 f   NativeLib:ff.obj
 0001:00022d60       f_mount                    0000000010023d60 f   NativeLib:ff.obj
 0001:00022e20       f_open                     0000000010023e20 f   NativeLib:ff.obj
 0001:000234e0       f_opendir                  00000000100244e0 f   NativeLib:ff.obj
 0001:000236a0       f_read                     00000000100246a0 f   NativeLib:ff.obj
 0001:00023b00       f_readdir                  0000000010024b00 f   NativeLib:ff.obj
 0001:00023bb0       f_rename                   0000000010024bb0 f   NativeLib:ff.obj
 0001:00024070       f_stat                     0000000010025070 f   NativeLib:ff.obj
 0001:00024110       f_sync                     0000000010025110 f   NativeLib:ff.obj
 0001:00024460       f_truncate                 0000000010025460 f   NativeLib:ff.obj
 0001:00024610       f_unlink                   0000000010025610 f   NativeLib:ff.obj
 0001:00024850       f_write                    0000000010025850 f   NativeLib:ff.obj
 0001:00028080       ff_oem2uni                 0000000010029080 f   NativeLib:ffunicode.obj
 0001:00028190       ff_uni2oem                 0000000010029190 f   NativeLib:ffunicode.obj
 0001:000282a0       ff_wtoupper                00000000100292a0 f   NativeLib:ffunicode.obj
 0001:00028470       disk_initialize            0000000010029470 f   NativeLib:diskio.obj
 0001:000284a0       disk_ioctl                 00000000100294a0 f   NativeLib:diskio.obj
 0001:00028520       disk_read                  0000000010029520 f   NativeLib:diskio.obj
 0001:00028560       disk_status                0000000010029560 f   NativeLib:diskio.obj
 0001:00028590       disk_write                 0000000010029590 f   NativeLib:diskio.obj
 0001:000285d0       mystrtoul                  00000000100295d0 f   LibC:strtoul.obj
 0001:0002ae70       fctprintf                  000000001002be70 f   LibC:printf.obj
 0001:0002aef0       printf_                    000000001002bef0 f   LibC:printf.obj
 0001:0002af60       snprintf_                  000000001002bf60 f   LibC:printf.obj
 0001:0002afc0       sprintf_                   000000001002bfc0 f   LibC:printf.obj
 0001:0002b030       vprintf_                   000000001002c030 f   LibC:printf.obj
 0001:0002b080       vsnprintf_                 000000001002c080 f   LibC:printf.obj
 0001:0002b0d0       myisspace                  000000001002c0d0 f   LibC:isspace.obj
 0001:0002b120       myisdigit                  000000001002c120 f   LibC:isdigit.obj
 0001:0002b160       myisalpha                  000000001002c160 f   LibC:isalpha.obj
 0001:0002b1a0       myisupper                  000000001002c1a0 f   LibC:isupper.obj
 0002:00000000       unbox_UInt8__ToString      000000001002d000     guideXOS.obj
 0002:0000000c       unbox_Double__ToString     000000001002d00c     guideXOS.obj
 0002:00000018       unbox_Int32__ToString      000000001002d018     guideXOS.obj
 0002:00000024       unbox_UInt16__ToString     000000001002d024     guideXOS.obj
 0002:00000030       unbox_UInt32__ToString     000000001002d030     guideXOS.obj
 0002:0000003c       unbox_UInt64__ToString     000000001002d03c     guideXOS.obj
 0003:00000000       KMain                      000000001002e000     guideXOS.obj
 0003:00000000       guideXOS_Program__KMain    000000001002e000     guideXOS.obj
 0003:00000290       guideXOS_Program__SMain    000000001002e290     guideXOS.obj
 0003:0000093c       guideXOS_Program__InitConsole 000000001002e93c     guideXOS.obj
 0003:0000097c       guideXOS_Allocator__GetPageIndexStart 000000001002e97c     guideXOS.obj
 0003:000009cc       guideXOS_Allocator__Free   000000001002e9cc     guideXOS.obj
 0003:00000b04       guideXOS_Allocator__get_MemoryInUse 000000001002eb04     guideXOS.obj
 0003:00000b1c       guideXOS_Allocator__Initialize 000000001002eb1c     guideXOS.obj
 0003:00000bb0       guideXOS_Allocator__Allocate 000000001002ebb0     guideXOS.obj
 0003:00000de8       guideXOS_Allocator__Reallocate 000000001002ede8     guideXOS.obj
 0003:00000edc       guideXOS_GDT__FillEntry    000000001002eedc     guideXOS.obj
 0003:00000f1c       guideXOS_GDT__Initialise   000000001002ef1c     guideXOS.obj
 0003:00001064       guideXOS_GDT__SetKernelStack 000000001002f064     guideXOS.obj
 0003:00001088       guideXOS_IDT__Initialize   000000001002f088     guideXOS.obj
 0003:0000117c       guideXOS_IDT__AllowUserSoftwareInterrupt 000000001002f17c     guideXOS.obj
 0003:00001214       guideXOS_IDT__intr_handler 000000001002f214     guideXOS.obj
 0003:00001214       intr_handler               000000001002f214     guideXOS.obj
 0003:00001940       guideXOS_Native__Load_GDT  000000001002f940     guideXOS.obj
 0003:00001994       guideXOS_Native__Load_IDT  000000001002f994     guideXOS.obj
 0003:000019e8       guideXOS_Internal_Runtime_EEType__get_IsArray 000000001002f9e8     guideXOS.obj
 0003:00001a0c       guideXOS_Internal_Runtime_EEType__get_ArrayRank 000000001002fa0c     guideXOS.obj
 0003:00001a2c       __imp_GetCurrentThreadId   000000001002fa2c     guideXOS.obj
 0003:00001a2c       guideXOS_Internal_Runtime_CompilerHelpers_StartupCodeHelpers____imp_GetCurrentThreadId 000000001002fa2c     guideXOS.obj
 0003:00001a30       __CheckForDebuggerJustMyCode 000000001002fa30     guideXOS.obj
 0003:00001a30       guideXOS_Internal_Runtime_CompilerHelpers_StartupCodeHelpers____CheckForDebuggerJustMyCode 000000001002fa30     guideXOS.obj
 0003:00001a34       __fail_fast                000000001002fa34     guideXOS.obj
 0003:00001a34       guideXOS_Internal_Runtime_CompilerHelpers_StartupCodeHelpers__FailFast 000000001002fa34     guideXOS.obj
 0003:00001a38       guideXOS_Internal_Runtime_CompilerHelpers_StartupCodeHelpers__MemSet 000000001002fa38     guideXOS.obj
 0003:00001a38       memset                     000000001002fa38     guideXOS.obj
 0003:00001a54       guideXOS_Internal_Runtime_CompilerHelpers_StartupCodeHelpers__MemCpy 000000001002fa54     guideXOS.obj
 0003:00001a54       memcpy                     000000001002fa54     guideXOS.obj
 0003:00001a70       RhpFallbackFailFast        000000001002fa70     guideXOS.obj
 0003:00001a70       guideXOS_Internal_Runtime_CompilerHelpers_StartupCodeHelpers__RhpFallbackFailFast 000000001002fa70     guideXOS.obj
 0003:00001a74       RhpReversePInvoke2         000000001002fa74     guideXOS.obj
 0003:00001a74       guideXOS_Internal_Runtime_CompilerHelpers_StartupCodeHelpers__RhpReversePInvoke2 000000001002fa74     guideXOS.obj
 0003:00001a78       RhpReversePInvokeReturn2   000000001002fa78     guideXOS.obj
 0003:00001a78       guideXOS_Internal_Runtime_CompilerHelpers_StartupCodeHelpers__RhpReversePInvokeReturn2 000000001002fa78     guideXOS.obj
 0003:00001a7c       RhpReversePInvoke          000000001002fa7c     guideXOS.obj
 0003:00001a7c       guideXOS_Internal_Runtime_CompilerHelpers_StartupCodeHelpers__RhpReversePInvoke 000000001002fa7c     guideXOS.obj
 0003:00001a80       RhpReversePInvokeReturn    000000001002fa80     guideXOS.obj
 0003:00001a80       guideXOS_Internal_Runtime_CompilerHelpers_StartupCodeHelpers__RhpReversePInvokeReturn 000000001002fa80     guideXOS.obj
 0003:00001a84       RhpPInvoke                 000000001002fa84     guideXOS.obj
 0003:00001a84       guideXOS_Internal_Runtime_CompilerHelpers_StartupCodeHelpers__RhpPinvoke 000000001002fa84     guideXOS.obj
 0003:00001a88       RhpPInvokeReturn           000000001002fa88     guideXOS.obj
 0003:00001a88       guideXOS_Internal_Runtime_CompilerHelpers_StartupCodeHelpers__RhpPinvokeReturn 000000001002fa88     guideXOS.obj
 0003:00001a8c       RhpNewFast                 000000001002fa8c     guideXOS.obj
 0003:00001a8c       guideXOS_Internal_Runtime_CompilerHelpers_StartupCodeHelpers__RhpNewFast 000000001002fa8c     guideXOS.obj
 0003:00001b18       RhpNewArray                000000001002fb18     guideXOS.obj
 0003:00001b18       guideXOS_Internal_Runtime_CompilerHelpers_StartupCodeHelpers__RhpNewArray 000000001002fb18     guideXOS.obj
 0003:00001bdc       RhpAssignRef               000000001002fbdc     guideXOS.obj
 0003:00001bdc       guideXOS_Internal_Runtime_CompilerHelpers_StartupCodeHelpers__RhpAssignRef 000000001002fbdc     guideXOS.obj
 0003:00001be0       RhpByRefAssignRef          000000001002fbe0     guideXOS.obj
 0003:00001be0       guideXOS_Internal_Runtime_CompilerHelpers_StartupCodeHelpers__RhpByRefAssignRef 000000001002fbe0     guideXOS.obj
 0003:00001be4       RhpCheckedAssignRef        000000001002fbe4     guideXOS.obj
 0003:00001be4       guideXOS_Internal_Runtime_CompilerHelpers_StartupCodeHelpers__RhpCheckedAssignRef 000000001002fbe4     guideXOS.obj
 0003:00001be8       RhpStelemRef               000000001002fbe8     guideXOS.obj
 0003:00001be8       guideXOS_Internal_Runtime_CompilerHelpers_StartupCodeHelpers__RhpStelemRef 000000001002fbe8     guideXOS.obj
 0003:00001c20       RhTypeCast_IsInstanceOfClass 000000001002fc20     guideXOS.obj
 0003:00001c20       guideXOS_Internal_Runtime_CompilerHelpers_StartupCodeHelpers__RhTypeCast_IsInstanceOfClass 000000001002fc20     guideXOS.obj
 0003:00001c4c       guideXOS_Internal_Runtime_CompilerHelpers_StartupCodeHelpers__InitializeModules 000000001002fc4c     guideXOS.obj
 0003:00001e08       guideXOS_Internal_Runtime_CompilerHelpers_StartupCodeHelpers__InitializeStatics 000000001002fe08     guideXOS.obj
 0003:00001ef0       guideXOS_Internal_Runtime_CompilerHelpers_SynchronizedMethodHelpers__MonitorEnterStatic 000000001002fef0     guideXOS.obj
 0003:00001ef4       guideXOS_Internal_Runtime_CompilerHelpers_SynchronizedMethodHelpers__MonitorExitStatic 000000001002fef4     guideXOS.obj
 0003:00001ef8       guideXOS_Internal_Runtime_CompilerHelpers_ThrowHelpers__Error 000000001002fef8     guideXOS.obj
 0003:00001fa8       guideXOS_Internal_Runtime_CompilerHelpers_ThrowHelpers__ThrowOverflowException 000000001002ffa8     guideXOS.obj
 0003:00001fc0       guideXOS_Internal_Runtime_CompilerHelpers_ThrowHelpers__ThrowIndexOutOfRangeException 000000001002ffc0     guideXOS.obj
 0003:00001fd8       UInt8__ToString            000000001002ffd8     guideXOS.obj
 0003:00001ff4       Char__ToUpper              000000001002fff4     guideXOS.obj
 0003:0000200c       guideXOS_System_Delegate__InitializeClosedInstance 000000001003000c     guideXOS.obj
 0003:00002038       Double__ToString           0000000010030038     guideXOS.obj
 0003:00002108       Int32__ToString            0000000010030108     guideXOS.obj
 0003:00002128       Int64__ToString            0000000010030128     guideXOS.obj
 0003:00002218       guideXOS_System_Math__Pow  0000000010030218     guideXOS.obj
 0003:00002244       guideXOS_System_Math__Fact 0000000010030244     guideXOS.obj
 0003:0000227c       guideXOS_System_Math__Sin  000000001003027c     guideXOS.obj
 0003:0000232c       guideXOS_System_MathF__Floor 000000001003032c     guideXOS.obj
 0003:0000238c       Object___ctor              000000001003038c     guideXOS.obj
 0003:00002390       Object__ToString           0000000010030390     guideXOS.obj
 0003:00002398       Object__Dispose            0000000010030398     guideXOS.obj
 0003:000023e8       String__FromASCII          00000000100303e8     guideXOS.obj
 0003:00002480       String__Ctor               0000000010030480     guideXOS.obj
 0003:000024a0       String__Ctor_2             00000000100304a0     guideXOS.obj
 0003:0000255c       String__LastIndexOf        000000001003055c     guideXOS.obj
 0003:00002584       String__ToString           0000000010030584     guideXOS.obj
 0003:00002588       String__Equals_0           0000000010030588     guideXOS.obj
 0003:000025c4       String__Concat             00000000100305c4     guideXOS.obj
 0003:000026b0       String__IndexOf            00000000100306b0     guideXOS.obj
 0003:000026e0       String__Concat_0           00000000100306e0     guideXOS.obj
 0003:00002754       String__Concat_1           0000000010030754     guideXOS.obj
 0003:00002818       String__Concat_2           0000000010030818     guideXOS.obj
 0003:00002900       String__Format             0000000010030900     guideXOS.obj
 0003:00002b04       String__Split              0000000010030b04     guideXOS.obj
 0003:00002c18       String__Substring          0000000010030c18     guideXOS.obj
 0003:00002c58       String__Substring_0        0000000010030c58     guideXOS.obj
 0003:00002c94       String__EndsWith_0         0000000010030c94     guideXOS.obj
 0003:00002d14       String__ToUpper            0000000010030d14     guideXOS.obj
 0003:00002da8       UInt16__ToString           0000000010030da8     guideXOS.obj
 0003:00002dc4       UInt32__ToString           0000000010030dc4     guideXOS.obj
 0003:00002de0       UInt64__ToString           0000000010030de0     guideXOS.obj
 0003:00002ea8       UInt64__ToStringHex        0000000010030ea8     guideXOS.obj
 0003:00002f50       guideXOS_System_Threading_Monitor__Unlock 0000000010030f50     guideXOS.obj
 0003:00002f94       RhTypeCast_CheckCastClass  0000000010030f94     guideXOS.obj
 0003:00002f94       guideXOS_System_Runtime_TypeCast__CheckCastClass 0000000010030f94     guideXOS.obj
 0003:00002fbc       RhTypeCast_CheckCastArray  0000000010030fbc     guideXOS.obj
 0003:00002fbc       guideXOS_System_Runtime_TypeCast__CheckCastArray 0000000010030fbc     guideXOS.obj
 0003:00002fe4       RhTypeCast_IsInstanceOfArray 0000000010030fe4     guideXOS.obj
 0003:00002fe4       guideXOS_System_Runtime_TypeCast__IsInstanceOfArray 0000000010030fe4     guideXOS.obj
 0003:00003040       guideXOS_System_Runtime_CompilerServices_ClassConstructorRunner__CheckStaticClassConstructionReturnGCStaticBase 0000000010031040     guideXOS.obj
 0003:00003058       guideXOS_System_Runtime_CompilerServices_ClassConstructorRunner__CheckStaticClassConstruction 0000000010031058     guideXOS.obj
 0003:0000308c       guideXOS_System_Drawing_Image___ctor 000000001003108c     guideXOS.obj
 0003:000030c8       guideXOS_System_Drawing_Image___ctor_0 00000000100310c8     guideXOS.obj
 0003:000030cc       guideXOS_System_Drawing_Image__Resample 00000000100310cc     guideXOS.obj
 0003:00003470       guideXOS_System_Drawing_Image__ResizeImage 0000000010031470     guideXOS.obj
 0003:000035e4       guideXOS_System_Drawing_Image__Dispose 00000000100315e4     guideXOS.obj
 0003:0000366c       guideXOS_System_Diagnostics_Process__Start 000000001003166c     guideXOS.obj
 0003:00003870       guideXOS_System_Diagnostics_Process__StartThread 0000000010031870     guideXOS.obj
 0003:000038ec       guideXOS_System_Diagnostics_Process__FixImageRelocations 00000000100318ec     guideXOS.obj
 0003:00003958       guideXOS_guideXOS_Animation___ctor 0000000010031958     guideXOS.obj
 0003:00003968       guideXOS_guideXOS_Animator__Initialize 0000000010031968     guideXOS.obj
 0003:000039c0       guideXOS_guideXOS_Animator__OnInterrupt 00000000100319c0     guideXOS.obj
 0003:00003a4c       guideXOS_guideXOS_API__HandleSystemCall 0000000010031a4c     guideXOS.obj
 0003:00003de8       guideXOS_guideXOS_API__API_SndWrite 0000000010031de8     guideXOS.obj
 0003:00003df0       guideXOS_guideXOS_API__API_Calloc 0000000010031df0     guideXOS.obj
 0003:00003df8       guideXOS_guideXOS_API__API_StartThread 0000000010031df8     guideXOS.obj
 0003:00003e34       guideXOS_guideXOS_API__API_Error 0000000010031e34     guideXOS.obj
 0003:00003e3c       guideXOS_guideXOS_API__API_GetTime 0000000010031e3c     guideXOS.obj
 0003:00003ebc       guideXOS_guideXOS_API__API_DrawImage 0000000010031ebc     guideXOS.obj
 0003:00003ef0       guideXOS_guideXOS_API__API_WriteString 0000000010031ef0     guideXOS.obj
 0003:00003f50       guideXOS_guideXOS_API__API_Width 0000000010031f50     guideXOS.obj
 0003:00003f64       guideXOS_guideXOS_API__API_Height 0000000010031f64     guideXOS.obj
 0003:00003f78       guideXOS_guideXOS_API__API_Update 0000000010031f78     guideXOS.obj
 0003:00003f80       guideXOS_guideXOS_API__API_Clear 0000000010031f80     guideXOS.obj
 0003:00003fa0       DebugWrite                 0000000010031fa0     guideXOS.obj
 0003:00003fa0       guideXOS_guideXOS_API__API_DebugWrite 0000000010031fa0     guideXOS.obj
 0003:00003fa8       DebugWriteLine             0000000010031fa8     guideXOS.obj
 0003:00003fa8       guideXOS_guideXOS_API__API_DebugWriteLine 0000000010031fa8     guideXOS.obj
 0003:00003fc4       Lock                       0000000010031fc4     guideXOS.obj
 0003:00003fc4       guideXOS_guideXOS_API__API_Lock 0000000010031fc4     guideXOS.obj
 0003:00003fec       Unlock                     0000000010031fec     guideXOS.obj
 0003:00003fec       guideXOS_guideXOS_API__API_Unlock 0000000010031fec     guideXOS.obj
 0003:0000402c       guideXOS_guideXOS_API__API_DrawPoint 000000001003202c     guideXOS.obj
 0003:00004060       guideXOS_guideXOS_API__API_SwitchToConsoleMode 0000000010032060     guideXOS.obj
 0003:00004068       guideXOS_guideXOS_API__API_ReadAllBytes 0000000010032068     guideXOS.obj
 0003:00004170       guideXOS_guideXOS_API__API_Sleep 0000000010032170     guideXOS.obj
 0003:00004178       guideXOS_guideXOS_API__API_GetTick 0000000010032178     guideXOS.obj
 0003:0000418c       guideXOS_guideXOS_API__API_Write 000000001003218c     guideXOS.obj
 0003:00004198       guideXOS_guideXOS_API__API_WriteLine 0000000010032198     guideXOS.obj
 0003:000041a0       guideXOS_guideXOS_API__API_Allocate 00000000100321a0     guideXOS.obj
 0003:000041a8       guideXOS_guideXOS_API__API_Free 00000000100321a8     guideXOS.obj
 0003:000041b0       guideXOS_guideXOS_API__API_Reallocate 00000000100321b0     guideXOS.obj
 0003:000041b8       guideXOS_guideXOS_API__SayHello 00000000100321b8     guideXOS.obj
 0003:000041c4       guideXOS_guideXOS_Kbd2Mouse__OnKeyChanged 00000000100321c4     guideXOS.obj
 0003:00004350       guideXOS_guideXOS_ASC16__DrawString 0000000010032350     guideXOS.obj
 0003:000043a0       guideXOS_guideXOS_ASC16__DrawChar 00000000100323a0     guideXOS.obj
 0003:00004434       guideXOS_guideXOS_Console__add_OnWrite 0000000010032434     guideXOS.obj
 0003:000044c0       guideXOS_guideXOS_Console__Setup 00000000100324c0     guideXOS.obj
 0003:00004578       guideXOS_guideXOS_Console__Write 0000000010032578     guideXOS.obj
 0003:00004624       guideXOS_guideXOS_Console__Write_0 0000000010032624     guideXOS.obj
 0003:000046a8       guideXOS_guideXOS_Console__WriteFramebuffer 00000000100326a8     guideXOS.obj
 0003:000047b4       guideXOS_guideXOS_Console__MoveUp 00000000100327b4     guideXOS.obj
 0003:000047e8       guideXOS_guideXOS_Console__MoveUpFramebuffer 00000000100327e8     guideXOS.obj
 0003:00004894       guideXOS_guideXOS_Console__UpdateCursorFramebuffer 0000000010032894     guideXOS.obj
 0003:00004944       guideXOS_guideXOS_Console__WriteLine 0000000010032944     guideXOS.obj
 0003:000049e0       guideXOS_guideXOS_Console__WriteLine_0 00000000100329e0     guideXOS.obj
 0003:00004a24       guideXOS_guideXOS_Console__Clear 0000000010032a24     guideXOS.obj
 0003:00004a40       guideXOS_guideXOS_Console__ClearFramebuffer 0000000010032a40     guideXOS.obj
 0003:00004afc       guideXOS_guideXOS_FPSMeter__Update 0000000010032afc     guideXOS.obj
 0003:00004b58       guideXOS_guideXOS_PageTable__Initialise 0000000010032b58     guideXOS.obj
 0003:00004c2c       guideXOS_guideXOS_PageTable__GetPageInternal 0000000010032c2c     guideXOS.obj
 0003:00004ce8       guideXOS_guideXOS_PageTable__MapOnRoot 0000000010032ce8     guideXOS.obj
 0003:00004d78       guideXOS_guideXOS_PageTable__Next_0 0000000010032d78     guideXOS.obj
 0003:00004e48       guideXOS_guideXOS_NETv4__SwapLeftRight_0 0000000010032e48     guideXOS.obj
 0003:00004e78       guideXOS_guideXOS_SMP__ApplicationProcessorMain 0000000010032e78     guideXOS.obj
 0003:00004f14       guideXOS_guideXOS_SMP__Initialize 0000000010032f14     guideXOS.obj
 0003:000050a4       guideXOS_guideXOS_Misc_Audio__Initialize 00000000100330a4     guideXOS.obj
 0003:000050d4       guideXOS_guideXOS_Misc_Audio__snd_write 00000000100330d4     guideXOS.obj
 0003:000050d4       snd_write                  00000000100330d4     guideXOS.obj
 0003:000051bc       guideXOS_guideXOS_Misc_Audio__snd_clear 00000000100331bc     guideXOS.obj
 0003:000051bc       snd_clear                  00000000100331bc     guideXOS.obj
 0003:000051d0       guideXOS_guideXOS_Misc_Audio__require 00000000100331d0     guideXOS.obj
 0003:000052cc       guideXOS_guideXOS_Misc_Bitmap___ctor 00000000100332cc     guideXOS.obj
 0003:00005514       guideXOS_guideXOS_Misc_BootSplash__Initialize 0000000010033514     guideXOS.obj
 0003:0000556c       guideXOS_guideXOS_Misc_BootSplash__Tick 000000001003356c     guideXOS.obj
 0003:00005708       guideXOS_guideXOS_Misc_ClassID__GetName 0000000010033708     guideXOS.obj
 0003:00005870       Entry                      0000000010033870     guideXOS.obj
 0003:00005870       guideXOS_guideXOS_Misc_EntryPoint__Entry 0000000010033870     guideXOS.obj
 0003:00005c80       guideXOS_guideXOS_Misc_IFont__DrawChar 0000000010033c80     guideXOS.obj
 0003:00005e24       guideXOS_guideXOS_Misc_IFont__DrawString 0000000010033e24     guideXOS.obj
 0003:00005e98       guideXOS_guideXOS_Misc_IFont__MeasureString 0000000010033e98     guideXOS.obj
 0003:00005f04       guideXOS_guideXOS_Misc_IFont__DrawString_0 0000000010033f04     guideXOS.obj
 0003:00006018       guideXOS_guideXOS_Misc_Interrupts__EnableInterrupt_0 0000000010034018     guideXOS.obj
 0003:00006080       guideXOS_guideXOS_Misc_Interrupts__HandleInterrupt 0000000010034080     guideXOS.obj
 0003:000060e8       guideXOS_guideXOS_Misc_Panic__Error 00000000100340e8     guideXOS.obj
 0003:00006184       guideXOS_guideXOS_Misc_PNG___ctor 0000000010034184     guideXOS.obj
 0003:00006374       guideXOS_guideXOS_Misc_PNG__lodepng_decode_memory 0000000010034374     guideXOS.obj
 0003:00006410       guideXOS_guideXOS_Misc_Thread__NewThread 0000000010034410     guideXOS.obj
 0003:000064b0       guideXOS_guideXOS_Misc_Thread__Start 00000000100344b0     guideXOS.obj
 0003:00006560       guideXOS_guideXOS_Misc_Thread__Start_0 0000000010034560     guideXOS.obj
 0003:00006650       guideXOS_guideXOS_Misc_ThreadPool__Initialize 0000000010034650     guideXOS.obj
 0003:00006804       guideXOS_guideXOS_Misc_ThreadPool__Terminate 0000000010034804     guideXOS.obj
 0003:00006894       guideXOS_guideXOS_Misc_ThreadPool__IdleThread 0000000010034894     guideXOS.obj
 0003:000068d8       guideXOS_guideXOS_Misc_ThreadPool__get_CanLock 00000000100348d8     guideXOS.obj
 0003:000068f0       guideXOS_guideXOS_Misc_ThreadPool__Lock 00000000100348f0     guideXOS.obj
 0003:00006928       guideXOS_guideXOS_Misc_ThreadPool__UnLock 0000000010034928     guideXOS.obj
 0003:0000693c       guideXOS_guideXOS_Misc_ThreadPool__Schedule 000000001003493c     guideXOS.obj
 0003:00006cac       guideXOS_guideXOS_Misc_USBDevice___ctor 0000000010034cac     guideXOS.obj
 0003:00006cb0       guideXOS_guideXOS_Misc_USBRequest__Clean 0000000010034cb0     guideXOS.obj
 0003:00006d20       guideXOS_guideXOS_Misc_USB__OnInterrupt 0000000010034d20     guideXOS.obj
 0003:00006e38       guideXOS_guideXOS_Misc_USB__DriveDevice 0000000010034e38     guideXOS.obj
 0003:00006e74       guideXOS_guideXOS_Misc_USB__StartPolling 0000000010034e74     guideXOS.obj
 0003:00006eac       guideXOS_guideXOS_Misc_USB__LoopPoll 0000000010034eac     guideXOS.obj
 0003:00006f04       guideXOS_guideXOS_Misc_VendorID__GetName 0000000010034f04     guideXOS.obj
 0003:0000e354       guideXOS_guideXOS_Misc_WAV__Decode 000000001003c354     guideXOS.obj
 0003:0000e4a8       guideXOS_guideXOS_Graph_Graphics__FromImage 000000001003c4a8     guideXOS.obj
 0003:0000e50c       guideXOS_guideXOS_Graph_Graphics__Update 000000001003c50c     guideXOS.obj
 0003:0000e510       guideXOS_guideXOS_Graph_Graphics__Clear 000000001003c510     guideXOS.obj
 0003:0000e578       guideXOS_guideXOS_Graph_Graphics__Copy 000000001003c578     guideXOS.obj
 0003:0000e614       guideXOS_guideXOS_Graph_Graphics__FillRectangle 000000001003c614     guideXOS.obj
 0003:0000e68c       guideXOS_guideXOS_Graph_Graphics__AFillRectangle 000000001003c68c     guideXOS.obj
 0003:0000e7f8       guideXOS_guideXOS_Graph_Graphics__GetPoint 000000001003c7f8     guideXOS.obj
 0003:0000e824       guideXOS_guideXOS_Graph_Graphics__DrawPoint 000000001003c824     guideXOS.obj
 0003:0000e914       guideXOS_guideXOS_Graph_Graphics__DrawRectangle 000000001003c914     guideXOS.obj
 0003:0000e9d0       guideXOS_guideXOS_Graph_Graphics__Save 000000001003c9d0     guideXOS.obj
 0003:0000eaac       guideXOS_guideXOS_Graph_Graphics__ADrawImage 000000001003caac     guideXOS.obj
 0003:0000eb5c       guideXOS_guideXOS_Graph_Graphics__DrawImage 000000001003cb5c     guideXOS.obj
 0003:0000edb4       guideXOS_guideXOS_Graph_Graphics__FPartOfNumber 000000001003cdb4     guideXOS.obj
 0003:0000ede4       guideXOS_guideXOS_Graph_Graphics__DrawPoint_0 000000001003cde4     guideXOS.obj
 0003:0000ee4c       guideXOS_guideXOS_Graph_Graphics__DrawLine 000000001003ce4c     guideXOS.obj
 0003:0000f010       guideXOS_guideXOS_Graph_Graphics__BlurRectangle 000000001003d010     guideXOS.obj
 0003:0000f548       guideXOS_guideXOS_FS_AutoFS___ctor 000000001003d548     guideXOS.obj
 0003:0000f67c       guideXOS_guideXOS_FS_AutoFS__LooksLikeTar 000000001003d67c     guideXOS.obj
 0003:0000f6c0       guideXOS_guideXOS_FS_AutoFS__LooksLikeFat 000000001003d6c0     guideXOS.obj
 0003:0000f750       guideXOS_guideXOS_FS_AutoFS__GetFiles 000000001003d750     guideXOS.obj
 0003:0000f75c       guideXOS_guideXOS_FS_AutoFS__ReadAllBytes 000000001003d75c     guideXOS.obj
 0003:0000f768       guideXOS_guideXOS_FS_AutoFS__WriteAllBytes 000000001003d768     guideXOS.obj
 0003:0000f774       guideXOS_guideXOS_FS_AutoFS__Format 000000001003d774     guideXOS.obj
 0003:0000f780       guideXOS_guideXOS_FS_FAT___ctor 000000001003d780     guideXOS.obj
 0003:0000f93c       guideXOS_guideXOS_FS_FAT__ReadSectorsCached 000000001003d93c     guideXOS.obj
 0003:0000fafc       guideXOS_guideXOS_FS_FAT__WriteSector 000000001003dafc     guideXOS.obj
 0003:0000fb8c       guideXOS_guideXOS_FS_FAT__ReadFatEntry 000000001003db8c     guideXOS.obj
 0003:0000fd6c       guideXOS_guideXOS_FS_FAT__WriteFatEntry 000000001003dd6c     guideXOS.obj
 0003:00010260       guideXOS_guideXOS_FS_FAT__IsEOC 000000001003e260     guideXOS.obj
 0003:00010298       guideXOS_guideXOS_FS_FAT__EOC 000000001003e298     guideXOS.obj
 0003:000102b8       guideXOS_guideXOS_FS_FAT__GetClusterChain 000000001003e2b8     guideXOS.obj
 0003:00010364       guideXOS_guideXOS_FS_FAT__ReadCluster 000000001003e364     guideXOS.obj
 0003:000104a8       guideXOS_guideXOS_FS_FAT__ZeroCluster 000000001003e4a8     guideXOS.obj
 0003:00010594       guideXOS_guideXOS_FS_FAT__ReadAllClusterChain 000000001003e594     guideXOS.obj
 0003:00010744       guideXOS_guideXOS_FS_FAT__ComposeShortName 000000001003e744     guideXOS.obj
 0003:000107f4       guideXOS_guideXOS_FS_FAT__AssembleLfn 000000001003e7f4     guideXOS.obj
 0003:000108e0       guideXOS_guideXOS_FS_FAT__IterateDirectory 000000001003e8e0     guideXOS.obj
 0003:000109f0       guideXOS_guideXOS_FS_FAT__IterateDirSectorRangeCluster 000000001003e9f0     guideXOS.obj
 0003:00010aa0       guideXOS_guideXOS_FS_FAT__IterateDirEntries 000000001003eaa0     guideXOS.obj
 0003:00010c34       guideXOS_guideXOS_FS_FAT__EqualsIgnoreCase 000000001003ec34     guideXOS.obj
 0003:00010c94       guideXOS_guideXOS_FS_FAT__FindPath 000000001003ec94     guideXOS.obj
 0003:000110ac       guideXOS_guideXOS_FS_FAT__FindEntryLoc 000000001003f0ac     guideXOS.obj
 0003:00011828       guideXOS_guideXOS_FS_FAT__NextFreeCluster 000000001003f828     guideXOS.obj
 0003:00011888       guideXOS_guideXOS_FS_FAT__AllocateClustersForSize 000000001003f888     guideXOS.obj
 0003:00011998       guideXOS_guideXOS_FS_FAT__FreeClusterChain 000000001003f998     guideXOS.obj
 0003:00011a00       guideXOS_guideXOS_FS_FAT__WriteDataToChain 000000001003fa00     guideXOS.obj
 0003:00011d14       guideXOS_guideXOS_FS_FAT__WriteDirEntry 000000001003fd14     guideXOS.obj
 0003:00011ea8       guideXOS_guideXOS_FS_FAT__GenerateShortName 000000001003fea8     guideXOS.obj
 0003:000120c0       guideXOS_guideXOS_FS_FAT__EnsureDirHasFreeSlot 00000000100400c0     guideXOS.obj
 0003:000121bc       guideXOS_guideXOS_FS_FAT__GetFiles 00000000100401bc     guideXOS.obj
 0003:000122ec       guideXOS_guideXOS_FS_FAT__ReadAllBytes 00000000100402ec     guideXOS.obj
 0003:00012390       guideXOS_guideXOS_FS_FAT__WriteAllBytes 0000000010040390     guideXOS.obj
 0003:0001264c       guideXOS_guideXOS_FS_FAT__Format 000000001004064c     guideXOS.obj
 0003:0001265c       guideXOS_guideXOS_FS_FATFS___ctor 000000001004065c     guideXOS.obj
 0003:000126b4       guideXOS_guideXOS_FS_FATFS__GetFiles 00000000100406b4     guideXOS.obj
 0003:000127fc       get_fattime                00000000100407fc     guideXOS.obj
 0003:000127fc       guideXOS_guideXOS_FS_FATFS__get_fattime 00000000100407fc     guideXOS.obj
 0003:00012868       RAM_disk_write             0000000010040868     guideXOS.obj
 0003:00012868       guideXOS_guideXOS_FS_FATFS__RAM_disk_write 0000000010040868     guideXOS.obj
 0003:0001289c       RAM_disk_read              000000001004089c     guideXOS.obj
 0003:0001289c       guideXOS_guideXOS_FS_FATFS__RAM_disk_read 000000001004089c     guideXOS.obj
 0003:000128d0       guideXOS_guideXOS_FS_FATFS__read_all_bytes 00000000100408d0     guideXOS.obj
 0003:00012930       guideXOS_guideXOS_FS_FATFS__Format 0000000010040930     guideXOS.obj
 0003:00012974       guideXOS_guideXOS_FS_FATFS__ReadAllBytes 0000000010040974     guideXOS.obj
 0003:00012a60       guideXOS_guideXOS_FS_FATFS__WriteAllBytes 0000000010040a60     guideXOS.obj
[...]
 0008:0000026b       __E2E33A61_corecrt_wstdlib@h 00000000101c026b     NativeLib:ffunicode.obj
 0008:0000026c       __10D4A829_limits@h        00000000101c026c     NativeLib:ffunicode.obj
 0008:0000026d       __6E5ACABA_stdlib@h        00000000101c026d     NativeLib:ffunicode.obj
 0008:0000026e       __30B1AFDA_unknwnbase@h    00000000101c026e     NativeLib:ffunicode.obj
 0008:0000026f       __328C1996_objidlbase@h    00000000101c026f     NativeLib:ffunicode.obj
 0008:00000270       __C4E06B6A_cguid@h         00000000101c0270     NativeLib:ffunicode.obj
 0008:00000271       __434718C5_combaseapi@h    00000000101c0271     NativeLib:ffunicode.obj
 0008:00000272       __DE6FDEF1_unknwn@h        00000000101c0272     NativeLib:ffunicode.obj
 0008:00000273       __CCE0BACC_objidl@h        00000000101c0273     NativeLib:ffunicode.obj
 0008:00000274       __8C7011E5_oaidl@h         00000000101c0274     NativeLib:ffunicode.obj
 0008:00000275       __2E0B7863_propidlbase@h   00000000101c0275     NativeLib:ffunicode.obj
 0008:00000276       __BF4CF2EC_coml2api@h      00000000101c0276     NativeLib:ffunicode.obj
 0008:00000277       __6D897344_oleidl@h        00000000101c0277     NativeLib:ffunicode.obj
 0008:00000278       __1129FC2C_servprov@h      00000000101c0278     NativeLib:ffunicode.obj
 0008:00000279       __757952E4_msxml@h         00000000101c0279     NativeLib:ffunicode.obj
 0008:0000027a       __B1191D53_urlmon@h        00000000101c027a     NativeLib:ffunicode.obj
 0008:0000027b       __404D1A47_propidl@h       00000000101c027b     NativeLib:ffunicode.obj
 0008:0000027c       __A1C63593_objbase@h       00000000101c027c     NativeLib:ffunicode.obj
 0008:0000027d       __C1B0A9CB_oleauto@h       00000000101c027d     NativeLib:ffunicode.obj
 0008:0000027e       __24EAF61F_ole2@h          00000000101c027e     NativeLib:ffunicode.obj
 0008:0000027f       __2B1843DA_commdlg@h       00000000101c027f     NativeLib:ffunicode.obj
 0008:00000280       __81DDEDE3_stralign@h      00000000101c0280     NativeLib:ffunicode.obj
 0008:00000281       __2134D1B4_winsvc@h        00000000101c0281     NativeLib:ffunicode.obj
 0008:00000282       __11C07376_mcx@h           00000000101c0282     NativeLib:ffunicode.obj
 0008:00000283       __577CE3E7_ime_cmodes@h    00000000101c0283     NativeLib:ffunicode.obj
 0008:00000284       __1E72C31E_imm@h           00000000101c0284     NativeLib:ffunicode.obj
 0008:00000285       __E15BF856_windows@h       00000000101c0285     NativeLib:ffunicode.obj
 0008:00000286       __44420885_corecrt_stdio_config@h 00000000101c0286     NativeLib:ffunicode.obj
 0008:00000287       __EF1F6BBA_corecrt_wconio@h 00000000101c0287     NativeLib:ffunicode.obj
 0008:00000288       __3D1D430C_corecrt_wdirect@h 00000000101c0288     NativeLib:ffunicode.obj
 0008:00000289       __8ECB7138_corecrt_share@h 00000000101c0289     NativeLib:ffunicode.obj
 0008:0000028a       __DB7FEBA6_corecrt_wio@h   00000000101c028a     NativeLib:ffunicode.obj
 0008:0000028b       __9A9F0068_corecrt_wprocess@h 00000000101c028b     NativeLib:ffunicode.obj
 0008:0000028c       __AB601D8D_corecrt_wstdio@h 00000000101c028c     NativeLib:ffunicode.obj
 0008:0000028d       __369A9BC3_corecrt_wtime@h 00000000101c028d     NativeLib:ffunicode.obj
 0008:0000028e       __CE789B9D_types@h         00000000101c028e     NativeLib:ffunicode.obj
 0008:0000028f       __9901C817_stat@h          00000000101c028f     NativeLib:ffunicode.obj
 0008:00000290       __3FCAD62E_wchar@h         00000000101c0290     NativeLib:ffunicode.obj
 0008:00000291       __0E22CCB3_tchar@h         00000000101c0291     NativeLib:ffunicode.obj
 0008:00000292       __4CCC6929_integer@h       00000000101c0292     NativeLib:ffunicode.obj
 0008:00000293       __ED2A062E_ffconf@h        00000000101c0293     NativeLib:ffunicode.obj
 0008:00000294       __A5A085C2_ff@h            00000000101c0294     NativeLib:ffunicode.obj
 0008:00000295       __87CD6F4B_ffunicode@c     00000000101c0295     NativeLib:ffunicode.obj
 0008:00000296       __0ED14FEE_winpackagefamily@h 00000000101c0296     NativeLib:diskio.obj
 0008:00000297       __F92EF742_winapifamily@h  00000000101c0297     NativeLib:diskio.obj
 0008:00000298       __22E515EB_sdkddkver@h     00000000101c0298     NativeLib:diskio.obj
 0008:00000299       __FE09AF47_concurrencysal@h 00000000101c0299     NativeLib:diskio.obj
 0008:0000029a       __C073CA79_sal@h           00000000101c029a     NativeLib:diskio.obj
 0008:0000029b       __D6AFE870_vadefs@h        00000000101c029b     NativeLib:diskio.obj
 0008:0000029c       __D63E96CF_vcruntime@h     00000000101c029c     NativeLib:diskio.obj
 0008:0000029d       __514B86D7_excpt@h         00000000101c029d     NativeLib:diskio.obj
 0008:0000029e       __9A7D38D9_stdarg@h        00000000101c029e     NativeLib:diskio.obj
 0008:0000029f       __29F49F40_specstrings_undef@h 00000000101c029f     NativeLib:diskio.obj
 0008:000002a0       __D0F42932_specstrings_strict@h 00000000101c02a0     NativeLib:diskio.obj
 0008:000002a1       __F00405FD_sdv_driverspecs@h 00000000101c02a1     NativeLib:diskio.obj
 0008:000002a2       __173E09CA_driverspecs@h   00000000101c02a2     NativeLib:diskio.obj
 0008:000002a3       __9A452361_specstrings@h   00000000101c02a3     NativeLib:diskio.obj
 0008:000002a4       __1B0272D9_corecrt@h       00000000101c02a4     NativeLib:diskio.obj
 0008:000002a5       __74484FB3_corecrt_wctype@h 00000000101c02a5     NativeLib:diskio.obj
 0008:000002a6       __1EC467ED_ctype@h         00000000101c02a6     NativeLib:diskio.obj
 0008:000002a7       __98517906_kernelspecs@h   00000000101c02a7     NativeLib:diskio.obj
 0008:000002a8       __D3497022_basetsd@h       00000000101c02a8     NativeLib:diskio.obj
 0008:000002a9       __61CC25A1_errno@h         00000000101c02a9     NativeLib:diskio.obj
 0008:000002aa       __3EADF068_vcruntime_string@h 00000000101c02aa     NativeLib:diskio.obj
 0008:000002ab       __E4C945B4_corecrt_memcpy_s@h 00000000101c02ab     NativeLib:diskio.obj
 0008:000002ac       __8EAFF484_corecrt_memory@h 00000000101c02ac     NativeLib:diskio.obj
 0008:000002ad       __6490AEC5_corecrt_wstring@h 00000000101c02ad     NativeLib:diskio.obj
 0008:000002ae       __E8295E1E_string@h        00000000101c02ae     NativeLib:diskio.obj
 0008:000002af       __7FCB5136_guiddef@h       00000000101c02af     NativeLib:diskio.obj
 0008:000002b0       __FF8A9E11_pshpack4@h      00000000101c02b0     NativeLib:diskio.obj
 0008:000002b1       __D5438902_poppack@h       00000000101c02b1     NativeLib:diskio.obj
 0008:000002b2       __FB07E2A3_pshpack2@h      00000000101c02b2     NativeLib:diskio.obj
 0008:000002b3       __F6906775_pshpack8@h      00000000101c02b3     NativeLib:diskio.obj
 0008:000002b4       __F9415CFA_pshpack1@h      00000000101c02b4     NativeLib:diskio.obj
 0008:000002b5       __E58C6F1C_apiset@h        00000000101c02b5     NativeLib:diskio.obj
 0008:000002b6       __A5C52262_ktmtypes@h      00000000101c02b6     NativeLib:diskio.obj
 0008:000002b7       __FBBA8F9D_winnt@h         00000000101c02b7     NativeLib:diskio.obj
 0008:000002b8       __A32D3D2C_minwindef@h     00000000101c02b8     NativeLib:diskio.obj
 0008:000002b9       __7D798299_windef@h        00000000101c02b9     NativeLib:diskio.obj
 0008:000002ba       __9AE108E9_apisetcconv@h   00000000101c02ba     NativeLib:diskio.obj
 0008:000002bb       __9CE53D2C_minwinbase@h    00000000101c02bb     NativeLib:diskio.obj
 0008:000002bc       __5D0AA210_apiquery2@h     00000000101c02bc     NativeLib:diskio.obj
 0008:000002bd       __4DD4E726_processenv@h    00000000101c02bd     NativeLib:diskio.obj
 0008:000002be       __3575CC96_fileapi@h       00000000101c02be     NativeLib:diskio.obj
 0008:000002bf       __8EA220E6_fileapifromapp@h 00000000101c02bf     NativeLib:diskio.obj
 0008:000002c0       __BF9B31FE_debugapi@h      00000000101c02c0     NativeLib:diskio.obj
 0008:000002c1       __C3AFE134_utilapiset@h    00000000101c02c1     NativeLib:diskio.obj
 0008:000002c2       __76F69E51_handleapi@h     00000000101c02c2     NativeLib:diskio.obj
 0008:000002c3       __7E63D784_errhandlingapi@h 00000000101c02c3     NativeLib:diskio.obj
 0008:000002c4       __FFA7003C_fibersapi@h     00000000101c02c4     NativeLib:diskio.obj
 0008:000002c5       __8971CECF_namedpipeapi@h  00000000101c02c5     NativeLib:diskio.obj
 0008:000002c6       __46C9D8A6_profileapi@h    00000000101c02c6     NativeLib:diskio.obj
 0008:000002c7       __98D4F0A3_heapapi@h       00000000101c02c7     NativeLib:diskio.obj
 0008:000002c8       __50EF2A88_ioapiset@h      00000000101c02c8     NativeLib:diskio.obj
 0008:000002c9       __92EA1464_synchapi@h      00000000101c02c9     NativeLib:diskio.obj
 0008:000002ca       __A53D8AED_interlockedapi@h 00000000101c02ca     NativeLib:diskio.obj
 0008:000002cb       __B506CAAF_processthreadsapi@h 00000000101c02cb     NativeLib:diskio.obj
 0008:000002cc       __FF735694_sysinfoapi@h    00000000101c02cc     NativeLib:diskio.obj
 0008:000002cd       __29589789_memoryapi@h     00000000101c02cd     NativeLib:diskio.obj
 0008:000002ce       __E9C7A663_enclaveapi@h    00000000101c02ce     NativeLib:diskio.obj
 0008:000002cf       __D035F9F7_threadpoollegacyapiset@h 00000000101c02cf     NativeLib:diskio.obj
 0008:000002d0       __C899130C_threadpoolapiset@h 00000000101c02d0     NativeLib:diskio.obj
 0008:000002d1       __E0441EE7_jobapi@h        00000000101c02d1     NativeLib:diskio.obj
 0008:000002d2       __CEF86838_jobapi2@h       00000000101c02d2     NativeLib:diskio.obj
 0008:000002d3       __35AC6B9A_wow64apiset@h   00000000101c02d3     NativeLib:diskio.obj
 0008:000002d4       __C8AE41A5_libloaderapi@h  00000000101c02d4     NativeLib:diskio.obj
 0008:000002d5       __CC9E232D_securitybaseapi@h 00000000101c02d5     NativeLib:diskio.obj
 0008:000002d6       __C9D0C9B8_namespaceapi@h  00000000101c02d6     NativeLib:diskio.obj
 0008:000002d7       __30FF9CAD_systemtopologyapi@h 00000000101c02d7     NativeLib:diskio.obj
 0008:000002d8       __4D358795_processtopologyapi@h 00000000101c02d8     NativeLib:diskio.obj
 0008:000002d9       __40446D10_securityappcontainer@h 00000000101c02d9     NativeLib:diskio.obj
 0008:000002da       __3A952EDF_realtimeapiset@h 00000000101c02da     NativeLib:diskio.obj
 0008:000002db       __F4865F4B_winerror@h      00000000101c02db     NativeLib:diskio.obj
 0008:000002dc       __53C1BD93_timezoneapi@h   00000000101c02dc     NativeLib:diskio.obj
 0008:000002dd       __1FFBEDBF_winbase@h       00000000101c02dd     NativeLib:diskio.obj
 0008:000002de       __43D3FA34_wingdi@h        00000000101c02de     NativeLib:diskio.obj
 0008:000002df       __D24A7391_tvout@h         00000000101c02df     NativeLib:diskio.obj
 0008:000002e0       __7713A6C8_winuser@h       00000000101c02e0     NativeLib:diskio.obj
 0008:000002e1       __0B345F71_datetimeapi@h   00000000101c02e1     NativeLib:diskio.obj
 0008:000002e2       __9AC6960C_winnls@h        00000000101c02e2     NativeLib:diskio.obj
 0008:000002e3       __973A40A8_stringapiset@h  00000000101c02e3     NativeLib:diskio.obj
 0008:000002e4       __CC46FEE2_wincontypes@h   00000000101c02e4     NativeLib:diskio.obj
 0008:000002e5       __97D70BE1_consoleapi@h    00000000101c02e5     NativeLib:diskio.obj
 0008:000002e6       __27EC5E18_consoleapi2@h   00000000101c02e6     NativeLib:diskio.obj
 0008:000002e7       __262E342F_consoleapi3@h   00000000101c02e7     NativeLib:diskio.obj
 0008:000002e8       __641DCD70_wincon@h        00000000101c02e8     NativeLib:diskio.obj
 0008:000002e9       __5A96C7A7_verrsrc@h       00000000101c02e9     NativeLib:diskio.obj
 0008:000002ea       __B69C6FF2_winver@h        00000000101c02ea     NativeLib:diskio.obj
 0008:000002eb       __7AEB8C37_reason@h        00000000101c02eb     NativeLib:diskio.obj
 0008:000002ec       __59F1A8A9_winreg@h        00000000101c02ec     NativeLib:diskio.obj
 0008:000002ed       __EE0E2B7F_wnnc@h          00000000101c02ed     NativeLib:diskio.obj
 0008:000002ee       __DCDB7054_winnetwk@h      00000000101c02ee     NativeLib:diskio.obj
 0008:000002ef       __EDC72EEB_cderr@h         00000000101c02ef     NativeLib:diskio.obj
 0008:000002f0       __95F9199D_dde@h           00000000101c02f0     NativeLib:diskio.obj
 0008:000002f1       __66427627_ddeml@h         00000000101c02f1     NativeLib:diskio.obj
 0008:000002f2       __957C29A0_dlgs@h          00000000101c02f2     NativeLib:diskio.obj
 0008:000002f3       __12EA15AF_lzexpand@h      00000000101c02f3     NativeLib:diskio.obj
 0008:000002f4       __62131F15_mmsyscom@h      00000000101c02f4     NativeLib:diskio.obj
 0008:000002f5       __47E68D49_mciapi@h        00000000101c02f5     NativeLib:diskio.obj
 0008:000002f6       __5D7DD356_mmiscapi@h      00000000101c02f6     NativeLib:diskio.obj
 0008:000002f7       __7223D2EF_mmiscapi2@h     00000000101c02f7     NativeLib:diskio.obj
 0008:000002f8       __A330DBB3_playsoundapi@h  00000000101c02f8     NativeLib:diskio.obj
 0008:000002f9       __601B366F_mmeapi@h        00000000101c02f9     NativeLib:diskio.obj
 0008:000002fa       __1134ADD5_timeapi@h       00000000101c02fa     NativeLib:diskio.obj
 0008:000002fb       __93F2265A_joystickapi@h   00000000101c02fb     NativeLib:diskio.obj
 0008:000002fc       __DF6EB4E3_mmsystem@h      00000000101c02fc     NativeLib:diskio.obj
 0008:000002fd       __BD641FCB_nb30@h          00000000101c02fd     NativeLib:diskio.obj
 0008:000002fe       __DF8704F0_rpcdcep@h       00000000101c02fe     NativeLib:diskio.obj
 0008:000002ff       __5C6CA7BB_rpcdce@h        00000000101c02ff     NativeLib:diskio.obj
 0008:00000300       __853533C4_rpcnsi@h        00000000101c0300     NativeLib:diskio.obj
 0008:00000301       __2D2406C3_rpcnterr@h      00000000101c0301     NativeLib:diskio.obj
 0008:00000302       __64521D71_rpcasync@h      00000000101c0302     NativeLib:diskio.obj
 0008:00000303       __AADCBA08_rpc@h           00000000101c0303     NativeLib:diskio.obj
 0008:00000304       __19E26CFF_shellapi@h      00000000101c0304     NativeLib:diskio.obj
 0008:00000305       __1E9F31D3_winperf@h       00000000101c0305     NativeLib:diskio.obj
 0008:00000306       __832A4112_inaddr@h        00000000101c0306     NativeLib:diskio.obj
 0008:00000307       __32C6F875_winsock@h       00000000101c0307     NativeLib:diskio.obj
 0008:00000308       __7953A3F8_bcrypt@h        00000000101c0308     NativeLib:diskio.obj
 0008:00000309       __E4169492_ncrypt@h        00000000101c0309     NativeLib:diskio.obj
 0008:0000030a       __AF3DDDC3_dpapi@h         00000000101c030a     NativeLib:diskio.obj
 0008:0000030b       __D1E23BF2_wincrypt@h      00000000101c030b     NativeLib:diskio.obj
 0008:0000030c       __82AB4779_winefs@h        00000000101c030c     NativeLib:diskio.obj
 0008:0000030d       __1FE431C9_rpcnsip@h       00000000101c030d     NativeLib:diskio.obj
 0008:0000030e       __2B741F2D_rpcsal@h        00000000101c030e     NativeLib:diskio.obj
 0008:0000030f       __92623256_rpcndr@h        00000000101c030f     NativeLib:diskio.obj
 0008:00000310       __9C18532E_wtypesbase@h    00000000101c0310     NativeLib:diskio.obj
 0008:00000311       __EA2E1D6D_wtypes@h        00000000101c0311     NativeLib:diskio.obj
 0008:00000312       __7DDD9F45_winioctl@h      00000000101c0312     NativeLib:diskio.obj
 0008:00000313       __E550A843_winsmcrd@h      00000000101c0313     NativeLib:diskio.obj
 0008:00000314       __9809C1BA_winscard@h      00000000101c0314     NativeLib:diskio.obj
 0008:00000315       __EA174FA4_prsht@h         00000000101c0315     NativeLib:diskio.obj
 0008:00000316       __0E1BD114_winspool@h      00000000101c0316     NativeLib:diskio.obj
 0008:00000317       __45DED006_corecrt_malloc@h 00000000101c0317     NativeLib:diskio.obj
 0008:00000318       __13F5961F_stddef@h        00000000101c0318     NativeLib:diskio.obj
 0008:00000319       __FD6DBD68_corecrt_search@h 00000000101c0319     NativeLib:diskio.obj
 0008:0000031a       __E2E33A61_corecrt_wstdlib@h 00000000101c031a     NativeLib:diskio.obj
 0008:0000031b       __10D4A829_limits@h        00000000101c031b     NativeLib:diskio.obj
 0008:0000031c       __6E5ACABA_stdlib@h        00000000101c031c     NativeLib:diskio.obj
 0008:0000031d       __30B1AFDA_unknwnbase@h    00000000101c031d     NativeLib:diskio.obj
 0008:0000031e       __328C1996_objidlbase@h    00000000101c031e     NativeLib:diskio.obj
 0008:0000031f       __C4E06B6A_cguid@h         00000000101c031f     NativeLib:diskio.obj
 0008:00000320       __434718C5_combaseapi@h    00000000101c0320     NativeLib:diskio.obj
 0008:00000321       __DE6FDEF1_unknwn@h        00000000101c0321     NativeLib:diskio.obj
 0008:00000322       __CCE0BACC_objidl@h        00000000101c0322     NativeLib:diskio.obj
 0008:00000323       __8C7011E5_oaidl@h         00000000101c0323     NativeLib:diskio.obj
 0008:00000324       __2E0B7863_propidlbase@h   00000000101c0324     NativeLib:diskio.obj
 0008:00000325       __BF4CF2EC_coml2api@h      00000000101c0325     NativeLib:diskio.obj
 0008:00000326       __6D897344_oleidl@h        00000000101c0326     NativeLib:diskio.obj
 0008:00000327       __1129FC2C_servprov@h      00000000101c0327     NativeLib:diskio.obj
 0008:00000328       __757952E4_msxml@h         00000000101c0328     NativeLib:diskio.obj
 0008:00000329       __B1191D53_urlmon@h        00000000101c0329     NativeLib:diskio.obj
 0008:0000032a       __404D1A47_propidl@h       00000000101c032a     NativeLib:diskio.obj
 0008:0000032b       __A1C63593_objbase@h       00000000101c032b     NativeLib:diskio.obj
 0008:0000032c       __C1B0A9CB_oleauto@h       00000000101c032c     NativeLib:diskio.obj
 0008:0000032d       __24EAF61F_ole2@h          00000000101c032d     NativeLib:diskio.obj
 0008:0000032e       __2B1843DA_commdlg@h       00000000101c032e     NativeLib:diskio.obj
 0008:0000032f       __81DDEDE3_stralign@h      00000000101c032f     NativeLib:diskio.obj
 0008:00000330       __2134D1B4_winsvc@h        00000000101c0330     NativeLib:diskio.obj
 0008:00000331       __11C07376_mcx@h           00000000101c0331     NativeLib:diskio.obj
 0008:00000332       __577CE3E7_ime_cmodes@h    00000000101c0332     NativeLib:diskio.obj
 0008:00000333       __1E72C31E_imm@h           00000000101c0333     NativeLib:diskio.obj
 0008:00000334       __E15BF856_windows@h       00000000101c0334     NativeLib:diskio.obj
 0008:00000335       __44420885_corecrt_stdio_config@h 00000000101c0335     NativeLib:diskio.obj
 0008:00000336       __EF1F6BBA_corecrt_wconio@h 00000000101c0336     NativeLib:diskio.obj
 0008:00000337       __3D1D430C_corecrt_wdirect@h 00000000101c0337     NativeLib:diskio.obj
 0008:00000338       __8ECB7138_corecrt_share@h 00000000101c0338     NativeLib:diskio.obj
 0008:00000339       __DB7FEBA6_corecrt_wio@h   00000000101c0339     NativeLib:diskio.obj
 0008:0000033a       __9A9F0068_corecrt_wprocess@h 00000000101c033a     NativeLib:diskio.obj
 0008:0000033b       __AB601D8D_corecrt_wstdio@h 00000000101c033b     NativeLib:diskio.obj
 0008:0000033c       __369A9BC3_corecrt_wtime@h 00000000101c033c     NativeLib:diskio.obj
 0008:0000033d       __CE789B9D_types@h         00000000101c033d     NativeLib:diskio.obj
 0008:0000033e       __9901C817_stat@h          00000000101c033e     NativeLib:diskio.obj
 0008:0000033f       __3FCAD62E_wchar@h         00000000101c033f     NativeLib:diskio.obj
 0008:00000340       __0E22CCB3_tchar@h         00000000101c0340     NativeLib:diskio.obj
 0008:00000341       __4CCC6929_integer@h       00000000101c0341     NativeLib:diskio.obj
 0008:00000342       __3D17D6D7_diskio@h        00000000101c0342     NativeLib:diskio.obj
 0008:00000343       __AAC50F5F_diskio@c        00000000101c0343     NativeLib:diskio.obj
 0009:000000a0       $R000000                   00000000101c10a0     guideXOS.res
 0009:000002f0       $R000250                   00000000101c12f0     guideXOS.res
