 guideXOS

 Timestamp is 69247ff5 (Mon Nov 24 07:55:33 2025)

 Preferred load address is 0000000010000000

 Start         Length     Name                   Class
 0001:00000000 000005a0H .text                   CODE
 0001:000005a0 0002ae31H .text$mn                CODE
 0002:00000000 00000045H .unbox$M                CODE
 0003:00000000 00060678H .managedcode$I          CODE
 0004:00000000 0003d770H .rdata                  DATA
 0004:0003d770 00000018H .rdata$voltmd           DATA
 0004:0003d788 0000019cH .rdata$zzzdbg           DATA
 0004:0003d924 00011d6cH .xdata                  DATA
 0004:0004f690 00000000H .edata                  DATA
 0005:00000000 00367620H .data                   DATA
 0005:00367620 00001900H .bss                    DATA
 0006:00000000 000049a4H .pdata                  DATA
 0007:00000000 00000008H .modules$I              DATA
 0008:00000000 0000033bH .msvcjmc                DATA
 0009:00000000 000000a0H .rsrc$01                DATA
 0009:000000a0 00000440H .rsrc$02                DATA

  Address         Publics by Value              Rva+Base               Lib:Object

 0000:00000000       __AbsoluteZero             0000000000000000     <absolute>
 0000:00000000       ___safe_se_handler_count   0000000000000000     <absolute>
 0000:00000000       ___safe_se_handler_table   0000000000000000     <absolute>
 0000:00000000       __arm64x_extra_rfe_table   0000000000000000     <absolute>
 0000:00000000       __arm64x_extra_rfe_table_size 0000000000000000     <absolute>
 0000:00000000       __arm64x_native_entrypoint 0000000000000000     <absolute>
 0000:00000000       __arm64x_redirection_metadata 0000000000000000     <absolute>
 0000:00000000       __arm64x_redirection_metadata_count 0000000000000000     <absolute>
 0000:00000000       __dynamic_value_reloc_table 0000000000000000     <absolute>
 0000:00000000       __enclave_config           0000000000000000     <absolute>
 0000:00000000       __guard_check_icall_a64n_fptr 0000000000000000     <absolute>
 0000:00000000       __guard_eh_cont_count      0000000000000000     <absolute>
 0000:00000000       __guard_eh_cont_table      0000000000000000     <absolute>
 0000:00000000       __guard_fids_count         0000000000000000     <absolute>
 0000:00000000       __guard_fids_table         0000000000000000     <absolute>
 0000:00000000       __guard_iat_count          0000000000000000     <absolute>
 0000:00000000       __guard_iat_table          0000000000000000     <absolute>
 0000:00000000       __guard_longjmp_count      0000000000000000     <absolute>
 0000:00000000       __guard_longjmp_table      0000000000000000     <absolute>
 0000:00000000       __hybrid_auxiliary_delayload_iat 0000000000000000     <absolute>
 0000:00000000       __hybrid_auxiliary_delayload_iat_copy 0000000000000000     <absolute>
 0000:00000000       __hybrid_auxiliary_iat     0000000000000000     <absolute>
 0000:00000000       __hybrid_auxiliary_iat_copy 0000000000000000     <absolute>
 0000:00000000       __hybrid_code_map          0000000000000000     <absolute>
 0000:00000000       __hybrid_code_map_count    0000000000000000     <absolute>
 0000:00000000       __hybrid_image_info_bitfield 0000000000000000     <absolute>
 0000:00000000       __x64_code_ranges_to_entry_points 0000000000000000     <absolute>
 0000:00000000       __x64_code_ranges_to_entry_points_count 0000000000000000     <absolute>
 0000:00000100       __guard_flags              0000000000000100     <absolute>
 0000:00000000       __ImageBase                0000000010000000     <linker-defined>
 0001:00000000       __GetNonGCStaticBase_guideXOS_Program 0000000010001000     guideXOS.obj
 0001:00000008       __GetNonGCStaticBase_guideXOS_Allocator 0000000010001008     guideXOS.obj
 0001:00000010       __GetNonGCStaticBase_guideXOS_GDT 0000000010001010     guideXOS.obj
 0001:00000018       __GetNonGCStaticBase_guideXOS_IDT 0000000010001018     guideXOS.obj
 0001:00000020       __GetNonGCStaticBase_guideXOS_System_StringPool 0000000010001020     guideXOS.obj
 0001:0000003d       __GetNonGCStaticBase_guideXOS_System_Windows_Forms_Control 000000001000103d     guideXOS.obj
 0001:00000045       __GetNonGCStaticBase_guideXOS_guideXOS_Kbd2Mouse 0000000010001045     guideXOS.obj
 0001:0000004d       __GetNonGCStaticBase_guideXOS_guideXOS_Console 000000001000104d     guideXOS.obj
 0001:00000055       __GetNonGCStaticBase_guideXOS_guideXOS_PageTable 0000000010001055     guideXOS.obj
 0001:0000005d       __GetNonGCStaticBase_guideXOS_guideXOS_Intel825xx 000000001000105d     guideXOS.obj
 0001:00000065       __GetNonGCStaticBase_guideXOS_guideXOS_NETv4 0000000010001065     guideXOS.obj
 0001:0000006d       __GetNonGCStaticBase_guideXOS_guideXOS_RTL8111 000000001000106d     guideXOS.obj
 0001:00000075       __GetNonGCStaticBase_guideXOS_guideXOS_SMP 0000000010001075     guideXOS.obj
 0001:0000007d       __GetNonGCStaticBase_guideXOS_guideXOS_Network_Http 000000001000107d     guideXOS.obj
 0001:00000085       __GetNonGCStaticBase_guideXOS_guideXOS_Misc_Audio 0000000010001085     guideXOS.obj
 0001:0000008d       __GetNonGCStaticBase_guideXOS_guideXOS_Misc_BootSplash 000000001000108d     guideXOS.obj
 0001:00000095       __GetNonGCStaticBase_guideXOS_guideXOS_Misc_ThreadPool 0000000010001095     guideXOS.obj
 0001:0000009d       __GetNonGCStaticBase_guideXOS_guideXOS_Misc_USB 000000001000109d     guideXOS.obj
 0001:000000a5       __GetNonGCStaticBase_guideXOS_guideXOS_Kernel_Drivers_AC97 00000000100010a5     guideXOS.obj
 0001:000000ad       __GetNonGCStaticBase_guideXOS_guideXOS_Kernel_Drivers_ACPI 00000000100010ad     guideXOS.obj
 0001:000000b5       __GetNonGCStaticBase_guideXOS_guideXOS_Kernel_Drivers_DisplayManager 00000000100010b5     guideXOS.obj
 0001:000000bd       __GetNonGCStaticBase_guideXOS_guideXOS_Kernel_Drivers_EHCI 00000000100010bd     guideXOS.obj
 0001:000000c5       __GetNonGCStaticBase_guideXOS_guideXOS_Kernel_Drivers_ES1371 00000000100010c5     guideXOS.obj
 0001:000000cd       __GetNonGCStaticBase_guideXOS_guideXOS_Kernel_Drivers_Framebuffer 00000000100010cd     guideXOS.obj
 0001:000000d5       __GetNonGCStaticBase_guideXOS_guideXOS_Kernel_Drivers_HID 00000000100010d5     guideXOS.obj
 0001:000000dd       __GetNonGCStaticBase_guideXOS_guideXOS_Kernel_Drivers_HPET 00000000100010dd     guideXOS.obj
 0001:000000e5       __GetNonGCStaticBase_guideXOS_guideXOS_Kernel_Drivers_Hub 00000000100010e5     guideXOS.obj
 0001:000000ed       __GetNonGCStaticBase_guideXOS_guideXOS_Kernel_Drivers_Keyboard 00000000100010ed     guideXOS.obj
 0001:000000f5       __GetNonGCStaticBase_guideXOS_guideXOS_Kernel_Drivers_PS2Keyboard 00000000100010f5     guideXOS.obj
 0001:000000fd       __GetNonGCStaticBase_guideXOS_guideXOS_Kernel_Drivers_PS2Mouse 00000000100010fd     guideXOS.obj
 0001:00000105       __GetNonGCStaticBase_guideXOS_guideXOS_Kernel_Drivers_RTC 0000000010001105     guideXOS.obj
 0001:0000010d       __GetNonGCStaticBase_guideXOS_guideXOS_Kernel_Drivers_SATA 000000001000110d     guideXOS.obj
 0001:00000115       __GetNonGCStaticBase_guideXOS_guideXOS_Kernel_Drivers_Timer 0000000010001115     guideXOS.obj
 0001:0000011d       __GetNonGCStaticBase_guideXOS_guideXOS_Kernel_Drivers_VMwareTools 000000001000111d     guideXOS.obj
 0001:00000125       __GetNonGCStaticBase_guideXOS_guideXOS_Kernel_Drivers_USBStorage 0000000010001125     guideXOS.obj
 0001:00000142       __GetNonGCStaticBase_guideXOS_guideXOS_OS_Firewall 0000000010001142     guideXOS.obj
 0001:0000015f       __GetNonGCStaticBase_guideXOS_guideXOS_GUI_BackgroundRotationManager 000000001000115f     guideXOS.obj
 0001:00000167       __GetNonGCStaticBase_guideXOS_guideXOS_GUI_Busy 0000000010001167     guideXOS.obj
 0001:0000016f       __GetNonGCStaticBase_guideXOS_guideXOS_GUI_Desktop 000000001000116f     guideXOS.obj
 0001:00000177       __GetNonGCStaticBase_guideXOS_guideXOS_GUI_StartMenu 0000000010001177     guideXOS.obj
 0001:0000017f       __GetNonGCStaticBase_guideXOS_guideXOS_GUI_UISettings 000000001000117f     guideXOS.obj
 0001:00000187       __GetNonGCStaticBase_guideXOS_guideXOS_GUI_WindowManager 0000000010001187     guideXOS.obj
 0001:0000018f       __GetNonGCStaticBase_guideXOS_guideXOS_GUI_WorkspaceManager 000000001000118f     guideXOS.obj
 0001:000001ac       __GetNonGCStaticBase_guideXOS_guideXOS_DefaultApps_nexIRC 00000000100011ac     guideXOS.obj
 0001:000001b4       __GetNonGCStaticBase_guideXOS_guideXOS_DefaultApps_WAVPlayer 00000000100011b4     guideXOS.obj
 0001:000001bc       __GetNonGCStaticBase_guideXOS_guideXOS_DefaultApps_WebBrowser 00000000100011bc     guideXOS.obj
 0001:000001c4       __GetGCStaticBase_guideXOS_Program 00000000100011c4     guideXOS.obj
 0001:000001cf       __GetGCStaticBase_guideXOS_Allocator 00000000100011cf     guideXOS.obj
 0001:000001da       __GetGCStaticBase_guideXOS_IDT 00000000100011da     guideXOS.obj
 0001:000001e5       __GetGCStaticBase_guideXOS_System_DateTime 00000000100011e5     guideXOS.obj
 0001:000001f0       __GetGCStaticBase_guideXOS_System_StringPool 00000000100011f0     guideXOS.obj
 0001:00000210       __GetGCStaticBase_guideXOS_guideXOS_Animator 0000000010001210     guideXOS.obj
 0001:0000021b       __GetGCStaticBase_guideXOS_guideXOS_ASC16 000000001000121b     guideXOS.obj
 0001:00000226       __GetGCStaticBase_guideXOS_guideXOS_Console 0000000010001226     guideXOS.obj
 0001:00000231       __GetGCStaticBase_guideXOS_guideXOS_NETv4 0000000010001231     guideXOS.obj
 0001:0000023c       __GetGCStaticBase_guideXOS_guideXOS_Misc_BitFont 000000001000123c     guideXOS.obj
 0001:00000247       __GetGCStaticBase_guideXOS_guideXOS_Misc_BootSplash 0000000010001247     guideXOS.obj
 0001:00000252       __GetGCStaticBase_guideXOS_guideXOS_Misc_Interrupts 0000000010001252     guideXOS.obj
 0001:0000025d       __GetGCStaticBase_guideXOS_guideXOS_Misc_ThreadPool 000000001000125d     guideXOS.obj
 0001:00000268       __GetGCStaticBase_guideXOS_guideXOS_FS_Disk 0000000010001268     guideXOS.obj
 0001:00000273       __GetGCStaticBase_guideXOS_guideXOS_FS_File 0000000010001273     guideXOS.obj
 0001:0000027e       __GetGCStaticBase_guideXOS_guideXOS_Kernel_Drivers_AC97 000000001000127e     guideXOS.obj
 0001:00000289       __GetGCStaticBase_guideXOS_guideXOS_Kernel_Drivers_ACPI 0000000010001289     guideXOS.obj
 0001:00000294       __GetGCStaticBase_guideXOS_guideXOS_Kernel_Drivers_DisplayManager 0000000010001294     guideXOS.obj
 0001:0000029f       __GetGCStaticBase_guideXOS_guideXOS_Kernel_Drivers_Framebuffer 000000001000129f     guideXOS.obj
 0001:000002aa       __GetGCStaticBase_guideXOS_guideXOS_Kernel_Drivers_HID 00000000100012aa     guideXOS.obj
 0001:000002b5       __GetGCStaticBase_guideXOS_guideXOS_Kernel_Drivers_IDE 00000000100012b5     guideXOS.obj
 0001:000002c0       __GetGCStaticBase_guideXOS_guideXOS_Kernel_Drivers_Keyboard 00000000100012c0     guideXOS.obj
 0001:000002cb       __GetGCStaticBase_guideXOS_guideXOS_Kernel_Drivers_PCI 00000000100012cb     guideXOS.obj
 0001:000002d6       __GetGCStaticBase_guideXOS_guideXOS_Kernel_Drivers_PS2Mouse 00000000100012d6     guideXOS.obj
 0001:000002e1       __GetGCStaticBase_guideXOS_guideXOS_Kernel_Drivers_SATA 00000000100012e1     guideXOS.obj
 0001:000002ec       __GetGCStaticBase_guideXOS_guideXOS_Kernel_Drivers_USBStorage 00000000100012ec     guideXOS.obj
 0001:0000030c       __GetGCStaticBase_guideXOS_guideXOS_OS_Firewall 000000001000130c     guideXOS.obj
 0001:0000032c       __GetGCStaticBase_guideXOS_guideXOS_OS_Session 000000001000132c     guideXOS.obj
 0001:00000337       __GetGCStaticBase_guideXOS_guideXOS_GUI_BackgroundRotationManager 0000000010001337     guideXOS.obj
 0001:00000342       __GetGCStaticBase_guideXOS_guideXOS_GUI_Desktop 0000000010001342     guideXOS.obj
 0001:0000034d       __GetGCStaticBase_guideXOS_guideXOS_GUI_Icons 000000001000134d     guideXOS.obj
 0001:0000036d       __GetGCStaticBase_guideXOS_guideXOS_GUI_Lockscreen 000000001000136d     guideXOS.obj
 0001:00000378       __GetGCStaticBase_guideXOS_guideXOS_GUI_NotificationManager 0000000010001378     guideXOS.obj
 0001:00000383       __GetGCStaticBase_guideXOS_guideXOS_GUI_OnScreenKeyboard 0000000010001383     guideXOS.obj
 0001:000003a3       __GetGCStaticBase_guideXOS_guideXOS_GUI_PinnedManager 00000000100013a3     guideXOS.obj
 0001:000003c3       __GetGCStaticBase_guideXOS_guideXOS_GUI_RecentManager 00000000100013c3     guideXOS.obj
 0001:000003e3       __GetGCStaticBase_guideXOS_guideXOS_GUI_WindowManager 00000000100013e3     guideXOS.obj
 0001:000003ee       __GetGCStaticBase_guideXOS_guideXOS_GUI_WorkspaceManager 00000000100013ee     guideXOS.obj
 0001:0000040e       __GetGCStaticBase_guideXOS_guideXOS_DockableWidgets_Clock 000000001000140e     guideXOS.obj
 0001:00000419       __GetGCStaticBase_guideXOS_guideXOS_DefaultApps_WAVPlayer 0000000010001419     guideXOS.obj
 0001:00000424       __GetGCStaticBase_guideXOS_guideXOS_GUI_DisplayOptions___c 0000000010001424     guideXOS.obj
 0001:0000042f       __GetGCStaticBase_guideXOS_guideXOS_GUI_SaveDialog___O 000000001000142f     guideXOS.obj
 0001:0000043a       __GetGCStaticBase_guideXOS_System_Array_EmptyArray_1<String> 000000001000143a     guideXOS.obj
 0001:0000045a       __DelegateCtor_guideXOS_System_Delegate__InitializeClosedInstance__guideXOS_guideXOS_GUI_NetworkConfigurationDialog__Keyboard_OnKeyChanged 000000001000145a     guideXOS.obj
 0001:00000466       __DelegateCtor_guideXOS_System_Delegate__InitializeClosedInstance__guideXOS_guideXOS_GUI_OpenDialog__Keyboard_OnKeyChanged 0000000010001466     guideXOS.obj
 0001:00000472       __DelegateCtor_guideXOS_System_Delegate__InitializeClosedInstance__guideXOS_guideXOS_GUI_SaveDialog__Keyboard_OnKeyChanged 0000000010001472     guideXOS.obj
 0001:0000047e       __DelegateCtor_guideXOS_System_Delegate__InitializeClosedInstance__guideXOS_guideXOS_DefaultApps_ComputerFiles__Keyboard_OnKeyChanged 000000001000147e     guideXOS.obj
 0001:0000048a       __DelegateCtor_guideXOS_System_Delegate__InitializeClosedInstance__guideXOS_guideXOS_DefaultApps_FConsole__Keyboard_OnKeyChanged 000000001000148a     guideXOS.obj
 0001:00000496       __DelegateCtor_guideXOS_System_Delegate__InitializeClosedInstance__guideXOS_guideXOS_DefaultApps_FConsole__Console_OnWrite 0000000010001496     guideXOS.obj
 0001:000004a2       __DelegateCtor_guideXOS_System_Delegate__InitializeClosedInstance__guideXOS_guideXOS_DefaultApps_nexIRC__Keyboard_OnKeyChanged 00000000100014a2     guideXOS.obj
 0001:000004ae       __DelegateCtor_guideXOS_System_Delegate__InitializeClosedInstance__guideXOS_guideXOS_DefaultApps_Notepad__Keyboard_OnKeyChanged 00000000100014ae     guideXOS.obj
 0001:000004ba       __DelegateCtor_guideXOS_System_Delegate__InitializeClosedInstance__guideXOS_guideXOS_DefaultApps_Notepad___OnSetVisible_b__19_0 00000000100014ba     guideXOS.obj
 0001:000004c6       __DelegateCtor_guideXOS_System_Delegate__InitializeClosedInstance__guideXOS_guideXOS_DefaultApps_Notepad___OnSetVisible_b__19_3 00000000100014c6     guideXOS.obj
 0001:000004d2       __DelegateCtor_guideXOS_System_Delegate__InitializeClosedInstance__guideXOS_guideXOS_DefaultApps_Notepad___OnSetVisible_b__19_1 00000000100014d2     guideXOS.obj
 0001:000004de       __DelegateCtor_guideXOS_System_Delegate__InitializeClosedInstance__guideXOS_guideXOS_DefaultApps_Notepad___OnSetVisible_b__19_2 00000000100014de     guideXOS.obj
 0001:000004ea       __DelegateCtor_guideXOS_System_Delegate__InitializeClosedInstance__guideXOS_guideXOS_DefaultApps_WebBrowser__OnKey 00000000100014ea     guideXOS.obj
 0001:000004f6       __DelegateCtor_guideXOS_System_Delegate__InitializeClosedInstance__guideXOS_guideXOS_FS_FAT___c__DisplayClass48_0___FindPath_b__0 00000000100014f6     guideXOS.obj
 0001:00000502       __DelegateCtor_guideXOS_System_Delegate__InitializeClosedInstance__guideXOS_guideXOS_FS_FAT___c__DisplayClass48_1___FindPath_b__1 0000000010001502     guideXOS.obj
 0001:0000050e       __DelegateCtor_guideXOS_System_Delegate__InitializeClosedInstance__guideXOS_guideXOS_FS_FAT___c__DisplayClass58_0___GetFiles_b__0 000000001000150e     guideXOS.obj
 0001:0000051a       __DelegateCtor_guideXOS_System_Delegate__InitializeClosedInstance__guideXOS_guideXOS_GUI_DisplayOptions___c___OnInput_b__30_0 000000001000151a     guideXOS.obj
 0001:00000526       __DelegateCtor_guideXOS_System_Delegate__InitializeClosedInstance__guideXOS_guideXOS_GUI_DisplayOptions___c___OnInput_b__30_1 0000000010001526     guideXOS.obj
 0001:00000532       __DelegateCtor_guideXOS_System_Delegate__InitializeClosedInstance__guideXOS_guideXOS_DefaultApps_DiskManager___c__DisplayClass38_0___ReadMBRForEntry_b__0 0000000010001532     guideXOS.obj
 0001:0000053e       __DelegateCtor_guideXOS_System_Delegate__InitializeClosedInstance__guideXOS_guideXOS_DefaultApps_DiskManager___c__DisplayClass54_0___TryCreatePartitionLargestFree_b__0 000000001000153e     guideXOS.obj
 0001:0000054a       __DelegateCtor_guideXOS_System_Delegate__InitializeClosedInstance__guideXOS_guideXOS_DefaultApps_DiskManager___c__DisplayClass54_0___TryCreatePartitionLargestFree_b__1 000000001000154a     guideXOS.obj
 0001:00000556       __DelegateCtor_guideXOS_System_Delegate__InitializeClosedInstance__guideXOS_guideXOS_DefaultApps_Notepad___c__DisplayClass24_0___OpenSaveAs_b__0 0000000010001556     guideXOS.obj
 0001:00000562       __DelegateCtor_guideXOS_System_Delegate__InitializeOpenStaticThunk__guideXOS_guideXOS_GUI_Icons__DocumentIcon__guideXOS_System_Func_2<Int32__System___Canon>__InvokeOpenStaticThunk 0000000010001562     guideXOS.obj
 0001:00000575       __GenericLookupFromType_guideXOS_System_Array_EmptyArray_1<System___Canon>_GCStaticBase_guideXOS_System_Array_EmptyArray_1<T_System___Canon> 0000000010001575     guideXOS.obj
 0001:000005a0       CPUID                      00000000100015a0 f   NativeLib:native.obj
 0001:000005f0       Cli                        00000000100015f0 f   NativeLib:native.obj
 0001:00000620       Fxrstor64                  0000000010001620 f   NativeLib:native.obj
 0001:00000650       Fxsave64                   0000000010001650 f   NativeLib:native.obj
 0001:00000680       Hlt                        0000000010001680 f   NativeLib:native.obj
 0001:000006b0       Invlpg                     00000000100016b0 f   NativeLib:native.obj
 0001:000006e0       Nop                        00000000100016e0 f   NativeLib:native.obj
 0001:00000700       Rdmsr                      0000000010001700 f   NativeLib:native.obj
 0001:00000730       Rdtsc                      0000000010001730 f   NativeLib:native.obj
 0001:00000760       ReadCR2                    0000000010001760 f   NativeLib:native.obj
 0001:00000780       Sti                        0000000010001780 f   NativeLib:native.obj
 0001:000007b0       WriteCR3                   00000000100017b0 f   NativeLib:native.obj
 0001:000007e0       Wrmsr                      00000000100017e0 f   NativeLib:native.obj
 0001:00000820       __JustMyCode_Default       0000000010001820 f i NativeLib:native.obj
 0001:00000830       Movsb                      0000000010001830 f   NativeLib:mem.obj
 0001:00000870       Movsd                      0000000010001870 f   NativeLib:mem.obj
 0001:000008b0       Stosb                      00000000100018b0 f   NativeLib:mem.obj
 0001:00000900       Stosd                      0000000010001900 f   NativeLib:mem.obj
 0001:00000950       avx_memcpy                 0000000010001950 f   NativeLib:mem.obj
 0001:00000a50       Load_GDT                   0000000010001a50 f   NativeLib:interrupts.obj
 0001:00000a80       idt_set                    0000000010001a80 f   NativeLib:interrupts.obj
 0001:00000b60       set_idt_entries            0000000010001b60 f   NativeLib:interrupts.obj
 0001:00002a80       intr0                      0000000010003a80 f   NativeLib:interrupts_asm.obj
 0001:00002ac2       intr1                      0000000010003ac2 f   NativeLib:interrupts_asm.obj
 0001:00002b04       intr2                      0000000010003b04 f   NativeLib:interrupts_asm.obj
 0001:00002b46       intr3                      0000000010003b46 f   NativeLib:interrupts_asm.obj
 0001:00002b88       intr4                      0000000010003b88 f   NativeLib:interrupts_asm.obj
 0001:00002bca       intr5                      0000000010003bca f   NativeLib:interrupts_asm.obj
 0001:00002c0c       intr6                      0000000010003c0c f   NativeLib:interrupts_asm.obj
 0001:00002c4e       intr7                      0000000010003c4e f   NativeLib:interrupts_asm.obj
 0001:00002c90       intr8                      0000000010003c90 f   NativeLib:interrupts_asm.obj
 0001:00002cd2       intr9                      0000000010003cd2 f   NativeLib:interrupts_asm.obj
 0001:00002d14       intr10                     0000000010003d14 f   NativeLib:interrupts_asm.obj
 0001:00002d56       intr11                     0000000010003d56 f   NativeLib:interrupts_asm.obj
 0001:00002d98       intr12                     0000000010003d98 f   NativeLib:interrupts_asm.obj
 0001:00002dda       intr13                     0000000010003dda f   NativeLib:interrupts_asm.obj
 0001:00002e1c       intr14                     0000000010003e1c f   NativeLib:interrupts_asm.obj
 0001:00002e5e       intr15                     0000000010003e5e f   NativeLib:interrupts_asm.obj
 0001:00002ea0       intr16                     0000000010003ea0 f   NativeLib:interrupts_asm.obj
 0001:00002ee2       intr17                     0000000010003ee2 f   NativeLib:interrupts_asm.obj
 0001:00002f24       intr18                     0000000010003f24 f   NativeLib:interrupts_asm.obj
 0001:00002f66       intr19                     0000000010003f66 f   NativeLib:interrupts_asm.obj
 0001:00002fa8       intr20                     0000000010003fa8 f   NativeLib:interrupts_asm.obj
 0001:00002fea       intr21                     0000000010003fea f   NativeLib:interrupts_asm.obj
 0001:0000302c       intr22                     000000001000402c f   NativeLib:interrupts_asm.obj
 0001:0000306e       intr23                     000000001000406e f   NativeLib:interrupts_asm.obj
 0001:000030b0       intr24                     00000000100040b0 f   NativeLib:interrupts_asm.obj
 0001:000030f2       intr25                     00000000100040f2 f   NativeLib:interrupts_asm.obj
 0001:00003134       intr26                     0000000010004134 f   NativeLib:interrupts_asm.obj
 0001:00003176       intr27                     0000000010004176 f   NativeLib:interrupts_asm.obj
 0001:000031b8       intr28                     00000000100041b8 f   NativeLib:interrupts_asm.obj
 0001:000031fa       intr29                     00000000100041fa f   NativeLib:interrupts_asm.obj
 0001:0000323c       intr30                     000000001000423c f   NativeLib:interrupts_asm.obj
 0001:0000327e       intr31                     000000001000427e f   NativeLib:interrupts_asm.obj
 0001:000032c0       intr32                     00000000100042c0 f   NativeLib:interrupts_asm.obj
 0001:00003302       intr33                     0000000010004302 f   NativeLib:interrupts_asm.obj
 0001:00003344       intr34                     0000000010004344 f   NativeLib:interrupts_asm.obj
 0001:00003386       intr35                     0000000010004386 f   NativeLib:interrupts_asm.obj
 0001:000033c8       intr36                     00000000100043c8 f   NativeLib:interrupts_asm.obj
 0001:0000340a       intr37                     000000001000440a f   NativeLib:interrupts_asm.obj
 0001:0000344c       intr38                     000000001000444c f   NativeLib:interrupts_asm.obj
 0001:0000348e       intr39                     000000001000448e f   NativeLib:interrupts_asm.obj
 0001:000034d0       intr40                     00000000100044d0 f   NativeLib:interrupts_asm.obj
 0001:00003512       intr41                     0000000010004512 f   NativeLib:interrupts_asm.obj
 0001:00003554       intr42                     0000000010004554 f   NativeLib:interrupts_asm.obj
 0001:00003596       intr43                     0000000010004596 f   NativeLib:interrupts_asm.obj
 0001:000035d8       intr44                     00000000100045d8 f   NativeLib:interrupts_asm.obj
 0001:0000361a       intr45                     000000001000461a f   NativeLib:interrupts_asm.obj
 0001:0000365c       intr46                     000000001000465c f   NativeLib:interrupts_asm.obj
 0001:0000369e       intr47                     000000001000469e f   NativeLib:interrupts_asm.obj
 0001:000036e0       intr48                     00000000100046e0 f   NativeLib:interrupts_asm.obj
 0001:00003722       intr49                     0000000010004722 f   NativeLib:interrupts_asm.obj
 0001:00003764       intr50                     0000000010004764 f   NativeLib:interrupts_asm.obj
 0001:000037a6       intr51                     00000000100047a6 f   NativeLib:interrupts_asm.obj
 0001:000037e8       intr52                     00000000100047e8 f   NativeLib:interrupts_asm.obj
 0001:0000382a       intr53                     000000001000482a f   NativeLib:interrupts_asm.obj
 0001:0000386c       intr54                     000000001000486c f   NativeLib:interrupts_asm.obj
 0001:000038ae       intr55                     00000000100048ae f   NativeLib:interrupts_asm.obj
 0001:000038f0       intr56                     00000000100048f0 f   NativeLib:interrupts_asm.obj
 0001:00003932       intr57                     0000000010004932 f   NativeLib:interrupts_asm.obj
 0001:00003974       intr58                     0000000010004974 f   NativeLib:interrupts_asm.obj
 0001:000039b6       intr59                     00000000100049b6 f   NativeLib:interrupts_asm.obj
 0001:000039f8       intr60                     00000000100049f8 f   NativeLib:interrupts_asm.obj
 0001:00003a3a       intr61                     0000000010004a3a f   NativeLib:interrupts_asm.obj
 0001:00003a7c       intr62                     0000000010004a7c f   NativeLib:interrupts_asm.obj
 0001:00003abe       intr63                     0000000010004abe f   NativeLib:interrupts_asm.obj
 0001:00003b00       intr64                     0000000010004b00 f   NativeLib:interrupts_asm.obj
 0001:00003b42       intr65                     0000000010004b42 f   NativeLib:interrupts_asm.obj
 0001:00003b84       intr66                     0000000010004b84 f   NativeLib:interrupts_asm.obj
 0001:00003bc6       intr67                     0000000010004bc6 f   NativeLib:interrupts_asm.obj
 0001:00003c08       intr68                     0000000010004c08 f   NativeLib:interrupts_asm.obj
 0001:00003c4a       intr69                     0000000010004c4a f   NativeLib:interrupts_asm.obj
 0001:00003c8c       intr70                     0000000010004c8c f   NativeLib:interrupts_asm.obj
 0001:00003cce       intr71                     0000000010004cce f   NativeLib:interrupts_asm.obj
 0001:00003d10       intr72                     0000000010004d10 f   NativeLib:interrupts_asm.obj
 0001:00003d52       intr73                     0000000010004d52 f   NativeLib:interrupts_asm.obj
 0001:00003d94       intr74                     0000000010004d94 f   NativeLib:interrupts_asm.obj
 0001:00003dd6       intr75                     0000000010004dd6 f   NativeLib:interrupts_asm.obj
 0001:00003e18       intr76                     0000000010004e18 f   NativeLib:interrupts_asm.obj
 0001:00003e5a       intr77                     0000000010004e5a f   NativeLib:interrupts_asm.obj
 0001:00003e9c       intr78                     0000000010004e9c f   NativeLib:interrupts_asm.obj
 0001:00003ede       intr79                     0000000010004ede f   NativeLib:interrupts_asm.obj
 0001:00003f20       intr80                     0000000010004f20 f   NativeLib:interrupts_asm.obj
 0001:00003f62       intr81                     0000000010004f62 f   NativeLib:interrupts_asm.obj
 0001:00003fa4       intr82                     0000000010004fa4 f   NativeLib:interrupts_asm.obj
 0001:00003fe6       intr83                     0000000010004fe6 f   NativeLib:interrupts_asm.obj
 0001:00004028       intr84                     0000000010005028 f   NativeLib:interrupts_asm.obj
 0001:0000406a       intr85                     000000001000506a f   NativeLib:interrupts_asm.obj
 0001:000040ac       intr86                     00000000100050ac f   NativeLib:interrupts_asm.obj
 0001:000040ee       intr87                     00000000100050ee f   NativeLib:interrupts_asm.obj
 0001:00004130       intr88                     0000000010005130 f   NativeLib:interrupts_asm.obj
 0001:00004172       intr89                     0000000010005172 f   NativeLib:interrupts_asm.obj
 0001:000041b4       intr90                     00000000100051b4 f   NativeLib:interrupts_asm.obj
 0001:000041f6       intr91                     00000000100051f6 f   NativeLib:interrupts_asm.obj
 0001:00004238       intr92                     0000000010005238 f   NativeLib:interrupts_asm.obj
 0001:0000427a       intr93                     000000001000527a f   NativeLib:interrupts_asm.obj
 0001:000042bc       intr94                     00000000100052bc f   NativeLib:interrupts_asm.obj
 0001:000042fe       intr95                     00000000100052fe f   NativeLib:interrupts_asm.obj
 0001:00004340       intr96                     0000000010005340 f   NativeLib:interrupts_asm.obj
 0001:00004382       intr97                     0000000010005382 f   NativeLib:interrupts_asm.obj
 0001:000043c4       intr98                     00000000100053c4 f   NativeLib:interrupts_asm.obj
 0001:00004406       intr99                     0000000010005406 f   NativeLib:interrupts_asm.obj
 0001:00004448       intr100                    0000000010005448 f   NativeLib:interrupts_asm.obj
 0001:0000448a       intr101                    000000001000548a f   NativeLib:interrupts_asm.obj
 0001:000044cc       intr102                    00000000100054cc f   NativeLib:interrupts_asm.obj
 0001:0000450e       intr103                    000000001000550e f   NativeLib:interrupts_asm.obj
 0001:00004550       intr104                    0000000010005550 f   NativeLib:interrupts_asm.obj
 0001:00004592       intr105                    0000000010005592 f   NativeLib:interrupts_asm.obj
 0001:000045d4       intr106                    00000000100055d4 f   NativeLib:interrupts_asm.obj
 0001:00004616       intr107                    0000000010005616 f   NativeLib:interrupts_asm.obj
 0001:00004658       intr108                    0000000010005658 f   NativeLib:interrupts_asm.obj
 0001:0000469a       intr109                    000000001000569a f   NativeLib:interrupts_asm.obj
 0001:000046dc       intr110                    00000000100056dc f   NativeLib:interrupts_asm.obj
 0001:0000471e       intr111                    000000001000571e f   NativeLib:interrupts_asm.obj
 0001:00004760       intr112                    0000000010005760 f   NativeLib:interrupts_asm.obj
 0001:000047a2       intr113                    00000000100057a2 f   NativeLib:interrupts_asm.obj
 0001:000047e4       intr114                    00000000100057e4 f   NativeLib:interrupts_asm.obj
 0001:00004826       intr115                    0000000010005826 f   NativeLib:interrupts_asm.obj
 0001:00004868       intr116                    0000000010005868 f   NativeLib:interrupts_asm.obj
 0001:000048aa       intr117                    00000000100058aa f   NativeLib:interrupts_asm.obj
 0001:000048ec       intr118                    00000000100058ec f   NativeLib:interrupts_asm.obj
 0001:0000492e       intr119                    000000001000592e f   NativeLib:interrupts_asm.obj
 0001:00004970       intr120                    0000000010005970 f   NativeLib:interrupts_asm.obj
 0001:000049b2       intr121                    00000000100059b2 f   NativeLib:interrupts_asm.obj
 0001:000049f4       intr122                    00000000100059f4 f   NativeLib:interrupts_asm.obj
 0001:00004a36       intr123                    0000000010005a36 f   NativeLib:interrupts_asm.obj
 0001:00004a78       intr124                    0000000010005a78 f   NativeLib:interrupts_asm.obj
 0001:00004aba       intr125                    0000000010005aba f   NativeLib:interrupts_asm.obj
 0001:00004afc       intr126                    0000000010005afc f   NativeLib:interrupts_asm.obj
 0001:00004b3e       intr127                    0000000010005b3e f   NativeLib:interrupts_asm.obj
 0001:00004b80       intr128                    0000000010005b80 f   NativeLib:interrupts_asm.obj
 0001:00004bc2       intr129                    0000000010005bc2 f   NativeLib:interrupts_asm.obj
 0001:00004c04       intr130                    0000000010005c04 f   NativeLib:interrupts_asm.obj
 0001:00004c46       intr131                    0000000010005c46 f   NativeLib:interrupts_asm.obj
 0001:00004c88       intr132                    0000000010005c88 f   NativeLib:interrupts_asm.obj
 0001:00004cca       intr133                    0000000010005cca f   NativeLib:interrupts_asm.obj
 0001:00004d0c       intr134                    0000000010005d0c f   NativeLib:interrupts_asm.obj
 0001:00004d4e       intr135                    0000000010005d4e f   NativeLib:interrupts_asm.obj
 0001:00004d90       intr136                    0000000010005d90 f   NativeLib:interrupts_asm.obj
 0001:00004dd2       intr137                    0000000010005dd2 f   NativeLib:interrupts_asm.obj
 0001:00004e14       intr138                    0000000010005e14 f   NativeLib:interrupts_asm.obj
 0001:00004e56       intr139                    0000000010005e56 f   NativeLib:interrupts_asm.obj
 0001:00004e98       intr140                    0000000010005e98 f   NativeLib:interrupts_asm.obj
 0001:00004eda       intr141                    0000000010005eda f   NativeLib:interrupts_asm.obj
 0001:00004f1c       intr142                    0000000010005f1c f   NativeLib:interrupts_asm.obj
 0001:00004f5e       intr143                    0000000010005f5e f   NativeLib:interrupts_asm.obj
 0001:00004fa0       intr144                    0000000010005fa0 f   NativeLib:interrupts_asm.obj
 0001:00004fe2       intr145                    0000000010005fe2 f   NativeLib:interrupts_asm.obj
 0001:00005024       intr146                    0000000010006024 f   NativeLib:interrupts_asm.obj
 0001:00005066       intr147                    0000000010006066 f   NativeLib:interrupts_asm.obj
 0001:000050a8       intr148                    00000000100060a8 f   NativeLib:interrupts_asm.obj
 0001:000050ea       intr149                    00000000100060ea f   NativeLib:interrupts_asm.obj
 0001:0000512c       intr150                    000000001000612c f   NativeLib:interrupts_asm.obj
 0001:0000516e       intr151                    000000001000616e f   NativeLib:interrupts_asm.obj
 0001:000051b0       intr152                    00000000100061b0 f   NativeLib:interrupts_asm.obj
 0001:000051f2       intr153                    00000000100061f2 f   NativeLib:interrupts_asm.obj
 0001:00005234       intr154                    0000000010006234 f   NativeLib:interrupts_asm.obj
 0001:00005276       intr155                    0000000010006276 f   NativeLib:interrupts_asm.obj
 0001:000052b8       intr156                    00000000100062b8 f   NativeLib:interrupts_asm.obj
 0001:000052fa       intr157                    00000000100062fa f   NativeLib:interrupts_asm.obj
 0001:0000533c       intr158                    000000001000633c f   NativeLib:interrupts_asm.obj
 0001:0000537e       intr159                    000000001000637e f   NativeLib:interrupts_asm.obj
 0001:000053c0       intr160                    00000000100063c0 f   NativeLib:interrupts_asm.obj
 0001:00005402       intr161                    0000000010006402 f   NativeLib:interrupts_asm.obj
 0001:00005444       intr162                    0000000010006444 f   NativeLib:interrupts_asm.obj
 0001:00005486       intr163                    0000000010006486 f   NativeLib:interrupts_asm.obj
 0001:000054c8       intr164                    00000000100064c8 f   NativeLib:interrupts_asm.obj
 0001:0000550a       intr165                    000000001000650a f   NativeLib:interrupts_asm.obj
 0001:0000554c       intr166                    000000001000654c f   NativeLib:interrupts_asm.obj
 0001:0000558e       intr167                    000000001000658e f   NativeLib:interrupts_asm.obj
 0001:000055d0       intr168                    00000000100065d0 f   NativeLib:interrupts_asm.obj
 0001:00005612       intr169                    0000000010006612 f   NativeLib:interrupts_asm.obj
 0001:00005654       intr170                    0000000010006654 f   NativeLib:interrupts_asm.obj
 0001:00005696       intr171                    0000000010006696 f   NativeLib:interrupts_asm.obj
 0001:000056d8       intr172                    00000000100066d8 f   NativeLib:interrupts_asm.obj
 0001:0000571a       intr173                    000000001000671a f   NativeLib:interrupts_asm.obj
 0001:0000575c       intr174                    000000001000675c f   NativeLib:interrupts_asm.obj
 0001:0000579e       intr175                    000000001000679e f   NativeLib:interrupts_asm.obj
 0001:000057e0       intr176                    00000000100067e0 f   NativeLib:interrupts_asm.obj
 0001:00005822       intr177                    0000000010006822 f   NativeLib:interrupts_asm.obj
 0001:00005864       intr178                    0000000010006864 f   NativeLib:interrupts_asm.obj
 0001:000058a6       intr179                    00000000100068a6 f   NativeLib:interrupts_asm.obj
 0001:000058e8       intr180                    00000000100068e8 f   NativeLib:interrupts_asm.obj
 0001:0000592a       intr181                    000000001000692a f   NativeLib:interrupts_asm.obj
 0001:0000596c       intr182                    000000001000696c f   NativeLib:interrupts_asm.obj
 0001:000059ae       intr183                    00000000100069ae f   NativeLib:interrupts_asm.obj
 0001:000059f0       intr184                    00000000100069f0 f   NativeLib:interrupts_asm.obj
 0001:00005a32       intr185                    0000000010006a32 f   NativeLib:interrupts_asm.obj
 0001:00005a74       intr186                    0000000010006a74 f   NativeLib:interrupts_asm.obj
 0001:00005ab6       intr187                    0000000010006ab6 f   NativeLib:interrupts_asm.obj
 0001:00005af8       intr188                    0000000010006af8 f   NativeLib:interrupts_asm.obj
 0001:00005b3a       intr189                    0000000010006b3a f   NativeLib:interrupts_asm.obj
 0001:00005b7c       intr190                    0000000010006b7c f   NativeLib:interrupts_asm.obj
 0001:00005bbe       intr191                    0000000010006bbe f   NativeLib:interrupts_asm.obj
 0001:00005c00       intr192                    0000000010006c00 f   NativeLib:interrupts_asm.obj
 0001:00005c42       intr193                    0000000010006c42 f   NativeLib:interrupts_asm.obj
 0001:00005c84       intr194                    0000000010006c84 f   NativeLib:interrupts_asm.obj
 0001:00005cc6       intr195                    0000000010006cc6 f   NativeLib:interrupts_asm.obj
 0001:00005d08       intr196                    0000000010006d08 f   NativeLib:interrupts_asm.obj
 0001:00005d4a       intr197                    0000000010006d4a f   NativeLib:interrupts_asm.obj
 0001:00005d8c       intr198                    0000000010006d8c f   NativeLib:interrupts_asm.obj
 0001:00005dce       intr199                    0000000010006dce f   NativeLib:interrupts_asm.obj
 0001:00005e10       intr200                    0000000010006e10 f   NativeLib:interrupts_asm.obj
 0001:00005e52       intr201                    0000000010006e52 f   NativeLib:interrupts_asm.obj
 0001:00005e94       intr202                    0000000010006e94 f   NativeLib:interrupts_asm.obj
 0001:00005ed6       intr203                    0000000010006ed6 f   NativeLib:interrupts_asm.obj
 0001:00005f18       intr204                    0000000010006f18 f   NativeLib:interrupts_asm.obj
 0001:00005f5a       intr205                    0000000010006f5a f   NativeLib:interrupts_asm.obj
 0001:00005f9c       intr206                    0000000010006f9c f   NativeLib:interrupts_asm.obj
 0001:00005fde       intr207                    0000000010006fde f   NativeLib:interrupts_asm.obj
 0001:00006020       intr208                    0000000010007020 f   NativeLib:interrupts_asm.obj
 0001:00006062       intr209                    0000000010007062 f   NativeLib:interrupts_asm.obj
 0001:000060a4       intr210                    00000000100070a4 f   NativeLib:interrupts_asm.obj
 0001:000060e6       intr211                    00000000100070e6 f   NativeLib:interrupts_asm.obj
 0001:00006128       intr212                    0000000010007128 f   NativeLib:interrupts_asm.obj
 0001:0000616a       intr213                    000000001000716a f   NativeLib:interrupts_asm.obj
 0001:000061ac       intr214                    00000000100071ac f   NativeLib:interrupts_asm.obj
 0001:000061ee       intr215                    00000000100071ee f   NativeLib:interrupts_asm.obj
 0001:00006230       intr216                    0000000010007230 f   NativeLib:interrupts_asm.obj
 0001:00006272       intr217                    0000000010007272 f   NativeLib:interrupts_asm.obj
 0001:000062b4       intr218                    00000000100072b4 f   NativeLib:interrupts_asm.obj
 0001:000062f6       intr219                    00000000100072f6 f   NativeLib:interrupts_asm.obj
 0001:00006338       intr220                    0000000010007338 f   NativeLib:interrupts_asm.obj
 0001:0000637a       intr221                    000000001000737a f   NativeLib:interrupts_asm.obj
 0001:000063bc       intr222                    00000000100073bc f   NativeLib:interrupts_asm.obj
 0001:000063fe       intr223                    00000000100073fe f   NativeLib:interrupts_asm.obj
 0001:00006440       intr224                    0000000010007440 f   NativeLib:interrupts_asm.obj
 0001:00006482       intr225                    0000000010007482 f   NativeLib:interrupts_asm.obj
 0001:000064c4       intr226                    00000000100074c4 f   NativeLib:interrupts_asm.obj
 0001:00006506       intr227                    0000000010007506 f   NativeLib:interrupts_asm.obj
 0001:00006548       intr228                    0000000010007548 f   NativeLib:interrupts_asm.obj
 0001:0000658a       intr229                    000000001000758a f   NativeLib:interrupts_asm.obj
 0001:000065cc       intr230                    00000000100075cc f   NativeLib:interrupts_asm.obj
 0001:0000660e       intr231                    000000001000760e f   NativeLib:interrupts_asm.obj
 0001:00006650       intr232                    0000000010007650 f   NativeLib:interrupts_asm.obj
 0001:00006692       intr233                    0000000010007692 f   NativeLib:interrupts_asm.obj
 0001:000066d4       intr234                    00000000100076d4 f   NativeLib:interrupts_asm.obj
 0001:00006716       intr235                    0000000010007716 f   NativeLib:interrupts_asm.obj
 0001:00006758       intr236                    0000000010007758 f   NativeLib:interrupts_asm.obj
 0001:0000679a       intr237                    000000001000779a f   NativeLib:interrupts_asm.obj
 0001:000067dc       intr238                    00000000100077dc f   NativeLib:interrupts_asm.obj
 0001:0000681e       intr239                    000000001000781e f   NativeLib:interrupts_asm.obj
 0001:00006860       intr240                    0000000010007860 f   NativeLib:interrupts_asm.obj
 0001:000068a2       intr241                    00000000100078a2 f   NativeLib:interrupts_asm.obj
 0001:000068e4       intr242                    00000000100078e4 f   NativeLib:interrupts_asm.obj
 0001:00006926       intr243                    0000000010007926 f   NativeLib:interrupts_asm.obj
 0001:00006968       intr244                    0000000010007968 f   NativeLib:interrupts_asm.obj
 0001:000069aa       intr245                    00000000100079aa f   NativeLib:interrupts_asm.obj
 0001:000069ec       intr246                    00000000100079ec f   NativeLib:interrupts_asm.obj
 0001:00006a2e       intr247                    0000000010007a2e f   NativeLib:interrupts_asm.obj
 0001:00006a70       intr248                    0000000010007a70 f   NativeLib:interrupts_asm.obj
 0001:00006ab2       intr249                    0000000010007ab2 f   NativeLib:interrupts_asm.obj
 0001:00006af4       intr250                    0000000010007af4 f   NativeLib:interrupts_asm.obj
 0001:00006b36       intr251                    0000000010007b36 f   NativeLib:interrupts_asm.obj
 0001:00006b78       intr252                    0000000010007b78 f   NativeLib:interrupts_asm.obj
 0001:00006bba       intr253                    0000000010007bba f   NativeLib:interrupts_asm.obj
 0001:00006bfc       intr254                    0000000010007bfc f   NativeLib:interrupts_asm.obj
 0001:00006c3e       intr255                    0000000010007c3e f   NativeLib:interrupts_asm.obj
 0001:00006c80       _reload_segreg             0000000010007c80 f   NativeLib:interrupts_asm.obj
 0001:00006ca7       Load_IDT                   0000000010007ca7 f   NativeLib:interrupts_asm.obj
 0001:00006cab       _cli                       0000000010007cab f   NativeLib:interrupts_asm.obj
 0001:00006cad       _sti                       0000000010007cad f   NativeLib:interrupts_asm.obj
 0001:00006caf       _hlt                       0000000010007caf f   NativeLib:interrupts_asm.obj
 0001:00006cb1       _inttest                   0000000010007cb1 f   NativeLib:interrupts_asm.obj
 0001:00006cbb       _iretq                     0000000010007cbb f   NativeLib:interrupts_asm.obj
 0001:00006cd6       _int20h                    0000000010007cd6 f   NativeLib:interrupts_asm.obj
 0001:00006ce0       In16                       0000000010007ce0 f   NativeLib:io.obj
 0001:00006d10       In32                       0000000010007d10 f   NativeLib:io.obj
 0001:00006d40       In8                        0000000010007d40 f   NativeLib:io.obj
 0001:00006d70       Insb                       0000000010007d70 f   NativeLib:io.obj
 0001:00006db0       Insd                       0000000010007db0 f   NativeLib:io.obj
 0001:00006df0       Insw                       0000000010007df0 f   NativeLib:io.obj
 0001:00006e30       Out16                      0000000010007e30 f   NativeLib:io.obj
 0001:00006e60       Out32                      0000000010007e60 f   NativeLib:io.obj
 0001:00006e90       Out8                       0000000010007e90 f   NativeLib:io.obj
 0001:00006ec0       Outsb                      0000000010007ec0 f   NativeLib:io.obj
 0001:00006f00       Outsd                      0000000010007f00 f   NativeLib:io.obj
 0001:00006f40       Outsw                      0000000010007f40 f   NativeLib:io.obj
 0001:00006f80       enable_avx                 0000000010007f80 f   NativeLib:misc.obj
 0001:00006f93       enable_sse                 0000000010007f93 f   NativeLib:misc.obj
 0001:00006fa6       Schedule_Next              0000000010007fa6 f   NativeLib:misc.obj
 0001:00012410       lodepng_add_itext          0000000010013410 f   NativeLib:lodepng.obj
 0001:00012650       lodepng_add_text           0000000010013650 f   NativeLib:lodepng.obj
 0001:00012910       lodepng_can_have_alpha     0000000010013910 f   NativeLib:lodepng.obj
 0001:00012970       lodepng_chunk_ancillary    0000000010013970 f   NativeLib:lodepng.obj
 0001:000129c0       lodepng_chunk_append       00000000100139c0 f   NativeLib:lodepng.obj
 0001:00012ae0       lodepng_chunk_check_crc    0000000010013ae0 f   NativeLib:lodepng.obj
 0001:00012b70       lodepng_chunk_create       0000000010013b70 f   NativeLib:lodepng.obj
 0001:00012ca0       lodepng_chunk_data         0000000010013ca0 f   NativeLib:lodepng.obj
 0001:00012ce0       lodepng_chunk_data_const   0000000010013ce0 f   NativeLib:lodepng.obj
 0001:00012d20       lodepng_chunk_find         0000000010013d20 f   NativeLib:lodepng.obj
 0001:00012da0       lodepng_chunk_find_const   0000000010013da0 f   NativeLib:lodepng.obj
 0001:00012e20       lodepng_chunk_generate_crc 0000000010013e20 f   NativeLib:lodepng.obj
 0001:00012f70       lodepng_chunk_length       0000000010013f70 f   NativeLib:lodepng.obj
 0001:00012fb0       lodepng_chunk_next         0000000010013fb0 f   NativeLib:lodepng.obj
 0001:00013110       lodepng_chunk_next_const   0000000010014110 f   NativeLib:lodepng.obj
 0001:00013270       lodepng_chunk_private      0000000010014270 f   NativeLib:lodepng.obj
 0001:000132c0       lodepng_chunk_safetocopy   00000000100142c0 f   NativeLib:lodepng.obj
 0001:00013310       lodepng_chunk_type         0000000010014310 f   NativeLib:lodepng.obj
 0001:00013380       lodepng_chunk_type_equals  0000000010014380 f   NativeLib:lodepng.obj
 0001:00013470       lodepng_clear_icc          0000000010014470 f   NativeLib:lodepng.obj
 0001:000134e0       lodepng_clear_itext        00000000100144e0 f   NativeLib:lodepng.obj
 0001:00013510       lodepng_clear_text         0000000010014510 f   NativeLib:lodepng.obj
 0001:000135f0       lodepng_color_mode_cleanup 00000000100145f0 f   NativeLib:lodepng.obj
 0001:00013620       lodepng_color_mode_copy    0000000010014620 f   NativeLib:lodepng.obj
 0001:00013800       lodepng_color_mode_init    0000000010014800 f   NativeLib:lodepng.obj
 0001:00013880       lodepng_color_mode_make    0000000010014880 f   NativeLib:lodepng.obj
 0001:00013a10       lodepng_color_stats_init   0000000010014a10 f   NativeLib:lodepng.obj
 0001:00013ac0       lodepng_compress_settings_init 0000000010014ac0 f   NativeLib:lodepng.obj
 0001:00013b50       lodepng_compute_color_stats 0000000010014b50 f   NativeLib:lodepng.obj
 0001:00014a20       lodepng_convert            0000000010015a20 f   NativeLib:lodepng.obj
 0001:00014f60       lodepng_convert_rgb        0000000010015f60 f   NativeLib:lodepng.obj
 0001:000152a0       lodepng_crc32              00000000100162a0 f   NativeLib:lodepng.obj
 0001:00015330       lodepng_decode             0000000010016330 f   NativeLib:lodepng.obj
 0001:00015520       lodepng_decode24           0000000010016520 f   NativeLib:lodepng.obj
 0001:00015590       lodepng_decode32           0000000010016590 f   NativeLib:lodepng.obj
 0001:00015600       lodepng_decode_memory      0000000010016600 f   NativeLib:lodepng.obj
 0001:000156d0       lodepng_decoder_settings_init 00000000100166d0 f   NativeLib:lodepng.obj
 0001:00015760       lodepng_decompress_settings_init 0000000010016760 f   NativeLib:lodepng.obj
 0001:000157d0       lodepng_deflate            00000000100167d0 f   NativeLib:lodepng.obj
 0001:00015ae0       lodepng_encode             0000000010016ae0 f   NativeLib:lodepng.obj
 0001:00016ae0       lodepng_encode24           0000000010017ae0 f   NativeLib:lodepng.obj
 0001:00016b40       lodepng_encode32           0000000010017b40 f   NativeLib:lodepng.obj
 0001:00016ba0       lodepng_encode_memory      0000000010017ba0 f   NativeLib:lodepng.obj
 0001:00016c60       lodepng_encoder_settings_init 0000000010017c60 f   NativeLib:lodepng.obj
 0001:00016ce0       lodepng_error_text         0000000010017ce0 f   NativeLib:lodepng.obj
 0001:000173b0       lodepng_get_bpp            00000000100183b0 f   NativeLib:lodepng.obj
 0001:00017420       lodepng_get_channels       0000000010018420 f   NativeLib:lodepng.obj
 0001:00017450       lodepng_get_raw_size       0000000010018450 f   NativeLib:lodepng.obj
 0001:00017630       lodepng_has_palette_alpha  0000000010018630 f   NativeLib:lodepng.obj
 0001:000176a0       lodepng_huffman_code_lengths 00000000100186a0 f   NativeLib:lodepng.obj
 0001:00017af0       lodepng_inflate            0000000010018af0 f   NativeLib:lodepng.obj
 0001:00017d00       lodepng_info_cleanup       0000000010018d00 f   NativeLib:lodepng.obj
 0001:00017d60       lodepng_info_copy          0000000010018d60 f   NativeLib:lodepng.obj
 0001:00017e90       lodepng_info_init          0000000010018e90 f   NativeLib:lodepng.obj
 0001:00017fa0       lodepng_inspect            0000000010018fa0 f   NativeLib:lodepng.obj
 0001:000183f0       lodepng_inspect_chunk      00000000100193f0 f   NativeLib:lodepng.obj
 0001:00018810       lodepng_is_alpha_type      0000000010019810 f   NativeLib:lodepng.obj
 0001:00018860       lodepng_is_greyscale_type  0000000010019860 f   NativeLib:lodepng.obj
 0001:000188b0       lodepng_is_palette_type    00000000100198b0 f   NativeLib:lodepng.obj
 0001:00018a60       lodepng_palette_add        0000000010019a60 f   NativeLib:lodepng.obj
 0001:00018b50       lodepng_palette_clear      0000000010019b50 f   NativeLib:lodepng.obj
 0001:00018e70       lodepng_set_icc            0000000010019e70 f   NativeLib:lodepng.obj
 0001:00018ee0       lodepng_state_cleanup      0000000010019ee0 f   NativeLib:lodepng.obj
 0001:00018f30       lodepng_state_copy         0000000010019f30 f   NativeLib:lodepng.obj
 0001:00019000       lodepng_state_init         000000001001a000 f   NativeLib:lodepng.obj
 0001:000190c0       lodepng_zlib_compress      000000001001a0c0 f   NativeLib:lodepng.obj
 0001:000192b0       lodepng_zlib_decompress    000000001001a2b0 f   NativeLib:lodepng.obj
 0001:0001df60       fatfs_init                 000000001001ef60 f   NativeLib:fatfs.obj
 0001:0001dfe0       format_exfat               000000001001efe0 f   NativeLib:fatfs.obj
 0001:0001e060       get_files                  000000001001f060 f   NativeLib:fatfs.obj
 0001:0001e1a0       read_all_bytes             000000001001f1a0 f   NativeLib:fatfs.obj
 0001:0001e260       write_all_bytes            000000001001f260 f   NativeLib:fatfs.obj
 0001:0001e300       vmware_send                000000001001f300 f   NativeLib:vmware.obj
 0001:0001e384       vmware_send_hb             000000001001f384 f   NativeLib:vmware.obj
 0001:0001e40a       vmware_get_hb              000000001001f40a f   NativeLib:vmware.obj
 0001:000207a0       f_close                    00000000100217a0 f   NativeLib:ff.obj
 0001:00020800       f_closedir                 0000000010021800 f   NativeLib:ff.obj
 0001:00020850       f_getfree                  0000000010021850 f   NativeLib:ff.obj
 0001:00020b30       f_lseek                    0000000010021b30 f   NativeLib:ff.obj
 0001:00021070       f_mkdir                    0000000010022070 f   NativeLib:ff.obj
 0001:000213b0       f_mkfs                     00000000100223b0 f   NativeLib:ff.obj
 0001:00022f60       f_mount                    0000000010023f60 f   NativeLib:ff.obj
 0001:00023020       f_open                     0000000010024020 f   NativeLib:ff.obj
 0001:000236e0       f_opendir                  00000000100246e0 f   NativeLib:ff.obj
 0001:000238a0       f_read                     00000000100248a0 f   NativeLib:ff.obj
 0001:00023d00       f_readdir                  0000000010024d00 f   NativeLib:ff.obj
 0001:00023db0       f_rename                   0000000010024db0 f   NativeLib:ff.obj
 0001:00024270       f_stat                     0000000010025270 f   NativeLib:ff.obj
 0001:00024310       f_sync                     0000000010025310 f   NativeLib:ff.obj
 0001:00024660       f_truncate                 0000000010025660 f   NativeLib:ff.obj
 0001:00024810       f_unlink                   0000000010025810 f   NativeLib:ff.obj
 0001:00024a50       f_write                    0000000010025a50 f   NativeLib:ff.obj
 0001:00028280       ff_oem2uni                 0000000010029280 f   NativeLib:ffunicode.obj
 0001:00028390       ff_uni2oem                 0000000010029390 f   NativeLib:ffunicode.obj
 0001:000284a0       ff_wtoupper                00000000100294a0 f   NativeLib:ffunicode.obj
 0001:00028670       disk_initialize            0000000010029670 f   NativeLib:diskio.obj
 0001:000286a0       disk_ioctl                 00000000100296a0 f   NativeLib:diskio.obj
 0001:00028720       disk_read                  0000000010029720 f   NativeLib:diskio.obj
 0001:00028760       disk_status                0000000010029760 f   NativeLib:diskio.obj
 0001:00028790       disk_write                 0000000010029790 f   NativeLib:diskio.obj
 0001:000287d0       mystrtoul                  00000000100297d0 f   LibC:strtoul.obj
 0001:0002b070       fctprintf                  000000001002c070 f   LibC:printf.obj
 0001:0002b0f0       printf_                    000000001002c0f0 f   LibC:printf.obj
 0001:0002b160       snprintf_                  000000001002c160 f   LibC:printf.obj
 0001:0002b1c0       sprintf_                   000000001002c1c0 f   LibC:printf.obj
 0001:0002b230       vprintf_                   000000001002c230 f   LibC:printf.obj
 0001:0002b280       vsnprintf_                 000000001002c280 f   LibC:printf.obj
 0001:0002b2d0       myisspace                  000000001002c2d0 f   LibC:isspace.obj
 0001:0002b320       myisdigit                  000000001002c320 f   LibC:isdigit.obj
 0001:0002b360       myisalpha                  000000001002c360 f   LibC:isalpha.obj
 0001:0002b3a0       myisupper                  000000001002c3a0 f   LibC:isupper.obj
 0002:00000000       unbox_Bool__ToString       000000001002d000     guideXOS.obj
 0002:0000000c       unbox_UInt8__ToString      000000001002d00c     guideXOS.obj
 0002:00000018       unbox_Int32__ToString      000000001002d018     guideXOS.obj
 0002:00000024       unbox_UInt16__ToString     000000001002d024     guideXOS.obj
 0002:00000030       unbox_UInt32__ToString     000000001002d030     guideXOS.obj
 0002:0000003c       unbox_UInt64__ToString     000000001002d03c     guideXOS.obj
 0003:00000000       KMain                      000000001002e000     guideXOS.obj
 0003:00000000       guideXOS_Program__KMain    000000001002e000     guideXOS.obj
 0003:00000440       guideXOS_Program__SMain    000000001002e440     guideXOS.obj
 0003:00000bcc       guideXOS_Allocator__FindOrAddOwner 000000001002ebcc     guideXOS.obj
 0003:00000cdc       guideXOS_Allocator__Initialize 000000001002ecdc     guideXOS.obj
 0003:00000dd0       guideXOS_Allocator__get_MemoryInUse 000000001002edd0     guideXOS.obj
 0003:00000de8       guideXOS_Allocator__GetPageIndexStart 000000001002ede8     guideXOS.obj
 0003:00000e3c       guideXOS_Allocator__Free   000000001002ee3c     guideXOS.obj
 0003:00001090       guideXOS_Allocator__SuspiciousSize 000000001002f090     guideXOS.obj
 0003:000010b0       guideXOS_Allocator__Allocate_0 000000001002f0b0     guideXOS.obj
 0003:00001420       guideXOS_Allocator__Reallocate 000000001002f420     guideXOS.obj
 0003:00001548       guideXOS_Allocator__ClearAllocate_0 000000001002f548     guideXOS.obj
 0003:000015f0       guideXOS_Allocator__GetTagBytes 000000001002f5f0     guideXOS.obj
 0003:00001618       guideXOS_Allocator__GetOwnerBytes 000000001002f618     guideXOS.obj
 0003:00001750       guideXOS_Allocator__GetOwnerListSnapshot 000000001002f750     guideXOS.obj
 0003:00001898       guideXOS_GDT__FillEntry    000000001002f898     guideXOS.obj
 0003:000018d8       guideXOS_GDT__Initialise   000000001002f8d8     guideXOS.obj
 0003:00001a28       guideXOS_GDT__SetKernelStack 000000001002fa28     guideXOS.obj
 0003:00001a4c       guideXOS_IDT__Initialize   000000001002fa4c     guideXOS.obj
 0003:00001b40       guideXOS_IDT__AllowUserSoftwareInterrupt 000000001002fb40     guideXOS.obj
 0003:00001bd8       guideXOS_IDT__intr_handler 000000001002fbd8     guideXOS.obj
 0003:00001bd8       intr_handler               000000001002fbd8     guideXOS.obj
 0003:00003ee4       guideXOS_Native__Load_GDT  0000000010031ee4     guideXOS.obj
 0003:00003f38       guideXOS_Native__Load_IDT  0000000010031f38     guideXOS.obj
 0003:00003f8c       guideXOS_Internal_Runtime_EEType__get_IsArray 0000000010031f8c     guideXOS.obj
 0003:00003fb0       guideXOS_Internal_Runtime_EEType__get_ArrayRank 0000000010031fb0     guideXOS.obj
 0003:00003fd0       __imp_GetCurrentThreadId   0000000010031fd0     guideXOS.obj
 0003:00003fd0       guideXOS_Internal_Runtime_CompilerHelpers_StartupCodeHelpers____imp_GetCurrentThreadId 0000000010031fd0     guideXOS.obj
 0003:00003fd4       __CheckForDebuggerJustMyCode 0000000010031fd4     guideXOS.obj
 0003:00003fd4       guideXOS_Internal_Runtime_CompilerHelpers_StartupCodeHelpers____CheckForDebuggerJustMyCode 0000000010031fd4     guideXOS.obj
 0003:00003fd8       __fail_fast                0000000010031fd8     guideXOS.obj
 0003:00003fd8       guideXOS_Internal_Runtime_CompilerHelpers_StartupCodeHelpers__FailFast 0000000010031fd8     guideXOS.obj
 0003:00003fdc       guideXOS_Internal_Runtime_CompilerHelpers_StartupCodeHelpers__MemSet 0000000010031fdc     guideXOS.obj
 0003:00003fdc       memset                     0000000010031fdc     guideXOS.obj
 0003:00003ff8       guideXOS_Internal_Runtime_CompilerHelpers_StartupCodeHelpers__MemCpy 0000000010031ff8     guideXOS.obj
 0003:00003ff8       memcpy                     0000000010031ff8     guideXOS.obj
 0003:00004014       RhpFallbackFailFast        0000000010032014     guideXOS.obj
 0003:00004014       guideXOS_Internal_Runtime_CompilerHelpers_StartupCodeHelpers__RhpFallbackFailFast 0000000010032014     guideXOS.obj
 0003:00004018       RhpReversePInvoke2         0000000010032018     guideXOS.obj
 0003:00004018       guideXOS_Internal_Runtime_CompilerHelpers_StartupCodeHelpers__RhpReversePInvoke2 0000000010032018     guideXOS.obj
 0003:0000401c       RhpReversePInvokeReturn2   000000001003201c     guideXOS.obj
 0003:0000401c       guideXOS_Internal_Runtime_CompilerHelpers_StartupCodeHelpers__RhpReversePInvokeReturn2 000000001003201c     guideXOS.obj
 0003:00004020       RhpReversePInvoke          0000000010032020     guideXOS.obj
 0003:00004020       guideXOS_Internal_Runtime_CompilerHelpers_StartupCodeHelpers__RhpReversePInvoke 0000000010032020     guideXOS.obj
 0003:00004024       RhpReversePInvokeReturn    0000000010032024     guideXOS.obj
 0003:00004024       guideXOS_Internal_Runtime_CompilerHelpers_StartupCodeHelpers__RhpReversePInvokeReturn 0000000010032024     guideXOS.obj
 0003:00004028       RhpPInvoke                 0000000010032028     guideXOS.obj
 0003:00004028       guideXOS_Internal_Runtime_CompilerHelpers_StartupCodeHelpers__RhpPinvoke 0000000010032028     guideXOS.obj
 0003:0000402c       RhpPInvokeReturn           000000001003202c     guideXOS.obj
 0003:0000402c       guideXOS_Internal_Runtime_CompilerHelpers_StartupCodeHelpers__RhpPinvokeReturn 000000001003202c     guideXOS.obj
 0003:00004030       RhpNewFast                 0000000010032030     guideXOS.obj
 0003:00004030       guideXOS_Internal_Runtime_CompilerHelpers_StartupCodeHelpers__RhpNewFast 0000000010032030     guideXOS.obj
 0003:000040bc       RhpNewArray                00000000100320bc     guideXOS.obj
 0003:000040bc       guideXOS_Internal_Runtime_CompilerHelpers_StartupCodeHelpers__RhpNewArray 00000000100320bc     guideXOS.obj
 0003:00004180       RhpAssignRef               0000000010032180     guideXOS.obj
 0003:00004180       guideXOS_Internal_Runtime_CompilerHelpers_StartupCodeHelpers__RhpAssignRef 0000000010032180     guideXOS.obj
 0003:00004184       RhpByRefAssignRef          0000000010032184     guideXOS.obj
 0003:00004184       guideXOS_Internal_Runtime_CompilerHelpers_StartupCodeHelpers__RhpByRefAssignRef 0000000010032184     guideXOS.obj
 0003:00004188       RhpCheckedAssignRef        0000000010032188     guideXOS.obj
 0003:00004188       guideXOS_Internal_Runtime_CompilerHelpers_StartupCodeHelpers__RhpCheckedAssignRef 0000000010032188     guideXOS.obj
 0003:0000418c       RhpStelemRef               000000001003218c     guideXOS.obj
 0003:0000418c       guideXOS_Internal_Runtime_CompilerHelpers_StartupCodeHelpers__RhpStelemRef 000000001003218c     guideXOS.obj
 0003:000041c4       RhTypeCast_IsInstanceOfClass 00000000100321c4     guideXOS.obj
 0003:000041c4       guideXOS_Internal_Runtime_CompilerHelpers_StartupCodeHelpers__RhTypeCast_IsInstanceOfClass 00000000100321c4     guideXOS.obj
 0003:000041f0       guideXOS_Internal_Runtime_CompilerHelpers_StartupCodeHelpers__InitializeModules 00000000100321f0     guideXOS.obj
 0003:000043a8       guideXOS_Internal_Runtime_CompilerHelpers_StartupCodeHelpers__InitializeStatics 00000000100323a8     guideXOS.obj
 0003:00004494       guideXOS_Internal_Runtime_CompilerHelpers_SynchronizedMethodHelpers__MonitorEnterStatic 0000000010032494     guideXOS.obj
 0003:00004498       guideXOS_Internal_Runtime_CompilerHelpers_SynchronizedMethodHelpers__MonitorExitStatic 0000000010032498     guideXOS.obj
 0003:0000449c       guideXOS_Internal_Runtime_CompilerHelpers_ThrowHelpers__Error 000000001003249c     guideXOS.obj
 0003:0000454c       guideXOS_Internal_Runtime_CompilerHelpers_ThrowHelpers__ThrowOverflowException 000000001003254c     guideXOS.obj
 0003:00004564       guideXOS_Internal_Runtime_CompilerHelpers_ThrowHelpers__ThrowIndexOutOfRangeException 0000000010032564     guideXOS.obj
 0003:0000457c       Bool__ToString             000000001003257c     guideXOS.obj
 0003:00004594       UInt8__ToString            0000000010032594     guideXOS.obj
 0003:000045b0       guideXOS_System_Delegate__InitializeOpenStaticThunk 00000000100325b0     guideXOS.obj
 0003:000045d4       guideXOS_System_Delegate__InitializeClosedInstance 00000000100325d4     guideXOS.obj
 0003:00004600       Int32__ToString            0000000010032600     guideXOS.obj
 0003:00004620       Int32__op_Implicit         0000000010032620     guideXOS.obj
 0003:00004624       Int64__ToString            0000000010032624     guideXOS.obj
 0003:00004714       guideXOS_System_MathF__Floor 0000000010032714     guideXOS.obj
 0003:00004774       Object___ctor              0000000010032774     guideXOS.obj
 0003:00004778       Object__ToString           0000000010032778     guideXOS.obj
 0003:00004780       Object__Dispose            0000000010032780     guideXOS.obj
 0003:000047d0       String__FromASCII          00000000100327d0     guideXOS.obj
 0003:00004868       String__Ctor               0000000010032868     guideXOS.obj
 0003:00004888       String__Ctor_1             0000000010032888     guideXOS.obj
 0003:000048d4       String__Ctor_2             00000000100328d4     guideXOS.obj
 0003:00004990       String__LastIndexOf        0000000010032990     guideXOS.obj
 0003:000049bc       String__Ctor_3             00000000100329bc     guideXOS.obj
 0003:00004a00       String__ToString           0000000010032a00     guideXOS.obj
 0003:00004a04       String__Equals_0           0000000010032a04     guideXOS.obj
 0003:00004a4c       String__Concat             0000000010032a4c     guideXOS.obj
 0003:00004b38       String__IndexOf            0000000010032b38     guideXOS.obj
 0003:00004b68       String__Concat_0           0000000010032b68     guideXOS.obj
 0003:00004bdc       String__Concat_1           0000000010032bdc     guideXOS.obj
 0003:00004ca0       String__Concat_2           0000000010032ca0     guideXOS.obj
 0003:00004d88       String__Format             0000000010032d88     guideXOS.obj
 0003:00004f94       String__Split              0000000010032f94     guideXOS.obj
 0003:00005060       String__Substring          0000000010033060     guideXOS.obj
 0003:000050a0       String__Substring_0        00000000100330a0     guideXOS.obj
 0003:000050dc       String__EndsWith_0         00000000100330dc     guideXOS.obj
 0003:00005168       String__ToUpper            0000000010033168     guideXOS.obj
 0003:000051fc       guideXOS_System_StringPool___cctor 00000000100331fc     guideXOS.obj
 0003:0000537c       guideXOS_System_StringPool__GetPercentage 000000001003337c     guideXOS.obj
 0003:00005450       guideXOS_System_StringPool__GetNumber 0000000010033450     guideXOS.obj
 0003:00005518       guideXOS_System_StringPool__GetNumber_0 0000000010033518     guideXOS.obj
 0003:000055c0       guideXOS_System_StringPool__GetMemorySize 00000000100335c0     guideXOS.obj
 0003:00005848       guideXOS_System_StringPool__GetTransferRate 0000000010033848     guideXOS.obj
 0003:00005934       guideXOS_System_StringPool__FormatUptime 0000000010033934     guideXOS.obj
 0003:00005bd8       UInt16__ToString           0000000010033bd8     guideXOS.obj
 0003:00005bf4       UInt32__ToString           0000000010033bf4     guideXOS.obj
 0003:00005c10       UInt32__ToString_0         0000000010033c10     guideXOS.obj
 0003:00005c2c       UInt64__ToString           0000000010033c2c     guideXOS.obj
 0003:00005cf4       UInt64__ToString_0         0000000010033cf4     guideXOS.obj
 0003:00005d9c       UInt64__ToStringHex        0000000010033d9c     guideXOS.obj
 0003:00005e44       guideXOS_System_Threading_Monitor__Unlock 0000000010033e44     guideXOS.obj
 0003:00005e88       RhTypeCast_CheckCastClass  0000000010033e88     guideXOS.obj
 0003:00005e88       guideXOS_System_Runtime_TypeCast__CheckCastClass 0000000010033e88     guideXOS.obj
 0003:00005eb0       RhTypeCast_CheckCastArray  0000000010033eb0     guideXOS.obj
 0003:00005eb0       guideXOS_System_Runtime_TypeCast__CheckCastArray 0000000010033eb0     guideXOS.obj
 0003:00005ed8       RhTypeCast_IsInstanceOfArray 0000000010033ed8     guideXOS.obj
 0003:00005ed8       guideXOS_System_Runtime_TypeCast__IsInstanceOfArray 0000000010033ed8     guideXOS.obj
 0003:00005f34       guideXOS_System_Runtime_CompilerServices_ClassConstructorRunner__CheckStaticClassConstructionReturnNonGCStaticBase 0000000010033f34     guideXOS.obj
 0003:00005f4c       guideXOS_System_Runtime_CompilerServices_ClassConstructorRunner__CheckStaticClassConstructionReturnGCStaticBase 0000000010033f4c     guideXOS.obj
 0003:00005f64       guideXOS_System_Runtime_CompilerServices_ClassConstructorRunner__CheckStaticClassConstruction 0000000010033f64     guideXOS.obj
 0003:00005f98       guideXOS_System_Drawing_Image___ctor 0000000010033f98     guideXOS.obj
 0003:00005fd4       guideXOS_System_Drawing_Image___ctor_0 0000000010033fd4     guideXOS.obj
 0003:00005fd8       guideXOS_System_Drawing_Image__Resample 0000000010033fd8     guideXOS.obj
 0003:0000637c       guideXOS_System_Drawing_Image__ResizeImage 000000001003437c     guideXOS.obj
 0003:000064f0       guideXOS_System_Drawing_Image__Dispose 00000000100344f0     guideXOS.obj
 0003:00006578       guideXOS_guideXOS_Animation___ctor 0000000010034578     guideXOS.obj
 0003:00006588       guideXOS_guideXOS_Animator__Initialize 0000000010034588     guideXOS.obj
 0003:000065e0       guideXOS_guideXOS_Animator__OnInterrupt 00000000100345e0     guideXOS.obj
 0003:0000666c       guideXOS_guideXOS_API__HandleSystemCall 000000001003466c     guideXOS.obj
 0003:00006a08       guideXOS_guideXOS_API__API_SndWrite 0000000010034a08     guideXOS.obj
 0003:00006a10       guideXOS_guideXOS_API__API_Calloc 0000000010034a10     guideXOS.obj
 0003:00006a18       guideXOS_guideXOS_API__API_StartThread 0000000010034a18     guideXOS.obj
 0003:00006a54       guideXOS_guideXOS_API__API_Error 0000000010034a54     guideXOS.obj
 0003:00006a5c       guideXOS_guideXOS_API__API_GetTime 0000000010034a5c     guideXOS.obj
 0003:00006adc       guideXOS_guideXOS_API__API_DrawImage 0000000010034adc     guideXOS.obj
 0003:00006b10       guideXOS_guideXOS_API__API_WriteString 0000000010034b10     guideXOS.obj
 0003:00006b70       guideXOS_guideXOS_API__API_Width 0000000010034b70     guideXOS.obj
 0003:00006b84       guideXOS_guideXOS_API__API_Height 0000000010034b84     guideXOS.obj
 0003:00006b98       guideXOS_guideXOS_API__API_Update 0000000010034b98     guideXOS.obj
 0003:00006ba0       guideXOS_guideXOS_API__API_Clear 0000000010034ba0     guideXOS.obj
 0003:00006bc0       DebugWrite                 0000000010034bc0     guideXOS.obj
 0003:00006bc0       guideXOS_guideXOS_API__API_DebugWrite 0000000010034bc0     guideXOS.obj
 0003:00006bc8       DebugWriteLine             0000000010034bc8     guideXOS.obj
 0003:00006bc8       guideXOS_guideXOS_API__API_DebugWriteLine 0000000010034bc8     guideXOS.obj
 0003:00006be4       Lock                       0000000010034be4     guideXOS.obj
 0003:00006be4       guideXOS_guideXOS_API__API_Lock 0000000010034be4     guideXOS.obj
 0003:00006c0c       Unlock                     0000000010034c0c     guideXOS.obj
 0003:00006c0c       guideXOS_guideXOS_API__API_Unlock 0000000010034c0c     guideXOS.obj
 0003:00006c4c       guideXOS_guideXOS_API__API_DrawPoint 0000000010034c4c     guideXOS.obj
 0003:00006c80       guideXOS_guideXOS_API__API_SwitchToConsoleMode 0000000010034c80     guideXOS.obj
 0003:00006c88       guideXOS_guideXOS_API__API_ReadAllBytes 0000000010034c88     guideXOS.obj
 0003:00006d90       guideXOS_guideXOS_API__API_Sleep 0000000010034d90     guideXOS.obj
 0003:00006d98       guideXOS_guideXOS_API__API_GetTick 0000000010034d98     guideXOS.obj
 0003:00006dac       guideXOS_guideXOS_API__API_Write 0000000010034dac     guideXOS.obj
 0003:00006db8       guideXOS_guideXOS_API__API_WriteLine 0000000010034db8     guideXOS.obj
 0003:00006dc0       guideXOS_guideXOS_API__API_Allocate 0000000010034dc0     guideXOS.obj
 0003:00006dc8       guideXOS_guideXOS_API__API_Free 0000000010034dc8     guideXOS.obj
 0003:00006dd0       guideXOS_guideXOS_API__API_Reallocate 0000000010034dd0     guideXOS.obj
 0003:00006dd8       guideXOS_guideXOS_API__SayHello 0000000010034dd8     guideXOS.obj
 0003:00006de4       guideXOS_guideXOS_Kbd2Mouse__OnKeyChanged 0000000010034de4     guideXOS.obj
 0003:00006f68       guideXOS_guideXOS_ASC16__DrawString 0000000010034f68     guideXOS.obj
 0003:00006fb8       guideXOS_guideXOS_ASC16__DrawChar 0000000010034fb8     guideXOS.obj
 0003:0000704c       guideXOS_guideXOS_Console__add_OnWrite 000000001003504c     guideXOS.obj
 0003:000070d4       guideXOS_guideXOS_Console__Setup 00000000100350d4     guideXOS.obj
 0003:0000718c       guideXOS_guideXOS_Console__Write 000000001003518c     guideXOS.obj
 0003:0000723c       guideXOS_guideXOS_Console__Write_0 000000001003523c     guideXOS.obj
 0003:000072c0       guideXOS_guideXOS_Console__WriteFramebuffer 00000000100352c0     guideXOS.obj
 0003:000073cc       guideXOS_guideXOS_Console__MoveUp 00000000100353cc     guideXOS.obj
 0003:00007400       guideXOS_guideXOS_Console__MoveUpFramebuffer 0000000010035400     guideXOS.obj
 0003:000074ac       guideXOS_guideXOS_Console__UpdateCursorFramebuffer 00000000100354ac     guideXOS.obj
 0003:0000755c       guideXOS_guideXOS_Console__WriteLine 000000001003555c     guideXOS.obj
 0003:000075f4       guideXOS_guideXOS_Console__WriteLine_0 00000000100355f4     guideXOS.obj
 0003:00007638       guideXOS_guideXOS_Console__Clear 0000000010035638     guideXOS.obj
 0003:00007654       guideXOS_guideXOS_Console__ClearFramebuffer 0000000010035654     guideXOS.obj
 0003:00007710       guideXOS_guideXOS_PageTable__Initialise 0000000010035710     guideXOS.obj
 0003:000077e4       guideXOS_guideXOS_PageTable__GetPageInternal 00000000100357e4     guideXOS.obj
 0003:000078a0       guideXOS_guideXOS_PageTable__MapOnRoot 00000000100358a0     guideXOS.obj
 0003:00007930       guideXOS_guideXOS_PageTable__Next_0 0000000010035930     guideXOS.obj
 0003:00007a00       guideXOS_guideXOS_Intel825xx__Initialize 0000000010035a00     guideXOS.obj
 0003:0000840c       guideXOS_guideXOS_Intel825xx__Reset 000000001003640c     guideXOS.obj
 0003:00008440       guideXOS_guideXOS_Intel825xx__TXsetup 0000000010036440     guideXOS.obj
 0003:000084b0       guideXOS_guideXOS_Intel825xx__RXsetup 00000000100364b0     guideXOS.obj
 0003:00008548       guideXOS_guideXOS_Intel825xx__ReadROM 0000000010036548     guideXOS.obj
 0003:0000857c       guideXOS_guideXOS_Intel825xx__OnInterrupt 000000001003657c     guideXOS.obj
 0003:00008600       guideXOS_guideXOS_Intel825xx__Linkup 0000000010036600     guideXOS.obj
 0003:0000863c       guideXOS_guideXOS_Intel825xx__Send 000000001003663c     guideXOS.obj
 0003:0000869c       guideXOS_guideXOS_NETv4__Initialize 000000001003669c     guideXOS.obj
 0003:00008784       guideXOS_guideXOS_NETv4__SwapLeftRight 0000000010036784     guideXOS.obj
 0003:000087a0       guideXOS_guideXOS_NETv4__SwapLeftRight_0 00000000100367a0     guideXOS.obj
 0003:000087d0       guideXOS_guideXOS_NETv4__SwapLeftRight_1 00000000100367d0     guideXOS.obj
 0003:000087ec       guideXOS_guideXOS_NETv4__SwapLeftRight_2 00000000100367ec     guideXOS.obj
 0003:00008828       guideXOS_guideXOS_NETv4__OnData_0 0000000010036828     guideXOS.obj
 0003:0000889c       guideXOS_guideXOS_NETv4__DNSQuery 000000001003689c     guideXOS.obj
 0003:00008d90       guideXOS_guideXOS_NETv4__DHCPDiscover 0000000010036d90     guideXOS.obj
 0003:000092b0       guideXOS_guideXOS_NETv4__MakeDHCPRequestPacket 00000000100372b0     guideXOS.obj
 0003:00009380       guideXOS_guideXOS_NETv4__UDPBind 0000000010037380     guideXOS.obj
 0003:000093c0       guideXOS_guideXOS_NETv4__UDPSend 00000000100373c0     guideXOS.obj
 0003:00009524       guideXOS_guideXOS_NETv4__MakeUDPPacket 0000000010037524     guideXOS.obj
 0003:00009630       guideXOS_guideXOS_NETv4__UDPOnData_0 0000000010037630     guideXOS.obj
 0003:00009794       guideXOS_guideXOS_NETv4__TCPOnData 0000000010037794     guideXOS.obj
 0003:00009db0       guideXOS_guideXOS_NETv4__TCPConnect 0000000010037db0     guideXOS.obj
 0003:00009e30       guideXOS_guideXOS_NETv4__TCPClose 0000000010037e30     guideXOS.obj
 0003:00009e68       guideXOS_guideXOS_NETv4__TCPSendData 0000000010037e68     guideXOS.obj
 0003:00009ef8       guideXOS_guideXOS_NETv4__TCPSend 0000000010037ef8     guideXOS.obj
 0003:0000a050       guideXOS_guideXOS_NETv4__MakeTCPPacket 0000000010038050     guideXOS.obj
 0003:0000a214       guideXOS_guideXOS_NETv4__IPOnData 0000000010038214     guideXOS.obj
 0003:0000a340       guideXOS_guideXOS_NETv4__MakeIPPacket 0000000010038340     guideXOS.obj
 0003:0000a3a8       guideXOS_guideXOS_NETv4__IPChecksum 00000000100383a8     guideXOS.obj
 0003:0000a3f8       guideXOS_guideXOS_NETv4__ICMPOnData 00000000100383f8     guideXOS.obj
 0003:0000a56c       guideXOS_guideXOS_NETv4__ICMPPing 000000001003856c     guideXOS.obj
 0003:0000a6d8       guideXOS_guideXOS_NETv4__ARPLookup 00000000100386d8     guideXOS.obj
 0003:0000a864       guideXOS_guideXOS_NETv4__ARPOnData 0000000010038864     guideXOS.obj
 0003:0000aa6c       guideXOS_guideXOS_NETv4__MakeARPPacket 0000000010038a6c     guideXOS.obj
 0003:0000aae4       guideXOS_guideXOS_NETv4__ARPRequire 0000000010038ae4     guideXOS.obj
 0003:0000abe8       guideXOS_guideXOS_NETv4__MakeEthernetPacket 0000000010038be8     guideXOS.obj
 0003:0000ac24       guideXOS_guideXOS_RTL8111__Initialize 0000000010038c24     guideXOS.obj
 0003:0000b6d8       guideXOS_guideXOS_RTL8111__ResetRXDesc 00000000100396d8     guideXOS.obj
 0003:0000b710       guideXOS_guideXOS_RTL8111__Send 0000000010039710     guideXOS.obj
 0003:0000b7d0       guideXOS_guideXOS_RTL8111__OnInterrupt 00000000100397d0     guideXOS.obj
 0003:0000b8bc       guideXOS_guideXOS_SMP__ApplicationProcessorMain 00000000100398bc     guideXOS.obj
 0003:0000b958       guideXOS_guideXOS_SMP__Initialize 0000000010039958     guideXOS.obj
 0003:0000bae8       guideXOS_guideXOS_Network_Http__NextEphemeralPort 0000000010039ae8     guideXOS.obj
 0003:0000bb1c       guideXOS_guideXOS_Network_Http__PostJson 0000000010039b1c     guideXOS.obj
 0003:0000bbac       guideXOS_guideXOS_Network_Http__BuildPost 0000000010039bac     guideXOS.obj
 0003:0000bd78       guideXOS_guideXOS_Network_Http__Send 0000000010039d78     guideXOS.obj
 0003:0000c2a8       guideXOS_guideXOS_Network_Http__Resolve 000000001003a2a8     guideXOS.obj
 0003:0000c3dc       guideXOS_guideXOS_Network_Http__IsZero 000000001003a3dc     guideXOS.obj
 0003:0000c3fc       guideXOS_guideXOS_Network_Http__EqualsIp 000000001003a3fc     guideXOS.obj
 0003:0000c43c       guideXOS_guideXOS_Network_Http__ReceiveAll 000000001003a43c     guideXOS.obj
 0003:0000c574       guideXOS_guideXOS_Network_Http__IsHttpComplete 000000001003a574     guideXOS.obj
 0003:0000c6e8       guideXOS_guideXOS_Network_Http__HeaderContentLengthBytes 000000001003a6e8     guideXOS.obj
 0003:0000c794       guideXOS_guideXOS_Network_Http__HeaderChunkedBytes 000000001003a794     guideXOS.obj
[...]
 0008:00000262       __E2E33A61_corecrt_wstdlib@h 000000001044e262     NativeLib:ffunicode.obj
 0008:00000263       __10D4A829_limits@h        000000001044e263     NativeLib:ffunicode.obj
 0008:00000264       __6E5ACABA_stdlib@h        000000001044e264     NativeLib:ffunicode.obj
 0008:00000265       __30B1AFDA_unknwnbase@h    000000001044e265     NativeLib:ffunicode.obj
 0008:00000266       __328C1996_objidlbase@h    000000001044e266     NativeLib:ffunicode.obj
 0008:00000267       __C4E06B6A_cguid@h         000000001044e267     NativeLib:ffunicode.obj
 0008:00000268       __434718C5_combaseapi@h    000000001044e268     NativeLib:ffunicode.obj
 0008:00000269       __DE6FDEF1_unknwn@h        000000001044e269     NativeLib:ffunicode.obj
 0008:0000026a       __CCE0BACC_objidl@h        000000001044e26a     NativeLib:ffunicode.obj
 0008:0000026b       __8C7011E5_oaidl@h         000000001044e26b     NativeLib:ffunicode.obj
 0008:0000026c       __2E0B7863_propidlbase@h   000000001044e26c     NativeLib:ffunicode.obj
 0008:0000026d       __BF4CF2EC_coml2api@h      000000001044e26d     NativeLib:ffunicode.obj
 0008:0000026e       __6D897344_oleidl@h        000000001044e26e     NativeLib:ffunicode.obj
 0008:0000026f       __1129FC2C_servprov@h      000000001044e26f     NativeLib:ffunicode.obj
 0008:00000270       __757952E4_msxml@h         000000001044e270     NativeLib:ffunicode.obj
 0008:00000271       __B1191D53_urlmon@h        000000001044e271     NativeLib:ffunicode.obj
 0008:00000272       __404D1A47_propidl@h       000000001044e272     NativeLib:ffunicode.obj
 0008:00000273       __A1C63593_objbase@h       000000001044e273     NativeLib:ffunicode.obj
 0008:00000274       __C1B0A9CB_oleauto@h       000000001044e274     NativeLib:ffunicode.obj
 0008:00000275       __24EAF61F_ole2@h          000000001044e275     NativeLib:ffunicode.obj
 0008:00000276       __2B1843DA_commdlg@h       000000001044e276     NativeLib:ffunicode.obj
 0008:00000277       __81DDEDE3_stralign@h      000000001044e277     NativeLib:ffunicode.obj
 0008:00000278       __2134D1B4_winsvc@h        000000001044e278     NativeLib:ffunicode.obj
 0008:00000279       __11C07376_mcx@h           000000001044e279     NativeLib:ffunicode.obj
 0008:0000027a       __577CE3E7_ime_cmodes@h    000000001044e27a     NativeLib:ffunicode.obj
 0008:0000027b       __1E72C31E_imm@h           000000001044e27b     NativeLib:ffunicode.obj
 0008:0000027c       __E15BF856_windows@h       000000001044e27c     NativeLib:ffunicode.obj
 0008:0000027d       __44420885_corecrt_stdio_config@h 000000001044e27d     NativeLib:ffunicode.obj
 0008:0000027e       __EF1F6BBA_corecrt_wconio@h 000000001044e27e     NativeLib:ffunicode.obj
 0008:0000027f       __3D1D430C_corecrt_wdirect@h 000000001044e27f     NativeLib:ffunicode.obj
 0008:00000280       __8ECB7138_corecrt_share@h 000000001044e280     NativeLib:ffunicode.obj
 0008:00000281       __DB7FEBA6_corecrt_wio@h   000000001044e281     NativeLib:ffunicode.obj
 0008:00000282       __9A9F0068_corecrt_wprocess@h 000000001044e282     NativeLib:ffunicode.obj
 0008:00000283       __AB601D8D_corecrt_wstdio@h 000000001044e283     NativeLib:ffunicode.obj
 0008:00000284       __369A9BC3_corecrt_wtime@h 000000001044e284     NativeLib:ffunicode.obj
 0008:00000285       __CE789B9D_types@h         000000001044e285     NativeLib:ffunicode.obj
 0008:00000286       __9901C817_stat@h          000000001044e286     NativeLib:ffunicode.obj
 0008:00000287       __3FCAD62E_wchar@h         000000001044e287     NativeLib:ffunicode.obj
 0008:00000288       __0E22CCB3_tchar@h         000000001044e288     NativeLib:ffunicode.obj
 0008:00000289       __4CCC6929_integer@h       000000001044e289     NativeLib:ffunicode.obj
 0008:0000028a       __ED2A062E_ffconf@h        000000001044e28a     NativeLib:ffunicode.obj
 0008:0000028b       __A5A085C2_ff@h            000000001044e28b     NativeLib:ffunicode.obj
 0008:0000028c       __87CD6F4B_ffunicode@c     000000001044e28c     NativeLib:ffunicode.obj
 0008:0000028d       __0ED14FEE_winpackagefamily@h 000000001044e28d     NativeLib:diskio.obj
 0008:0000028e       __F92EF742_winapifamily@h  000000001044e28e     NativeLib:diskio.obj
 0008:0000028f       __22E515EB_sdkddkver@h     000000001044e28f     NativeLib:diskio.obj
 0008:00000290       __FE09AF47_concurrencysal@h 000000001044e290     NativeLib:diskio.obj
 0008:00000291       __C073CA79_sal@h           000000001044e291     NativeLib:diskio.obj
 0008:00000292       __D6AFE870_vadefs@h        000000001044e292     NativeLib:diskio.obj
 0008:00000293       __D63E96CF_vcruntime@h     000000001044e293     NativeLib:diskio.obj
 0008:00000294       __514B86D7_excpt@h         000000001044e294     NativeLib:diskio.obj
 0008:00000295       __9A7D38D9_stdarg@h        000000001044e295     NativeLib:diskio.obj
 0008:00000296       __29F49F40_specstrings_undef@h 000000001044e296     NativeLib:diskio.obj
 0008:00000297       __D0F42932_specstrings_strict@h 000000001044e297     NativeLib:diskio.obj
 0008:00000298       __F00405FD_sdv_driverspecs@h 000000001044e298     NativeLib:diskio.obj
 0008:00000299       __173E09CA_driverspecs@h   000000001044e299     NativeLib:diskio.obj
 0008:0000029a       __9A452361_specstrings@h   000000001044e29a     NativeLib:diskio.obj
 0008:0000029b       __1B0272D9_corecrt@h       000000001044e29b     NativeLib:diskio.obj
 0008:0000029c       __74484FB3_corecrt_wctype@h 000000001044e29c     NativeLib:diskio.obj
 0008:0000029d       __1EC467ED_ctype@h         000000001044e29d     NativeLib:diskio.obj
 0008:0000029e       __98517906_kernelspecs@h   000000001044e29e     NativeLib:diskio.obj
 0008:0000029f       __D3497022_basetsd@h       000000001044e29f     NativeLib:diskio.obj
 0008:000002a0       __61CC25A1_errno@h         000000001044e2a0     NativeLib:diskio.obj
 0008:000002a1       __3EADF068_vcruntime_string@h 000000001044e2a1     NativeLib:diskio.obj
 0008:000002a2       __E4C945B4_corecrt_memcpy_s@h 000000001044e2a2     NativeLib:diskio.obj
 0008:000002a3       __8EAFF484_corecrt_memory@h 000000001044e2a3     NativeLib:diskio.obj
 0008:000002a4       __6490AEC5_corecrt_wstring@h 000000001044e2a4     NativeLib:diskio.obj
 0008:000002a5       __E8295E1E_string@h        000000001044e2a5     NativeLib:diskio.obj
 0008:000002a6       __7FCB5136_guiddef@h       000000001044e2a6     NativeLib:diskio.obj
 0008:000002a7       __FF8A9E11_pshpack4@h      000000001044e2a7     NativeLib:diskio.obj
 0008:000002a8       __D5438902_poppack@h       000000001044e2a8     NativeLib:diskio.obj
 0008:000002a9       __FB07E2A3_pshpack2@h      000000001044e2a9     NativeLib:diskio.obj
 0008:000002aa       __F6906775_pshpack8@h      000000001044e2aa     NativeLib:diskio.obj
 0008:000002ab       __F9415CFA_pshpack1@h      000000001044e2ab     NativeLib:diskio.obj
 0008:000002ac       __E58C6F1C_apiset@h        000000001044e2ac     NativeLib:diskio.obj
 0008:000002ad       __A5C52262_ktmtypes@h      000000001044e2ad     NativeLib:diskio.obj
 0008:000002ae       __FBBA8F9D_winnt@h         000000001044e2ae     NativeLib:diskio.obj
 0008:000002af       __A32D3D2C_minwindef@h     000000001044e2af     NativeLib:diskio.obj
 0008:000002b0       __7D798299_windef@h        000000001044e2b0     NativeLib:diskio.obj
 0008:000002b1       __9AE108E9_apisetcconv@h   000000001044e2b1     NativeLib:diskio.obj
 0008:000002b2       __9CE53D2C_minwinbase@h    000000001044e2b2     NativeLib:diskio.obj
 0008:000002b3       __5D0AA210_apiquery2@h     000000001044e2b3     NativeLib:diskio.obj
 0008:000002b4       __4DD4E726_processenv@h    000000001044e2b4     NativeLib:diskio.obj
 0008:000002b5       __3575CC96_fileapi@h       000000001044e2b5     NativeLib:diskio.obj
 0008:000002b6       __8EA220E6_fileapifromapp@h 000000001044e2b6     NativeLib:diskio.obj
 0008:000002b7       __BF9B31FE_debugapi@h      000000001044e2b7     NativeLib:diskio.obj
 0008:000002b8       __C3AFE134_utilapiset@h    000000001044e2b8     NativeLib:diskio.obj
 0008:000002b9       __76F69E51_handleapi@h     000000001044e2b9     NativeLib:diskio.obj
 0008:000002ba       __7E63D784_errhandlingapi@h 000000001044e2ba     NativeLib:diskio.obj
 0008:000002bb       __FFA7003C_fibersapi@h     000000001044e2bb     NativeLib:diskio.obj
 0008:000002bc       __8971CECF_namedpipeapi@h  000000001044e2bc     NativeLib:diskio.obj
 0008:000002bd       __46C9D8A6_profileapi@h    000000001044e2bd     NativeLib:diskio.obj
 0008:000002be       __98D4F0A3_heapapi@h       000000001044e2be     NativeLib:diskio.obj
 0008:000002bf       __50EF2A88_ioapiset@h      000000001044e2bf     NativeLib:diskio.obj
 0008:000002c0       __92EA1464_synchapi@h      000000001044e2c0     NativeLib:diskio.obj
 0008:000002c1       __A53D8AED_interlockedapi@h 000000001044e2c1     NativeLib:diskio.obj
 0008:000002c2       __B506CAAF_processthreadsapi@h 000000001044e2c2     NativeLib:diskio.obj
 0008:000002c3       __FF735694_sysinfoapi@h    000000001044e2c3     NativeLib:diskio.obj
 0008:000002c4       __29589789_memoryapi@h     000000001044e2c4     NativeLib:diskio.obj
 0008:000002c5       __E9C7A663_enclaveapi@h    000000001044e2c5     NativeLib:diskio.obj
 0008:000002c6       __D035F9F7_threadpoollegacyapiset@h 000000001044e2c6     NativeLib:diskio.obj
 0008:000002c7       __C899130C_threadpoolapiset@h 000000001044e2c7     NativeLib:diskio.obj
 0008:000002c8       __E0441EE7_jobapi@h        000000001044e2c8     NativeLib:diskio.obj
 0008:000002c9       __CEF86838_jobapi2@h       000000001044e2c9     NativeLib:diskio.obj
 0008:000002ca       __35AC6B9A_wow64apiset@h   000000001044e2ca     NativeLib:diskio.obj
 0008:000002cb       __C8AE41A5_libloaderapi@h  000000001044e2cb     NativeLib:diskio.obj
 0008:000002cc       __CC9E232D_securitybaseapi@h 000000001044e2cc     NativeLib:diskio.obj
 0008:000002cd       __C9D0C9B8_namespaceapi@h  000000001044e2cd     NativeLib:diskio.obj
 0008:000002ce       __30FF9CAD_systemtopologyapi@h 000000001044e2ce     NativeLib:diskio.obj
 0008:000002cf       __4D358795_processtopologyapi@h 000000001044e2cf     NativeLib:diskio.obj
 0008:000002d0       __40446D10_securityappcontainer@h 000000001044e2d0     NativeLib:diskio.obj
 0008:000002d1       __3A952EDF_realtimeapiset@h 000000001044e2d1     NativeLib:diskio.obj
 0008:000002d2       __F4865F4B_winerror@h      000000001044e2d2     NativeLib:diskio.obj
 0008:000002d3       __53C1BD93_timezoneapi@h   000000001044e2d3     NativeLib:diskio.obj
 0008:000002d4       __1FFBEDBF_winbase@h       000000001044e2d4     NativeLib:diskio.obj
 0008:000002d5       __43D3FA34_wingdi@h        000000001044e2d5     NativeLib:diskio.obj
 0008:000002d6       __D24A7391_tvout@h         000000001044e2d6     NativeLib:diskio.obj
 0008:000002d7       __7713A6C8_winuser@h       000000001044e2d7     NativeLib:diskio.obj
 0008:000002d8       __0B345F71_datetimeapi@h   000000001044e2d8     NativeLib:diskio.obj
 0008:000002d9       __9AC6960C_winnls@h        000000001044e2d9     NativeLib:diskio.obj
 0008:000002da       __973A40A8_stringapiset@h  000000001044e2da     NativeLib:diskio.obj
 0008:000002db       __CC46FEE2_wincontypes@h   000000001044e2db     NativeLib:diskio.obj
 0008:000002dc       __97D70BE1_consoleapi@h    000000001044e2dc     NativeLib:diskio.obj
 0008:000002dd       __27EC5E18_consoleapi2@h   000000001044e2dd     NativeLib:diskio.obj
 0008:000002de       __262E342F_consoleapi3@h   000000001044e2de     NativeLib:diskio.obj
 0008:000002df       __641DCD70_wincon@h        000000001044e2df     NativeLib:diskio.obj
 0008:000002e0       __5A96C7A7_verrsrc@h       000000001044e2e0     NativeLib:diskio.obj
 0008:000002e1       __B69C6FF2_winver@h        000000001044e2e1     NativeLib:diskio.obj
 0008:000002e2       __7AEB8C37_reason@h        000000001044e2e2     NativeLib:diskio.obj
 0008:000002e3       __59F1A8A9_winreg@h        000000001044e2e3     NativeLib:diskio.obj
 0008:000002e4       __EE0E2B7F_wnnc@h          000000001044e2e4     NativeLib:diskio.obj
 0008:000002e5       __DCDB7054_winnetwk@h      000000001044e2e5     NativeLib:diskio.obj
 0008:000002e6       __EDC72EEB_cderr@h         000000001044e2e6     NativeLib:diskio.obj
 0008:000002e7       __95F9199D_dde@h           000000001044e2e7     NativeLib:diskio.obj
 0008:000002e8       __66427627_ddeml@h         000000001044e2e8     NativeLib:diskio.obj
 0008:000002e9       __957C29A0_dlgs@h          000000001044e2e9     NativeLib:diskio.obj
 0008:000002ea       __12EA15AF_lzexpand@h      000000001044e2ea     NativeLib:diskio.obj
 0008:000002eb       __62131F15_mmsyscom@h      000000001044e2eb     NativeLib:diskio.obj
 0008:000002ec       __47E68D49_mciapi@h        000000001044e2ec     NativeLib:diskio.obj
 0008:000002ed       __5D7DD356_mmiscapi@h      000000001044e2ed     NativeLib:diskio.obj
 0008:000002ee       __7223D2EF_mmiscapi2@h     000000001044e2ee     NativeLib:diskio.obj
 0008:000002ef       __A330DBB3_playsoundapi@h  000000001044e2ef     NativeLib:diskio.obj
 0008:000002f0       __601B366F_mmeapi@h        000000001044e2f0     NativeLib:diskio.obj
 0008:000002f1       __1134ADD5_timeapi@h       000000001044e2f1     NativeLib:diskio.obj
 0008:000002f2       __93F2265A_joystickapi@h   000000001044e2f2     NativeLib:diskio.obj
 0008:000002f3       __DF6EB4E3_mmsystem@h      000000001044e2f3     NativeLib:diskio.obj
 0008:000002f4       __BD641FCB_nb30@h          000000001044e2f4     NativeLib:diskio.obj
 0008:000002f5       __DF8704F0_rpcdcep@h       000000001044e2f5     NativeLib:diskio.obj
 0008:000002f6       __5C6CA7BB_rpcdce@h        000000001044e2f6     NativeLib:diskio.obj
 0008:000002f7       __853533C4_rpcnsi@h        000000001044e2f7     NativeLib:diskio.obj
 0008:000002f8       __2D2406C3_rpcnterr@h      000000001044e2f8     NativeLib:diskio.obj
 0008:000002f9       __64521D71_rpcasync@h      000000001044e2f9     NativeLib:diskio.obj
 0008:000002fa       __AADCBA08_rpc@h           000000001044e2fa     NativeLib:diskio.obj
 0008:000002fb       __19E26CFF_shellapi@h      000000001044e2fb     NativeLib:diskio.obj
 0008:000002fc       __1E9F31D3_winperf@h       000000001044e2fc     NativeLib:diskio.obj
 0008:000002fd       __832A4112_inaddr@h        000000001044e2fd     NativeLib:diskio.obj
 0008:000002fe       __32C6F875_winsock@h       000000001044e2fe     NativeLib:diskio.obj
 0008:000002ff       __7953A3F8_bcrypt@h        000000001044e2ff     NativeLib:diskio.obj
 0008:00000300       __E4169492_ncrypt@h        000000001044e300     NativeLib:diskio.obj
 0008:00000301       __AF3DDDC3_dpapi@h         000000001044e301     NativeLib:diskio.obj
 0008:00000302       __D1E23BF2_wincrypt@h      000000001044e302     NativeLib:diskio.obj
 0008:00000303       __82AB4779_winefs@h        000000001044e303     NativeLib:diskio.obj
 0008:00000304       __1FE431C9_rpcnsip@h       000000001044e304     NativeLib:diskio.obj
 0008:00000305       __2B741F2D_rpcsal@h        000000001044e305     NativeLib:diskio.obj
 0008:00000306       __92623256_rpcndr@h        000000001044e306     NativeLib:diskio.obj
 0008:00000307       __9C18532E_wtypesbase@h    000000001044e307     NativeLib:diskio.obj
 0008:00000308       __EA2E1D6D_wtypes@h        000000001044e308     NativeLib:diskio.obj
 0008:00000309       __7DDD9F45_winioctl@h      000000001044e309     NativeLib:diskio.obj
 0008:0000030a       __E550A843_winsmcrd@h      000000001044e30a     NativeLib:diskio.obj
 0008:0000030b       __9809C1BA_winscard@h      000000001044e30b     NativeLib:diskio.obj
 0008:0000030c       __EA174FA4_prsht@h         000000001044e30c     NativeLib:diskio.obj
 0008:0000030d       __0E1BD114_winspool@h      000000001044e30d     NativeLib:diskio.obj
 0008:0000030e       __45DED006_corecrt_malloc@h 000000001044e30e     NativeLib:diskio.obj
 0008:0000030f       __13F5961F_stddef@h        000000001044e30f     NativeLib:diskio.obj
 0008:00000310       __FD6DBD68_corecrt_search@h 000000001044e310     NativeLib:diskio.obj
 0008:00000311       __E2E33A61_corecrt_wstdlib@h 000000001044e311     NativeLib:diskio.obj
 0008:00000312       __10D4A829_limits@h        000000001044e312     NativeLib:diskio.obj
 0008:00000313       __6E5ACABA_stdlib@h        000000001044e313     NativeLib:diskio.obj
 0008:00000314       __30B1AFDA_unknwnbase@h    000000001044e314     NativeLib:diskio.obj
 0008:00000315       __328C1996_objidlbase@h    000000001044e315     NativeLib:diskio.obj
 0008:00000316       __C4E06B6A_cguid@h         000000001044e316     NativeLib:diskio.obj
 0008:00000317       __434718C5_combaseapi@h    000000001044e317     NativeLib:diskio.obj
 0008:00000318       __DE6FDEF1_unknwn@h        000000001044e318     NativeLib:diskio.obj
 0008:00000319       __CCE0BACC_objidl@h        000000001044e319     NativeLib:diskio.obj
 0008:0000031a       __8C7011E5_oaidl@h         000000001044e31a     NativeLib:diskio.obj
 0008:0000031b       __2E0B7863_propidlbase@h   000000001044e31b     NativeLib:diskio.obj
 0008:0000031c       __BF4CF2EC_coml2api@h      000000001044e31c     NativeLib:diskio.obj
 0008:0000031d       __6D897344_oleidl@h        000000001044e31d     NativeLib:diskio.obj
 0008:0000031e       __1129FC2C_servprov@h      000000001044e31e     NativeLib:diskio.obj
 0008:0000031f       __757952E4_msxml@h         000000001044e31f     NativeLib:diskio.obj
 0008:00000320       __B1191D53_urlmon@h        000000001044e320     NativeLib:diskio.obj
 0008:00000321       __404D1A47_propidl@h       000000001044e321     NativeLib:diskio.obj
 0008:00000322       __A1C63593_objbase@h       000000001044e322     NativeLib:diskio.obj
 0008:00000323       __C1B0A9CB_oleauto@h       000000001044e323     NativeLib:diskio.obj
 0008:00000324       __24EAF61F_ole2@h          000000001044e324     NativeLib:diskio.obj
 0008:00000325       __2B1843DA_commdlg@h       000000001044e325     NativeLib:diskio.obj
 0008:00000326       __81DDEDE3_stralign@h      000000001044e326     NativeLib:diskio.obj
 0008:00000327       __2134D1B4_winsvc@h        000000001044e327     NativeLib:diskio.obj
 0008:00000328       __11C07376_mcx@h           000000001044e328     NativeLib:diskio.obj
 0008:00000329       __577CE3E7_ime_cmodes@h    000000001044e329     NativeLib:diskio.obj
 0008:0000032a       __1E72C31E_imm@h           000000001044e32a     NativeLib:diskio.obj
 0008:0000032b       __E15BF856_windows@h       000000001044e32b     NativeLib:diskio.obj
 0008:0000032c       __44420885_corecrt_stdio_config@h 000000001044e32c     NativeLib:diskio.obj
 0008:0000032d       __EF1F6BBA_corecrt_wconio@h 000000001044e32d     NativeLib:diskio.obj
 0008:0000032e       __3D1D430C_corecrt_wdirect@h 000000001044e32e     NativeLib:diskio.obj
 0008:0000032f       __8ECB7138_corecrt_share@h 000000001044e32f     NativeLib:diskio.obj
 0008:00000330       __DB7FEBA6_corecrt_wio@h   000000001044e330     NativeLib:diskio.obj
 0008:00000331       __9A9F0068_corecrt_wprocess@h 000000001044e331     NativeLib:diskio.obj
 0008:00000332       __AB601D8D_corecrt_wstdio@h 000000001044e332     NativeLib:diskio.obj
 0008:00000333       __369A9BC3_corecrt_wtime@h 000000001044e333     NativeLib:diskio.obj
 0008:00000334       __CE789B9D_types@h         000000001044e334     NativeLib:diskio.obj
 0008:00000335       __9901C817_stat@h          000000001044e335     NativeLib:diskio.obj
 0008:00000336       __3FCAD62E_wchar@h         000000001044e336     NativeLib:diskio.obj
 0008:00000337       __0E22CCB3_tchar@h         000000001044e337     NativeLib:diskio.obj
 0008:00000338       __4CCC6929_integer@h       000000001044e338     NativeLib:diskio.obj
 0008:00000339       __3D17D6D7_diskio@h        000000001044e339     NativeLib:diskio.obj
 0008:0000033a       __AAC50F5F_diskio@c        000000001044e33a     NativeLib:diskio.obj
 0009:000000a0       $R000000                   000000001044f0a0     guideXOS.res
 0009:000002f0       $R000250                   000000001044f2f0     guideXOS.res
