 guideXOS

 Timestamp is 692cb9f9 (Sun Nov 30 13:41:13 2025)

 Preferred load address is 0000000010000000

 Start         Length     Name                   Class
 0001:00000000 000005e0H .text                   CODE
 0001:000005e0 0002ae31H .text$mn                CODE
 0002:00000000 00000045H .unbox$M                CODE
 0003:00000000 00063a88H .managedcode$I          CODE
 0004:00000000 0003e0a0H .rdata                  DATA
 0004:0003e0a0 00000018H .rdata$voltmd           DATA
 0004:0003e0b8 0000019cH .rdata$zzzdbg           DATA
 0004:0003e254 00012370H .xdata                  DATA
 0004:000505c4 00000000H .edata                  DATA
 0005:00000000 00368d00H .data                   DATA
 0005:00368d00 00001940H .bss                    DATA
 0006:00000000 00004a40H .pdata                  DATA
 0007:00000000 00000008H .modules$I              DATA
 0008:00000000 0000033bH .msvcjmc                DATA
 0009:00000000 000000a0H .rsrc$01                DATA
 0009:000000a0 00000440H .rsrc$02                DATA

  Address         Publics by Value              Rva+Base               Lib:Object

 0000:00000000       __AbsoluteZero             0000000000000000     <absolute>
 0000:00000000       ___safe_se_handler_count   0000000000000000     <absolute>
 0000:00000000       ___safe_se_handler_table   0000000000000000     <absolute>
 0000:00000000       __arm64x_extra_rfe_table   0000000000000000     <absolute>
 0000:00000000       __arm64x_extra_rfe_table_size 0000000000000000     <absolute>
 0000:00000000       __arm64x_native_entrypoint 0000000000000000     <absolute>
 0000:00000000       __arm64x_redirection_metadata 0000000000000000     <absolute>
 0000:00000000       __arm64x_redirection_metadata_count 0000000000000000     <absolute>
 0000:00000000       __dynamic_value_reloc_table 0000000000000000     <absolute>
 0000:00000000       __enclave_config           0000000000000000     <absolute>
 0000:00000000       __guard_check_icall_a64n_fptr 0000000000000000     <absolute>
 0000:00000000       __guard_eh_cont_count      0000000000000000     <absolute>
 0000:00000000       __guard_eh_cont_table      0000000000000000     <absolute>
 0000:00000000       __guard_fids_count         0000000000000000     <absolute>
 0000:00000000       __guard_fids_table         0000000000000000     <absolute>
 0000:00000000       __guard_iat_count          0000000000000000     <absolute>
 0000:00000000       __guard_iat_table          0000000000000000     <absolute>
 0000:00000000       __guard_longjmp_count      0000000000000000     <absolute>
 0000:00000000       __guard_longjmp_table      0000000000000000     <absolute>
 0000:00000000       __hybrid_auxiliary_delayload_iat 0000000000000000     <absolute>
 0000:00000000       __hybrid_auxiliary_delayload_iat_copy 0000000000000000     <absolute>
 0000:00000000       __hybrid_auxiliary_iat     0000000000000000     <absolute>
 0000:00000000       __hybrid_auxiliary_iat_copy 0000000000000000     <absolute>
 0000:00000000       __hybrid_code_map          0000000000000000     <absolute>
 0000:00000000       __hybrid_code_map_count    0000000000000000     <absolute>
 0000:00000000       __hybrid_image_info_bitfield 0000000000000000     <absolute>
 0000:00000000       __x64_code_ranges_to_entry_points 0000000000000000     <absolute>
 0000:00000000       __x64_code_ranges_to_entry_points_count 0000000000000000     <absolute>
 0000:00000100       __guard_flags              0000000000000100     <absolute>
 0000:00000000       __ImageBase                0000000010000000     <linker-defined>
 0001:00000000       __GetNonGCStaticBase_guideXOS_Program 0000000010001000     guideXOS.obj
 0001:00000008       __GetNonGCStaticBase_guideXOS_Allocator 0000000010001008     guideXOS.obj
 0001:00000010       __GetNonGCStaticBase_guideXOS_GDT 0000000010001010     guideXOS.obj
 0001:00000018       __GetNonGCStaticBase_guideXOS_IDT 0000000010001018     guideXOS.obj
 0001:00000020       __GetNonGCStaticBase_guideXOS_System_StringPool 0000000010001020     guideXOS.obj
 0001:0000003d       __GetNonGCStaticBase_guideXOS_System_Windows_Forms_Control 000000001000103d     guideXOS.obj
 0001:00000045       __GetNonGCStaticBase_guideXOS_guideXOS_Kbd2Mouse 0000000010001045     guideXOS.obj
 0001:0000004d       __GetNonGCStaticBase_guideXOS_guideXOS_Console 000000001000104d     guideXOS.obj
 0001:00000055       __GetNonGCStaticBase_guideXOS_guideXOS_PageTable 0000000010001055     guideXOS.obj
 0001:0000005d       __GetNonGCStaticBase_guideXOS_guideXOS_Intel825xx 000000001000105d     guideXOS.obj
 0001:00000065       __GetNonGCStaticBase_guideXOS_guideXOS_NETv4 0000000010001065     guideXOS.obj
 0001:0000006d       __GetNonGCStaticBase_guideXOS_guideXOS_RTL8111 000000001000106d     guideXOS.obj
 0001:00000075       __GetNonGCStaticBase_guideXOS_guideXOS_SMP 0000000010001075     guideXOS.obj
 0001:0000007d       __GetNonGCStaticBase_guideXOS_guideXOS_Network_Http 000000001000107d     guideXOS.obj
 0001:00000085       __GetNonGCStaticBase_guideXOS_guideXOS_Misc_Audio 0000000010001085     guideXOS.obj
 0001:0000008d       __GetNonGCStaticBase_guideXOS_guideXOS_Misc_BootSplash 000000001000108d     guideXOS.obj
 0001:00000095       __GetNonGCStaticBase_guideXOS_guideXOS_Misc_ThreadPool 0000000010001095     guideXOS.obj
 0001:0000009d       __GetNonGCStaticBase_guideXOS_guideXOS_Misc_USB 000000001000109d     guideXOS.obj
 0001:000000a5       __GetNonGCStaticBase_guideXOS_guideXOS_Kernel_Drivers_AC97 00000000100010a5     guideXOS.obj
 0001:000000ad       __GetNonGCStaticBase_guideXOS_guideXOS_Kernel_Drivers_ACPI 00000000100010ad     guideXOS.obj
 0001:000000b5       __GetNonGCStaticBase_guideXOS_guideXOS_Kernel_Drivers_DisplayManager 00000000100010b5     guideXOS.obj
 0001:000000bd       __GetNonGCStaticBase_guideXOS_guideXOS_Kernel_Drivers_EHCI 00000000100010bd     guideXOS.obj
 0001:000000c5       __GetNonGCStaticBase_guideXOS_guideXOS_Kernel_Drivers_ES1371 00000000100010c5     guideXOS.obj
 0001:000000cd       __GetNonGCStaticBase_guideXOS_guideXOS_Kernel_Drivers_Framebuffer 00000000100010cd     guideXOS.obj
 0001:000000d5       __GetNonGCStaticBase_guideXOS_guideXOS_Kernel_Drivers_HID 00000000100010d5     guideXOS.obj
 0001:000000dd       __GetNonGCStaticBase_guideXOS_guideXOS_Kernel_Drivers_HPET 00000000100010dd     guideXOS.obj
 0001:000000e5       __GetNonGCStaticBase_guideXOS_guideXOS_Kernel_Drivers_Hub 00000000100010e5     guideXOS.obj
 0001:000000ed       __GetNonGCStaticBase_guideXOS_guideXOS_Kernel_Drivers_Keyboard 00000000100010ed     guideXOS.obj
 0001:000000f5       __GetNonGCStaticBase_guideXOS_guideXOS_Kernel_Drivers_PS2Keyboard 00000000100010f5     guideXOS.obj
 0001:000000fd       __GetNonGCStaticBase_guideXOS_guideXOS_Kernel_Drivers_PS2Mouse 00000000100010fd     guideXOS.obj
 0001:00000105       __GetNonGCStaticBase_guideXOS_guideXOS_Kernel_Drivers_RTC 0000000010001105     guideXOS.obj
 0001:0000010d       __GetNonGCStaticBase_guideXOS_guideXOS_Kernel_Drivers_SATA 000000001000110d     guideXOS.obj
 0001:00000115       __GetNonGCStaticBase_guideXOS_guideXOS_Kernel_Drivers_Timer 0000000010001115     guideXOS.obj
 0001:0000011d       __GetNonGCStaticBase_guideXOS_guideXOS_Kernel_Drivers_VMwareTools 000000001000111d     guideXOS.obj
 0001:00000125       __GetNonGCStaticBase_guideXOS_guideXOS_Kernel_Drivers_USBStorage 0000000010001125     guideXOS.obj
 0001:00000142       __GetNonGCStaticBase_guideXOS_guideXOS_OS_Firewall 0000000010001142     guideXOS.obj
 0001:0000015f       __GetNonGCStaticBase_guideXOS_guideXOS_GUI_BackgroundRotationManager 000000001000115f     guideXOS.obj
 0001:00000167       __GetNonGCStaticBase_guideXOS_guideXOS_GUI_Busy 0000000010001167     guideXOS.obj
 0001:0000016f       __GetNonGCStaticBase_guideXOS_guideXOS_GUI_Desktop 000000001000116f     guideXOS.obj
 0001:00000177       __GetNonGCStaticBase_guideXOS_guideXOS_GUI_StartMenu 0000000010001177     guideXOS.obj
 0001:0000017f       __GetNonGCStaticBase_guideXOS_guideXOS_GUI_UISettings 000000001000117f     guideXOS.obj
 0001:00000187       __GetNonGCStaticBase_guideXOS_guideXOS_GUI_WindowManager 0000000010001187     guideXOS.obj
 0001:0000018f       __GetNonGCStaticBase_guideXOS_guideXOS_GUI_WorkspaceManager 000000001000118f     guideXOS.obj
 0001:000001ac       __GetNonGCStaticBase_guideXOS_guideXOS_DockableWidgets_Clock 00000000100011ac     guideXOS.obj
 0001:000001b4       __GetNonGCStaticBase_guideXOS_guideXOS_DefaultApps_nexIRC 00000000100011b4     guideXOS.obj
 0001:000001bc       __GetNonGCStaticBase_guideXOS_guideXOS_DefaultApps_WAVPlayer 00000000100011bc     guideXOS.obj
 0001:000001c4       __GetNonGCStaticBase_guideXOS_guideXOS_DefaultApps_WebBrowser 00000000100011c4     guideXOS.obj
 0001:000001cc       __GetGCStaticBase_guideXOS_Program 00000000100011cc     guideXOS.obj
 0001:000001d7       __GetGCStaticBase_guideXOS_Allocator 00000000100011d7     guideXOS.obj
 0001:000001e2       __GetGCStaticBase_guideXOS_IDT 00000000100011e2     guideXOS.obj
 0001:000001ed       __GetGCStaticBase_guideXOS_System_DateTime 00000000100011ed     guideXOS.obj
 0001:000001f8       __GetGCStaticBase_guideXOS_System_StringPool 00000000100011f8     guideXOS.obj
 0001:00000218       __GetGCStaticBase_guideXOS_guideXOS_Animator 0000000010001218     guideXOS.obj
 0001:00000223       __GetGCStaticBase_guideXOS_guideXOS_ASC16 0000000010001223     guideXOS.obj
 0001:0000022e       __GetGCStaticBase_guideXOS_guideXOS_Console 000000001000122e     guideXOS.obj
 0001:00000239       __GetGCStaticBase_guideXOS_guideXOS_NETv4 0000000010001239     guideXOS.obj
 0001:00000244       __GetGCStaticBase_guideXOS_guideXOS_Misc_BitFont 0000000010001244     guideXOS.obj
 0001:0000024f       __GetGCStaticBase_guideXOS_guideXOS_Misc_BootSplash 000000001000124f     guideXOS.obj
 0001:0000025a       __GetGCStaticBase_guideXOS_guideXOS_Misc_Interrupts 000000001000125a     guideXOS.obj
 0001:00000265       __GetGCStaticBase_guideXOS_guideXOS_Misc_ThreadPool 0000000010001265     guideXOS.obj
 0001:00000270       __GetGCStaticBase_guideXOS_guideXOS_FS_Disk 0000000010001270     guideXOS.obj
 0001:0000027b       __GetGCStaticBase_guideXOS_guideXOS_FS_File 000000001000127b     guideXOS.obj
 0001:00000286       __GetGCStaticBase_guideXOS_guideXOS_Kernel_Drivers_AC97 0000000010001286     guideXOS.obj
 0001:00000291       __GetGCStaticBase_guideXOS_guideXOS_Kernel_Drivers_ACPI 0000000010001291     guideXOS.obj
 0001:0000029c       __GetGCStaticBase_guideXOS_guideXOS_Kernel_Drivers_DisplayManager 000000001000129c     guideXOS.obj
 0001:000002a7       __GetGCStaticBase_guideXOS_guideXOS_Kernel_Drivers_Framebuffer 00000000100012a7     guideXOS.obj
 0001:000002b2       __GetGCStaticBase_guideXOS_guideXOS_Kernel_Drivers_HID 00000000100012b2     guideXOS.obj
 0001:000002bd       __GetGCStaticBase_guideXOS_guideXOS_Kernel_Drivers_IDE 00000000100012bd     guideXOS.obj
 0001:000002c8       __GetGCStaticBase_guideXOS_guideXOS_Kernel_Drivers_Keyboard 00000000100012c8     guideXOS.obj
 0001:000002d3       __GetGCStaticBase_guideXOS_guideXOS_Kernel_Drivers_PCI 00000000100012d3     guideXOS.obj
 0001:000002de       __GetGCStaticBase_guideXOS_guideXOS_Kernel_Drivers_PS2Mouse 00000000100012de     guideXOS.obj
 0001:000002e9       __GetGCStaticBase_guideXOS_guideXOS_Kernel_Drivers_SATA 00000000100012e9     guideXOS.obj
 0001:000002f4       __GetGCStaticBase_guideXOS_guideXOS_Kernel_Drivers_USBStorage 00000000100012f4     guideXOS.obj
 0001:00000314       __GetGCStaticBase_guideXOS_guideXOS_OS_Firewall 0000000010001314     guideXOS.obj
 0001:00000334       __GetGCStaticBase_guideXOS_guideXOS_OS_Session 0000000010001334     guideXOS.obj
 0001:0000033f       __GetGCStaticBase_guideXOS_guideXOS_Modules_ModuleManager 000000001000133f     guideXOS.obj
 0001:0000035f       __GetGCStaticBase_guideXOS_guideXOS_GUI_BackgroundRotationManager 000000001000135f     guideXOS.obj
 0001:0000036a       __GetGCStaticBase_guideXOS_guideXOS_GUI_Desktop 000000001000136a     guideXOS.obj
 0001:00000375       __GetGCStaticBase_guideXOS_guideXOS_GUI_Icons 0000000010001375     guideXOS.obj
 0001:00000395       __GetGCStaticBase_guideXOS_guideXOS_GUI_Lockscreen 0000000010001395     guideXOS.obj
 0001:000003a0       __GetGCStaticBase_guideXOS_guideXOS_GUI_NotificationManager 00000000100013a0     guideXOS.obj
 0001:000003ab       __GetGCStaticBase_guideXOS_guideXOS_GUI_OnScreenKeyboard 00000000100013ab     guideXOS.obj
 0001:000003cb       __GetGCStaticBase_guideXOS_guideXOS_GUI_PinnedManager 00000000100013cb     guideXOS.obj
 0001:000003eb       __GetGCStaticBase_guideXOS_guideXOS_GUI_RecentManager 00000000100013eb     guideXOS.obj
 0001:0000040b       __GetGCStaticBase_guideXOS_guideXOS_GUI_WindowManager 000000001000140b     guideXOS.obj
 0001:00000416       __GetGCStaticBase_guideXOS_guideXOS_GUI_WorkspaceManager 0000000010001416     guideXOS.obj
 0001:00000436       __GetGCStaticBase_guideXOS_guideXOS_DockableWidgets_Clock 0000000010001436     guideXOS.obj
 0001:00000441       __GetGCStaticBase_guideXOS_guideXOS_DefaultApps_WAVPlayer 0000000010001441     guideXOS.obj
 0001:0000044c       __GetGCStaticBase_guideXOS_guideXOS_Modules_ModuleManager___c 000000001000144c     guideXOS.obj
 0001:00000457       __GetGCStaticBase_guideXOS_guideXOS_GUI_DisplayOptions___c 0000000010001457     guideXOS.obj
 0001:00000462       __GetGCStaticBase_guideXOS_guideXOS_GUI_SaveDialog___O 0000000010001462     guideXOS.obj
 0001:0000046d       __GetGCStaticBase_guideXOS_System_Array_EmptyArray_1<String> 000000001000146d     guideXOS.obj
 0001:0000048d       __DelegateCtor_guideXOS_System_Delegate__InitializeClosedInstance__guideXOS_guideXOS_GUI_NetworkConfigurationDialog__Keyboard_OnKeyChanged 000000001000148d     guideXOS.obj
 0001:00000499       __DelegateCtor_guideXOS_System_Delegate__InitializeClosedInstance__guideXOS_guideXOS_GUI_OpenDialog__Keyboard_OnKeyChanged 0000000010001499     guideXOS.obj
 0001:000004a5       __DelegateCtor_guideXOS_System_Delegate__InitializeClosedInstance__guideXOS_guideXOS_GUI_SaveDialog__Keyboard_OnKeyChanged 00000000100014a5     guideXOS.obj
 0001:000004b1       __DelegateCtor_guideXOS_System_Delegate__InitializeClosedInstance__guideXOS_guideXOS_DefaultApps_ComputerFiles__Keyboard_OnKeyChanged 00000000100014b1     guideXOS.obj
 0001:000004bd       __DelegateCtor_guideXOS_System_Delegate__InitializeClosedInstance__guideXOS_guideXOS_DefaultApps_FConsole__Keyboard_OnKeyChanged 00000000100014bd     guideXOS.obj
 0001:000004c9       __DelegateCtor_guideXOS_System_Delegate__InitializeClosedInstance__guideXOS_guideXOS_DefaultApps_FConsole__Console_OnWrite 00000000100014c9     guideXOS.obj
 0001:000004d5       __DelegateCtor_guideXOS_System_Delegate__InitializeClosedInstance__guideXOS_guideXOS_DefaultApps_nexIRC__Keyboard_OnKeyChanged 00000000100014d5     guideXOS.obj
 0001:000004e1       __DelegateCtor_guideXOS_System_Delegate__InitializeClosedInstance__guideXOS_guideXOS_DefaultApps_Notepad__Keyboard_OnKeyChanged 00000000100014e1     guideXOS.obj
 0001:000004ed       __DelegateCtor_guideXOS_System_Delegate__InitializeClosedInstance__guideXOS_guideXOS_DefaultApps_Notepad___OnSetVisible_b__19_0 00000000100014ed     guideXOS.obj
 0001:000004f9       __DelegateCtor_guideXOS_System_Delegate__InitializeClosedInstance__guideXOS_guideXOS_DefaultApps_Notepad___OnSetVisible_b__19_3 00000000100014f9     guideXOS.obj
 0001:00000505       __DelegateCtor_guideXOS_System_Delegate__InitializeClosedInstance__guideXOS_guideXOS_DefaultApps_Notepad___OnSetVisible_b__19_1 0000000010001505     guideXOS.obj
 0001:00000511       __DelegateCtor_guideXOS_System_Delegate__InitializeClosedInstance__guideXOS_guideXOS_DefaultApps_Notepad___OnSetVisible_b__19_2 0000000010001511     guideXOS.obj
 0001:0000051d       __DelegateCtor_guideXOS_System_Delegate__InitializeClosedInstance__guideXOS_guideXOS_DefaultApps_WebBrowser__OnKey 000000001000151d     guideXOS.obj
 0001:00000529       __DelegateCtor_guideXOS_System_Delegate__InitializeClosedInstance__guideXOS_guideXOS_FS_FAT___c__DisplayClass48_0___FindPath_b__0 0000000010001529     guideXOS.obj
 0001:00000535       __DelegateCtor_guideXOS_System_Delegate__InitializeClosedInstance__guideXOS_guideXOS_FS_FAT___c__DisplayClass48_1___FindPath_b__1 0000000010001535     guideXOS.obj
 0001:00000541       __DelegateCtor_guideXOS_System_Delegate__InitializeClosedInstance__guideXOS_guideXOS_FS_FAT___c__DisplayClass58_0___GetFiles_b__0 0000000010001541     guideXOS.obj
 0001:0000054d       __DelegateCtor_guideXOS_System_Delegate__InitializeClosedInstance__guideXOS_guideXOS_Modules_ModuleManager___c___InitializeBuiltins_b__7_0 000000001000154d     guideXOS.obj
 0001:00000559       __DelegateCtor_guideXOS_System_Delegate__InitializeClosedInstance__guideXOS_guideXOS_GUI_DisplayOptions___c___OnInput_b__30_0 0000000010001559     guideXOS.obj
 0001:00000565       __DelegateCtor_guideXOS_System_Delegate__InitializeClosedInstance__guideXOS_guideXOS_GUI_DisplayOptions___c___OnInput_b__30_1 0000000010001565     guideXOS.obj
 0001:00000571       __DelegateCtor_guideXOS_System_Delegate__InitializeClosedInstance__guideXOS_guideXOS_DefaultApps_DiskManager___c__DisplayClass38_0___ReadMBRForEntry_b__0 0000000010001571     guideXOS.obj
 0001:0000057d       __DelegateCtor_guideXOS_System_Delegate__InitializeClosedInstance__guideXOS_guideXOS_DefaultApps_DiskManager___c__DisplayClass54_0___TryCreatePartitionLargestFree_b__0 000000001000157d     guideXOS.obj
 0001:00000589       __DelegateCtor_guideXOS_System_Delegate__InitializeClosedInstance__guideXOS_guideXOS_DefaultApps_DiskManager___c__DisplayClass54_0___TryCreatePartitionLargestFree_b__1 0000000010001589     guideXOS.obj
 0001:00000595       __DelegateCtor_guideXOS_System_Delegate__InitializeClosedInstance__guideXOS_guideXOS_DefaultApps_Notepad___c__DisplayClass24_0___OpenSaveAs_b__0 0000000010001595     guideXOS.obj
 0001:000005a1       __DelegateCtor_guideXOS_System_Delegate__InitializeOpenStaticThunk__guideXOS_guideXOS_GUI_Icons__DocumentIcon__guideXOS_System_Func_2<Int32__System___Canon>__InvokeOpenStaticThunk 00000000100015a1     guideXOS.obj
 0001:000005b4       __GenericLookupFromType_guideXOS_System_Array_EmptyArray_1<System___Canon>_GCStaticBase_guideXOS_System_Array_EmptyArray_1<T_System___Canon> 00000000100015b4     guideXOS.obj
 0001:000005e0       CPUID                      00000000100015e0 f   NativeLib:native.obj
 0001:00000630       Cli                        0000000010001630 f   NativeLib:native.obj
 0001:00000660       Fxrstor64                  0000000010001660 f   NativeLib:native.obj
 0001:00000690       Fxsave64                   0000000010001690 f   NativeLib:native.obj
 0001:000006c0       Hlt                        00000000100016c0 f   NativeLib:native.obj
 0001:000006f0       Invlpg                     00000000100016f0 f   NativeLib:native.obj
 0001:00000720       Nop                        0000000010001720 f   NativeLib:native.obj
 0001:00000740       Rdmsr                      0000000010001740 f   NativeLib:native.obj
 0001:00000770       Rdtsc                      0000000010001770 f   NativeLib:native.obj
 0001:000007a0       ReadCR2                    00000000100017a0 f   NativeLib:native.obj
 0001:000007c0       Sti                        00000000100017c0 f   NativeLib:native.obj
 0001:000007f0       WriteCR3                   00000000100017f0 f   NativeLib:native.obj
 0001:00000820       Wrmsr                      0000000010001820 f   NativeLib:native.obj
 0001:00000860       __JustMyCode_Default       0000000010001860 f i NativeLib:native.obj
 0001:00000870       Movsb                      0000000010001870 f   NativeLib:mem.obj
 0001:000008b0       Movsd                      00000000100018b0 f   NativeLib:mem.obj
 0001:000008f0       Stosb                      00000000100018f0 f   NativeLib:mem.obj
 0001:00000940       Stosd                      0000000010001940 f   NativeLib:mem.obj
 0001:00000990       avx_memcpy                 0000000010001990 f   NativeLib:mem.obj
 0001:00000a90       Load_GDT                   0000000010001a90 f   NativeLib:interrupts.obj
 0001:00000ac0       idt_set                    0000000010001ac0 f   NativeLib:interrupts.obj
 0001:00000ba0       set_idt_entries            0000000010001ba0 f   NativeLib:interrupts.obj
 0001:00002ac0       intr0                      0000000010003ac0 f   NativeLib:interrupts_asm.obj
 0001:00002b02       intr1                      0000000010003b02 f   NativeLib:interrupts_asm.obj
 0001:00002b44       intr2                      0000000010003b44 f   NativeLib:interrupts_asm.obj
 0001:00002b86       intr3                      0000000010003b86 f   NativeLib:interrupts_asm.obj
 0001:00002bc8       intr4                      0000000010003bc8 f   NativeLib:interrupts_asm.obj
 0001:00002c0a       intr5                      0000000010003c0a f   NativeLib:interrupts_asm.obj
 0001:00002c4c       intr6                      0000000010003c4c f   NativeLib:interrupts_asm.obj
 0001:00002c8e       intr7                      0000000010003c8e f   NativeLib:interrupts_asm.obj
 0001:00002cd0       intr8                      0000000010003cd0 f   NativeLib:interrupts_asm.obj
 0001:00002d12       intr9                      0000000010003d12 f   NativeLib:interrupts_asm.obj
 0001:00002d54       intr10                     0000000010003d54 f   NativeLib:interrupts_asm.obj
 0001:00002d96       intr11                     0000000010003d96 f   NativeLib:interrupts_asm.obj
 0001:00002dd8       intr12                     0000000010003dd8 f   NativeLib:interrupts_asm.obj
 0001:00002e1a       intr13                     0000000010003e1a f   NativeLib:interrupts_asm.obj
 0001:00002e5c       intr14                     0000000010003e5c f   NativeLib:interrupts_asm.obj
 0001:00002e9e       intr15                     0000000010003e9e f   NativeLib:interrupts_asm.obj
 0001:00002ee0       intr16                     0000000010003ee0 f   NativeLib:interrupts_asm.obj
 0001:00002f22       intr17                     0000000010003f22 f   NativeLib:interrupts_asm.obj
 0001:00002f64       intr18                     0000000010003f64 f   NativeLib:interrupts_asm.obj
 0001:00002fa6       intr19                     0000000010003fa6 f   NativeLib:interrupts_asm.obj
 0001:00002fe8       intr20                     0000000010003fe8 f   NativeLib:interrupts_asm.obj
 0001:0000302a       intr21                     000000001000402a f   NativeLib:interrupts_asm.obj
 0001:0000306c       intr22                     000000001000406c f   NativeLib:interrupts_asm.obj
 0001:000030ae       intr23                     00000000100040ae f   NativeLib:interrupts_asm.obj
 0001:000030f0       intr24                     00000000100040f0 f   NativeLib:interrupts_asm.obj
 0001:00003132       intr25                     0000000010004132 f   NativeLib:interrupts_asm.obj
 0001:00003174       intr26                     0000000010004174 f   NativeLib:interrupts_asm.obj
 0001:000031b6       intr27                     00000000100041b6 f   NativeLib:interrupts_asm.obj
 0001:000031f8       intr28                     00000000100041f8 f   NativeLib:interrupts_asm.obj
 0001:0000323a       intr29                     000000001000423a f   NativeLib:interrupts_asm.obj
 0001:0000327c       intr30                     000000001000427c f   NativeLib:interrupts_asm.obj
 0001:000032be       intr31                     00000000100042be f   NativeLib:interrupts_asm.obj
 0001:00003300       intr32                     0000000010004300 f   NativeLib:interrupts_asm.obj
 0001:00003342       intr33                     0000000010004342 f   NativeLib:interrupts_asm.obj
 0001:00003384       intr34                     0000000010004384 f   NativeLib:interrupts_asm.obj
 0001:000033c6       intr35                     00000000100043c6 f   NativeLib:interrupts_asm.obj
 0001:00003408       intr36                     0000000010004408 f   NativeLib:interrupts_asm.obj
 0001:0000344a       intr37                     000000001000444a f   NativeLib:interrupts_asm.obj
 0001:0000348c       intr38                     000000001000448c f   NativeLib:interrupts_asm.obj
 0001:000034ce       intr39                     00000000100044ce f   NativeLib:interrupts_asm.obj
 0001:00003510       intr40                     0000000010004510 f   NativeLib:interrupts_asm.obj
 0001:00003552       intr41                     0000000010004552 f   NativeLib:interrupts_asm.obj
 0001:00003594       intr42                     0000000010004594 f   NativeLib:interrupts_asm.obj
 0001:000035d6       intr43                     00000000100045d6 f   NativeLib:interrupts_asm.obj
 0001:00003618       intr44                     0000000010004618 f   NativeLib:interrupts_asm.obj
 0001:0000365a       intr45                     000000001000465a f   NativeLib:interrupts_asm.obj
 0001:0000369c       intr46                     000000001000469c f   NativeLib:interrupts_asm.obj
 0001:000036de       intr47                     00000000100046de f   NativeLib:interrupts_asm.obj
 0001:00003720       intr48                     0000000010004720 f   NativeLib:interrupts_asm.obj
 0001:00003762       intr49                     0000000010004762 f   NativeLib:interrupts_asm.obj
 0001:000037a4       intr50                     00000000100047a4 f   NativeLib:interrupts_asm.obj
 0001:000037e6       intr51                     00000000100047e6 f   NativeLib:interrupts_asm.obj
 0001:00003828       intr52                     0000000010004828 f   NativeLib:interrupts_asm.obj
 0001:0000386a       intr53                     000000001000486a f   NativeLib:interrupts_asm.obj
 0001:000038ac       intr54                     00000000100048ac f   NativeLib:interrupts_asm.obj
 0001:000038ee       intr55                     00000000100048ee f   NativeLib:interrupts_asm.obj
 0001:00003930       intr56                     0000000010004930 f   NativeLib:interrupts_asm.obj
 0001:00003972       intr57                     0000000010004972 f   NativeLib:interrupts_asm.obj
 0001:000039b4       intr58                     00000000100049b4 f   NativeLib:interrupts_asm.obj
 0001:000039f6       intr59                     00000000100049f6 f   NativeLib:interrupts_asm.obj
 0001:00003a38       intr60                     0000000010004a38 f   NativeLib:interrupts_asm.obj
 0001:00003a7a       intr61                     0000000010004a7a f   NativeLib:interrupts_asm.obj
 0001:00003abc       intr62                     0000000010004abc f   NativeLib:interrupts_asm.obj
 0001:00003afe       intr63                     0000000010004afe f   NativeLib:interrupts_asm.obj
 0001:00003b40       intr64                     0000000010004b40 f   NativeLib:interrupts_asm.obj
 0001:00003b82       intr65                     0000000010004b82 f   NativeLib:interrupts_asm.obj
 0001:00003bc4       intr66                     0000000010004bc4 f   NativeLib:interrupts_asm.obj
 0001:00003c06       intr67                     0000000010004c06 f   NativeLib:interrupts_asm.obj
 0001:00003c48       intr68                     0000000010004c48 f   NativeLib:interrupts_asm.obj
 0001:00003c8a       intr69                     0000000010004c8a f   NativeLib:interrupts_asm.obj
 0001:00003ccc       intr70                     0000000010004ccc f   NativeLib:interrupts_asm.obj
 0001:00003d0e       intr71                     0000000010004d0e f   NativeLib:interrupts_asm.obj
 0001:00003d50       intr72                     0000000010004d50 f   NativeLib:interrupts_asm.obj
 0001:00003d92       intr73                     0000000010004d92 f   NativeLib:interrupts_asm.obj
 0001:00003dd4       intr74                     0000000010004dd4 f   NativeLib:interrupts_asm.obj
 0001:00003e16       intr75                     0000000010004e16 f   NativeLib:interrupts_asm.obj
 0001:00003e58       intr76                     0000000010004e58 f   NativeLib:interrupts_asm.obj
 0001:00003e9a       intr77                     0000000010004e9a f   NativeLib:interrupts_asm.obj
 0001:00003edc       intr78                     0000000010004edc f   NativeLib:interrupts_asm.obj
 0001:00003f1e       intr79                     0000000010004f1e f   NativeLib:interrupts_asm.obj
 0001:00003f60       intr80                     0000000010004f60 f   NativeLib:interrupts_asm.obj
 0001:00003fa2       intr81                     0000000010004fa2 f   NativeLib:interrupts_asm.obj
 0001:00003fe4       intr82                     0000000010004fe4 f   NativeLib:interrupts_asm.obj
 0001:00004026       intr83                     0000000010005026 f   NativeLib:interrupts_asm.obj
 0001:00004068       intr84                     0000000010005068 f   NativeLib:interrupts_asm.obj
 0001:000040aa       intr85                     00000000100050aa f   NativeLib:interrupts_asm.obj
 0001:000040ec       intr86                     00000000100050ec f   NativeLib:interrupts_asm.obj
 0001:0000412e       intr87                     000000001000512e f   NativeLib:interrupts_asm.obj
 0001:00004170       intr88                     0000000010005170 f   NativeLib:interrupts_asm.obj
 0001:000041b2       intr89                     00000000100051b2 f   NativeLib:interrupts_asm.obj
 0001:000041f4       intr90                     00000000100051f4 f   NativeLib:interrupts_asm.obj
 0001:00004236       intr91                     0000000010005236 f   NativeLib:interrupts_asm.obj
 0001:00004278       intr92                     0000000010005278 f   NativeLib:interrupts_asm.obj
 0001:000042ba       intr93                     00000000100052ba f   NativeLib:interrupts_asm.obj
 0001:000042fc       intr94                     00000000100052fc f   NativeLib:interrupts_asm.obj
 0001:0000433e       intr95                     000000001000533e f   NativeLib:interrupts_asm.obj
 0001:00004380       intr96                     0000000010005380 f   NativeLib:interrupts_asm.obj
 0001:000043c2       intr97                     00000000100053c2 f   NativeLib:interrupts_asm.obj
 0001:00004404       intr98                     0000000010005404 f   NativeLib:interrupts_asm.obj
 0001:00004446       intr99                     0000000010005446 f   NativeLib:interrupts_asm.obj
 0001:00004488       intr100                    0000000010005488 f   NativeLib:interrupts_asm.obj
 0001:000044ca       intr101                    00000000100054ca f   NativeLib:interrupts_asm.obj
 0001:0000450c       intr102                    000000001000550c f   NativeLib:interrupts_asm.obj
 0001:0000454e       intr103                    000000001000554e f   NativeLib:interrupts_asm.obj
 0001:00004590       intr104                    0000000010005590 f   NativeLib:interrupts_asm.obj
 0001:000045d2       intr105                    00000000100055d2 f   NativeLib:interrupts_asm.obj
 0001:00004614       intr106                    0000000010005614 f   NativeLib:interrupts_asm.obj
 0001:00004656       intr107                    0000000010005656 f   NativeLib:interrupts_asm.obj
 0001:00004698       intr108                    0000000010005698 f   NativeLib:interrupts_asm.obj
 0001:000046da       intr109                    00000000100056da f   NativeLib:interrupts_asm.obj
 0001:0000471c       intr110                    000000001000571c f   NativeLib:interrupts_asm.obj
 0001:0000475e       intr111                    000000001000575e f   NativeLib:interrupts_asm.obj
 0001:000047a0       intr112                    00000000100057a0 f   NativeLib:interrupts_asm.obj
 0001:000047e2       intr113                    00000000100057e2 f   NativeLib:interrupts_asm.obj
 0001:00004824       intr114                    0000000010005824 f   NativeLib:interrupts_asm.obj
 0001:00004866       intr115                    0000000010005866 f   NativeLib:interrupts_asm.obj
 0001:000048a8       intr116                    00000000100058a8 f   NativeLib:interrupts_asm.obj
 0001:000048ea       intr117                    00000000100058ea f   NativeLib:interrupts_asm.obj
 0001:0000492c       intr118                    000000001000592c f   NativeLib:interrupts_asm.obj
 0001:0000496e       intr119                    000000001000596e f   NativeLib:interrupts_asm.obj
 0001:000049b0       intr120                    00000000100059b0 f   NativeLib:interrupts_asm.obj
 0001:000049f2       intr121                    00000000100059f2 f   NativeLib:interrupts_asm.obj
 0001:00004a34       intr122                    0000000010005a34 f   NativeLib:interrupts_asm.obj
 0001:00004a76       intr123                    0000000010005a76 f   NativeLib:interrupts_asm.obj
 0001:00004ab8       intr124                    0000000010005ab8 f   NativeLib:interrupts_asm.obj
 0001:00004afa       intr125                    0000000010005afa f   NativeLib:interrupts_asm.obj
 0001:00004b3c       intr126                    0000000010005b3c f   NativeLib:interrupts_asm.obj
 0001:00004b7e       intr127                    0000000010005b7e f   NativeLib:interrupts_asm.obj
 0001:00004bc0       intr128                    0000000010005bc0 f   NativeLib:interrupts_asm.obj
 0001:00004c02       intr129                    0000000010005c02 f   NativeLib:interrupts_asm.obj
 0001:00004c44       intr130                    0000000010005c44 f   NativeLib:interrupts_asm.obj
 0001:00004c86       intr131                    0000000010005c86 f   NativeLib:interrupts_asm.obj
 0001:00004cc8       intr132                    0000000010005cc8 f   NativeLib:interrupts_asm.obj
 0001:00004d0a       intr133                    0000000010005d0a f   NativeLib:interrupts_asm.obj
 0001:00004d4c       intr134                    0000000010005d4c f   NativeLib:interrupts_asm.obj
 0001:00004d8e       intr135                    0000000010005d8e f   NativeLib:interrupts_asm.obj
 0001:00004dd0       intr136                    0000000010005dd0 f   NativeLib:interrupts_asm.obj
 0001:00004e12       intr137                    0000000010005e12 f   NativeLib:interrupts_asm.obj
 0001:00004e54       intr138                    0000000010005e54 f   NativeLib:interrupts_asm.obj
 0001:00004e96       intr139                    0000000010005e96 f   NativeLib:interrupts_asm.obj
 0001:00004ed8       intr140                    0000000010005ed8 f   NativeLib:interrupts_asm.obj
 0001:00004f1a       intr141                    0000000010005f1a f   NativeLib:interrupts_asm.obj
 0001:00004f5c       intr142                    0000000010005f5c f   NativeLib:interrupts_asm.obj
 0001:00004f9e       intr143                    0000000010005f9e f   NativeLib:interrupts_asm.obj
 0001:00004fe0       intr144                    0000000010005fe0 f   NativeLib:interrupts_asm.obj
 0001:00005022       intr145                    0000000010006022 f   NativeLib:interrupts_asm.obj
 0001:00005064       intr146                    0000000010006064 f   NativeLib:interrupts_asm.obj
 0001:000050a6       intr147                    00000000100060a6 f   NativeLib:interrupts_asm.obj
 0001:000050e8       intr148                    00000000100060e8 f   NativeLib:interrupts_asm.obj
 0001:0000512a       intr149                    000000001000612a f   NativeLib:interrupts_asm.obj
 0001:0000516c       intr150                    000000001000616c f   NativeLib:interrupts_asm.obj
 0001:000051ae       intr151                    00000000100061ae f   NativeLib:interrupts_asm.obj
 0001:000051f0       intr152                    00000000100061f0 f   NativeLib:interrupts_asm.obj
 0001:00005232       intr153                    0000000010006232 f   NativeLib:interrupts_asm.obj
 0001:00005274       intr154                    0000000010006274 f   NativeLib:interrupts_asm.obj
 0001:000052b6       intr155                    00000000100062b6 f   NativeLib:interrupts_asm.obj
 0001:000052f8       intr156                    00000000100062f8 f   NativeLib:interrupts_asm.obj
 0001:0000533a       intr157                    000000001000633a f   NativeLib:interrupts_asm.obj
 0001:0000537c       intr158                    000000001000637c f   NativeLib:interrupts_asm.obj
 0001:000053be       intr159                    00000000100063be f   NativeLib:interrupts_asm.obj
 0001:00005400       intr160                    0000000010006400 f   NativeLib:interrupts_asm.obj
 0001:00005442       intr161                    0000000010006442 f   NativeLib:interrupts_asm.obj
 0001:00005484       intr162                    0000000010006484 f   NativeLib:interrupts_asm.obj
 0001:000054c6       intr163                    00000000100064c6 f   NativeLib:interrupts_asm.obj
 0001:00005508       intr164                    0000000010006508 f   NativeLib:interrupts_asm.obj
 0001:0000554a       intr165                    000000001000654a f   NativeLib:interrupts_asm.obj
 0001:0000558c       intr166                    000000001000658c f   NativeLib:interrupts_asm.obj
 0001:000055ce       intr167                    00000000100065ce f   NativeLib:interrupts_asm.obj
 0001:00005610       intr168                    0000000010006610 f   NativeLib:interrupts_asm.obj
 0001:00005652       intr169                    0000000010006652 f   NativeLib:interrupts_asm.obj
 0001:00005694       intr170                    0000000010006694 f   NativeLib:interrupts_asm.obj
 0001:000056d6       intr171                    00000000100066d6 f   NativeLib:interrupts_asm.obj
 0001:00005718       intr172                    0000000010006718 f   NativeLib:interrupts_asm.obj
 0001:0000575a       intr173                    000000001000675a f   NativeLib:interrupts_asm.obj
 0001:0000579c       intr174                    000000001000679c f   NativeLib:interrupts_asm.obj
 0001:000057de       intr175                    00000000100067de f   NativeLib:interrupts_asm.obj
 0001:00005820       intr176                    0000000010006820 f   NativeLib:interrupts_asm.obj
 0001:00005862       intr177                    0000000010006862 f   NativeLib:interrupts_asm.obj
 0001:000058a4       intr178                    00000000100068a4 f   NativeLib:interrupts_asm.obj
 0001:000058e6       intr179                    00000000100068e6 f   NativeLib:interrupts_asm.obj
 0001:00005928       intr180                    0000000010006928 f   NativeLib:interrupts_asm.obj
 0001:0000596a       intr181                    000000001000696a f   NativeLib:interrupts_asm.obj
 0001:000059ac       intr182                    00000000100069ac f   NativeLib:interrupts_asm.obj
 0001:000059ee       intr183                    00000000100069ee f   NativeLib:interrupts_asm.obj
 0001:00005a30       intr184                    0000000010006a30 f   NativeLib:interrupts_asm.obj
 0001:00005a72       intr185                    0000000010006a72 f   NativeLib:interrupts_asm.obj
 0001:00005ab4       intr186                    0000000010006ab4 f   NativeLib:interrupts_asm.obj
 0001:00005af6       intr187                    0000000010006af6 f   NativeLib:interrupts_asm.obj
 0001:00005b38       intr188                    0000000010006b38 f   NativeLib:interrupts_asm.obj
 0001:00005b7a       intr189                    0000000010006b7a f   NativeLib:interrupts_asm.obj
 0001:00005bbc       intr190                    0000000010006bbc f   NativeLib:interrupts_asm.obj
 0001:00005bfe       intr191                    0000000010006bfe f   NativeLib:interrupts_asm.obj
 0001:00005c40       intr192                    0000000010006c40 f   NativeLib:interrupts_asm.obj
 0001:00005c82       intr193                    0000000010006c82 f   NativeLib:interrupts_asm.obj
 0001:00005cc4       intr194                    0000000010006cc4 f   NativeLib:interrupts_asm.obj
 0001:00005d06       intr195                    0000000010006d06 f   NativeLib:interrupts_asm.obj
 0001:00005d48       intr196                    0000000010006d48 f   NativeLib:interrupts_asm.obj
 0001:00005d8a       intr197                    0000000010006d8a f   NativeLib:interrupts_asm.obj
 0001:00005dcc       intr198                    0000000010006dcc f   NativeLib:interrupts_asm.obj
 0001:00005e0e       intr199                    0000000010006e0e f   NativeLib:interrupts_asm.obj
 0001:00005e50       intr200                    0000000010006e50 f   NativeLib:interrupts_asm.obj
 0001:00005e92       intr201                    0000000010006e92 f   NativeLib:interrupts_asm.obj
 0001:00005ed4       intr202                    0000000010006ed4 f   NativeLib:interrupts_asm.obj
 0001:00005f16       intr203                    0000000010006f16 f   NativeLib:interrupts_asm.obj
 0001:00005f58       intr204                    0000000010006f58 f   NativeLib:interrupts_asm.obj
 0001:00005f9a       intr205                    0000000010006f9a f   NativeLib:interrupts_asm.obj
 0001:00005fdc       intr206                    0000000010006fdc f   NativeLib:interrupts_asm.obj
 0001:0000601e       intr207                    000000001000701e f   NativeLib:interrupts_asm.obj
 0001:00006060       intr208                    0000000010007060 f   NativeLib:interrupts_asm.obj
 0001:000060a2       intr209                    00000000100070a2 f   NativeLib:interrupts_asm.obj
 0001:000060e4       intr210                    00000000100070e4 f   NativeLib:interrupts_asm.obj
 0001:00006126       intr211                    0000000010007126 f   NativeLib:interrupts_asm.obj
 0001:00006168       intr212                    0000000010007168 f   NativeLib:interrupts_asm.obj
 0001:000061aa       intr213                    00000000100071aa f   NativeLib:interrupts_asm.obj
 0001:000061ec       intr214                    00000000100071ec f   NativeLib:interrupts_asm.obj
 0001:0000622e       intr215                    000000001000722e f   NativeLib:interrupts_asm.obj
 0001:00006270       intr216                    0000000010007270 f   NativeLib:interrupts_asm.obj
 0001:000062b2       intr217                    00000000100072b2 f   NativeLib:interrupts_asm.obj
 0001:000062f4       intr218                    00000000100072f4 f   NativeLib:interrupts_asm.obj
 0001:00006336       intr219                    0000000010007336 f   NativeLib:interrupts_asm.obj
 0001:00006378       intr220                    0000000010007378 f   NativeLib:interrupts_asm.obj
 0001:000063ba       intr221                    00000000100073ba f   NativeLib:interrupts_asm.obj
 0001:000063fc       intr222                    00000000100073fc f   NativeLib:interrupts_asm.obj
 0001:0000643e       intr223                    000000001000743e f   NativeLib:interrupts_asm.obj
 0001:00006480       intr224                    0000000010007480 f   NativeLib:interrupts_asm.obj
 0001:000064c2       intr225                    00000000100074c2 f   NativeLib:interrupts_asm.obj
 0001:00006504       intr226                    0000000010007504 f   NativeLib:interrupts_asm.obj
 0001:00006546       intr227                    0000000010007546 f   NativeLib:interrupts_asm.obj
 0001:00006588       intr228                    0000000010007588 f   NativeLib:interrupts_asm.obj
 0001:000065ca       intr229                    00000000100075ca f   NativeLib:interrupts_asm.obj
 0001:0000660c       intr230                    000000001000760c f   NativeLib:interrupts_asm.obj
 0001:0000664e       intr231                    000000001000764e f   NativeLib:interrupts_asm.obj
 0001:00006690       intr232                    0000000010007690 f   NativeLib:interrupts_asm.obj
 0001:000066d2       intr233                    00000000100076d2 f   NativeLib:interrupts_asm.obj
 0001:00006714       intr234                    0000000010007714 f   NativeLib:interrupts_asm.obj
 0001:00006756       intr235                    0000000010007756 f   NativeLib:interrupts_asm.obj
 0001:00006798       intr236                    0000000010007798 f   NativeLib:interrupts_asm.obj
 0001:000067da       intr237                    00000000100077da f   NativeLib:interrupts_asm.obj
 0001:0000681c       intr238                    000000001000781c f   NativeLib:interrupts_asm.obj
 0001:0000685e       intr239                    000000001000785e f   NativeLib:interrupts_asm.obj
 0001:000068a0       intr240                    00000000100078a0 f   NativeLib:interrupts_asm.obj
 0001:000068e2       intr241                    00000000100078e2 f   NativeLib:interrupts_asm.obj
 0001:00006924       intr242                    0000000010007924 f   NativeLib:interrupts_asm.obj
 0001:00006966       intr243                    0000000010007966 f   NativeLib:interrupts_asm.obj
 0001:000069a8       intr244                    00000000100079a8 f   NativeLib:interrupts_asm.obj
 0001:000069ea       intr245                    00000000100079ea f   NativeLib:interrupts_asm.obj
 0001:00006a2c       intr246                    0000000010007a2c f   NativeLib:interrupts_asm.obj
 0001:00006a6e       intr247                    0000000010007a6e f   NativeLib:interrupts_asm.obj
 0001:00006ab0       intr248                    0000000010007ab0 f   NativeLib:interrupts_asm.obj
 0001:00006af2       intr249                    0000000010007af2 f   NativeLib:interrupts_asm.obj
 0001:00006b34       intr250                    0000000010007b34 f   NativeLib:interrupts_asm.obj
 0001:00006b76       intr251                    0000000010007b76 f   NativeLib:interrupts_asm.obj
 0001:00006bb8       intr252                    0000000010007bb8 f   NativeLib:interrupts_asm.obj
 0001:00006bfa       intr253                    0000000010007bfa f   NativeLib:interrupts_asm.obj
 0001:00006c3c       intr254                    0000000010007c3c f   NativeLib:interrupts_asm.obj
 0001:00006c7e       intr255                    0000000010007c7e f   NativeLib:interrupts_asm.obj
 0001:00006cc0       _reload_segreg             0000000010007cc0 f   NativeLib:interrupts_asm.obj
 0001:00006ce7       Load_IDT                   0000000010007ce7 f   NativeLib:interrupts_asm.obj
 0001:00006ceb       _cli                       0000000010007ceb f   NativeLib:interrupts_asm.obj
 0001:00006ced       _sti                       0000000010007ced f   NativeLib:interrupts_asm.obj
 0001:00006cef       _hlt                       0000000010007cef f   NativeLib:interrupts_asm.obj
 0001:00006cf1       _inttest                   0000000010007cf1 f   NativeLib:interrupts_asm.obj
 0001:00006cfb       _iretq                     0000000010007cfb f   NativeLib:interrupts_asm.obj
 0001:00006d16       _int20h                    0000000010007d16 f   NativeLib:interrupts_asm.obj
 0001:00006d20       In16                       0000000010007d20 f   NativeLib:io.obj
 0001:00006d50       In32                       0000000010007d50 f   NativeLib:io.obj
 0001:00006d80       In8                        0000000010007d80 f   NativeLib:io.obj
 0001:00006db0       Insb                       0000000010007db0 f   NativeLib:io.obj
 0001:00006df0       Insd                       0000000010007df0 f   NativeLib:io.obj
 0001:00006e30       Insw                       0000000010007e30 f   NativeLib:io.obj
 0001:00006e70       Out16                      0000000010007e70 f   NativeLib:io.obj
 0001:00006ea0       Out32                      0000000010007ea0 f   NativeLib:io.obj
 0001:00006ed0       Out8                       0000000010007ed0 f   NativeLib:io.obj
 0001:00006f00       Outsb                      0000000010007f00 f   NativeLib:io.obj
 0001:00006f40       Outsd                      0000000010007f40 f   NativeLib:io.obj
 0001:00006f80       Outsw                      0000000010007f80 f   NativeLib:io.obj
 0001:00006fc0       enable_avx                 0000000010007fc0 f   NativeLib:misc.obj
 0001:00006fd3       enable_sse                 0000000010007fd3 f   NativeLib:misc.obj
 0001:00006fe6       Schedule_Next              0000000010007fe6 f   NativeLib:misc.obj
 0001:00012450       lodepng_add_itext          0000000010013450 f   NativeLib:lodepng.obj
 0001:00012690       lodepng_add_text           0000000010013690 f   NativeLib:lodepng.obj
 0001:00012950       lodepng_can_have_alpha     0000000010013950 f   NativeLib:lodepng.obj
 0001:000129b0       lodepng_chunk_ancillary    00000000100139b0 f   NativeLib:lodepng.obj
 0001:00012a00       lodepng_chunk_append       0000000010013a00 f   NativeLib:lodepng.obj
 0001:00012b20       lodepng_chunk_check_crc    0000000010013b20 f   NativeLib:lodepng.obj
 0001:00012bb0       lodepng_chunk_create       0000000010013bb0 f   NativeLib:lodepng.obj
 0001:00012ce0       lodepng_chunk_data         0000000010013ce0 f   NativeLib:lodepng.obj
 0001:00012d20       lodepng_chunk_data_const   0000000010013d20 f   NativeLib:lodepng.obj
 0001:00012d60       lodepng_chunk_find         0000000010013d60 f   NativeLib:lodepng.obj
 0001:00012de0       lodepng_chunk_find_const   0000000010013de0 f   NativeLib:lodepng.obj
 0001:00012e60       lodepng_chunk_generate_crc 0000000010013e60 f   NativeLib:lodepng.obj
 0001:00012fb0       lodepng_chunk_length       0000000010013fb0 f   NativeLib:lodepng.obj
 0001:00012ff0       lodepng_chunk_next         0000000010013ff0 f   NativeLib:lodepng.obj
 0001:00013150       lodepng_chunk_next_const   0000000010014150 f   NativeLib:lodepng.obj
 0001:000132b0       lodepng_chunk_private      00000000100142b0 f   NativeLib:lodepng.obj
 0001:00013300       lodepng_chunk_safetocopy   0000000010014300 f   NativeLib:lodepng.obj
 0001:00013350       lodepng_chunk_type         0000000010014350 f   NativeLib:lodepng.obj
 0001:000133c0       lodepng_chunk_type_equals  00000000100143c0 f   NativeLib:lodepng.obj
 0001:000134b0       lodepng_clear_icc          00000000100144b0 f   NativeLib:lodepng.obj
 0001:00013520       lodepng_clear_itext        0000000010014520 f   NativeLib:lodepng.obj
 0001:00013550       lodepng_clear_text         0000000010014550 f   NativeLib:lodepng.obj
 0001:00013630       lodepng_color_mode_cleanup 0000000010014630 f   NativeLib:lodepng.obj
 0001:00013660       lodepng_color_mode_copy    0000000010014660 f   NativeLib:lodepng.obj
 0001:00013840       lodepng_color_mode_init    0000000010014840 f   NativeLib:lodepng.obj
 0001:000138c0       lodepng_color_mode_make    00000000100148c0 f   NativeLib:lodepng.obj
 0001:00013a50       lodepng_color_stats_init   0000000010014a50 f   NativeLib:lodepng.obj
 0001:00013b00       lodepng_compress_settings_init 0000000010014b00 f   NativeLib:lodepng.obj
 0001:00013b90       lodepng_compute_color_stats 0000000010014b90 f   NativeLib:lodepng.obj
 0001:00014a60       lodepng_convert            0000000010015a60 f   NativeLib:lodepng.obj
 0001:00014fa0       lodepng_convert_rgb        0000000010015fa0 f   NativeLib:lodepng.obj
 0001:000152e0       lodepng_crc32              00000000100162e0 f   NativeLib:lodepng.obj
 0001:00015370       lodepng_decode             0000000010016370 f   NativeLib:lodepng.obj
 0001:00015560       lodepng_decode24           0000000010016560 f   NativeLib:lodepng.obj
 0001:000155d0       lodepng_decode32           00000000100165d0 f   NativeLib:lodepng.obj
 0001:00015640       lodepng_decode_memory      0000000010016640 f   NativeLib:lodepng.obj
 0001:00015710       lodepng_decoder_settings_init 0000000010016710 f   NativeLib:lodepng.obj
 0001:000157a0       lodepng_decompress_settings_init 00000000100167a0 f   NativeLib:lodepng.obj
 0001:00015810       lodepng_deflate            0000000010016810 f   NativeLib:lodepng.obj
 0001:00015b20       lodepng_encode             0000000010016b20 f   NativeLib:lodepng.obj
 0001:00016b20       lodepng_encode24           0000000010017b20 f   NativeLib:lodepng.obj
 0001:00016b80       lodepng_encode32           0000000010017b80 f   NativeLib:lodepng.obj
 0001:00016be0       lodepng_encode_memory      0000000010017be0 f   NativeLib:lodepng.obj
 0001:00016ca0       lodepng_encoder_settings_init 0000000010017ca0 f   NativeLib:lodepng.obj
 0001:00016d20       lodepng_error_text         0000000010017d20 f   NativeLib:lodepng.obj
 0001:000173f0       lodepng_get_bpp            00000000100183f0 f   NativeLib:lodepng.obj
 0001:00017460       lodepng_get_channels       0000000010018460 f   NativeLib:lodepng.obj
 0001:00017490       lodepng_get_raw_size       0000000010018490 f   NativeLib:lodepng.obj
 0001:00017670       lodepng_has_palette_alpha  0000000010018670 f   NativeLib:lodepng.obj
 0001:000176e0       lodepng_huffman_code_lengths 00000000100186e0 f   NativeLib:lodepng.obj
 0001:00017b30       lodepng_inflate            0000000010018b30 f   NativeLib:lodepng.obj
 0001:00017d40       lodepng_info_cleanup       0000000010018d40 f   NativeLib:lodepng.obj
 0001:00017da0       lodepng_info_copy          0000000010018da0 f   NativeLib:lodepng.obj
 0001:00017ed0       lodepng_info_init          0000000010018ed0 f   NativeLib:lodepng.obj
 0001:00017fe0       lodepng_inspect            0000000010018fe0 f   NativeLib:lodepng.obj
 0001:00018430       lodepng_inspect_chunk      0000000010019430 f   NativeLib:lodepng.obj
 0001:00018850       lodepng_is_alpha_type      0000000010019850 f   NativeLib:lodepng.obj
 0001:000188a0       lodepng_is_greyscale_type  00000000100198a0 f   NativeLib:lodepng.obj
 0001:000188f0       lodepng_is_palette_type    00000000100198f0 f   NativeLib:lodepng.obj
 0001:00018aa0       lodepng_palette_add        0000000010019aa0 f   NativeLib:lodepng.obj
 0001:00018b90       lodepng_palette_clear      0000000010019b90 f   NativeLib:lodepng.obj
 0001:00018eb0       lodepng_set_icc            0000000010019eb0 f   NativeLib:lodepng.obj
 0001:00018f20       lodepng_state_cleanup      0000000010019f20 f   NativeLib:lodepng.obj
 0001:00018f70       lodepng_state_copy         0000000010019f70 f   NativeLib:lodepng.obj
 0001:00019040       lodepng_state_init         000000001001a040 f   NativeLib:lodepng.obj
 0001:00019100       lodepng_zlib_compress      000000001001a100 f   NativeLib:lodepng.obj
 0001:000192f0       lodepng_zlib_decompress    000000001001a2f0 f   NativeLib:lodepng.obj
 0001:0001dfa0       fatfs_init                 000000001001efa0 f   NativeLib:fatfs.obj
 0001:0001e020       format_exfat               000000001001f020 f   NativeLib:fatfs.obj
 0001:0001e0a0       get_files                  000000001001f0a0 f   NativeLib:fatfs.obj
 0001:0001e1e0       read_all_bytes             000000001001f1e0 f   NativeLib:fatfs.obj
 0001:0001e2a0       write_all_bytes            000000001001f2a0 f   NativeLib:fatfs.obj
 0001:0001e340       vmware_send                000000001001f340 f   NativeLib:vmware.obj
 0001:0001e3c4       vmware_send_hb             000000001001f3c4 f   NativeLib:vmware.obj
 0001:0001e44a       vmware_get_hb              000000001001f44a f   NativeLib:vmware.obj
 0001:000207e0       f_close                    00000000100217e0 f   NativeLib:ff.obj
 0001:00020840       f_closedir                 0000000010021840 f   NativeLib:ff.obj
 0001:00020890       f_getfree                  0000000010021890 f   NativeLib:ff.obj
 0001:00020b70       f_lseek                    0000000010021b70 f   NativeLib:ff.obj
 0001:000210b0       f_mkdir                    00000000100220b0 f   NativeLib:ff.obj
 0001:000213f0       f_mkfs                     00000000100223f0 f   NativeLib:ff.obj
 0001:00022fa0       f_mount                    0000000010023fa0 f   NativeLib:ff.obj
 0001:00023060       f_open                     0000000010024060 f   NativeLib:ff.obj
 0001:00023720       f_opendir                  0000000010024720 f   NativeLib:ff.obj
 0001:000238e0       f_read                     00000000100248e0 f   NativeLib:ff.obj
 0001:00023d40       f_readdir                  0000000010024d40 f   NativeLib:ff.obj
 0001:00023df0       f_rename                   0000000010024df0 f   NativeLib:ff.obj
 0001:000242b0       f_stat                     00000000100252b0 f   NativeLib:ff.obj
 0001:00024350       f_sync                     0000000010025350 f   NativeLib:ff.obj
 0001:000246a0       f_truncate                 00000000100256a0 f   NativeLib:ff.obj
 0001:00024850       f_unlink                   0000000010025850 f   NativeLib:ff.obj
 0001:00024a90       f_write                    0000000010025a90 f   NativeLib:ff.obj
 0001:000282c0       ff_oem2uni                 00000000100292c0 f   NativeLib:ffunicode.obj
 0001:000283d0       ff_uni2oem                 00000000100293d0 f   NativeLib:ffunicode.obj
 0001:000284e0       ff_wtoupper                00000000100294e0 f   NativeLib:ffunicode.obj
 0001:000286b0       disk_initialize            00000000100296b0 f   NativeLib:diskio.obj
 0001:000286e0       disk_ioctl                 00000000100296e0 f   NativeLib:diskio.obj
 0001:00028760       disk_read                  0000000010029760 f   NativeLib:diskio.obj
 0001:000287a0       disk_status                00000000100297a0 f   NativeLib:diskio.obj
 0001:000287d0       disk_write                 00000000100297d0 f   NativeLib:diskio.obj
 0001:00028810       mystrtoul                  0000000010029810 f   LibC:strtoul.obj
 0001:0002b0b0       fctprintf                  000000001002c0b0 f   LibC:printf.obj
 0001:0002b130       printf_                    000000001002c130 f   LibC:printf.obj
 0001:0002b1a0       snprintf_                  000000001002c1a0 f   LibC:printf.obj
 0001:0002b200       sprintf_                   000000001002c200 f   LibC:printf.obj
 0001:0002b270       vprintf_                   000000001002c270 f   LibC:printf.obj
 0001:0002b2c0       vsnprintf_                 000000001002c2c0 f   LibC:printf.obj
 0001:0002b310       myisspace                  000000001002c310 f   LibC:isspace.obj
 0001:0002b360       myisdigit                  000000001002c360 f   LibC:isdigit.obj
 0001:0002b3a0       myisalpha                  000000001002c3a0 f   LibC:isalpha.obj
 0001:0002b3e0       myisupper                  000000001002c3e0 f   LibC:isupper.obj
 0002:00000000       unbox_Bool__ToString       000000001002d000     guideXOS.obj
 0002:0000000c       unbox_UInt8__ToString      000000001002d00c     guideXOS.obj
 0002:00000018       unbox_Int32__ToString      000000001002d018     guideXOS.obj
 0002:00000024       unbox_UInt16__ToString     000000001002d024     guideXOS.obj
 0002:00000030       unbox_UInt32__ToString     000000001002d030     guideXOS.obj
 0002:0000003c       unbox_UInt64__ToString     000000001002d03c     guideXOS.obj
 0003:00000000       KMain                      000000001002e000     guideXOS.obj
 0003:00000000       guideXOS_Program__KMain    000000001002e000     guideXOS.obj
 0003:00000418       guideXOS_Program__SMain    000000001002e418     guideXOS.obj
 0003:00000bec       guideXOS_Program__RefreshCachedIcons 000000001002ebec     guideXOS.obj
 0003:00000cc8       guideXOS_Allocator__FindOrAddOwner 000000001002ecc8     guideXOS.obj
 0003:00000dd8       guideXOS_Allocator__Initialize 000000001002edd8     guideXOS.obj
 0003:00000ecc       guideXOS_Allocator__get_MemoryInUse 000000001002eecc     guideXOS.obj
 0003:00000ee4       guideXOS_Allocator__GetPageIndexStart 000000001002eee4     guideXOS.obj
 0003:00000f38       guideXOS_Allocator__Free   000000001002ef38     guideXOS.obj
 0003:0000118c       guideXOS_Allocator__SuspiciousSize 000000001002f18c     guideXOS.obj
 0003:000011ac       guideXOS_Allocator__Allocate_0 000000001002f1ac     guideXOS.obj
 0003:0000151c       guideXOS_Allocator__Reallocate 000000001002f51c     guideXOS.obj
 0003:00001644       guideXOS_Allocator__ClearAllocate_0 000000001002f644     guideXOS.obj
 0003:000016ec       guideXOS_Allocator__GetTagBytes 000000001002f6ec     guideXOS.obj
 0003:00001714       guideXOS_Allocator__GetOwnerBytes 000000001002f714     guideXOS.obj
 0003:0000184c       guideXOS_Allocator__GetOwnerListSnapshot 000000001002f84c     guideXOS.obj
 0003:00001994       guideXOS_GDT__FillEntry    000000001002f994     guideXOS.obj
 0003:000019d4       guideXOS_GDT__Initialise   000000001002f9d4     guideXOS.obj
 0003:00001b24       guideXOS_GDT__SetKernelStack 000000001002fb24     guideXOS.obj
 0003:00001b48       guideXOS_IDT__Initialize   000000001002fb48     guideXOS.obj
 0003:00001c3c       guideXOS_IDT__AllowUserSoftwareInterrupt 000000001002fc3c     guideXOS.obj
 0003:00001cd4       guideXOS_IDT__intr_handler 000000001002fcd4     guideXOS.obj
 0003:00001cd4       intr_handler               000000001002fcd4     guideXOS.obj
 0003:00003fe0       guideXOS_Native__Load_GDT  0000000010031fe0     guideXOS.obj
 0003:00004034       guideXOS_Native__Load_IDT  0000000010032034     guideXOS.obj
 0003:00004088       guideXOS_Internal_Runtime_EEType__get_IsArray 0000000010032088     guideXOS.obj
 0003:000040ac       guideXOS_Internal_Runtime_EEType__get_ArrayRank 00000000100320ac     guideXOS.obj
 0003:000040cc       __imp_GetCurrentThreadId   00000000100320cc     guideXOS.obj
 0003:000040cc       guideXOS_Internal_Runtime_CompilerHelpers_StartupCodeHelpers____imp_GetCurrentThreadId 00000000100320cc     guideXOS.obj
 0003:000040d0       __CheckForDebuggerJustMyCode 00000000100320d0     guideXOS.obj
 0003:000040d0       guideXOS_Internal_Runtime_CompilerHelpers_StartupCodeHelpers____CheckForDebuggerJustMyCode 00000000100320d0     guideXOS.obj
 0003:000040d4       __fail_fast                00000000100320d4     guideXOS.obj
 0003:000040d4       guideXOS_Internal_Runtime_CompilerHelpers_StartupCodeHelpers__FailFast 00000000100320d4     guideXOS.obj
 0003:000040d8       guideXOS_Internal_Runtime_CompilerHelpers_StartupCodeHelpers__MemSet 00000000100320d8     guideXOS.obj
 0003:000040d8       memset                     00000000100320d8     guideXOS.obj
 0003:000040f4       guideXOS_Internal_Runtime_CompilerHelpers_StartupCodeHelpers__MemCpy 00000000100320f4     guideXOS.obj
 0003:000040f4       memcpy                     00000000100320f4     guideXOS.obj
 0003:00004110       RhpFallbackFailFast        0000000010032110     guideXOS.obj
 0003:00004110       guideXOS_Internal_Runtime_CompilerHelpers_StartupCodeHelpers__RhpFallbackFailFast 0000000010032110     guideXOS.obj
 0003:00004114       RhpReversePInvoke2         0000000010032114     guideXOS.obj
 0003:00004114       guideXOS_Internal_Runtime_CompilerHelpers_StartupCodeHelpers__RhpReversePInvoke2 0000000010032114     guideXOS.obj
 0003:00004118       RhpReversePInvokeReturn2   0000000010032118     guideXOS.obj
 0003:00004118       guideXOS_Internal_Runtime_CompilerHelpers_StartupCodeHelpers__RhpReversePInvokeReturn2 0000000010032118     guideXOS.obj
 0003:0000411c       RhpReversePInvoke          000000001003211c     guideXOS.obj
 0003:0000411c       guideXOS_Internal_Runtime_CompilerHelpers_StartupCodeHelpers__RhpReversePInvoke 000000001003211c     guideXOS.obj
 0003:00004120       RhpReversePInvokeReturn    0000000010032120     guideXOS.obj
 0003:00004120       guideXOS_Internal_Runtime_CompilerHelpers_StartupCodeHelpers__RhpReversePInvokeReturn 0000000010032120     guideXOS.obj
 0003:00004124       RhpPInvoke                 0000000010032124     guideXOS.obj
 0003:00004124       guideXOS_Internal_Runtime_CompilerHelpers_StartupCodeHelpers__RhpPinvoke 0000000010032124     guideXOS.obj
 0003:00004128       RhpPInvokeReturn           0000000010032128     guideXOS.obj
 0003:00004128       guideXOS_Internal_Runtime_CompilerHelpers_StartupCodeHelpers__RhpPinvokeReturn 0000000010032128     guideXOS.obj
 0003:0000412c       RhpNewFast                 000000001003212c     guideXOS.obj
 0003:0000412c       guideXOS_Internal_Runtime_CompilerHelpers_StartupCodeHelpers__RhpNewFast 000000001003212c     guideXOS.obj
 0003:000041b8       RhpNewArray                00000000100321b8     guideXOS.obj
 0003:000041b8       guideXOS_Internal_Runtime_CompilerHelpers_StartupCodeHelpers__RhpNewArray 00000000100321b8     guideXOS.obj
 0003:0000427c       RhpAssignRef               000000001003227c     guideXOS.obj
 0003:0000427c       guideXOS_Internal_Runtime_CompilerHelpers_StartupCodeHelpers__RhpAssignRef 000000001003227c     guideXOS.obj
 0003:00004280       RhpByRefAssignRef          0000000010032280     guideXOS.obj
 0003:00004280       guideXOS_Internal_Runtime_CompilerHelpers_StartupCodeHelpers__RhpByRefAssignRef 0000000010032280     guideXOS.obj
 0003:00004284       RhpCheckedAssignRef        0000000010032284     guideXOS.obj
 0003:00004284       guideXOS_Internal_Runtime_CompilerHelpers_StartupCodeHelpers__RhpCheckedAssignRef 0000000010032284     guideXOS.obj
 0003:00004288       RhpStelemRef               0000000010032288     guideXOS.obj
 0003:00004288       guideXOS_Internal_Runtime_CompilerHelpers_StartupCodeHelpers__RhpStelemRef 0000000010032288     guideXOS.obj
 0003:000042c0       RhTypeCast_IsInstanceOfClass 00000000100322c0     guideXOS.obj
 0003:000042c0       guideXOS_Internal_Runtime_CompilerHelpers_StartupCodeHelpers__RhTypeCast_IsInstanceOfClass 00000000100322c0     guideXOS.obj
 0003:000042ec       guideXOS_Internal_Runtime_CompilerHelpers_StartupCodeHelpers__InitializeModules 00000000100322ec     guideXOS.obj
 0003:000044a4       guideXOS_Internal_Runtime_CompilerHelpers_StartupCodeHelpers__InitializeStatics 00000000100324a4     guideXOS.obj
 0003:00004590       guideXOS_Internal_Runtime_CompilerHelpers_SynchronizedMethodHelpers__MonitorEnterStatic 0000000010032590     guideXOS.obj
 0003:00004594       guideXOS_Internal_Runtime_CompilerHelpers_SynchronizedMethodHelpers__MonitorExitStatic 0000000010032594     guideXOS.obj
 0003:00004598       guideXOS_Internal_Runtime_CompilerHelpers_ThrowHelpers__Error 0000000010032598     guideXOS.obj
 0003:00004648       guideXOS_Internal_Runtime_CompilerHelpers_ThrowHelpers__ThrowOverflowException 0000000010032648     guideXOS.obj
 0003:00004660       guideXOS_Internal_Runtime_CompilerHelpers_ThrowHelpers__ThrowIndexOutOfRangeException 0000000010032660     guideXOS.obj
 0003:00004678       Bool__ToString             0000000010032678     guideXOS.obj
 0003:00004690       UInt8__ToString            0000000010032690     guideXOS.obj
 0003:000046ac       guideXOS_System_Delegate__InitializeOpenStaticThunk 00000000100326ac     guideXOS.obj
 0003:000046d0       guideXOS_System_Delegate__InitializeClosedInstance 00000000100326d0     guideXOS.obj
 0003:000046fc       Int32__ToString            00000000100326fc     guideXOS.obj
 0003:0000471c       Int32__op_Implicit         000000001003271c     guideXOS.obj
 0003:00004720       Int64__ToString            0000000010032720     guideXOS.obj
 0003:00004810       guideXOS_System_MathF__Floor 0000000010032810     guideXOS.obj
 0003:00004870       Object___ctor              0000000010032870     guideXOS.obj
 0003:00004874       Object__ToString           0000000010032874     guideXOS.obj
 0003:0000487c       Object__Dispose            000000001003287c     guideXOS.obj
 0003:000048cc       String__FromASCII          00000000100328cc     guideXOS.obj
 0003:00004964       String__Ctor               0000000010032964     guideXOS.obj
 0003:00004984       String__Ctor_1             0000000010032984     guideXOS.obj
 0003:000049d0       String__Ctor_2             00000000100329d0     guideXOS.obj
 0003:00004a8c       String__LastIndexOf        0000000010032a8c     guideXOS.obj
 0003:00004ab8       String__Ctor_3             0000000010032ab8     guideXOS.obj
 0003:00004afc       String__ToString           0000000010032afc     guideXOS.obj
 0003:00004b00       String__Equals_0           0000000010032b00     guideXOS.obj
 0003:00004b48       String__Concat             0000000010032b48     guideXOS.obj
 0003:00004c34       String__IndexOf            0000000010032c34     guideXOS.obj
 0003:00004c64       String__Concat_0           0000000010032c64     guideXOS.obj
 0003:00004cd8       String__Concat_1           0000000010032cd8     guideXOS.obj
 0003:00004d9c       String__Concat_2           0000000010032d9c     guideXOS.obj
 0003:00004e84       String__Format             0000000010032e84     guideXOS.obj
 0003:00005090       String__Split              0000000010033090     guideXOS.obj
 0003:000051a4       String__Substring          00000000100331a4     guideXOS.obj
 0003:000051e4       String__Substring_0        00000000100331e4     guideXOS.obj
 0003:00005220       String__EndsWith_0         0000000010033220     guideXOS.obj
 0003:000052ac       String__ToUpper            00000000100332ac     guideXOS.obj
 0003:00005340       guideXOS_System_StringPool___cctor 0000000010033340     guideXOS.obj
 0003:000054c0       guideXOS_System_StringPool__GetPercentage 00000000100334c0     guideXOS.obj
 0003:00005594       guideXOS_System_StringPool__GetNumber 0000000010033594     guideXOS.obj
 0003:0000565c       guideXOS_System_StringPool__GetNumber_0 000000001003365c     guideXOS.obj
 0003:00005704       guideXOS_System_StringPool__GetMemorySize 0000000010033704     guideXOS.obj
 0003:0000598c       guideXOS_System_StringPool__GetTransferRate 000000001003398c     guideXOS.obj
 0003:00005a78       guideXOS_System_StringPool__FormatUptime 0000000010033a78     guideXOS.obj
 0003:00005d1c       UInt16__ToString           0000000010033d1c     guideXOS.obj
 0003:00005d38       UInt32__ToString           0000000010033d38     guideXOS.obj
 0003:00005d54       UInt32__ToString_0         0000000010033d54     guideXOS.obj
 0003:00005d70       UInt64__ToString           0000000010033d70     guideXOS.obj
 0003:00005e38       UInt64__ToString_0         0000000010033e38     guideXOS.obj
 0003:00005ee0       UInt64__ToStringHex        0000000010033ee0     guideXOS.obj
 0003:00005f88       guideXOS_System_Threading_Monitor__Unlock 0000000010033f88     guideXOS.obj
 0003:00005fcc       RhTypeCast_CheckCastClass  0000000010033fcc     guideXOS.obj
 0003:00005fcc       guideXOS_System_Runtime_TypeCast__CheckCastClass 0000000010033fcc     guideXOS.obj
 0003:00005ff4       RhTypeCast_CheckCastArray  0000000010033ff4     guideXOS.obj
 0003:00005ff4       guideXOS_System_Runtime_TypeCast__CheckCastArray 0000000010033ff4     guideXOS.obj
 0003:0000601c       RhTypeCast_IsInstanceOfArray 000000001003401c     guideXOS.obj
 0003:0000601c       guideXOS_System_Runtime_TypeCast__IsInstanceOfArray 000000001003401c     guideXOS.obj
 0003:00006078       guideXOS_System_Runtime_CompilerServices_ClassConstructorRunner__CheckStaticClassConstructionReturnNonGCStaticBase 0000000010034078     guideXOS.obj
 0003:00006090       guideXOS_System_Runtime_CompilerServices_ClassConstructorRunner__CheckStaticClassConstructionReturnGCStaticBase 0000000010034090     guideXOS.obj
 0003:000060a8       guideXOS_System_Runtime_CompilerServices_ClassConstructorRunner__CheckStaticClassConstruction 00000000100340a8     guideXOS.obj
 0003:000060dc       guideXOS_System_Drawing_Image___ctor 00000000100340dc     guideXOS.obj
 0003:00006118       guideXOS_System_Drawing_Image___ctor_0 0000000010034118     guideXOS.obj
 0003:0000611c       guideXOS_System_Drawing_Image__Resample 000000001003411c     guideXOS.obj
 0003:000064c0       guideXOS_System_Drawing_Image__ResizeImage 00000000100344c0     guideXOS.obj
 0003:00006634       guideXOS_System_Drawing_Image__Dispose 0000000010034634     guideXOS.obj
 0003:000066bc       guideXOS_guideXOS_Animation___ctor 00000000100346bc     guideXOS.obj
 0003:000066cc       guideXOS_guideXOS_Animator__Initialize 00000000100346cc     guideXOS.obj
 0003:00006724       guideXOS_guideXOS_Animator__OnInterrupt 0000000010034724     guideXOS.obj
 0003:000067b0       guideXOS_guideXOS_API__HandleSystemCall 00000000100347b0     guideXOS.obj
 0003:00006b4c       guideXOS_guideXOS_API__API_SndWrite 0000000010034b4c     guideXOS.obj
 0003:00006b54       guideXOS_guideXOS_API__API_Calloc 0000000010034b54     guideXOS.obj
 0003:00006b5c       guideXOS_guideXOS_API__API_StartThread 0000000010034b5c     guideXOS.obj
 0003:00006b98       guideXOS_guideXOS_API__API_Error 0000000010034b98     guideXOS.obj
 0003:00006ba0       guideXOS_guideXOS_API__API_GetTime 0000000010034ba0     guideXOS.obj
 0003:00006c20       guideXOS_guideXOS_API__API_DrawImage 0000000010034c20     guideXOS.obj
 0003:00006c54       guideXOS_guideXOS_API__API_WriteString 0000000010034c54     guideXOS.obj
 0003:00006cb4       guideXOS_guideXOS_API__API_Width 0000000010034cb4     guideXOS.obj
 0003:00006cc8       guideXOS_guideXOS_API__API_Height 0000000010034cc8     guideXOS.obj
 0003:00006cdc       guideXOS_guideXOS_API__API_Update 0000000010034cdc     guideXOS.obj
 0003:00006ce4       guideXOS_guideXOS_API__API_Clear 0000000010034ce4     guideXOS.obj
 0003:00006d04       DebugWrite                 0000000010034d04     guideXOS.obj
 0003:00006d04       guideXOS_guideXOS_API__API_DebugWrite 0000000010034d04     guideXOS.obj
 0003:00006d0c       DebugWriteLine             0000000010034d0c     guideXOS.obj
 0003:00006d0c       guideXOS_guideXOS_API__API_DebugWriteLine 0000000010034d0c     guideXOS.obj
 0003:00006d28       Lock                       0000000010034d28     guideXOS.obj
 0003:00006d28       guideXOS_guideXOS_API__API_Lock 0000000010034d28     guideXOS.obj
 0003:00006d50       Unlock                     0000000010034d50     guideXOS.obj
 0003:00006d50       guideXOS_guideXOS_API__API_Unlock 0000000010034d50     guideXOS.obj
 0003:00006d90       guideXOS_guideXOS_API__API_DrawPoint 0000000010034d90     guideXOS.obj
 0003:00006dc4       guideXOS_guideXOS_API__API_SwitchToConsoleMode 0000000010034dc4     guideXOS.obj
 0003:00006dcc       guideXOS_guideXOS_API__API_ReadAllBytes 0000000010034dcc     guideXOS.obj
 0003:00006ed4       guideXOS_guideXOS_API__API_Sleep 0000000010034ed4     guideXOS.obj
 0003:00006edc       guideXOS_guideXOS_API__API_GetTick 0000000010034edc     guideXOS.obj
 0003:00006ef0       guideXOS_guideXOS_API__API_Write 0000000010034ef0     guideXOS.obj
 0003:00006efc       guideXOS_guideXOS_API__API_WriteLine 0000000010034efc     guideXOS.obj
 0003:00006f04       guideXOS_guideXOS_API__API_Allocate 0000000010034f04     guideXOS.obj
 0003:00006f0c       guideXOS_guideXOS_API__API_Free 0000000010034f0c     guideXOS.obj
 0003:00006f14       guideXOS_guideXOS_API__API_Reallocate 0000000010034f14     guideXOS.obj
 0003:00006f1c       guideXOS_guideXOS_API__SayHello 0000000010034f1c     guideXOS.obj
 0003:00006f28       guideXOS_guideXOS_Kbd2Mouse__OnKeyChanged 0000000010034f28     guideXOS.obj
 0003:000070ac       guideXOS_guideXOS_ASC16__DrawChar 00000000100350ac     guideXOS.obj
 0003:00007140       guideXOS_guideXOS_Console__add_OnWrite 0000000010035140     guideXOS.obj
 0003:000071c8       guideXOS_guideXOS_Console__Setup 00000000100351c8     guideXOS.obj
 0003:00007280       guideXOS_guideXOS_Console__Write 0000000010035280     guideXOS.obj
 0003:00007330       guideXOS_guideXOS_Console__Write_0 0000000010035330     guideXOS.obj
 0003:000073b4       guideXOS_guideXOS_Console__WriteFramebuffer 00000000100353b4     guideXOS.obj
 0003:000074c0       guideXOS_guideXOS_Console__MoveUp 00000000100354c0     guideXOS.obj
 0003:000074f4       guideXOS_guideXOS_Console__MoveUpFramebuffer 00000000100354f4     guideXOS.obj
 0003:000075a0       guideXOS_guideXOS_Console__UpdateCursorFramebuffer 00000000100355a0     guideXOS.obj
 0003:00007650       guideXOS_guideXOS_Console__WriteLine 0000000010035650     guideXOS.obj
 0003:000076e8       guideXOS_guideXOS_Console__WriteLine_0 00000000100356e8     guideXOS.obj
 0003:0000772c       guideXOS_guideXOS_Console__Clear 000000001003572c     guideXOS.obj
 0003:00007748       guideXOS_guideXOS_Console__ClearFramebuffer 0000000010035748     guideXOS.obj
 0003:00007804       guideXOS_guideXOS_PageTable__Initialise 0000000010035804     guideXOS.obj
 0003:000078d8       guideXOS_guideXOS_PageTable__GetPageInternal 00000000100358d8     guideXOS.obj
 0003:00007994       guideXOS_guideXOS_PageTable__MapOnRoot 0000000010035994     guideXOS.obj
 0003:00007a24       guideXOS_guideXOS_PageTable__Next_0 0000000010035a24     guideXOS.obj
 0003:00007af4       guideXOS_guideXOS_Intel825xx__Initialize 0000000010035af4     guideXOS.obj
 0003:00008500       guideXOS_guideXOS_Intel825xx__Reset 0000000010036500     guideXOS.obj
 0003:00008534       guideXOS_guideXOS_Intel825xx__TXsetup 0000000010036534     guideXOS.obj
 0003:000085a4       guideXOS_guideXOS_Intel825xx__RXsetup 00000000100365a4     guideXOS.obj
 0003:0000863c       guideXOS_guideXOS_Intel825xx__ReadROM 000000001003663c     guideXOS.obj
 0003:00008670       guideXOS_guideXOS_Intel825xx__OnInterrupt 0000000010036670     guideXOS.obj
 0003:000086f4       guideXOS_guideXOS_Intel825xx__Linkup 00000000100366f4     guideXOS.obj
 0003:00008730       guideXOS_guideXOS_Intel825xx__Send 0000000010036730     guideXOS.obj
 0003:00008790       guideXOS_guideXOS_NETv4__Initialize 0000000010036790     guideXOS.obj
 0003:00008878       guideXOS_guideXOS_NETv4__SwapLeftRight 0000000010036878     guideXOS.obj
 0003:00008894       guideXOS_guideXOS_NETv4__SwapLeftRight_0 0000000010036894     guideXOS.obj
 0003:000088c4       guideXOS_guideXOS_NETv4__SwapLeftRight_1 00000000100368c4     guideXOS.obj
 0003:000088e0       guideXOS_guideXOS_NETv4__SwapLeftRight_2 00000000100368e0     guideXOS.obj
 0003:0000891c       guideXOS_guideXOS_NETv4__OnData_0 000000001003691c     guideXOS.obj
 0003:00008990       guideXOS_guideXOS_NETv4__DNSQuery 0000000010036990     guideXOS.obj
 0003:00008e84       guideXOS_guideXOS_NETv4__DHCPDiscover 0000000010036e84     guideXOS.obj
 0003:000093a4       guideXOS_guideXOS_NETv4__MakeDHCPRequestPacket 00000000100373a4     guideXOS.obj
 0003:00009474       guideXOS_guideXOS_NETv4__UDPBind 0000000010037474     guideXOS.obj
 0003:000094d0       guideXOS_guideXOS_NETv4__UDPSend 00000000100374d0     guideXOS.obj
 0003:00009634       guideXOS_guideXOS_NETv4__MakeUDPPacket 0000000010037634     guideXOS.obj
 0003:00009740       guideXOS_guideXOS_NETv4__UDPOnData_0 0000000010037740     guideXOS.obj
 0003:000098a0       guideXOS_guideXOS_NETv4__TCPOnData 00000000100378a0     guideXOS.obj
 0003:00009ebc       guideXOS_guideXOS_NETv4__TCPConnect 0000000010037ebc     guideXOS.obj
 0003:00009f5c       guideXOS_guideXOS_NETv4__TCPClose 0000000010037f5c     guideXOS.obj
 0003:00009f94       guideXOS_guideXOS_NETv4__TCPSendData 0000000010037f94     guideXOS.obj
 0003:0000a024       guideXOS_guideXOS_NETv4__TCPSend 0000000010038024     guideXOS.obj
 0003:0000a17c       guideXOS_guideXOS_NETv4__MakeTCPPacket 000000001003817c     guideXOS.obj
 0003:0000a340       guideXOS_guideXOS_NETv4__IPOnData 0000000010038340     guideXOS.obj
 0003:0000a46c       guideXOS_guideXOS_NETv4__MakeIPPacket 000000001003846c     guideXOS.obj
 0003:0000a4d4       guideXOS_guideXOS_NETv4__IPChecksum 00000000100384d4     guideXOS.obj
 0003:0000a524       guideXOS_guideXOS_NETv4__ICMPOnData 0000000010038524     guideXOS.obj
 0003:0000a698       guideXOS_guideXOS_NETv4__ICMPPing 0000000010038698     guideXOS.obj
 0003:0000a804       guideXOS_guideXOS_NETv4__ARPLookup 0000000010038804     guideXOS.obj
 0003:0000a990       guideXOS_guideXOS_NETv4__ARPOnData 0000000010038990     guideXOS.obj
 0003:0000abac       guideXOS_guideXOS_NETv4__MakeARPPacket 0000000010038bac     guideXOS.obj
 0003:0000ac24       guideXOS_guideXOS_NETv4__ARPRequire 0000000010038c24     guideXOS.obj
 0003:0000ad28       guideXOS_guideXOS_NETv4__MakeEthernetPacket 0000000010038d28     guideXOS.obj
 0003:0000ad64       guideXOS_guideXOS_RTL8111__Initialize 0000000010038d64     guideXOS.obj
 0003:0000b818       guideXOS_guideXOS_RTL8111__ResetRXDesc 0000000010039818     guideXOS.obj
 0003:0000b850       guideXOS_guideXOS_RTL8111__Send 0000000010039850     guideXOS.obj
 0003:0000b910       guideXOS_guideXOS_RTL8111__OnInterrupt 0000000010039910     guideXOS.obj
 0003:0000b9fc       guideXOS_guideXOS_SMP__ApplicationProcessorMain 00000000100399fc     guideXOS.obj
 0003:0000ba98       guideXOS_guideXOS_SMP__Initialize 0000000010039a98     guideXOS.obj
 0003:0000bc28       guideXOS_guideXOS_Network_Http__NextEphemeralPort 0000000010039c28     guideXOS.obj
 0003:0000bc5c       guideXOS_guideXOS_Network_Http__PostJson 0000000010039c5c     guideXOS.obj
 0003:0000bcec       guideXOS_guideXOS_Network_Http__BuildPost 0000000010039cec     guideXOS.obj
 0003:0000bed4       guideXOS_guideXOS_Network_Http__Send 0000000010039ed4     guideXOS.obj
 0003:0000c458       guideXOS_guideXOS_Network_Http__Resolve 000000001003a458     guideXOS.obj
 0003:0000c58c       guideXOS_guideXOS_Network_Http__IsZero 000000001003a58c     guideXOS.obj
[...]
 0008:00000262       __E2E33A61_corecrt_wstdlib@h 0000000010454262     NativeLib:ffunicode.obj
 0008:00000263       __10D4A829_limits@h        0000000010454263     NativeLib:ffunicode.obj
 0008:00000264       __6E5ACABA_stdlib@h        0000000010454264     NativeLib:ffunicode.obj
 0008:00000265       __30B1AFDA_unknwnbase@h    0000000010454265     NativeLib:ffunicode.obj
 0008:00000266       __328C1996_objidlbase@h    0000000010454266     NativeLib:ffunicode.obj
 0008:00000267       __C4E06B6A_cguid@h         0000000010454267     NativeLib:ffunicode.obj
 0008:00000268       __434718C5_combaseapi@h    0000000010454268     NativeLib:ffunicode.obj
 0008:00000269       __DE6FDEF1_unknwn@h        0000000010454269     NativeLib:ffunicode.obj
 0008:0000026a       __CCE0BACC_objidl@h        000000001045426a     NativeLib:ffunicode.obj
 0008:0000026b       __8C7011E5_oaidl@h         000000001045426b     NativeLib:ffunicode.obj
 0008:0000026c       __2E0B7863_propidlbase@h   000000001045426c     NativeLib:ffunicode.obj
 0008:0000026d       __BF4CF2EC_coml2api@h      000000001045426d     NativeLib:ffunicode.obj
 0008:0000026e       __6D897344_oleidl@h        000000001045426e     NativeLib:ffunicode.obj
 0008:0000026f       __1129FC2C_servprov@h      000000001045426f     NativeLib:ffunicode.obj
 0008:00000270       __757952E4_msxml@h         0000000010454270     NativeLib:ffunicode.obj
 0008:00000271       __B1191D53_urlmon@h        0000000010454271     NativeLib:ffunicode.obj
 0008:00000272       __404D1A47_propidl@h       0000000010454272     NativeLib:ffunicode.obj
 0008:00000273       __A1C63593_objbase@h       0000000010454273     NativeLib:ffunicode.obj
 0008:00000274       __C1B0A9CB_oleauto@h       0000000010454274     NativeLib:ffunicode.obj
 0008:00000275       __24EAF61F_ole2@h          0000000010454275     NativeLib:ffunicode.obj
 0008:00000276       __2B1843DA_commdlg@h       0000000010454276     NativeLib:ffunicode.obj
 0008:00000277       __81DDEDE3_stralign@h      0000000010454277     NativeLib:ffunicode.obj
 0008:00000278       __2134D1B4_winsvc@h        0000000010454278     NativeLib:ffunicode.obj
 0008:00000279       __11C07376_mcx@h           0000000010454279     NativeLib:ffunicode.obj
 0008:0000027a       __577CE3E7_ime_cmodes@h    000000001045427a     NativeLib:ffunicode.obj
 0008:0000027b       __1E72C31E_imm@h           000000001045427b     NativeLib:ffunicode.obj
 0008:0000027c       __E15BF856_windows@h       000000001045427c     NativeLib:ffunicode.obj
 0008:0000027d       __44420885_corecrt_stdio_config@h 000000001045427d     NativeLib:ffunicode.obj
 0008:0000027e       __EF1F6BBA_corecrt_wconio@h 000000001045427e     NativeLib:ffunicode.obj
 0008:0000027f       __3D1D430C_corecrt_wdirect@h 000000001045427f     NativeLib:ffunicode.obj
 0008:00000280       __8ECB7138_corecrt_share@h 0000000010454280     NativeLib:ffunicode.obj
 0008:00000281       __DB7FEBA6_corecrt_wio@h   0000000010454281     NativeLib:ffunicode.obj
 0008:00000282       __9A9F0068_corecrt_wprocess@h 0000000010454282     NativeLib:ffunicode.obj
 0008:00000283       __AB601D8D_corecrt_wstdio@h 0000000010454283     NativeLib:ffunicode.obj
 0008:00000284       __369A9BC3_corecrt_wtime@h 0000000010454284     NativeLib:ffunicode.obj
 0008:00000285       __CE789B9D_types@h         0000000010454285     NativeLib:ffunicode.obj
 0008:00000286       __9901C817_stat@h          0000000010454286     NativeLib:ffunicode.obj
 0008:00000287       __3FCAD62E_wchar@h         0000000010454287     NativeLib:ffunicode.obj
 0008:00000288       __0E22CCB3_tchar@h         0000000010454288     NativeLib:ffunicode.obj
 0008:00000289       __4CCC6929_integer@h       0000000010454289     NativeLib:ffunicode.obj
 0008:0000028a       __ED2A062E_ffconf@h        000000001045428a     NativeLib:ffunicode.obj
 0008:0000028b       __A5A085C2_ff@h            000000001045428b     NativeLib:ffunicode.obj
 0008:0000028c       __87CD6F4B_ffunicode@c     000000001045428c     NativeLib:ffunicode.obj
 0008:0000028d       __0ED14FEE_winpackagefamily@h 000000001045428d     NativeLib:diskio.obj
 0008:0000028e       __F92EF742_winapifamily@h  000000001045428e     NativeLib:diskio.obj
 0008:0000028f       __22E515EB_sdkddkver@h     000000001045428f     NativeLib:diskio.obj
 0008:00000290       __FE09AF47_concurrencysal@h 0000000010454290     NativeLib:diskio.obj
 0008:00000291       __C073CA79_sal@h           0000000010454291     NativeLib:diskio.obj
 0008:00000292       __D6AFE870_vadefs@h        0000000010454292     NativeLib:diskio.obj
 0008:00000293       __D63E96CF_vcruntime@h     0000000010454293     NativeLib:diskio.obj
 0008:00000294       __514B86D7_excpt@h         0000000010454294     NativeLib:diskio.obj
 0008:00000295       __9A7D38D9_stdarg@h        0000000010454295     NativeLib:diskio.obj
 0008:00000296       __29F49F40_specstrings_undef@h 0000000010454296     NativeLib:diskio.obj
 0008:00000297       __D0F42932_specstrings_strict@h 0000000010454297     NativeLib:diskio.obj
 0008:00000298       __F00405FD_sdv_driverspecs@h 0000000010454298     NativeLib:diskio.obj
 0008:00000299       __173E09CA_driverspecs@h   0000000010454299     NativeLib:diskio.obj
 0008:0000029a       __9A452361_specstrings@h   000000001045429a     NativeLib:diskio.obj
 0008:0000029b       __1B0272D9_corecrt@h       000000001045429b     NativeLib:diskio.obj
 0008:0000029c       __74484FB3_corecrt_wctype@h 000000001045429c     NativeLib:diskio.obj
 0008:0000029d       __1EC467ED_ctype@h         000000001045429d     NativeLib:diskio.obj
 0008:0000029e       __98517906_kernelspecs@h   000000001045429e     NativeLib:diskio.obj
 0008:0000029f       __D3497022_basetsd@h       000000001045429f     NativeLib:diskio.obj
 0008:000002a0       __61CC25A1_errno@h         00000000104542a0     NativeLib:diskio.obj
 0008:000002a1       __3EADF068_vcruntime_string@h 00000000104542a1     NativeLib:diskio.obj
 0008:000002a2       __E4C945B4_corecrt_memcpy_s@h 00000000104542a2     NativeLib:diskio.obj
 0008:000002a3       __8EAFF484_corecrt_memory@h 00000000104542a3     NativeLib:diskio.obj
 0008:000002a4       __6490AEC5_corecrt_wstring@h 00000000104542a4     NativeLib:diskio.obj
 0008:000002a5       __E8295E1E_string@h        00000000104542a5     NativeLib:diskio.obj
 0008:000002a6       __7FCB5136_guiddef@h       00000000104542a6     NativeLib:diskio.obj
 0008:000002a7       __FF8A9E11_pshpack4@h      00000000104542a7     NativeLib:diskio.obj
 0008:000002a8       __D5438902_poppack@h       00000000104542a8     NativeLib:diskio.obj
 0008:000002a9       __FB07E2A3_pshpack2@h      00000000104542a9     NativeLib:diskio.obj
 0008:000002aa       __F6906775_pshpack8@h      00000000104542aa     NativeLib:diskio.obj
 0008:000002ab       __F9415CFA_pshpack1@h      00000000104542ab     NativeLib:diskio.obj
 0008:000002ac       __E58C6F1C_apiset@h        00000000104542ac     NativeLib:diskio.obj
 0008:000002ad       __A5C52262_ktmtypes@h      00000000104542ad     NativeLib:diskio.obj
 0008:000002ae       __FBBA8F9D_winnt@h         00000000104542ae     NativeLib:diskio.obj
 0008:000002af       __A32D3D2C_minwindef@h     00000000104542af     NativeLib:diskio.obj
 0008:000002b0       __7D798299_windef@h        00000000104542b0     NativeLib:diskio.obj
 0008:000002b1       __9AE108E9_apisetcconv@h   00000000104542b1     NativeLib:diskio.obj
 0008:000002b2       __9CE53D2C_minwinbase@h    00000000104542b2     NativeLib:diskio.obj
 0008:000002b3       __5D0AA210_apiquery2@h     00000000104542b3     NativeLib:diskio.obj
 0008:000002b4       __4DD4E726_processenv@h    00000000104542b4     NativeLib:diskio.obj
 0008:000002b5       __3575CC96_fileapi@h       00000000104542b5     NativeLib:diskio.obj
 0008:000002b6       __8EA220E6_fileapifromapp@h 00000000104542b6     NativeLib:diskio.obj
 0008:000002b7       __BF9B31FE_debugapi@h      00000000104542b7     NativeLib:diskio.obj
 0008:000002b8       __C3AFE134_utilapiset@h    00000000104542b8     NativeLib:diskio.obj
 0008:000002b9       __76F69E51_handleapi@h     00000000104542b9     NativeLib:diskio.obj
 0008:000002ba       __7E63D784_errhandlingapi@h 00000000104542ba     NativeLib:diskio.obj
 0008:000002bb       __FFA7003C_fibersapi@h     00000000104542bb     NativeLib:diskio.obj
 0008:000002bc       __8971CECF_namedpipeapi@h  00000000104542bc     NativeLib:diskio.obj
 0008:000002bd       __46C9D8A6_profileapi@h    00000000104542bd     NativeLib:diskio.obj
 0008:000002be       __98D4F0A3_heapapi@h       00000000104542be     NativeLib:diskio.obj
 0008:000002bf       __50EF2A88_ioapiset@h      00000000104542bf     NativeLib:diskio.obj
 0008:000002c0       __92EA1464_synchapi@h      00000000104542c0     NativeLib:diskio.obj
 0008:000002c1       __A53D8AED_interlockedapi@h 00000000104542c1     NativeLib:diskio.obj
 0008:000002c2       __B506CAAF_processthreadsapi@h 00000000104542c2     NativeLib:diskio.obj
 0008:000002c3       __FF735694_sysinfoapi@h    00000000104542c3     NativeLib:diskio.obj
 0008:000002c4       __29589789_memoryapi@h     00000000104542c4     NativeLib:diskio.obj
 0008:000002c5       __E9C7A663_enclaveapi@h    00000000104542c5     NativeLib:diskio.obj
 0008:000002c6       __D035F9F7_threadpoollegacyapiset@h 00000000104542c6     NativeLib:diskio.obj
 0008:000002c7       __C899130C_threadpoolapiset@h 00000000104542c7     NativeLib:diskio.obj
 0008:000002c8       __E0441EE7_jobapi@h        00000000104542c8     NativeLib:diskio.obj
 0008:000002c9       __CEF86838_jobapi2@h       00000000104542c9     NativeLib:diskio.obj
 0008:000002ca       __35AC6B9A_wow64apiset@h   00000000104542ca     NativeLib:diskio.obj
 0008:000002cb       __C8AE41A5_libloaderapi@h  00000000104542cb     NativeLib:diskio.obj
 0008:000002cc       __CC9E232D_securitybaseapi@h 00000000104542cc     NativeLib:diskio.obj
 0008:000002cd       __C9D0C9B8_namespaceapi@h  00000000104542cd     NativeLib:diskio.obj
 0008:000002ce       __30FF9CAD_systemtopologyapi@h 00000000104542ce     NativeLib:diskio.obj
 0008:000002cf       __4D358795_processtopologyapi@h 00000000104542cf     NativeLib:diskio.obj
 0008:000002d0       __40446D10_securityappcontainer@h 00000000104542d0     NativeLib:diskio.obj
 0008:000002d1       __3A952EDF_realtimeapiset@h 00000000104542d1     NativeLib:diskio.obj
 0008:000002d2       __F4865F4B_winerror@h      00000000104542d2     NativeLib:diskio.obj
 0008:000002d3       __53C1BD93_timezoneapi@h   00000000104542d3     NativeLib:diskio.obj
 0008:000002d4       __1FFBEDBF_winbase@h       00000000104542d4     NativeLib:diskio.obj
 0008:000002d5       __43D3FA34_wingdi@h        00000000104542d5     NativeLib:diskio.obj
 0008:000002d6       __D24A7391_tvout@h         00000000104542d6     NativeLib:diskio.obj
 0008:000002d7       __7713A6C8_winuser@h       00000000104542d7     NativeLib:diskio.obj
 0008:000002d8       __0B345F71_datetimeapi@h   00000000104542d8     NativeLib:diskio.obj
 0008:000002d9       __9AC6960C_winnls@h        00000000104542d9     NativeLib:diskio.obj
 0008:000002da       __973A40A8_stringapiset@h  00000000104542da     NativeLib:diskio.obj
 0008:000002db       __CC46FEE2_wincontypes@h   00000000104542db     NativeLib:diskio.obj
 0008:000002dc       __97D70BE1_consoleapi@h    00000000104542dc     NativeLib:diskio.obj
 0008:000002dd       __27EC5E18_consoleapi2@h   00000000104542dd     NativeLib:diskio.obj
 0008:000002de       __262E342F_consoleapi3@h   00000000104542de     NativeLib:diskio.obj
 0008:000002df       __641DCD70_wincon@h        00000000104542df     NativeLib:diskio.obj
 0008:000002e0       __5A96C7A7_verrsrc@h       00000000104542e0     NativeLib:diskio.obj
 0008:000002e1       __B69C6FF2_winver@h        00000000104542e1     NativeLib:diskio.obj
 0008:000002e2       __7AEB8C37_reason@h        00000000104542e2     NativeLib:diskio.obj
 0008:000002e3       __59F1A8A9_winreg@h        00000000104542e3     NativeLib:diskio.obj
 0008:000002e4       __EE0E2B7F_wnnc@h          00000000104542e4     NativeLib:diskio.obj
 0008:000002e5       __DCDB7054_winnetwk@h      00000000104542e5     NativeLib:diskio.obj
 0008:000002e6       __EDC72EEB_cderr@h         00000000104542e6     NativeLib:diskio.obj
 0008:000002e7       __95F9199D_dde@h           00000000104542e7     NativeLib:diskio.obj
 0008:000002e8       __66427627_ddeml@h         00000000104542e8     NativeLib:diskio.obj
 0008:000002e9       __957C29A0_dlgs@h          00000000104542e9     NativeLib:diskio.obj
 0008:000002ea       __12EA15AF_lzexpand@h      00000000104542ea     NativeLib:diskio.obj
 0008:000002eb       __62131F15_mmsyscom@h      00000000104542eb     NativeLib:diskio.obj
 0008:000002ec       __47E68D49_mciapi@h        00000000104542ec     NativeLib:diskio.obj
 0008:000002ed       __5D7DD356_mmiscapi@h      00000000104542ed     NativeLib:diskio.obj
 0008:000002ee       __7223D2EF_mmiscapi2@h     00000000104542ee     NativeLib:diskio.obj
 0008:000002ef       __A330DBB3_playsoundapi@h  00000000104542ef     NativeLib:diskio.obj
 0008:000002f0       __601B366F_mmeapi@h        00000000104542f0     NativeLib:diskio.obj
 0008:000002f1       __1134ADD5_timeapi@h       00000000104542f1     NativeLib:diskio.obj
 0008:000002f2       __93F2265A_joystickapi@h   00000000104542f2     NativeLib:diskio.obj
 0008:000002f3       __DF6EB4E3_mmsystem@h      00000000104542f3     NativeLib:diskio.obj
 0008:000002f4       __BD641FCB_nb30@h          00000000104542f4     NativeLib:diskio.obj
 0008:000002f5       __DF8704F0_rpcdcep@h       00000000104542f5     NativeLib:diskio.obj
 0008:000002f6       __5C6CA7BB_rpcdce@h        00000000104542f6     NativeLib:diskio.obj
 0008:000002f7       __853533C4_rpcnsi@h        00000000104542f7     NativeLib:diskio.obj
 0008:000002f8       __2D2406C3_rpcnterr@h      00000000104542f8     NativeLib:diskio.obj
 0008:000002f9       __64521D71_rpcasync@h      00000000104542f9     NativeLib:diskio.obj
 0008:000002fa       __AADCBA08_rpc@h           00000000104542fa     NativeLib:diskio.obj
 0008:000002fb       __19E26CFF_shellapi@h      00000000104542fb     NativeLib:diskio.obj
 0008:000002fc       __1E9F31D3_winperf@h       00000000104542fc     NativeLib:diskio.obj
 0008:000002fd       __832A4112_inaddr@h        00000000104542fd     NativeLib:diskio.obj
 0008:000002fe       __32C6F875_winsock@h       00000000104542fe     NativeLib:diskio.obj
 0008:000002ff       __7953A3F8_bcrypt@h        00000000104542ff     NativeLib:diskio.obj
 0008:00000300       __E4169492_ncrypt@h        0000000010454300     NativeLib:diskio.obj
 0008:00000301       __AF3DDDC3_dpapi@h         0000000010454301     NativeLib:diskio.obj
 0008:00000302       __D1E23BF2_wincrypt@h      0000000010454302     NativeLib:diskio.obj
 0008:00000303       __82AB4779_winefs@h        0000000010454303     NativeLib:diskio.obj
 0008:00000304       __1FE431C9_rpcnsip@h       0000000010454304     NativeLib:diskio.obj
 0008:00000305       __2B741F2D_rpcsal@h        0000000010454305     NativeLib:diskio.obj
 0008:00000306       __92623256_rpcndr@h        0000000010454306     NativeLib:diskio.obj
 0008:00000307       __9C18532E_wtypesbase@h    0000000010454307     NativeLib:diskio.obj
 0008:00000308       __EA2E1D6D_wtypes@h        0000000010454308     NativeLib:diskio.obj
 0008:00000309       __7DDD9F45_winioctl@h      0000000010454309     NativeLib:diskio.obj
 0008:0000030a       __E550A843_winsmcrd@h      000000001045430a     NativeLib:diskio.obj
 0008:0000030b       __9809C1BA_winscard@h      000000001045430b     NativeLib:diskio.obj
 0008:0000030c       __EA174FA4_prsht@h         000000001045430c     NativeLib:diskio.obj
 0008:0000030d       __0E1BD114_winspool@h      000000001045430d     NativeLib:diskio.obj
 0008:0000030e       __45DED006_corecrt_malloc@h 000000001045430e     NativeLib:diskio.obj
 0008:0000030f       __13F5961F_stddef@h        000000001045430f     NativeLib:diskio.obj
 0008:00000310       __FD6DBD68_corecrt_search@h 0000000010454310     NativeLib:diskio.obj
 0008:00000311       __E2E33A61_corecrt_wstdlib@h 0000000010454311     NativeLib:diskio.obj
 0008:00000312       __10D4A829_limits@h        0000000010454312     NativeLib:diskio.obj
 0008:00000313       __6E5ACABA_stdlib@h        0000000010454313     NativeLib:diskio.obj
 0008:00000314       __30B1AFDA_unknwnbase@h    0000000010454314     NativeLib:diskio.obj
 0008:00000315       __328C1996_objidlbase@h    0000000010454315     NativeLib:diskio.obj
 0008:00000316       __C4E06B6A_cguid@h         0000000010454316     NativeLib:diskio.obj
 0008:00000317       __434718C5_combaseapi@h    0000000010454317     NativeLib:diskio.obj
 0008:00000318       __DE6FDEF1_unknwn@h        0000000010454318     NativeLib:diskio.obj
 0008:00000319       __CCE0BACC_objidl@h        0000000010454319     NativeLib:diskio.obj
 0008:0000031a       __8C7011E5_oaidl@h         000000001045431a     NativeLib:diskio.obj
 0008:0000031b       __2E0B7863_propidlbase@h   000000001045431b     NativeLib:diskio.obj
 0008:0000031c       __BF4CF2EC_coml2api@h      000000001045431c     NativeLib:diskio.obj
 0008:0000031d       __6D897344_oleidl@h        000000001045431d     NativeLib:diskio.obj
 0008:0000031e       __1129FC2C_servprov@h      000000001045431e     NativeLib:diskio.obj
 0008:0000031f       __757952E4_msxml@h         000000001045431f     NativeLib:diskio.obj
 0008:00000320       __B1191D53_urlmon@h        0000000010454320     NativeLib:diskio.obj
 0008:00000321       __404D1A47_propidl@h       0000000010454321     NativeLib:diskio.obj
 0008:00000322       __A1C63593_objbase@h       0000000010454322     NativeLib:diskio.obj
 0008:00000323       __C1B0A9CB_oleauto@h       0000000010454323     NativeLib:diskio.obj
 0008:00000324       __24EAF61F_ole2@h          0000000010454324     NativeLib:diskio.obj
 0008:00000325       __2B1843DA_commdlg@h       0000000010454325     NativeLib:diskio.obj
 0008:00000326       __81DDEDE3_stralign@h      0000000010454326     NativeLib:diskio.obj
 0008:00000327       __2134D1B4_winsvc@h        0000000010454327     NativeLib:diskio.obj
 0008:00000328       __11C07376_mcx@h           0000000010454328     NativeLib:diskio.obj
 0008:00000329       __577CE3E7_ime_cmodes@h    0000000010454329     NativeLib:diskio.obj
 0008:0000032a       __1E72C31E_imm@h           000000001045432a     NativeLib:diskio.obj
 0008:0000032b       __E15BF856_windows@h       000000001045432b     NativeLib:diskio.obj
 0008:0000032c       __44420885_corecrt_stdio_config@h 000000001045432c     NativeLib:diskio.obj
 0008:0000032d       __EF1F6BBA_corecrt_wconio@h 000000001045432d     NativeLib:diskio.obj
 0008:0000032e       __3D1D430C_corecrt_wdirect@h 000000001045432e     NativeLib:diskio.obj
 0008:0000032f       __8ECB7138_corecrt_share@h 000000001045432f     NativeLib:diskio.obj
 0008:00000330       __DB7FEBA6_corecrt_wio@h   0000000010454330     NativeLib:diskio.obj
 0008:00000331       __9A9F0068_corecrt_wprocess@h 0000000010454331     NativeLib:diskio.obj
 0008:00000332       __AB601D8D_corecrt_wstdio@h 0000000010454332     NativeLib:diskio.obj
 0008:00000333       __369A9BC3_corecrt_wtime@h 0000000010454333     NativeLib:diskio.obj
 0008:00000334       __CE789B9D_types@h         0000000010454334     NativeLib:diskio.obj
 0008:00000335       __9901C817_stat@h          0000000010454335     NativeLib:diskio.obj
 0008:00000336       __3FCAD62E_wchar@h         0000000010454336     NativeLib:diskio.obj
 0008:00000337       __0E22CCB3_tchar@h         0000000010454337     NativeLib:diskio.obj
 0008:00000338       __4CCC6929_integer@h       0000000010454338     NativeLib:diskio.obj
 0008:00000339       __3D17D6D7_diskio@h        0000000010454339     NativeLib:diskio.obj
 0008:0000033a       __AAC50F5F_diskio@c        000000001045433a     NativeLib:diskio.obj
 0009:000000a0       $R000000                   00000000104550a0     guideXOS.res
 0009:000002f0       $R000250                   00000000104552f0     guideXOS.res
