 guideXOS

 Timestamp is 6902e6bf (Wed Oct 29 21:17:03 2025)

 Preferred load address is 0000000010000000

 Start         Length     Name                   Class
 0001:00000000 00000250H .text                   CODE
 0001:00000250 00020751H .text$mn                CODE
 0002:00000000 00000021H .unbox$M                CODE
 0003:00000000 0001e9c3H .managedcode$I          CODE
 0004:00000000 00008440H .rdata                  DATA
 0004:00008440 00000018H .rdata$voltmd           DATA
 0004:00008458 0000019cH .rdata$zzzdbg           DATA
 0004:000085f4 00005118H .xdata                  DATA
 0004:0000d70c 00000000H .edata                  DATA
 0005:00000000 0001d190H .data                   DATA
 0005:0001d190 001005e0H .bss                    DATA
 0006:00000000 00002268H .pdata                  DATA
 0007:00000000 00000008H .modules$I              DATA
 0008:00000000 0000006eH .msvcjmc                DATA
 0009:00000000 000000a0H .rsrc$01                DATA
 0009:000000a0 00000440H .rsrc$02                DATA

  Address         Publics by Value              Rva+Base               Lib:Object

 0000:00000000       __AbsoluteZero             0000000000000000     <absolute>
 0000:00000000       ___safe_se_handler_count   0000000000000000     <absolute>
 0000:00000000       ___safe_se_handler_table   0000000000000000     <absolute>
 0000:00000000       __arm64x_extra_rfe_table   0000000000000000     <absolute>
 0000:00000000       __arm64x_extra_rfe_table_size 0000000000000000     <absolute>
 0000:00000000       __arm64x_native_entrypoint 0000000000000000     <absolute>
 0000:00000000       __arm64x_redirection_metadata 0000000000000000     <absolute>
 0000:00000000       __arm64x_redirection_metadata_count 0000000000000000     <absolute>
 0000:00000000       __dynamic_value_reloc_table 0000000000000000     <absolute>
 0000:00000000       __enclave_config           0000000000000000     <absolute>
 0000:00000000       __guard_check_icall_a64n_fptr 0000000000000000     <absolute>
 0000:00000000       __guard_eh_cont_count      0000000000000000     <absolute>
 0000:00000000       __guard_eh_cont_table      0000000000000000     <absolute>
 0000:00000000       __guard_fids_count         0000000000000000     <absolute>
 0000:00000000       __guard_fids_table         0000000000000000     <absolute>
 0000:00000000       __guard_iat_count          0000000000000000     <absolute>
 0000:00000000       __guard_iat_table          0000000000000000     <absolute>
 0000:00000000       __guard_longjmp_count      0000000000000000     <absolute>
 0000:00000000       __guard_longjmp_table      0000000000000000     <absolute>
 0000:00000000       __hybrid_auxiliary_delayload_iat 0000000000000000     <absolute>
 0000:00000000       __hybrid_auxiliary_delayload_iat_copy 0000000000000000     <absolute>
 0000:00000000       __hybrid_auxiliary_iat     0000000000000000     <absolute>
 0000:00000000       __hybrid_auxiliary_iat_copy 0000000000000000     <absolute>
 0000:00000000       __hybrid_code_map          0000000000000000     <absolute>
 0000:00000000       __hybrid_code_map_count    0000000000000000     <absolute>
 0000:00000000       __hybrid_image_info_bitfield 0000000000000000     <absolute>
 0000:00000000       __x64_code_ranges_to_entry_points 0000000000000000     <absolute>
 0000:00000000       __x64_code_ranges_to_entry_points_count 0000000000000000     <absolute>
 0000:00000100       __guard_flags              0000000000000100     <absolute>
 0000:00000000       __ImageBase                0000000010000000     <linker-defined>
 0001:00000000       __GetNonGCStaticBase_guideXOS_Program 0000000010001000     guideXOS.obj
 0001:00000008       __GetNonGCStaticBase_guideXOS_Allocator 0000000010001008     guideXOS.obj
 0001:00000010       __GetNonGCStaticBase_guideXOS_GDT 0000000010001010     guideXOS.obj
 0001:00000018       __GetNonGCStaticBase_guideXOS_IDT 0000000010001018     guideXOS.obj
 0001:00000020       __GetNonGCStaticBase_guideXOS_System_Windows_Forms_Control 0000000010001020     guideXOS.obj
 0001:00000028       __GetNonGCStaticBase_guideXOS_guideXOS_Kbd2Mouse 0000000010001028     guideXOS.obj
 0001:00000030       __GetNonGCStaticBase_guideXOS_guideXOS_Console 0000000010001030     guideXOS.obj
 0001:00000038       __GetNonGCStaticBase_guideXOS_guideXOS_FPSMeter 0000000010001038     guideXOS.obj
 0001:00000040       __GetNonGCStaticBase_guideXOS_guideXOS_PageTable 0000000010001040     guideXOS.obj
 0001:00000048       __GetNonGCStaticBase_guideXOS_guideXOS_SMP 0000000010001048     guideXOS.obj
 0001:00000050       __GetNonGCStaticBase_guideXOS_guideXOS_Misc_Audio 0000000010001050     guideXOS.obj
 0001:00000058       __GetNonGCStaticBase_guideXOS_guideXOS_Misc_ThreadPool 0000000010001058     guideXOS.obj
 0001:00000060       __GetNonGCStaticBase_guideXOS_guideXOS_Misc_USB 0000000010001060     guideXOS.obj
 0001:00000068       __GetNonGCStaticBase_guideXOS_guideXOS_Kernel_Drivers_AC97 0000000010001068     guideXOS.obj
 0001:00000070       __GetNonGCStaticBase_guideXOS_guideXOS_Kernel_Drivers_ACPI 0000000010001070     guideXOS.obj
 0001:00000078       __GetNonGCStaticBase_guideXOS_guideXOS_Kernel_Drivers_DisplayManager 0000000010001078     guideXOS.obj
 0001:00000080       __GetNonGCStaticBase_guideXOS_guideXOS_Kernel_Drivers_EHCI 0000000010001080     guideXOS.obj
 0001:00000088       __GetNonGCStaticBase_guideXOS_guideXOS_Kernel_Drivers_ES1371 0000000010001088     guideXOS.obj
 0001:00000090       __GetNonGCStaticBase_guideXOS_guideXOS_Kernel_Drivers_Framebuffer 0000000010001090     guideXOS.obj
 0001:00000098       __GetNonGCStaticBase_guideXOS_guideXOS_Kernel_Drivers_HID 0000000010001098     guideXOS.obj
 0001:000000a0       __GetNonGCStaticBase_guideXOS_guideXOS_Kernel_Drivers_HPET 00000000100010a0     guideXOS.obj
 0001:000000a8       __GetNonGCStaticBase_guideXOS_guideXOS_Kernel_Drivers_Hub 00000000100010a8     guideXOS.obj
 0001:000000b0       __GetNonGCStaticBase_guideXOS_guideXOS_Kernel_Drivers_Keyboard 00000000100010b0     guideXOS.obj
 0001:000000b8       __GetNonGCStaticBase_guideXOS_guideXOS_Kernel_Drivers_PS2Mouse 00000000100010b8     guideXOS.obj
 0001:000000c0       __GetNonGCStaticBase_guideXOS_guideXOS_Kernel_Drivers_RTC 00000000100010c0     guideXOS.obj
 0001:000000c8       __GetNonGCStaticBase_guideXOS_guideXOS_Kernel_Drivers_SATA 00000000100010c8     guideXOS.obj
 0001:000000d0       __GetNonGCStaticBase_guideXOS_guideXOS_Kernel_Drivers_Timer 00000000100010d0     guideXOS.obj
 0001:000000d8       __GetNonGCStaticBase_guideXOS_guideXOS_Kernel_Drivers_VMwareTools 00000000100010d8     guideXOS.obj
 0001:000000e0       __GetNonGCStaticBase_guideXOS_guideXOS_GUI_Desktop 00000000100010e0     guideXOS.obj
 0001:000000e8       __GetNonGCStaticBase_guideXOS_guideXOS_GUI_StartMenu 00000000100010e8     guideXOS.obj
 0001:000000f0       __GetNonGCStaticBase_guideXOS_guideXOS_GUI_WAVPlayer 00000000100010f0     guideXOS.obj
 0001:000000f8       __GetNonGCStaticBase_guideXOS_guideXOS_GUI_WindowManager 00000000100010f8     guideXOS.obj
 0001:00000100       __GetGCStaticBase_guideXOS_Program 0000000010001100     guideXOS.obj
 0001:0000010b       __GetGCStaticBase_guideXOS_IDT 000000001000110b     guideXOS.obj
 0001:00000116       __GetGCStaticBase_guideXOS_System_DateTime 0000000010001116     guideXOS.obj
 0001:00000121       __GetGCStaticBase_guideXOS_guideXOS_Animator 0000000010001121     guideXOS.obj
 0001:0000012c       __GetGCStaticBase_guideXOS_guideXOS_ASC16 000000001000112c     guideXOS.obj
 0001:00000137       __GetGCStaticBase_guideXOS_guideXOS_Console 0000000010001137     guideXOS.obj
 0001:00000142       __GetGCStaticBase_guideXOS_guideXOS_Misc_BitFont 0000000010001142     guideXOS.obj
 0001:0000014d       __GetGCStaticBase_guideXOS_guideXOS_Misc_Interrupts 000000001000114d     guideXOS.obj
 0001:00000158       __GetGCStaticBase_guideXOS_guideXOS_Misc_ThreadPool 0000000010001158     guideXOS.obj
 0001:00000163       __GetGCStaticBase_guideXOS_guideXOS_FS_Disk 0000000010001163     guideXOS.obj
 0001:0000016e       __GetGCStaticBase_guideXOS_guideXOS_FS_File 000000001000116e     guideXOS.obj
 0001:00000179       __GetGCStaticBase_guideXOS_guideXOS_Kernel_Drivers_AC97 0000000010001179     guideXOS.obj
 0001:00000184       __GetGCStaticBase_guideXOS_guideXOS_Kernel_Drivers_ACPI 0000000010001184     guideXOS.obj
 0001:0000018f       __GetGCStaticBase_guideXOS_guideXOS_Kernel_Drivers_DisplayManager 000000001000118f     guideXOS.obj
 0001:0000019a       __GetGCStaticBase_guideXOS_guideXOS_Kernel_Drivers_Framebuffer 000000001000119a     guideXOS.obj
 0001:000001a5       __GetGCStaticBase_guideXOS_guideXOS_Kernel_Drivers_HID 00000000100011a5     guideXOS.obj
 0001:000001b0       __GetGCStaticBase_guideXOS_guideXOS_Kernel_Drivers_IDE 00000000100011b0     guideXOS.obj
 0001:000001bb       __GetGCStaticBase_guideXOS_guideXOS_Kernel_Drivers_Keyboard 00000000100011bb     guideXOS.obj
 0001:000001c6       __GetGCStaticBase_guideXOS_guideXOS_Kernel_Drivers_PCI 00000000100011c6     guideXOS.obj
 0001:000001d1       __GetGCStaticBase_guideXOS_guideXOS_Kernel_Drivers_PS2Keyboard 00000000100011d1     guideXOS.obj
 0001:000001dc       __GetGCStaticBase_guideXOS_guideXOS_Kernel_Drivers_PS2Mouse 00000000100011dc     guideXOS.obj
 0001:000001e7       __GetGCStaticBase_guideXOS_guideXOS_Kernel_Drivers_SATA 00000000100011e7     guideXOS.obj
 0001:000001f2       __GetGCStaticBase_guideXOS_guideXOS_GUI_Desktop 00000000100011f2     guideXOS.obj
 0001:000001fd       __GetGCStaticBase_guideXOS_guideXOS_GUI_Lockscreen 00000000100011fd     guideXOS.obj
 0001:00000208       __GetGCStaticBase_guideXOS_guideXOS_GUI_NotificationManager 0000000010001208     guideXOS.obj
 0001:00000213       __GetGCStaticBase_guideXOS_guideXOS_GUI_WAVPlayer 0000000010001213     guideXOS.obj
 0001:0000021e       __GetGCStaticBase_guideXOS_guideXOS_GUI_WindowManager 000000001000121e     guideXOS.obj
 0001:00000229       __GetGCStaticBase_guideXOS_guideXOS_DefaultApps_Clock 0000000010001229     guideXOS.obj
 0001:00000234       __DelegateCtor_guideXOS_System_Delegate__InitializeClosedInstance__guideXOS_guideXOS_GUI_FConsole__Keyboard_OnKeyChanged 0000000010001234     guideXOS.obj
 0001:00000240       __DelegateCtor_guideXOS_System_Delegate__InitializeClosedInstance__guideXOS_guideXOS_GUI_FConsole__Console_OnWrite 0000000010001240     guideXOS.obj
 0001:00000250       Movsb                      0000000010001250 f   NativeLib:mem.obj
 0001:00000290       Movsd                      0000000010001290 f   NativeLib:mem.obj
 0001:000002d0       Stosb                      00000000100012d0 f   NativeLib:mem.obj
 0001:00000320       Stosd                      0000000010001320 f   NativeLib:mem.obj
 0001:00000370       __JustMyCode_Default       0000000010001370 f i NativeLib:mem.obj
 0001:00000380       avx_memcpy                 0000000010001380 f   NativeLib:mem.obj
 0001:00000480       Load_GDT                   0000000010001480 f   NativeLib:interrupts.obj
 0001:000004b0       idt_set                    00000000100014b0 f   NativeLib:interrupts.obj
 0001:00000590       set_idt_entries            0000000010001590 f   NativeLib:interrupts.obj
 0001:000024b0       CPUID                      00000000100034b0 f   NativeLib:native.obj
 0001:00002500       Cli                        0000000010003500 f   NativeLib:native.obj
 0001:00002530       Fxrstor64                  0000000010003530 f   NativeLib:native.obj
 0001:00002560       Fxsave64                   0000000010003560 f   NativeLib:native.obj
 0001:00002590       Hlt                        0000000010003590 f   NativeLib:native.obj
 0001:000025c0       Invlpg                     00000000100035c0 f   NativeLib:native.obj
 0001:000025f0       Nop                        00000000100035f0 f   NativeLib:native.obj
 0001:00002610       Rdmsr                      0000000010003610 f   NativeLib:native.obj
 0001:00002640       Rdtsc                      0000000010003640 f   NativeLib:native.obj
 0001:00002670       ReadCR2                    0000000010003670 f   NativeLib:native.obj
 0001:00002690       Sti                        0000000010003690 f   NativeLib:native.obj
 0001:000026c0       WriteCR3                   00000000100036c0 f   NativeLib:native.obj
 0001:000026f0       Wrmsr                      00000000100036f0 f   NativeLib:native.obj
 0001:00002730       intr0                      0000000010003730 f   NativeLib:interrupts_asm.obj
 0001:00002772       intr1                      0000000010003772 f   NativeLib:interrupts_asm.obj
 0001:000027b4       intr2                      00000000100037b4 f   NativeLib:interrupts_asm.obj
 0001:000027f6       intr3                      00000000100037f6 f   NativeLib:interrupts_asm.obj
 0001:00002838       intr4                      0000000010003838 f   NativeLib:interrupts_asm.obj
 0001:0000287a       intr5                      000000001000387a f   NativeLib:interrupts_asm.obj
 0001:000028bc       intr6                      00000000100038bc f   NativeLib:interrupts_asm.obj
 0001:000028fe       intr7                      00000000100038fe f   NativeLib:interrupts_asm.obj
 0001:00002940       intr8                      0000000010003940 f   NativeLib:interrupts_asm.obj
 0001:00002982       intr9                      0000000010003982 f   NativeLib:interrupts_asm.obj
 0001:000029c4       intr10                     00000000100039c4 f   NativeLib:interrupts_asm.obj
 0001:00002a06       intr11                     0000000010003a06 f   NativeLib:interrupts_asm.obj
 0001:00002a48       intr12                     0000000010003a48 f   NativeLib:interrupts_asm.obj
 0001:00002a8a       intr13                     0000000010003a8a f   NativeLib:interrupts_asm.obj
 0001:00002acc       intr14                     0000000010003acc f   NativeLib:interrupts_asm.obj
 0001:00002b0e       intr15                     0000000010003b0e f   NativeLib:interrupts_asm.obj
 0001:00002b50       intr16                     0000000010003b50 f   NativeLib:interrupts_asm.obj
 0001:00002b92       intr17                     0000000010003b92 f   NativeLib:interrupts_asm.obj
 0001:00002bd4       intr18                     0000000010003bd4 f   NativeLib:interrupts_asm.obj
 0001:00002c16       intr19                     0000000010003c16 f   NativeLib:interrupts_asm.obj
 0001:00002c58       intr20                     0000000010003c58 f   NativeLib:interrupts_asm.obj
 0001:00002c9a       intr21                     0000000010003c9a f   NativeLib:interrupts_asm.obj
 0001:00002cdc       intr22                     0000000010003cdc f   NativeLib:interrupts_asm.obj
 0001:00002d1e       intr23                     0000000010003d1e f   NativeLib:interrupts_asm.obj
 0001:00002d60       intr24                     0000000010003d60 f   NativeLib:interrupts_asm.obj
 0001:00002da2       intr25                     0000000010003da2 f   NativeLib:interrupts_asm.obj
 0001:00002de4       intr26                     0000000010003de4 f   NativeLib:interrupts_asm.obj
 0001:00002e26       intr27                     0000000010003e26 f   NativeLib:interrupts_asm.obj
 0001:00002e68       intr28                     0000000010003e68 f   NativeLib:interrupts_asm.obj
 0001:00002eaa       intr29                     0000000010003eaa f   NativeLib:interrupts_asm.obj
 0001:00002eec       intr30                     0000000010003eec f   NativeLib:interrupts_asm.obj
 0001:00002f2e       intr31                     0000000010003f2e f   NativeLib:interrupts_asm.obj
 0001:00002f70       intr32                     0000000010003f70 f   NativeLib:interrupts_asm.obj
 0001:00002fb2       intr33                     0000000010003fb2 f   NativeLib:interrupts_asm.obj
 0001:00002ff4       intr34                     0000000010003ff4 f   NativeLib:interrupts_asm.obj
 0001:00003036       intr35                     0000000010004036 f   NativeLib:interrupts_asm.obj
 0001:00003078       intr36                     0000000010004078 f   NativeLib:interrupts_asm.obj
 0001:000030ba       intr37                     00000000100040ba f   NativeLib:interrupts_asm.obj
 0001:000030fc       intr38                     00000000100040fc f   NativeLib:interrupts_asm.obj
 0001:0000313e       intr39                     000000001000413e f   NativeLib:interrupts_asm.obj
 0001:00003180       intr40                     0000000010004180 f   NativeLib:interrupts_asm.obj
 0001:000031c2       intr41                     00000000100041c2 f   NativeLib:interrupts_asm.obj
 0001:00003204       intr42                     0000000010004204 f   NativeLib:interrupts_asm.obj
 0001:00003246       intr43                     0000000010004246 f   NativeLib:interrupts_asm.obj
 0001:00003288       intr44                     0000000010004288 f   NativeLib:interrupts_asm.obj
 0001:000032ca       intr45                     00000000100042ca f   NativeLib:interrupts_asm.obj
 0001:0000330c       intr46                     000000001000430c f   NativeLib:interrupts_asm.obj
 0001:0000334e       intr47                     000000001000434e f   NativeLib:interrupts_asm.obj
 0001:00003390       intr48                     0000000010004390 f   NativeLib:interrupts_asm.obj
 0001:000033d2       intr49                     00000000100043d2 f   NativeLib:interrupts_asm.obj
 0001:00003414       intr50                     0000000010004414 f   NativeLib:interrupts_asm.obj
 0001:00003456       intr51                     0000000010004456 f   NativeLib:interrupts_asm.obj
 0001:00003498       intr52                     0000000010004498 f   NativeLib:interrupts_asm.obj
 0001:000034da       intr53                     00000000100044da f   NativeLib:interrupts_asm.obj
 0001:0000351c       intr54                     000000001000451c f   NativeLib:interrupts_asm.obj
 0001:0000355e       intr55                     000000001000455e f   NativeLib:interrupts_asm.obj
 0001:000035a0       intr56                     00000000100045a0 f   NativeLib:interrupts_asm.obj
 0001:000035e2       intr57                     00000000100045e2 f   NativeLib:interrupts_asm.obj
 0001:00003624       intr58                     0000000010004624 f   NativeLib:interrupts_asm.obj
 0001:00003666       intr59                     0000000010004666 f   NativeLib:interrupts_asm.obj
 0001:000036a8       intr60                     00000000100046a8 f   NativeLib:interrupts_asm.obj
 0001:000036ea       intr61                     00000000100046ea f   NativeLib:interrupts_asm.obj
 0001:0000372c       intr62                     000000001000472c f   NativeLib:interrupts_asm.obj
 0001:0000376e       intr63                     000000001000476e f   NativeLib:interrupts_asm.obj
 0001:000037b0       intr64                     00000000100047b0 f   NativeLib:interrupts_asm.obj
 0001:000037f2       intr65                     00000000100047f2 f   NativeLib:interrupts_asm.obj
 0001:00003834       intr66                     0000000010004834 f   NativeLib:interrupts_asm.obj
 0001:00003876       intr67                     0000000010004876 f   NativeLib:interrupts_asm.obj
 0001:000038b8       intr68                     00000000100048b8 f   NativeLib:interrupts_asm.obj
 0001:000038fa       intr69                     00000000100048fa f   NativeLib:interrupts_asm.obj
 0001:0000393c       intr70                     000000001000493c f   NativeLib:interrupts_asm.obj
 0001:0000397e       intr71                     000000001000497e f   NativeLib:interrupts_asm.obj
 0001:000039c0       intr72                     00000000100049c0 f   NativeLib:interrupts_asm.obj
 0001:00003a02       intr73                     0000000010004a02 f   NativeLib:interrupts_asm.obj
 0001:00003a44       intr74                     0000000010004a44 f   NativeLib:interrupts_asm.obj
 0001:00003a86       intr75                     0000000010004a86 f   NativeLib:interrupts_asm.obj
 0001:00003ac8       intr76                     0000000010004ac8 f   NativeLib:interrupts_asm.obj
 0001:00003b0a       intr77                     0000000010004b0a f   NativeLib:interrupts_asm.obj
 0001:00003b4c       intr78                     0000000010004b4c f   NativeLib:interrupts_asm.obj
 0001:00003b8e       intr79                     0000000010004b8e f   NativeLib:interrupts_asm.obj
 0001:00003bd0       intr80                     0000000010004bd0 f   NativeLib:interrupts_asm.obj
 0001:00003c12       intr81                     0000000010004c12 f   NativeLib:interrupts_asm.obj
 0001:00003c54       intr82                     0000000010004c54 f   NativeLib:interrupts_asm.obj
 0001:00003c96       intr83                     0000000010004c96 f   NativeLib:interrupts_asm.obj
 0001:00003cd8       intr84                     0000000010004cd8 f   NativeLib:interrupts_asm.obj
 0001:00003d1a       intr85                     0000000010004d1a f   NativeLib:interrupts_asm.obj
 0001:00003d5c       intr86                     0000000010004d5c f   NativeLib:interrupts_asm.obj
 0001:00003d9e       intr87                     0000000010004d9e f   NativeLib:interrupts_asm.obj
 0001:00003de0       intr88                     0000000010004de0 f   NativeLib:interrupts_asm.obj
 0001:00003e22       intr89                     0000000010004e22 f   NativeLib:interrupts_asm.obj
 0001:00003e64       intr90                     0000000010004e64 f   NativeLib:interrupts_asm.obj
 0001:00003ea6       intr91                     0000000010004ea6 f   NativeLib:interrupts_asm.obj
 0001:00003ee8       intr92                     0000000010004ee8 f   NativeLib:interrupts_asm.obj
 0001:00003f2a       intr93                     0000000010004f2a f   NativeLib:interrupts_asm.obj
 0001:00003f6c       intr94                     0000000010004f6c f   NativeLib:interrupts_asm.obj
 0001:00003fae       intr95                     0000000010004fae f   NativeLib:interrupts_asm.obj
 0001:00003ff0       intr96                     0000000010004ff0 f   NativeLib:interrupts_asm.obj
 0001:00004032       intr97                     0000000010005032 f   NativeLib:interrupts_asm.obj
 0001:00004074       intr98                     0000000010005074 f   NativeLib:interrupts_asm.obj
 0001:000040b6       intr99                     00000000100050b6 f   NativeLib:interrupts_asm.obj
 0001:000040f8       intr100                    00000000100050f8 f   NativeLib:interrupts_asm.obj
 0001:0000413a       intr101                    000000001000513a f   NativeLib:interrupts_asm.obj
 0001:0000417c       intr102                    000000001000517c f   NativeLib:interrupts_asm.obj
 0001:000041be       intr103                    00000000100051be f   NativeLib:interrupts_asm.obj
 0001:00004200       intr104                    0000000010005200 f   NativeLib:interrupts_asm.obj
 0001:00004242       intr105                    0000000010005242 f   NativeLib:interrupts_asm.obj
 0001:00004284       intr106                    0000000010005284 f   NativeLib:interrupts_asm.obj
 0001:000042c6       intr107                    00000000100052c6 f   NativeLib:interrupts_asm.obj
 0001:00004308       intr108                    0000000010005308 f   NativeLib:interrupts_asm.obj
 0001:0000434a       intr109                    000000001000534a f   NativeLib:interrupts_asm.obj
 0001:0000438c       intr110                    000000001000538c f   NativeLib:interrupts_asm.obj
 0001:000043ce       intr111                    00000000100053ce f   NativeLib:interrupts_asm.obj
 0001:00004410       intr112                    0000000010005410 f   NativeLib:interrupts_asm.obj
 0001:00004452       intr113                    0000000010005452 f   NativeLib:interrupts_asm.obj
 0001:00004494       intr114                    0000000010005494 f   NativeLib:interrupts_asm.obj
 0001:000044d6       intr115                    00000000100054d6 f   NativeLib:interrupts_asm.obj
 0001:00004518       intr116                    0000000010005518 f   NativeLib:interrupts_asm.obj
 0001:0000455a       intr117                    000000001000555a f   NativeLib:interrupts_asm.obj
 0001:0000459c       intr118                    000000001000559c f   NativeLib:interrupts_asm.obj
 0001:000045de       intr119                    00000000100055de f   NativeLib:interrupts_asm.obj
 0001:00004620       intr120                    0000000010005620 f   NativeLib:interrupts_asm.obj
 0001:00004662       intr121                    0000000010005662 f   NativeLib:interrupts_asm.obj
 0001:000046a4       intr122                    00000000100056a4 f   NativeLib:interrupts_asm.obj
 0001:000046e6       intr123                    00000000100056e6 f   NativeLib:interrupts_asm.obj
 0001:00004728       intr124                    0000000010005728 f   NativeLib:interrupts_asm.obj
 0001:0000476a       intr125                    000000001000576a f   NativeLib:interrupts_asm.obj
 0001:000047ac       intr126                    00000000100057ac f   NativeLib:interrupts_asm.obj
 0001:000047ee       intr127                    00000000100057ee f   NativeLib:interrupts_asm.obj
 0001:00004830       intr128                    0000000010005830 f   NativeLib:interrupts_asm.obj
 0001:00004872       intr129                    0000000010005872 f   NativeLib:interrupts_asm.obj
 0001:000048b4       intr130                    00000000100058b4 f   NativeLib:interrupts_asm.obj
 0001:000048f6       intr131                    00000000100058f6 f   NativeLib:interrupts_asm.obj
 0001:00004938       intr132                    0000000010005938 f   NativeLib:interrupts_asm.obj
 0001:0000497a       intr133                    000000001000597a f   NativeLib:interrupts_asm.obj
 0001:000049bc       intr134                    00000000100059bc f   NativeLib:interrupts_asm.obj
 0001:000049fe       intr135                    00000000100059fe f   NativeLib:interrupts_asm.obj
 0001:00004a40       intr136                    0000000010005a40 f   NativeLib:interrupts_asm.obj
 0001:00004a82       intr137                    0000000010005a82 f   NativeLib:interrupts_asm.obj
 0001:00004ac4       intr138                    0000000010005ac4 f   NativeLib:interrupts_asm.obj
 0001:00004b06       intr139                    0000000010005b06 f   NativeLib:interrupts_asm.obj
 0001:00004b48       intr140                    0000000010005b48 f   NativeLib:interrupts_asm.obj
 0001:00004b8a       intr141                    0000000010005b8a f   NativeLib:interrupts_asm.obj
 0001:00004bcc       intr142                    0000000010005bcc f   NativeLib:interrupts_asm.obj
 0001:00004c0e       intr143                    0000000010005c0e f   NativeLib:interrupts_asm.obj
 0001:00004c50       intr144                    0000000010005c50 f   NativeLib:interrupts_asm.obj
 0001:00004c92       intr145                    0000000010005c92 f   NativeLib:interrupts_asm.obj
 0001:00004cd4       intr146                    0000000010005cd4 f   NativeLib:interrupts_asm.obj
 0001:00004d16       intr147                    0000000010005d16 f   NativeLib:interrupts_asm.obj
 0001:00004d58       intr148                    0000000010005d58 f   NativeLib:interrupts_asm.obj
 0001:00004d9a       intr149                    0000000010005d9a f   NativeLib:interrupts_asm.obj
 0001:00004ddc       intr150                    0000000010005ddc f   NativeLib:interrupts_asm.obj
 0001:00004e1e       intr151                    0000000010005e1e f   NativeLib:interrupts_asm.obj
 0001:00004e60       intr152                    0000000010005e60 f   NativeLib:interrupts_asm.obj
 0001:00004ea2       intr153                    0000000010005ea2 f   NativeLib:interrupts_asm.obj
 0001:00004ee4       intr154                    0000000010005ee4 f   NativeLib:interrupts_asm.obj
 0001:00004f26       intr155                    0000000010005f26 f   NativeLib:interrupts_asm.obj
 0001:00004f68       intr156                    0000000010005f68 f   NativeLib:interrupts_asm.obj
 0001:00004faa       intr157                    0000000010005faa f   NativeLib:interrupts_asm.obj
 0001:00004fec       intr158                    0000000010005fec f   NativeLib:interrupts_asm.obj
 0001:0000502e       intr159                    000000001000602e f   NativeLib:interrupts_asm.obj
 0001:00005070       intr160                    0000000010006070 f   NativeLib:interrupts_asm.obj
 0001:000050b2       intr161                    00000000100060b2 f   NativeLib:interrupts_asm.obj
 0001:000050f4       intr162                    00000000100060f4 f   NativeLib:interrupts_asm.obj
 0001:00005136       intr163                    0000000010006136 f   NativeLib:interrupts_asm.obj
 0001:00005178       intr164                    0000000010006178 f   NativeLib:interrupts_asm.obj
 0001:000051ba       intr165                    00000000100061ba f   NativeLib:interrupts_asm.obj
 0001:000051fc       intr166                    00000000100061fc f   NativeLib:interrupts_asm.obj
 0001:0000523e       intr167                    000000001000623e f   NativeLib:interrupts_asm.obj
 0001:00005280       intr168                    0000000010006280 f   NativeLib:interrupts_asm.obj
 0001:000052c2       intr169                    00000000100062c2 f   NativeLib:interrupts_asm.obj
 0001:00005304       intr170                    0000000010006304 f   NativeLib:interrupts_asm.obj
 0001:00005346       intr171                    0000000010006346 f   NativeLib:interrupts_asm.obj
 0001:00005388       intr172                    0000000010006388 f   NativeLib:interrupts_asm.obj
 0001:000053ca       intr173                    00000000100063ca f   NativeLib:interrupts_asm.obj
 0001:0000540c       intr174                    000000001000640c f   NativeLib:interrupts_asm.obj
 0001:0000544e       intr175                    000000001000644e f   NativeLib:interrupts_asm.obj
 0001:00005490       intr176                    0000000010006490 f   NativeLib:interrupts_asm.obj
 0001:000054d2       intr177                    00000000100064d2 f   NativeLib:interrupts_asm.obj
 0001:00005514       intr178                    0000000010006514 f   NativeLib:interrupts_asm.obj
 0001:00005556       intr179                    0000000010006556 f   NativeLib:interrupts_asm.obj
 0001:00005598       intr180                    0000000010006598 f   NativeLib:interrupts_asm.obj
 0001:000055da       intr181                    00000000100065da f   NativeLib:interrupts_asm.obj
 0001:0000561c       intr182                    000000001000661c f   NativeLib:interrupts_asm.obj
 0001:0000565e       intr183                    000000001000665e f   NativeLib:interrupts_asm.obj
 0001:000056a0       intr184                    00000000100066a0 f   NativeLib:interrupts_asm.obj
 0001:000056e2       intr185                    00000000100066e2 f   NativeLib:interrupts_asm.obj
 0001:00005724       intr186                    0000000010006724 f   NativeLib:interrupts_asm.obj
 0001:00005766       intr187                    0000000010006766 f   NativeLib:interrupts_asm.obj
 0001:000057a8       intr188                    00000000100067a8 f   NativeLib:interrupts_asm.obj
 0001:000057ea       intr189                    00000000100067ea f   NativeLib:interrupts_asm.obj
 0001:0000582c       intr190                    000000001000682c f   NativeLib:interrupts_asm.obj
 0001:0000586e       intr191                    000000001000686e f   NativeLib:interrupts_asm.obj
 0001:000058b0       intr192                    00000000100068b0 f   NativeLib:interrupts_asm.obj
 0001:000058f2       intr193                    00000000100068f2 f   NativeLib:interrupts_asm.obj
 0001:00005934       intr194                    0000000010006934 f   NativeLib:interrupts_asm.obj
 0001:00005976       intr195                    0000000010006976 f   NativeLib:interrupts_asm.obj
 0001:000059b8       intr196                    00000000100069b8 f   NativeLib:interrupts_asm.obj
 0001:000059fa       intr197                    00000000100069fa f   NativeLib:interrupts_asm.obj
 0001:00005a3c       intr198                    0000000010006a3c f   NativeLib:interrupts_asm.obj
 0001:00005a7e       intr199                    0000000010006a7e f   NativeLib:interrupts_asm.obj
 0001:00005ac0       intr200                    0000000010006ac0 f   NativeLib:interrupts_asm.obj
 0001:00005b02       intr201                    0000000010006b02 f   NativeLib:interrupts_asm.obj
 0001:00005b44       intr202                    0000000010006b44 f   NativeLib:interrupts_asm.obj
 0001:00005b86       intr203                    0000000010006b86 f   NativeLib:interrupts_asm.obj
 0001:00005bc8       intr204                    0000000010006bc8 f   NativeLib:interrupts_asm.obj
 0001:00005c0a       intr205                    0000000010006c0a f   NativeLib:interrupts_asm.obj
 0001:00005c4c       intr206                    0000000010006c4c f   NativeLib:interrupts_asm.obj
 0001:00005c8e       intr207                    0000000010006c8e f   NativeLib:interrupts_asm.obj
 0001:00005cd0       intr208                    0000000010006cd0 f   NativeLib:interrupts_asm.obj
 0001:00005d12       intr209                    0000000010006d12 f   NativeLib:interrupts_asm.obj
 0001:00005d54       intr210                    0000000010006d54 f   NativeLib:interrupts_asm.obj
 0001:00005d96       intr211                    0000000010006d96 f   NativeLib:interrupts_asm.obj
 0001:00005dd8       intr212                    0000000010006dd8 f   NativeLib:interrupts_asm.obj
 0001:00005e1a       intr213                    0000000010006e1a f   NativeLib:interrupts_asm.obj
 0001:00005e5c       intr214                    0000000010006e5c f   NativeLib:interrupts_asm.obj
 0001:00005e9e       intr215                    0000000010006e9e f   NativeLib:interrupts_asm.obj
 0001:00005ee0       intr216                    0000000010006ee0 f   NativeLib:interrupts_asm.obj
 0001:00005f22       intr217                    0000000010006f22 f   NativeLib:interrupts_asm.obj
 0001:00005f64       intr218                    0000000010006f64 f   NativeLib:interrupts_asm.obj
 0001:00005fa6       intr219                    0000000010006fa6 f   NativeLib:interrupts_asm.obj
 0001:00005fe8       intr220                    0000000010006fe8 f   NativeLib:interrupts_asm.obj
 0001:0000602a       intr221                    000000001000702a f   NativeLib:interrupts_asm.obj
 0001:0000606c       intr222                    000000001000706c f   NativeLib:interrupts_asm.obj
 0001:000060ae       intr223                    00000000100070ae f   NativeLib:interrupts_asm.obj
 0001:000060f0       intr224                    00000000100070f0 f   NativeLib:interrupts_asm.obj
 0001:00006132       intr225                    0000000010007132 f   NativeLib:interrupts_asm.obj
 0001:00006174       intr226                    0000000010007174 f   NativeLib:interrupts_asm.obj
 0001:000061b6       intr227                    00000000100071b6 f   NativeLib:interrupts_asm.obj
 0001:000061f8       intr228                    00000000100071f8 f   NativeLib:interrupts_asm.obj
 0001:0000623a       intr229                    000000001000723a f   NativeLib:interrupts_asm.obj
 0001:0000627c       intr230                    000000001000727c f   NativeLib:interrupts_asm.obj
 0001:000062be       intr231                    00000000100072be f   NativeLib:interrupts_asm.obj
 0001:00006300       intr232                    0000000010007300 f   NativeLib:interrupts_asm.obj
 0001:00006342       intr233                    0000000010007342 f   NativeLib:interrupts_asm.obj
 0001:00006384       intr234                    0000000010007384 f   NativeLib:interrupts_asm.obj
 0001:000063c6       intr235                    00000000100073c6 f   NativeLib:interrupts_asm.obj
 0001:00006408       intr236                    0000000010007408 f   NativeLib:interrupts_asm.obj
 0001:0000644a       intr237                    000000001000744a f   NativeLib:interrupts_asm.obj
 0001:0000648c       intr238                    000000001000748c f   NativeLib:interrupts_asm.obj
 0001:000064ce       intr239                    00000000100074ce f   NativeLib:interrupts_asm.obj
 0001:00006510       intr240                    0000000010007510 f   NativeLib:interrupts_asm.obj
 0001:00006552       intr241                    0000000010007552 f   NativeLib:interrupts_asm.obj
 0001:00006594       intr242                    0000000010007594 f   NativeLib:interrupts_asm.obj
 0001:000065d6       intr243                    00000000100075d6 f   NativeLib:interrupts_asm.obj
 0001:00006618       intr244                    0000000010007618 f   NativeLib:interrupts_asm.obj
 0001:0000665a       intr245                    000000001000765a f   NativeLib:interrupts_asm.obj
 0001:0000669c       intr246                    000000001000769c f   NativeLib:interrupts_asm.obj
 0001:000066de       intr247                    00000000100076de f   NativeLib:interrupts_asm.obj
 0001:00006720       intr248                    0000000010007720 f   NativeLib:interrupts_asm.obj
 0001:00006762       intr249                    0000000010007762 f   NativeLib:interrupts_asm.obj
 0001:000067a4       intr250                    00000000100077a4 f   NativeLib:interrupts_asm.obj
 0001:000067e6       intr251                    00000000100077e6 f   NativeLib:interrupts_asm.obj
 0001:00006828       intr252                    0000000010007828 f   NativeLib:interrupts_asm.obj
 0001:0000686a       intr253                    000000001000786a f   NativeLib:interrupts_asm.obj
 0001:000068ac       intr254                    00000000100078ac f   NativeLib:interrupts_asm.obj
 0001:000068ee       intr255                    00000000100078ee f   NativeLib:interrupts_asm.obj
 0001:00006930       _reload_segreg             0000000010007930 f   NativeLib:interrupts_asm.obj
 0001:00006957       Load_IDT                   0000000010007957 f   NativeLib:interrupts_asm.obj
 0001:0000695b       _cli                       000000001000795b f   NativeLib:interrupts_asm.obj
 0001:0000695d       _sti                       000000001000795d f   NativeLib:interrupts_asm.obj
 0001:0000695f       _hlt                       000000001000795f f   NativeLib:interrupts_asm.obj
 0001:00006961       _inttest                   0000000010007961 f   NativeLib:interrupts_asm.obj
 0001:0000696b       _iretq                     000000001000796b f   NativeLib:interrupts_asm.obj
 0001:00006986       _int20h                    0000000010007986 f   NativeLib:interrupts_asm.obj
 0001:00006990       enable_avx                 0000000010007990 f   NativeLib:misc.obj
 0001:000069a3       enable_sse                 00000000100079a3 f   NativeLib:misc.obj
 0001:000069b6       Schedule_Next              00000000100079b6 f   NativeLib:misc.obj
 0001:00011e20       lodepng_add_itext          0000000010012e20 f   NativeLib:lodepng.obj
 0001:00012060       lodepng_add_text           0000000010013060 f   NativeLib:lodepng.obj
 0001:00012320       lodepng_can_have_alpha     0000000010013320 f   NativeLib:lodepng.obj
 0001:00012380       lodepng_chunk_ancillary    0000000010013380 f   NativeLib:lodepng.obj
 0001:000123d0       lodepng_chunk_append       00000000100133d0 f   NativeLib:lodepng.obj
 0001:000124f0       lodepng_chunk_check_crc    00000000100134f0 f   NativeLib:lodepng.obj
 0001:00012580       lodepng_chunk_create       0000000010013580 f   NativeLib:lodepng.obj
 0001:000126b0       lodepng_chunk_data         00000000100136b0 f   NativeLib:lodepng.obj
 0001:000126f0       lodepng_chunk_data_const   00000000100136f0 f   NativeLib:lodepng.obj
 0001:00012730       lodepng_chunk_find         0000000010013730 f   NativeLib:lodepng.obj
 0001:000127b0       lodepng_chunk_find_const   00000000100137b0 f   NativeLib:lodepng.obj
 0001:00012830       lodepng_chunk_generate_crc 0000000010013830 f   NativeLib:lodepng.obj
 0001:00012980       lodepng_chunk_length       0000000010013980 f   NativeLib:lodepng.obj
 0001:000129c0       lodepng_chunk_next         00000000100139c0 f   NativeLib:lodepng.obj
 0001:00012b20       lodepng_chunk_next_const   0000000010013b20 f   NativeLib:lodepng.obj
 0001:00012c80       lodepng_chunk_private      0000000010013c80 f   NativeLib:lodepng.obj
 0001:00012cd0       lodepng_chunk_safetocopy   0000000010013cd0 f   NativeLib:lodepng.obj
 0001:00012d20       lodepng_chunk_type         0000000010013d20 f   NativeLib:lodepng.obj
 0001:00012d90       lodepng_chunk_type_equals  0000000010013d90 f   NativeLib:lodepng.obj
 0001:00012e80       lodepng_clear_icc          0000000010013e80 f   NativeLib:lodepng.obj
 0001:00012ef0       lodepng_clear_itext        0000000010013ef0 f   NativeLib:lodepng.obj
 0001:00012f20       lodepng_clear_text         0000000010013f20 f   NativeLib:lodepng.obj
 0001:00013000       lodepng_color_mode_cleanup 0000000010014000 f   NativeLib:lodepng.obj
 0001:00013030       lodepng_color_mode_copy    0000000010014030 f   NativeLib:lodepng.obj
 0001:00013210       lodepng_color_mode_init    0000000010014210 f   NativeLib:lodepng.obj
 0001:00013290       lodepng_color_mode_make    0000000010014290 f   NativeLib:lodepng.obj
 0001:00013420       lodepng_color_stats_init   0000000010014420 f   NativeLib:lodepng.obj
 0001:000134d0       lodepng_compress_settings_init 00000000100144d0 f   NativeLib:lodepng.obj
 0001:00013560       lodepng_compute_color_stats 0000000010014560 f   NativeLib:lodepng.obj
 0001:00014430       lodepng_convert            0000000010015430 f   NativeLib:lodepng.obj
 0001:00014970       lodepng_convert_rgb        0000000010015970 f   NativeLib:lodepng.obj
 0001:00014cb0       lodepng_crc32              0000000010015cb0 f   NativeLib:lodepng.obj
 0001:00014d40       lodepng_decode             0000000010015d40 f   NativeLib:lodepng.obj
 0001:00014f30       lodepng_decode24           0000000010015f30 f   NativeLib:lodepng.obj
 0001:00014fa0       lodepng_decode32           0000000010015fa0 f   NativeLib:lodepng.obj
 0001:00015010       lodepng_decode_memory      0000000010016010 f   NativeLib:lodepng.obj
 0001:000150e0       lodepng_decoder_settings_init 00000000100160e0 f   NativeLib:lodepng.obj
 0001:00015170       lodepng_decompress_settings_init 0000000010016170 f   NativeLib:lodepng.obj
 0001:000151e0       lodepng_deflate            00000000100161e0 f   NativeLib:lodepng.obj
 0001:000154f0       lodepng_encode             00000000100164f0 f   NativeLib:lodepng.obj
 0001:000164f0       lodepng_encode24           00000000100174f0 f   NativeLib:lodepng.obj
 0001:00016550       lodepng_encode32           0000000010017550 f   NativeLib:lodepng.obj
 0001:000165b0       lodepng_encode_memory      00000000100175b0 f   NativeLib:lodepng.obj
 0001:00016670       lodepng_encoder_settings_init 0000000010017670 f   NativeLib:lodepng.obj
 0001:000166f0       lodepng_error_text         00000000100176f0 f   NativeLib:lodepng.obj
 0001:00016dc0       lodepng_get_bpp            0000000010017dc0 f   NativeLib:lodepng.obj
 0001:00016e30       lodepng_get_channels       0000000010017e30 f   NativeLib:lodepng.obj
 0001:00016e60       lodepng_get_raw_size       0000000010017e60 f   NativeLib:lodepng.obj
 0001:00017040       lodepng_has_palette_alpha  0000000010018040 f   NativeLib:lodepng.obj
 0001:000170b0       lodepng_huffman_code_lengths 00000000100180b0 f   NativeLib:lodepng.obj
 0001:00017500       lodepng_inflate            0000000010018500 f   NativeLib:lodepng.obj
 0001:00017710       lodepng_info_cleanup       0000000010018710 f   NativeLib:lodepng.obj
 0001:00017770       lodepng_info_copy          0000000010018770 f   NativeLib:lodepng.obj
 0001:000178a0       lodepng_info_init          00000000100188a0 f   NativeLib:lodepng.obj
 0001:000179b0       lodepng_inspect            00000000100189b0 f   NativeLib:lodepng.obj
 0001:00017e00       lodepng_inspect_chunk      0000000010018e00 f   NativeLib:lodepng.obj
 0001:00018220       lodepng_is_alpha_type      0000000010019220 f   NativeLib:lodepng.obj
 0001:00018270       lodepng_is_greyscale_type  0000000010019270 f   NativeLib:lodepng.obj
 0001:000182c0       lodepng_is_palette_type    00000000100192c0 f   NativeLib:lodepng.obj
 0001:00018470       lodepng_palette_add        0000000010019470 f   NativeLib:lodepng.obj
 0001:00018560       lodepng_palette_clear      0000000010019560 f   NativeLib:lodepng.obj
 0001:00018880       lodepng_set_icc            0000000010019880 f   NativeLib:lodepng.obj
 0001:000188f0       lodepng_state_cleanup      00000000100198f0 f   NativeLib:lodepng.obj
 0001:00018940       lodepng_state_copy         0000000010019940 f   NativeLib:lodepng.obj
 0001:00018a10       lodepng_state_init         0000000010019a10 f   NativeLib:lodepng.obj
 0001:00018ad0       lodepng_zlib_compress      0000000010019ad0 f   NativeLib:lodepng.obj
 0001:00018cc0       lodepng_zlib_decompress    0000000010019cc0 f   NativeLib:lodepng.obj
 0001:0001d970       In16                       000000001001e970 f   NativeLib:io.obj
 0001:0001d9a0       In32                       000000001001e9a0 f   NativeLib:io.obj
 0001:0001d9d0       In8                        000000001001e9d0 f   NativeLib:io.obj
 0001:0001da00       Insb                       000000001001ea00 f   NativeLib:io.obj
 0001:0001da40       Insd                       000000001001ea40 f   NativeLib:io.obj
 0001:0001da80       Insw                       000000001001ea80 f   NativeLib:io.obj
 0001:0001dac0       Out16                      000000001001eac0 f   NativeLib:io.obj
 0001:0001daf0       Out32                      000000001001eaf0 f   NativeLib:io.obj
 0001:0001db20       Out8                       000000001001eb20 f   NativeLib:io.obj
 0001:0001db50       Outsb                      000000001001eb50 f   NativeLib:io.obj
 0001:0001db90       Outsd                      000000001001eb90 f   NativeLib:io.obj
 0001:0001dbd0       Outsw                      000000001001ebd0 f   NativeLib:io.obj
 0001:0001dc10       vmware_send                000000001001ec10 f   NativeLib:vmware.obj
 0001:0001dc94       vmware_send_hb             000000001001ec94 f   NativeLib:vmware.obj
 0001:0001dd1a       vmware_get_hb              000000001001ed1a f   NativeLib:vmware.obj
 0001:0001dda0       mystrtoul                  000000001001eda0 f   LibC:strtoul.obj
 0001:00020640       fctprintf                  0000000010021640 f   LibC:printf.obj
 0001:000206c0       printf_                    00000000100216c0 f   LibC:printf.obj
 0001:00020730       snprintf_                  0000000010021730 f   LibC:printf.obj
 0001:00020790       sprintf_                   0000000010021790 f   LibC:printf.obj
 0001:00020800       vprintf_                   0000000010021800 f   LibC:printf.obj
 0001:00020850       vsnprintf_                 0000000010021850 f   LibC:printf.obj
 0001:000208a0       myisspace                  00000000100218a0 f   LibC:isspace.obj
 0001:000208f0       myisdigit                  00000000100218f0 f   LibC:isdigit.obj
 0001:00020930       myisalpha                  0000000010021930 f   LibC:isalpha.obj
 0001:00020970       myisupper                  0000000010021970 f   LibC:isupper.obj
 0002:00000000       unbox_UInt8__ToString      0000000010022000     guideXOS.obj
 0002:0000000c       unbox_UInt16__ToString     000000001002200c     guideXOS.obj
 0002:00000018       unbox_UInt32__ToString     0000000010022018     guideXOS.obj
 0003:00000000       KMain                      0000000010023000     guideXOS.obj
 0003:00000000       guideXOS_Program__KMain    0000000010023000     guideXOS.obj
 0003:0000024c       guideXOS_Program__SMain    000000001002324c     guideXOS.obj
 0003:000008d4       guideXOS_Program__InitConsole 00000000100238d4     guideXOS.obj
 0003:00000914       guideXOS_Allocator__GetPageIndexStart 0000000010023914     guideXOS.obj
 0003:00000964       guideXOS_Allocator__Free   0000000010023964     guideXOS.obj
 0003:00000a9c       guideXOS_Allocator__get_MemoryInUse 0000000010023a9c     guideXOS.obj
 0003:00000ab4       guideXOS_Allocator__Initialize 0000000010023ab4     guideXOS.obj
 0003:00000b48       guideXOS_Allocator__Allocate 0000000010023b48     guideXOS.obj
 0003:00000cac       guideXOS_Allocator__Reallocate 0000000010023cac     guideXOS.obj
 0003:00000da0       guideXOS_GDT__Initialise   0000000010023da0     guideXOS.obj
 0003:00000e74       guideXOS_IDT__Initialize   0000000010023e74     guideXOS.obj
 0003:00000f68       guideXOS_IDT__intr_handler 0000000010023f68     guideXOS.obj
 0003:00000f68       intr_handler               0000000010023f68     guideXOS.obj
 0003:0000167c       guideXOS_Native__Load_GDT  000000001002467c     guideXOS.obj
 0003:000016d0       guideXOS_Native__Load_IDT  00000000100246d0     guideXOS.obj
 0003:00001724       guideXOS_Internal_Runtime_EEType__get_IsArray 0000000010024724     guideXOS.obj
 0003:00001748       guideXOS_Internal_Runtime_EEType__get_ArrayRank 0000000010024748     guideXOS.obj
 0003:00001768       __imp_GetCurrentThreadId   0000000010024768     guideXOS.obj
 0003:00001768       guideXOS_Internal_Runtime_CompilerHelpers_StartupCodeHelpers____imp_GetCurrentThreadId 0000000010024768     guideXOS.obj
 0003:0000176c       __CheckForDebuggerJustMyCode 000000001002476c     guideXOS.obj
 0003:0000176c       guideXOS_Internal_Runtime_CompilerHelpers_StartupCodeHelpers____CheckForDebuggerJustMyCode 000000001002476c     guideXOS.obj
 0003:00001770       __fail_fast                0000000010024770     guideXOS.obj
 0003:00001770       guideXOS_Internal_Runtime_CompilerHelpers_StartupCodeHelpers__FailFast 0000000010024770     guideXOS.obj
 0003:00001774       guideXOS_Internal_Runtime_CompilerHelpers_StartupCodeHelpers__MemSet 0000000010024774     guideXOS.obj
 0003:00001774       memset                     0000000010024774     guideXOS.obj
 0003:00001790       guideXOS_Internal_Runtime_CompilerHelpers_StartupCodeHelpers__MemCpy 0000000010024790     guideXOS.obj
 0003:00001790       memcpy                     0000000010024790     guideXOS.obj
 0003:000017ac       RhpFallbackFailFast        00000000100247ac     guideXOS.obj
 0003:000017ac       guideXOS_Internal_Runtime_CompilerHelpers_StartupCodeHelpers__RhpFallbackFailFast 00000000100247ac     guideXOS.obj
 0003:000017b0       RhpReversePInvoke2         00000000100247b0     guideXOS.obj
 0003:000017b0       guideXOS_Internal_Runtime_CompilerHelpers_StartupCodeHelpers__RhpReversePInvoke2 00000000100247b0     guideXOS.obj
 0003:000017b4       RhpReversePInvokeReturn2   00000000100247b4     guideXOS.obj
 0003:000017b4       guideXOS_Internal_Runtime_CompilerHelpers_StartupCodeHelpers__RhpReversePInvokeReturn2 00000000100247b4     guideXOS.obj
 0003:000017b8       RhpReversePInvoke          00000000100247b8     guideXOS.obj
 0003:000017b8       guideXOS_Internal_Runtime_CompilerHelpers_StartupCodeHelpers__RhpReversePInvoke 00000000100247b8     guideXOS.obj
 0003:000017bc       RhpReversePInvokeReturn    00000000100247bc     guideXOS.obj
 0003:000017bc       guideXOS_Internal_Runtime_CompilerHelpers_StartupCodeHelpers__RhpReversePInvokeReturn 00000000100247bc     guideXOS.obj
 0003:000017c0       RhpPInvoke                 00000000100247c0     guideXOS.obj
 0003:000017c0       guideXOS_Internal_Runtime_CompilerHelpers_StartupCodeHelpers__RhpPinvoke 00000000100247c0     guideXOS.obj
 0003:000017c4       RhpPInvokeReturn           00000000100247c4     guideXOS.obj
 0003:000017c4       guideXOS_Internal_Runtime_CompilerHelpers_StartupCodeHelpers__RhpPinvokeReturn 00000000100247c4     guideXOS.obj
 0003:000017c8       RhpNewFast                 00000000100247c8     guideXOS.obj
 0003:000017c8       guideXOS_Internal_Runtime_CompilerHelpers_StartupCodeHelpers__RhpNewFast 00000000100247c8     guideXOS.obj
 0003:00001854       RhpNewArray                0000000010024854     guideXOS.obj
 0003:00001854       guideXOS_Internal_Runtime_CompilerHelpers_StartupCodeHelpers__RhpNewArray 0000000010024854     guideXOS.obj
 0003:00001918       RhpAssignRef               0000000010024918     guideXOS.obj
 0003:00001918       guideXOS_Internal_Runtime_CompilerHelpers_StartupCodeHelpers__RhpAssignRef 0000000010024918     guideXOS.obj
 0003:0000191c       RhpByRefAssignRef          000000001002491c     guideXOS.obj
 0003:0000191c       guideXOS_Internal_Runtime_CompilerHelpers_StartupCodeHelpers__RhpByRefAssignRef 000000001002491c     guideXOS.obj
 0003:00001920       RhpCheckedAssignRef        0000000010024920     guideXOS.obj
 0003:00001920       guideXOS_Internal_Runtime_CompilerHelpers_StartupCodeHelpers__RhpCheckedAssignRef 0000000010024920     guideXOS.obj
 0003:00001924       RhpStelemRef               0000000010024924     guideXOS.obj
 0003:00001924       guideXOS_Internal_Runtime_CompilerHelpers_StartupCodeHelpers__RhpStelemRef 0000000010024924     guideXOS.obj
 0003:0000195c       RhTypeCast_IsInstanceOfClass 000000001002495c     guideXOS.obj
 0003:0000195c       guideXOS_Internal_Runtime_CompilerHelpers_StartupCodeHelpers__RhTypeCast_IsInstanceOfClass 000000001002495c     guideXOS.obj
 0003:00001988       guideXOS_Internal_Runtime_CompilerHelpers_StartupCodeHelpers__InitializeModules 0000000010024988     guideXOS.obj
 0003:00001b44       guideXOS_Internal_Runtime_CompilerHelpers_StartupCodeHelpers__InitializeStatics 0000000010024b44     guideXOS.obj
 0003:00001c2c       guideXOS_Internal_Runtime_CompilerHelpers_SynchronizedMethodHelpers__MonitorEnterStatic 0000000010024c2c     guideXOS.obj
 0003:00001c30       guideXOS_Internal_Runtime_CompilerHelpers_SynchronizedMethodHelpers__MonitorExitStatic 0000000010024c30     guideXOS.obj
 0003:00001c34       guideXOS_Internal_Runtime_CompilerHelpers_ThrowHelpers__Error 0000000010024c34     guideXOS.obj
 0003:00001ce4       guideXOS_Internal_Runtime_CompilerHelpers_ThrowHelpers__ThrowOverflowException 0000000010024ce4     guideXOS.obj
 0003:00001cfc       guideXOS_Internal_Runtime_CompilerHelpers_ThrowHelpers__ThrowIndexOutOfRangeException 0000000010024cfc     guideXOS.obj
 0003:00001d14       UInt8__ToString            0000000010024d14     guideXOS.obj
 0003:00001d30       Char__ToUpper              0000000010024d30     guideXOS.obj
 0003:00001d48       guideXOS_System_Delegate__InitializeClosedInstance 0000000010024d48     guideXOS.obj
 0003:00001d74       Int64__ToString            0000000010024d74     guideXOS.obj
 0003:00001e64       guideXOS_System_Math__Pow  0000000010024e64     guideXOS.obj
 0003:00001e90       guideXOS_System_Math__Fact 0000000010024e90     guideXOS.obj
 0003:00001ec8       guideXOS_System_Math__Sin  0000000010024ec8     guideXOS.obj
 0003:00001f78       guideXOS_System_MathF__Floor 0000000010024f78     guideXOS.obj
 0003:00001fd8       Object___ctor              0000000010024fd8     guideXOS.obj
 0003:00001fdc       Object__ToString           0000000010024fdc     guideXOS.obj
 0003:00001fe4       Object__Dispose            0000000010024fe4     guideXOS.obj
 0003:00002034       String__FromASCII          0000000010025034     guideXOS.obj
 0003:000020cc       String__Ctor               00000000100250cc     guideXOS.obj
 0003:000020ec       String__Ctor_2             00000000100250ec     guideXOS.obj
 0003:000021a8       String__LastIndexOf        00000000100251a8     guideXOS.obj
 0003:000021d0       String__ToString           00000000100251d0     guideXOS.obj
 0003:000021d4       String__Equals_0           00000000100251d4     guideXOS.obj
 0003:00002210       String__Concat             0000000010025210     guideXOS.obj
 0003:000022fc       String__IndexOf            00000000100252fc     guideXOS.obj
 0003:0000232c       String__Concat_0           000000001002532c     guideXOS.obj
 0003:000023a0       String__Concat_1           00000000100253a0     guideXOS.obj
 0003:00002464       String__Concat_2           0000000010025464     guideXOS.obj
 0003:0000254c       String__Format             000000001002554c     guideXOS.obj
 0003:00002750       String__Substring          0000000010025750     guideXOS.obj
 0003:00002790       String__Substring_0        0000000010025790     guideXOS.obj
 0003:000027cc       String__EndsWith_0         00000000100257cc     guideXOS.obj
 0003:0000284c       UInt16__ToString           000000001002584c     guideXOS.obj
 0003:00002868       UInt32__ToString           0000000010025868     guideXOS.obj
 0003:00002884       UInt64__ToString           0000000010025884     guideXOS.obj
 0003:0000294c       UInt64__ToStringHex        000000001002594c     guideXOS.obj
 0003:000029f4       guideXOS_System_Threading_Monitor__Unlock 00000000100259f4     guideXOS.obj
 0003:00002a38       RhTypeCast_CheckCastClass  0000000010025a38     guideXOS.obj
 0003:00002a38       guideXOS_System_Runtime_TypeCast__CheckCastClass 0000000010025a38     guideXOS.obj
 0003:00002a60       RhTypeCast_CheckCastArray  0000000010025a60     guideXOS.obj
 0003:00002a60       guideXOS_System_Runtime_TypeCast__CheckCastArray 0000000010025a60     guideXOS.obj
 0003:00002a88       RhTypeCast_IsInstanceOfArray 0000000010025a88     guideXOS.obj
 0003:00002a88       guideXOS_System_Runtime_TypeCast__IsInstanceOfArray 0000000010025a88     guideXOS.obj
 0003:00002ae4       guideXOS_System_Drawing_Image___ctor 0000000010025ae4     guideXOS.obj
 0003:00002b20       guideXOS_System_Drawing_Image___ctor_0 0000000010025b20     guideXOS.obj
 0003:00002b24       guideXOS_System_Drawing_Image__Resample 0000000010025b24     guideXOS.obj
 0003:00002ec8       guideXOS_System_Drawing_Image__ResizeImage 0000000010025ec8     guideXOS.obj
 0003:0000303c       guideXOS_System_Drawing_Image__Dispose 000000001002603c     guideXOS.obj
 0003:000030c4       guideXOS_System_Diagnostics_Process__Start 00000000100260c4     guideXOS.obj
 0003:000032c8       guideXOS_System_Diagnostics_Process__StartThread 00000000100262c8     guideXOS.obj
 0003:00003344       guideXOS_System_Diagnostics_Process__FixImageRelocations 0000000010026344     guideXOS.obj
 0003:000033b0       guideXOS_guideXOS_Animation___ctor 00000000100263b0     guideXOS.obj
 0003:000033c0       guideXOS_guideXOS_Animator__Initialize 00000000100263c0     guideXOS.obj
 0003:00003418       guideXOS_guideXOS_Animator__OnInterrupt 0000000010026418     guideXOS.obj
 0003:000034a4       guideXOS_guideXOS_API__HandleSystemCall 00000000100264a4     guideXOS.obj
 0003:00003840       guideXOS_guideXOS_API__API_SndWrite 0000000010026840     guideXOS.obj
 0003:00003848       guideXOS_guideXOS_API__API_Calloc 0000000010026848     guideXOS.obj
 0003:00003850       guideXOS_guideXOS_API__API_StartThread 0000000010026850     guideXOS.obj
 0003:0000388c       guideXOS_guideXOS_API__API_Error 000000001002688c     guideXOS.obj
 0003:00003894       guideXOS_guideXOS_API__API_GetTime 0000000010026894     guideXOS.obj
 0003:00003914       guideXOS_guideXOS_API__API_DrawImage 0000000010026914     guideXOS.obj
 0003:00003948       guideXOS_guideXOS_API__API_WriteString 0000000010026948     guideXOS.obj
 0003:000039a8       guideXOS_guideXOS_API__API_Width 00000000100269a8     guideXOS.obj
 0003:000039bc       guideXOS_guideXOS_API__API_Height 00000000100269bc     guideXOS.obj
 0003:000039d0       guideXOS_guideXOS_API__API_Update 00000000100269d0     guideXOS.obj
 0003:000039d8       guideXOS_guideXOS_API__API_Clear 00000000100269d8     guideXOS.obj
 0003:000039f8       DebugWrite                 00000000100269f8     guideXOS.obj
 0003:000039f8       guideXOS_guideXOS_API__API_DebugWrite 00000000100269f8     guideXOS.obj
 0003:00003a00       DebugWriteLine             0000000010026a00     guideXOS.obj
 0003:00003a00       guideXOS_guideXOS_API__API_DebugWriteLine 0000000010026a00     guideXOS.obj
 0003:00003a1c       Lock                       0000000010026a1c     guideXOS.obj
 0003:00003a1c       guideXOS_guideXOS_API__API_Lock 0000000010026a1c     guideXOS.obj
 0003:00003a44       Unlock                     0000000010026a44     guideXOS.obj
 0003:00003a44       guideXOS_guideXOS_API__API_Unlock 0000000010026a44     guideXOS.obj
 0003:00003a84       guideXOS_guideXOS_API__API_DrawPoint 0000000010026a84     guideXOS.obj
 0003:00003ab8       guideXOS_guideXOS_API__API_SwitchToConsoleMode 0000000010026ab8     guideXOS.obj
 0003:00003ac0       guideXOS_guideXOS_API__API_ReadAllBytes 0000000010026ac0     guideXOS.obj
 0003:00003bc8       guideXOS_guideXOS_API__API_Sleep 0000000010026bc8     guideXOS.obj
 0003:00003bd0       guideXOS_guideXOS_API__API_GetTick 0000000010026bd0     guideXOS.obj
 0003:00003be4       guideXOS_guideXOS_API__API_Write 0000000010026be4     guideXOS.obj
 0003:00003bf0       guideXOS_guideXOS_API__API_WriteLine 0000000010026bf0     guideXOS.obj
 0003:00003bf8       guideXOS_guideXOS_API__API_Allocate 0000000010026bf8     guideXOS.obj
 0003:00003c00       guideXOS_guideXOS_API__API_Free 0000000010026c00     guideXOS.obj
 0003:00003c08       guideXOS_guideXOS_API__API_Reallocate 0000000010026c08     guideXOS.obj
 0003:00003c10       guideXOS_guideXOS_API__SayHello 0000000010026c10     guideXOS.obj
 0003:00003c1c       guideXOS_guideXOS_Kbd2Mouse__OnKeyChanged 0000000010026c1c     guideXOS.obj
 0003:00003da8       guideXOS_guideXOS_ASC16__DrawChar 0000000010026da8     guideXOS.obj
 0003:00003e3c       guideXOS_guideXOS_Console__add_OnWrite 0000000010026e3c     guideXOS.obj
 0003:00003ec8       guideXOS_guideXOS_Console__Setup 0000000010026ec8     guideXOS.obj
 0003:00003f80       guideXOS_guideXOS_Console__Write 0000000010026f80     guideXOS.obj
 0003:0000402c       guideXOS_guideXOS_Console__Write_0 000000001002702c     guideXOS.obj
 0003:000040b0       guideXOS_guideXOS_Console__WriteFramebuffer 00000000100270b0     guideXOS.obj
 0003:000041bc       guideXOS_guideXOS_Console__MoveUp 00000000100271bc     guideXOS.obj
 0003:000041f0       guideXOS_guideXOS_Console__MoveUpFramebuffer 00000000100271f0     guideXOS.obj
 0003:0000429c       guideXOS_guideXOS_Console__UpdateCursorFramebuffer 000000001002729c     guideXOS.obj
 0003:0000434c       guideXOS_guideXOS_Console__WriteLine 000000001002734c     guideXOS.obj
 0003:000043e8       guideXOS_guideXOS_Console__WriteLine_0 00000000100273e8     guideXOS.obj
 0003:0000442c       guideXOS_guideXOS_Console__Clear 000000001002742c     guideXOS.obj
 0003:00004448       guideXOS_guideXOS_Console__ClearFramebuffer 0000000010027448     guideXOS.obj
 0003:00004504       guideXOS_guideXOS_FPSMeter__Update 0000000010027504     guideXOS.obj
 0003:00004560       guideXOS_guideXOS_PageTable__Initialise 0000000010027560     guideXOS.obj
 0003:00004650       guideXOS_guideXOS_PageTable__GetPage 0000000010027650     guideXOS.obj
 0003:000046fc       guideXOS_guideXOS_PageTable__Next 00000000100276fc     guideXOS.obj
 0003:000047a0       guideXOS_guideXOS_NETv4__SwapLeftRight_0 00000000100277a0     guideXOS.obj
 0003:000047d0       guideXOS_guideXOS_SMP__ApplicationProcessorMain 00000000100277d0     guideXOS.obj
 0003:0000486c       guideXOS_guideXOS_SMP__Initialize 000000001002786c     guideXOS.obj
 0003:000049fc       guideXOS_guideXOS_Misc_Audio__Initialize 00000000100279fc     guideXOS.obj
 0003:00004a2c       guideXOS_guideXOS_Misc_Audio__snd_write 0000000010027a2c     guideXOS.obj
 0003:00004a2c       snd_write                  0000000010027a2c     guideXOS.obj
 0003:00004b14       guideXOS_guideXOS_Misc_Audio__snd_clear 0000000010027b14     guideXOS.obj
 0003:00004b14       snd_clear                  0000000010027b14     guideXOS.obj
 0003:00004b28       guideXOS_guideXOS_Misc_Audio__require 0000000010027b28     guideXOS.obj
 0003:00004c24       guideXOS_guideXOS_Misc_Bitmap___ctor 0000000010027c24     guideXOS.obj
 0003:00004e6c       guideXOS_guideXOS_Misc_ClassID__GetName 0000000010027e6c     guideXOS.obj
 0003:00004fd4       Entry                      0000000010027fd4     guideXOS.obj
 0003:00004fd4       guideXOS_guideXOS_Misc_EntryPoint__Entry 0000000010027fd4     guideXOS.obj
 0003:000053a8       guideXOS_guideXOS_Misc_IFont__DrawChar 00000000100283a8     guideXOS.obj
 0003:0000554c       guideXOS_guideXOS_Misc_IFont__DrawString 000000001002854c     guideXOS.obj
 0003:000055c0       guideXOS_guideXOS_Misc_IFont__MeasureString 00000000100285c0     guideXOS.obj
 0003:0000562c       guideXOS_guideXOS_Misc_IFont__DrawString_0 000000001002862c     guideXOS.obj
 0003:00005740       guideXOS_guideXOS_Misc_Interrupts__EnableInterrupt_0 0000000010028740     guideXOS.obj
 0003:000057a8       guideXOS_guideXOS_Misc_Interrupts__HandleInterrupt 00000000100287a8     guideXOS.obj
 0003:00005810       guideXOS_guideXOS_Misc_Panic__Error 0000000010028810     guideXOS.obj
 0003:000058ac       guideXOS_guideXOS_Misc_PNG___ctor 00000000100288ac     guideXOS.obj
 0003:00005a9c       guideXOS_guideXOS_Misc_PNG__lodepng_decode_memory 0000000010028a9c     guideXOS.obj
 0003:00005b38       guideXOS_guideXOS_Misc_Thread__NewThread 0000000010028b38     guideXOS.obj
 0003:00005bd8       guideXOS_guideXOS_Misc_Thread__Start 0000000010028bd8     guideXOS.obj
 0003:00005c88       guideXOS_guideXOS_Misc_Thread__Start_0 0000000010028c88     guideXOS.obj
 0003:00005d78       guideXOS_guideXOS_Misc_ThreadPool__Initialize 0000000010028d78     guideXOS.obj
 0003:00005f2c       guideXOS_guideXOS_Misc_ThreadPool__Terminate 0000000010028f2c     guideXOS.obj
 0003:00005fbc       guideXOS_guideXOS_Misc_ThreadPool__IdleThread 0000000010028fbc     guideXOS.obj
 0003:00006000       guideXOS_guideXOS_Misc_ThreadPool__get_CanLock 0000000010029000     guideXOS.obj
 0003:00006018       guideXOS_guideXOS_Misc_ThreadPool__Lock 0000000010029018     guideXOS.obj
 0003:00006050       guideXOS_guideXOS_Misc_ThreadPool__UnLock 0000000010029050     guideXOS.obj
 0003:00006064       guideXOS_guideXOS_Misc_ThreadPool__Schedule 0000000010029064     guideXOS.obj
 0003:000063d4       guideXOS_guideXOS_Misc_USBDevice___ctor 00000000100293d4     guideXOS.obj
 0003:000063d8       guideXOS_guideXOS_Misc_USBRequest__Clean 00000000100293d8     guideXOS.obj
 0003:00006448       guideXOS_guideXOS_Misc_USB__OnInterrupt 0000000010029448     guideXOS.obj
 0003:00006560       guideXOS_guideXOS_Misc_USB__DriveDevice 0000000010029560     guideXOS.obj
 0003:0000657c       guideXOS_guideXOS_Misc_USB__StartPolling 000000001002957c     guideXOS.obj
 0003:000065b4       guideXOS_guideXOS_Misc_USB__LoopPoll 00000000100295b4     guideXOS.obj
 0003:0000660c       guideXOS_guideXOS_Misc_VendorID__GetName 000000001002960c     guideXOS.obj
 0003:0000da5c       guideXOS_guideXOS_Misc_WAV__Decode 0000000010030a5c     guideXOS.obj
 0003:0000dbb0       guideXOS_guideXOS_Graph_Graphics__FromImage 0000000010030bb0     guideXOS.obj
 0003:0000dc14       guideXOS_guideXOS_Graph_Graphics__Update 0000000010030c14     guideXOS.obj
 0003:0000dc18       guideXOS_guideXOS_Graph_Graphics__Clear 0000000010030c18     guideXOS.obj
 0003:0000dc80       guideXOS_guideXOS_Graph_Graphics__Copy 0000000010030c80     guideXOS.obj
 0003:0000dd1c       guideXOS_guideXOS_Graph_Graphics__FillRectangle 0000000010030d1c     guideXOS.obj
 0003:0000dd94       guideXOS_guideXOS_Graph_Graphics__AFillRectangle 0000000010030d94     guideXOS.obj
 0003:0000de0c       guideXOS_guideXOS_Graph_Graphics__GetPoint 0000000010030e0c     guideXOS.obj
 0003:0000de38       guideXOS_guideXOS_Graph_Graphics__DrawPoint 0000000010030e38     guideXOS.obj
 0003:0000df28       guideXOS_guideXOS_Graph_Graphics__DrawRectangle 0000000010030f28     guideXOS.obj
 0003:0000dfe4       guideXOS_guideXOS_Graph_Graphics__Save 0000000010030fe4     guideXOS.obj
 0003:0000e0c0       guideXOS_guideXOS_Graph_Graphics__ADrawImage 00000000100310c0     guideXOS.obj
 0003:0000e170       guideXOS_guideXOS_Graph_Graphics__DrawImage 0000000010031170     guideXOS.obj
 0003:0000e3c8       guideXOS_guideXOS_Graph_Graphics__FPartOfNumber 00000000100313c8     guideXOS.obj
 0003:0000e3f8       guideXOS_guideXOS_Graph_Graphics__DrawPoint_0 00000000100313f8     guideXOS.obj
 0003:0000e460       guideXOS_guideXOS_Graph_Graphics__DrawLine 0000000010031460     guideXOS.obj
 0003:0000e624       get_fattime                0000000010031624     guideXOS.obj
 0003:0000e624       guideXOS_guideXOS_FS_FATFS__get_fattime 0000000010031624     guideXOS.obj
 0003:0000e690       RAM_disk_write             0000000010031690     guideXOS.obj
 0003:0000e690       guideXOS_guideXOS_FS_FATFS__RAM_disk_write 0000000010031690     guideXOS.obj
 0003:0000e6c4       RAM_disk_read              00000000100316c4     guideXOS.obj
 0003:0000e6c4       guideXOS_guideXOS_FS_FATFS__RAM_disk_read 00000000100316c4     guideXOS.obj
 0003:0000e6f8       guideXOS_guideXOS_FS_FileInfo__Dispose 00000000100316f8     guideXOS.obj
 0003:0000e780       guideXOS_guideXOS_FS_FileInfo___ctor 0000000010031780     guideXOS.obj
 0003:0000e784       guideXOS_guideXOS_FS_File__Exists 0000000010031784     guideXOS.obj
 0003:0000e834       guideXOS_guideXOS_FS_FileSystem__SizeToSec 0000000010031834     guideXOS.obj
 0003:0000e854       guideXOS_guideXOS_FS_FileSystem__IsInDirectory 0000000010031854     guideXOS.obj
 0003:0000e8a8       guideXOS_guideXOS_FS_TarFS__GetFiles 00000000100318a8     guideXOS.obj
 0003:0000eb40       guideXOS_guideXOS_FS_TarFS__ReadAllBytes 0000000010031b40     guideXOS.obj
 0003:0000ee58       guideXOS_guideXOS_FS_TarFS__WriteAllBytes 0000000010031e58     guideXOS.obj
 0003:0000ee5c       guideXOS_guideXOS_FS_TarFS___ctor 0000000010031e5c     guideXOS.obj
 0003:0000ee7c       _putchar                   0000000010031e7c     guideXOS.obj
 0003:0000ee7c       guideXOS_guideXOS_Kernel_Libraries_stdio___putchar 0000000010031e7c     guideXOS.obj
 0003:0000ee90       fopen                      0000000010031e90     guideXOS.obj
 0003:0000ee90       guideXOS_guideXOS_Kernel_Libraries_stdio__fopen 0000000010031e90     guideXOS.obj
 0003:0000f030       fseek                      0000000010032030     guideXOS.obj
 0003:0000f030       guideXOS_guideXOS_Kernel_Libraries_stdio__fseek 0000000010032030     guideXOS.obj
 0003:0000f048       fread                      0000000010032048     guideXOS.obj
 0003:0000f048       guideXOS_guideXOS_Kernel_Libraries_stdio__fread 0000000010032048     guideXOS.obj
 0003:0000f0ac       guideXOS_guideXOS_Kernel_Libraries_stdlib__malloc 00000000100320ac     guideXOS.obj
 0003:0000f0ac       malloc                     00000000100320ac     guideXOS.obj
 0003:0000f0bc       free                       00000000100320bc     guideXOS.obj
 0003:0000f0bc       guideXOS_guideXOS_Kernel_Libraries_stdlib__free 00000000100320bc     guideXOS.obj
 0003:0000f0cc       guideXOS_guideXOS_Kernel_Libraries_stdlib__realloc 00000000100320cc     guideXOS.obj
 0003:0000f0cc       realloc                    00000000100320cc     guideXOS.obj
 0003:0000f0dc       calloc                     00000000100320dc     guideXOS.obj
 0003:0000f0dc       guideXOS_guideXOS_Kernel_Libraries_stdlib__calloc 00000000100320dc     guideXOS.obj
 0003:0000f150       guideXOS_guideXOS_Kernel_Libraries_stdlib__kmalloc 0000000010032150     guideXOS.obj
 0003:0000f150       kmalloc                    0000000010032150     guideXOS.obj
 0003:0000f160       guideXOS_guideXOS_Kernel_Libraries_stdlib__kfree 0000000010032160     guideXOS.obj
 0003:0000f160       kfree                      0000000010032160     guideXOS.obj
 0003:0000f170       guideXOS_guideXOS_Kernel_Libraries_stdlib__krealloc 0000000010032170     guideXOS.obj
 0003:0000f170       krealloc                   0000000010032170     guideXOS.obj
 0003:0000f180       guideXOS_guideXOS_Kernel_Libraries_stdlib__kcalloc 0000000010032180     guideXOS.obj
 0003:0000f180       kcalloc                    0000000010032180     guideXOS.obj
 0003:0000f1f4       guideXOS_guideXOS_Kernel_Drivers_AC97__Initialize 00000000100321f4     guideXOS.obj
 0003:0000f514       guideXOS_guideXOS_Kernel_Drivers_AC97__OnInterrupt 0000000010032514     guideXOS.obj
 0003:0000f650       guideXOS_guideXOS_Kernel_Drivers_ACPI__GetRSDP 0000000010032650     guideXOS.obj
 0003:0000f674       guideXOS_guideXOS_Kernel_Drivers_ACPI__Shutdown 0000000010032674     guideXOS.obj
 0003:0000f730       guideXOS_guideXOS_Kernel_Drivers_ACPI__Initialize 0000000010032730     guideXOS.obj
 0003:0000f7f4       guideXOS_guideXOS_Kernel_Drivers_ACPI__ParseDT 00000000100327f4     guideXOS.obj
 0003:0000f9c4       guideXOS_guideXOS_Kernel_Drivers_ACPI__RemapIRQ 00000000100329c4     guideXOS.obj
 0003:0000fa1c       guideXOS_guideXOS_Kernel_Drivers_ACPITimer__SleepMicroseconds 0000000010032a1c     guideXOS.obj
 0003:0000fb40       guideXOS_guideXOS_Kernel_Drivers_Resolution__ToString 0000000010032b40     guideXOS.obj
 0003:0000fbb4       guideXOS_guideXOS_Kernel_Drivers_DisplayManager__EnsureSvga 0000000010032bb4     guideXOS.obj
 0003:0000fc90       guideXOS_guideXOS_Kernel_Drivers_DisplayManager__TrySetResolution 0000000010032c90     guideXOS.obj
 0003:0000fd80       guideXOS_guideXOS_Kernel_Drivers_DisplayManager__ToASCII 0000000010032d80     guideXOS.obj
 0003:0000fdc0       guideXOS_guideXOS_Kernel_Drivers_DisplayManager__SaveResolution 0000000010032dc0     guideXOS.obj
 0003:0000fe70       guideXOS_guideXOS_Kernel_Drivers_DisplayManager__TryLoadSaved 0000000010032e70     guideXOS.obj
 0003:0000ff8c       guideXOS_guideXOS_Kernel_Drivers_DisplayManager__ApplySavedResolution 0000000010032f8c     guideXOS.obj
 0003:0000ffd8       guideXOS_guideXOS_Kernel_Drivers_EHCI__Initialize 0000000010032fd8     guideXOS.obj
 0003:00010288       guideXOS_guideXOS_Kernel_Drivers_EHCI__SendAndReceive 0000000010033288     guideXOS.obj
 0003:00010564       guideXOS_guideXOS_Kernel_Drivers_EHCI__SetDeviceAddr 0000000010033564     guideXOS.obj
 0003:000107cc       guideXOS_guideXOS_Kernel_Drivers_EHCI__WaitForComplete 00000000100337cc     guideXOS.obj
 0003:00010868       guideXOS_guideXOS_Kernel_Drivers_EHCI__GetDesc 0000000010033868     guideXOS.obj
 0003:00010b6c       guideXOS_guideXOS_Kernel_Drivers_EHCI__GetConfig 0000000010033b6c     guideXOS.obj
 0003:00010ee0       guideXOS_guideXOS_Kernel_Drivers_EHCI__SetConfig 0000000010033ee0     guideXOS.obj
 0003:00011164       guideXOS_guideXOS_Kernel_Drivers_EHCI__InitPort 0000000010034164     guideXOS.obj
 0003:00011498       guideXOS_guideXOS_Kernel_Drivers_EHCI__ScanPorts 0000000010034498     guideXOS.obj
 0003:000114ec       guideXOS_guideXOS_Kernel_Drivers_ES1371__Initialize 00000000100344ec     guideXOS.obj
 0003:00011730       guideXOS_guideXOS_Kernel_Drivers_ES1371__OnInterrupt 0000000010034730     guideXOS.obj
 0003:00011838       guideXOS_guideXOS_Kernel_Drivers_Framebuffer__set_TripleBuffered 0000000010034838     guideXOS.obj
 0003:000118bc       guideXOS_guideXOS_Kernel_Drivers_Framebuffer__Update 00000000100348bc     guideXOS.obj
 0003:0001198c       guideXOS_guideXOS_Kernel_Drivers_Framebuffer__Initialize 000000001003498c     guideXOS.obj
 0003:00011ac4       guideXOS_guideXOS_Kernel_Drivers_HID__Initialize 0000000010034ac4     guideXOS.obj
 0003:00011af4       guideXOS_guideXOS_Kernel_Drivers_HID__GetHIDPacket 0000000010034af4     guideXOS.obj
 0003:00011b64       guideXOS_guideXOS_Kernel_Drivers_HID__GetKeyboard 0000000010034b64     guideXOS.obj
 0003:00011bf8       guideXOS_guideXOS_Kernel_Drivers_HID__GetMouse 0000000010034bf8     guideXOS.obj
 0003:00011c90       guideXOS_guideXOS_Kernel_Drivers_HID__Initialize_0 0000000010034c90     guideXOS.obj
 0003:00011ce0       guideXOS_guideXOS_Kernel_Drivers_HID__InitializeKeyboard 0000000010034ce0     guideXOS.obj
 0003:00011dc8       guideXOS_guideXOS_Kernel_Drivers_HPET__Initialize 0000000010034dc8     guideXOS.obj
 0003:00011e24       guideXOS_guideXOS_Kernel_Drivers_HPET__WriteRegister 0000000010034e24     guideXOS.obj
 0003:00011e48       guideXOS_guideXOS_Kernel_Drivers_HPET__ReadRegister 0000000010034e48     guideXOS.obj
 0003:00011e68       guideXOS_guideXOS_Kernel_Drivers_Hub__Initialize 0000000010034e68     guideXOS.obj
 0003:00011e88       guideXOS_guideXOS_Kernel_Drivers_Hub__Initialize_0 0000000010034e88     guideXOS.obj
 0003:000121d0       guideXOS_guideXOS_Kernel_Drivers_IDE__Initialize 00000000100351d0     guideXOS.obj
 0003:00012228       guideXOS_guideXOS_Kernel_Drivers_IDE__ScanPorts 0000000010035228     guideXOS.obj
 0003:00012854       guideXOS_guideXOS_Kernel_Drivers_IDE___ScanPorts_g__WaitForIdentifyData_3_2 0000000010035854     guideXOS.obj
 0003:000128c0       guideXOS_guideXOS_Kernel_Drivers_IDEDevice__ReadOrWrite 00000000100358c0     guideXOS.obj
 0003:00012b84       guideXOS_guideXOS_Kernel_Drivers_IDEDevice__WaitForReadyStatus 0000000010035b84     guideXOS.obj
 0003:00012be8       guideXOS_guideXOS_Kernel_Drivers_IDEDevice__Read 0000000010035be8     guideXOS.obj
 0003:00012c48       guideXOS_guideXOS_Kernel_Drivers_IDEDevice__Write 0000000010035c48     guideXOS.obj
 0003:00012cac       guideXOS_guideXOS_Kernel_Drivers_IDEDevice___ctor 0000000010035cac     guideXOS.obj
 0003:00012ccc       guideXOS_guideXOS_Kernel_Drivers_IOAPIC__Initialize 0000000010035ccc     guideXOS.obj
 0003:00012d28       guideXOS_guideXOS_Kernel_Drivers_IOAPIC__In 0000000010035d28     guideXOS.obj
 0003:00012d54       guideXOS_guideXOS_Kernel_Drivers_IOAPIC__Out 0000000010035d54     guideXOS.obj
 0003:00012d84       guideXOS_guideXOS_Kernel_Drivers_IOAPIC__SetEntry 0000000010035d84     guideXOS.obj
 0003:00012db8       guideXOS_guideXOS_Kernel_Drivers_IOAPIC__SetEntry_0 0000000010035db8     guideXOS.obj
 0003:00012dd8       guideXOS_guideXOS_Kernel_Drivers_Keyboard__InvokeOnKeyChanged 0000000010035dd8     guideXOS.obj
 0003:00012e08       guideXOS_guideXOS_Kernel_Drivers_Keyboard__CleanKeyInfo 0000000010035e08     guideXOS.obj
 0003:00012e34       guideXOS_guideXOS_Kernel_Drivers_LocalAPIC__ReadRegister 0000000010035e34     guideXOS.obj
 0003:00012e54       guideXOS_guideXOS_Kernel_Drivers_LocalAPIC__SendIPI 0000000010035e54     guideXOS.obj
 0003:00012ea4       guideXOS_guideXOS_Kernel_Drivers_LocalAPICTimer__StartTimer 0000000010035ea4     guideXOS.obj
 0003:00012f10       guideXOS_guideXOS_Kernel_Drivers_LocalAPICTimer__EstimateBusSpeed 0000000010035f10     guideXOS.obj
 0003:00012fc4       guideXOS_guideXOS_Kernel_Drivers_PCIDevice__WriteRegister 0000000010035fc4     guideXOS.obj
 0003:00013030       guideXOS_guideXOS_Kernel_Drivers_PCIDevice___ctor 0000000010036030     guideXOS.obj
 0003:00013034       guideXOS_guideXOS_Kernel_Drivers_PCI__GetDevice 0000000010036034     guideXOS.obj
 0003:000130a8       guideXOS_guideXOS_Kernel_Drivers_PCI__GetDevice_0 00000000100360a8     guideXOS.obj
 0003:00013130       guideXOS_guideXOS_Kernel_Drivers_PCI__Initialise 0000000010036130     guideXOS.obj
 0003:000131bc       guideXOS_guideXOS_Kernel_Drivers_PCI__CheckBus 00000000100361bc     guideXOS.obj
 0003:0001363c       guideXOS_guideXOS_Kernel_Drivers_PCI__WriteRegister32 000000001003663c     guideXOS.obj
 0003:000136d8       guideXOS_guideXOS_Kernel_Drivers_PCI__ReadRegister32 00000000100366d8     guideXOS.obj
 0003:00013770       guideXOS_guideXOS_Kernel_Drivers_PCI__ReadRegister16 0000000010036770     guideXOS.obj
 0003:00013818       guideXOS_guideXOS_Kernel_Drivers_PCI__ReadRegister8 0000000010036818     guideXOS.obj
 0003:000138c0       guideXOS_guideXOS_Kernel_Drivers_PCI__WriteRegister16 00000000100368c0     guideXOS.obj
 0003:00013960       guideXOS_guideXOS_Kernel_Drivers_PCI__GetVendorID 0000000010036960     guideXOS.obj
 0003:000139ec       guideXOS_guideXOS_Kernel_Drivers_PCI__GetHeaderType 00000000100369ec     guideXOS.obj
 0003:00013a80       guideXOS_guideXOS_Kernel_Drivers_PCI__GetAddressBase 0000000010036a80     guideXOS.obj
 0003:00013aa0       guideXOS_guideXOS_Kernel_Drivers_PCIExpress__Initialize 0000000010036aa0     guideXOS.obj
 0003:00013b38       guideXOS_guideXOS_Kernel_Drivers_PCIExpress__CheckBus 0000000010036b38     guideXOS.obj
 0003:00013e08       guideXOS_guideXOS_Kernel_Drivers_PIC__Disable 0000000010036e08     guideXOS.obj
 0003:00013ff4       guideXOS_guideXOS_Kernel_Drivers_Power__Reboot 0000000010036ff4     guideXOS.obj
 0003:00014090       guideXOS_guideXOS_Kernel_Drivers_PS2Keyboard__Initialize 0000000010037090     guideXOS.obj
 0003:00014550       guideXOS_guideXOS_Kernel_Drivers_PS2Keyboard__OnInterrupt 0000000010037550     guideXOS.obj
 0003:000145a8       guideXOS_guideXOS_Kernel_Drivers_PS2Keyboard__ProcessKey 00000000100375a8     guideXOS.obj
[...]
 0004:0000d1d8       $unwind$LodePNGUnknownChunks_cleanup 000000001004f1d8     NativeLib:lodepng.obj
 0004:0000d1e4       $unwind$LodePNGUnknownChunks_copy 000000001004f1e4     NativeLib:lodepng.obj
 0004:0000d1f0       $unwind$LodePNGText_init   000000001004f1f0     NativeLib:lodepng.obj
 0004:0000d1fc       $unwind$LodePNGText_cleanup 000000001004f1fc     NativeLib:lodepng.obj
 0004:0000d208       $unwind$LodePNGText_copy   000000001004f208     NativeLib:lodepng.obj
 0004:0000d214       $unwind$lodepng_add_text_sized 000000001004f214     NativeLib:lodepng.obj
 0004:0000d220       $unwind$LodePNGIText_init  000000001004f220     NativeLib:lodepng.obj
 0004:0000d22c       $unwind$LodePNGIText_cleanup 000000001004f22c     NativeLib:lodepng.obj
 0004:0000d238       $unwind$LodePNGIText_copy  000000001004f238     NativeLib:lodepng.obj
 0004:0000d244       $unwind$lodepng_add_itext_sized 000000001004f244     NativeLib:lodepng.obj
 0004:0000d250       $unwind$lodepng_assign_icc 000000001004f250     NativeLib:lodepng.obj
 0004:0000d25c       $unwind$addColorBits       000000001004f25c     NativeLib:lodepng.obj
 0004:0000d268       $unwind$color_tree_init    000000001004f268     NativeLib:lodepng.obj
 0004:0000d274       $unwind$color_tree_cleanup 000000001004f274     NativeLib:lodepng.obj
 0004:0000d280       $unwind$color_tree_get     000000001004f280     NativeLib:lodepng.obj
 0004:0000d28c       $unwind$color_tree_has     000000001004f28c     NativeLib:lodepng.obj
 0004:0000d298       $unwind$color_tree_add     000000001004f298     NativeLib:lodepng.obj
 0004:0000d2a4       $unwind$rgba8ToPixel       000000001004f2a4     NativeLib:lodepng.obj
 0004:0000d2b0       $unwind$rgba16ToPixel      000000001004f2b0     NativeLib:lodepng.obj
 0004:0000d2bc       $unwind$getPixelColorRGBA8 000000001004f2bc     NativeLib:lodepng.obj
 0004:0000d2c8       $unwind$getPixelColorsRGBA8 000000001004f2c8     NativeLib:lodepng.obj
 0004:0000d2d4       $unwind$getPixelColorsRGB8 000000001004f2d4     NativeLib:lodepng.obj
 0004:0000d2e0       $unwind$getPixelColorRGBA16 000000001004f2e0     NativeLib:lodepng.obj
 0004:0000d2ec       $unwind$lodepng_convert_rgb 000000001004f2ec     NativeLib:lodepng.obj
 0004:0000d2f8       $unwind$getValueRequiredBits 000000001004f2f8     NativeLib:lodepng.obj
 0004:0000d304       $unwind$lodepng_color_stats_add 000000001004f304     NativeLib:lodepng.obj
 0004:0000d310       $unwind$auto_choose_color  000000001004f310     NativeLib:lodepng.obj
 0004:0000d31c       $unwind$paethPredictor     000000001004f31c     NativeLib:lodepng.obj
 0004:0000d328       $unwind$Adam7_getpassvalues 000000001004f328     NativeLib:lodepng.obj
 0004:0000d334       $unwind$unfilterScanline   000000001004f334     NativeLib:lodepng.obj
 0004:0000d340       $unwind$unfilter           000000001004f340     NativeLib:lodepng.obj
 0004:0000d34c       $unwind$Adam7_deinterlace  000000001004f34c     NativeLib:lodepng.obj
 0004:0000d358       $unwind$removePaddingBits  000000001004f358     NativeLib:lodepng.obj
 0004:0000d364       $unwind$postProcessScanlines 000000001004f364     NativeLib:lodepng.obj
 0004:0000d370       $unwind$readChunk_PLTE     000000001004f370     NativeLib:lodepng.obj
 0004:0000d37c       $unwind$readChunk_tRNS     000000001004f37c     NativeLib:lodepng.obj
 0004:0000d388       $unwind$readChunk_bKGD     000000001004f388     NativeLib:lodepng.obj
 0004:0000d394       $unwind$readChunk_tEXt     000000001004f394     NativeLib:lodepng.obj
 0004:0000d3a0       $unwind$readChunk_zTXt     000000001004f3a0     NativeLib:lodepng.obj
 0004:0000d3b0       $unwind$readChunk_iTXt     000000001004f3b0     NativeLib:lodepng.obj
 0004:0000d3c0       $unwind$readChunk_tIME     000000001004f3c0     NativeLib:lodepng.obj
 0004:0000d3cc       $unwind$readChunk_pHYs     000000001004f3cc     NativeLib:lodepng.obj
 0004:0000d3d8       $unwind$readChunk_gAMA     000000001004f3d8     NativeLib:lodepng.obj
 0004:0000d3e4       $unwind$readChunk_cHRM     000000001004f3e4     NativeLib:lodepng.obj
 0004:0000d3f0       $unwind$readChunk_sRGB     000000001004f3f0     NativeLib:lodepng.obj
 0004:0000d3fc       $unwind$readChunk_iCCP     000000001004f3fc     NativeLib:lodepng.obj
 0004:0000d40c       $unwind$decodeGeneric      000000001004f40c     NativeLib:lodepng.obj
 0004:0000d418       $unwind$writeSignature     000000001004f418     NativeLib:lodepng.obj
 0004:0000d424       $unwind$addChunk_IHDR      000000001004f424     NativeLib:lodepng.obj
 0004:0000d430       $unwind$addChunk_PLTE      000000001004f430     NativeLib:lodepng.obj
 0004:0000d43c       $unwind$addChunk_tRNS      000000001004f43c     NativeLib:lodepng.obj
 0004:0000d448       $unwind$addChunk_IDAT      000000001004f448     NativeLib:lodepng.obj
 0004:0000d454       $unwind$addChunk_IEND      000000001004f454     NativeLib:lodepng.obj
 0004:0000d460       $unwind$addChunk_tEXt      000000001004f460     NativeLib:lodepng.obj
 0004:0000d46c       $unwind$addChunk_zTXt      000000001004f46c     NativeLib:lodepng.obj
 0004:0000d478       $unwind$addChunk_iTXt      000000001004f478     NativeLib:lodepng.obj
 0004:0000d484       $unwind$addChunk_bKGD      000000001004f484     NativeLib:lodepng.obj
 0004:0000d490       $unwind$addChunk_tIME      000000001004f490     NativeLib:lodepng.obj
 0004:0000d49c       $unwind$addChunk_pHYs      000000001004f49c     NativeLib:lodepng.obj
 0004:0000d4a8       $unwind$addChunk_gAMA      000000001004f4a8     NativeLib:lodepng.obj
 0004:0000d4b4       $unwind$addChunk_cHRM      000000001004f4b4     NativeLib:lodepng.obj
 0004:0000d4c0       $unwind$addChunk_sRGB      000000001004f4c0     NativeLib:lodepng.obj
 0004:0000d4cc       $unwind$addChunk_iCCP      000000001004f4cc     NativeLib:lodepng.obj
 0004:0000d4d8       $unwind$filterScanline     000000001004f4d8     NativeLib:lodepng.obj
 0004:0000d4e4       $unwind$ilog2              000000001004f4e4     NativeLib:lodepng.obj
 0004:0000d4f0       $unwind$ilog2i             000000001004f4f0     NativeLib:lodepng.obj
 0004:0000d4fc       $unwind$filter             000000001004f4fc     NativeLib:lodepng.obj
 0004:0000d508       $unwind$addPaddingBits     000000001004f508     NativeLib:lodepng.obj
 0004:0000d514       $unwind$Adam7_interlace    000000001004f514     NativeLib:lodepng.obj
 0004:0000d520       $unwind$preProcessScanlines 000000001004f520     NativeLib:lodepng.obj
 0004:0000d52c       $unwind$addUnknownChunks   000000001004f52c     NativeLib:lodepng.obj
 0004:0000d538       $unwind$isGrayICCProfile   000000001004f538     NativeLib:lodepng.obj
 0004:0000d544       $unwind$isRGBICCProfile    000000001004f544     NativeLib:lodepng.obj
 0004:0000d550       $unwind$Out8               000000001004f550     NativeLib:io.obj
 0004:0000d55c       $unwind$Out16              000000001004f55c     NativeLib:io.obj
 0004:0000d568       $unwind$Out32              000000001004f568     NativeLib:io.obj
 0004:0000d574       $unwind$In8                000000001004f574     NativeLib:io.obj
 0004:0000d580       $unwind$In16               000000001004f580     NativeLib:io.obj
 0004:0000d58c       $unwind$In32               000000001004f58c     NativeLib:io.obj
 0004:0000d598       $unwind$Insd               000000001004f598     NativeLib:io.obj
 0004:0000d5a4       $unwind$Insw               000000001004f5a4     NativeLib:io.obj
 0004:0000d5b0       $unwind$Insb               000000001004f5b0     NativeLib:io.obj
 0004:0000d5bc       $unwind$Outsd              000000001004f5bc     NativeLib:io.obj
 0004:0000d5c8       $unwind$Outsw              000000001004f5c8     NativeLib:io.obj
 0004:0000d5d4       $unwind$Outsb              000000001004f5d4     NativeLib:io.obj
 0004:0000d5e0       $unwind$mystrtoul          000000001004f5e0     LibC:strtoul.obj
 0004:0000d5ec       $unwind$printf_            000000001004f5ec     LibC:printf.obj
 0004:0000d5f8       $unwind$sprintf_           000000001004f5f8     LibC:printf.obj
 0004:0000d604       $unwind$snprintf_          000000001004f604     LibC:printf.obj
 0004:0000d610       $unwind$vsnprintf_         000000001004f610     LibC:printf.obj
 0004:0000d61c       $unwind$vprintf_           000000001004f61c     LibC:printf.obj
 0004:0000d628       $unwind$fctprintf          000000001004f628     LibC:printf.obj
 0004:0000d634       $unwind$_out_buffer        000000001004f634     LibC:printf.obj
 0004:0000d640       $unwind$_out_null          000000001004f640     LibC:printf.obj
 0004:0000d64c       $unwind$_out_char          000000001004f64c     LibC:printf.obj
 0004:0000d658       $unwind$_out_fct           000000001004f658     LibC:printf.obj
 0004:0000d664       $unwind$_strnlen_s         000000001004f664     LibC:printf.obj
 0004:0000d670       $unwind$_is_digit          000000001004f670     LibC:printf.obj
 0004:0000d67c       $unwind$_atoi              000000001004f67c     LibC:printf.obj
 0004:0000d688       $unwind$_out_rev           000000001004f688     LibC:printf.obj
 0004:0000d694       $unwind$_ntoa_format       000000001004f694     LibC:printf.obj
 0004:0000d6a0       $unwind$_ntoa_long         000000001004f6a0     LibC:printf.obj
 0004:0000d6ac       $unwind$_ntoa_long_long    000000001004f6ac     LibC:printf.obj
 0004:0000d6b8       $unwind$_etoa              000000001004f6b8     LibC:printf.obj
 0004:0000d6c4       $unwind$_ftoa              000000001004f6c4     LibC:printf.obj
 0004:0000d6d0       $unwind$_vsnprintf         000000001004f6d0     LibC:printf.obj
 0004:0000d6dc       $unwind$myisspace          000000001004f6dc     LibC:isspace.obj
 0004:0000d6e8       $unwind$myisdigit          000000001004f6e8     LibC:isdigit.obj
 0004:0000d6f4       $unwind$myisalpha          000000001004f6f4     LibC:isalpha.obj
 0004:0000d700       $unwind$myisupper          000000001004f700     LibC:isupper.obj
 0005:0001cd80       lodepng_crc32_table        000000001006cd80     NativeLib:lodepng.obj
 0008:00000000       __FE09AF47_concurrencysal@h 0000000010172000     NativeLib:mem.obj
 0008:00000001       __C073CA79_sal@h           0000000010172001     NativeLib:mem.obj
 0008:00000002       __D6AFE870_vadefs@h        0000000010172002     NativeLib:mem.obj
 0008:00000003       __D63E96CF_vcruntime@h     0000000010172003     NativeLib:mem.obj
 0008:00000004       __F5A7E1DF_intrin0@inl@h   0000000010172004     NativeLib:mem.obj
 0008:00000005       __3EC16E15_setjmp@h        0000000010172005     NativeLib:mem.obj
 0008:00000006       __18C87B63_mmintrin@h      0000000010172006     NativeLib:mem.obj
 0008:00000007       __1B0272D9_corecrt@h       0000000010172007     NativeLib:mem.obj
 0008:00000008       __45DED006_corecrt_malloc@h 0000000010172008     NativeLib:mem.obj
 0008:00000009       __FA77ED4C_malloc@h        0000000010172009     NativeLib:mem.obj
 0008:0000000a       __56EBFA9B_xmmintrin@h     000000001017200a     NativeLib:mem.obj
 0008:0000000b       __33897357_emmintrin@h     000000001017200b     NativeLib:mem.obj
 0008:0000000c       __EC281BDE_pmmintrin@h     000000001017200c     NativeLib:mem.obj
 0008:0000000d       __5CF1685C_tmmintrin@h     000000001017200d     NativeLib:mem.obj
 0008:0000000e       __75CA7DDF_smmintrin@h     000000001017200e     NativeLib:mem.obj
 0008:0000000f       __10A8F413_nmmintrin@h     000000001017200f     NativeLib:mem.obj
 0008:00000010       __C5130E5D_wmmintrin@h     0000000010172010     NativeLib:mem.obj
 0008:00000011       __0E87435A_zmmintrin@h     0000000010172011     NativeLib:mem.obj
 0008:00000012       __3993E190_immintrin@h     0000000010172012     NativeLib:mem.obj
 0008:00000013       __835000D5_ammintrin@h     0000000010172013     NativeLib:mem.obj
 0008:00000014       __18F7D262_intrin@h        0000000010172014     NativeLib:mem.obj
 0008:00000015       __121DF3F2_mem@cpp         0000000010172015     NativeLib:mem.obj
 0008:00000016       __FE09AF47_concurrencysal@h 0000000010172016     NativeLib:interrupts.obj
 0008:00000017       __C073CA79_sal@h           0000000010172017     NativeLib:interrupts.obj
 0008:00000018       __D6AFE870_vadefs@h        0000000010172018     NativeLib:interrupts.obj
 0008:00000019       __D63E96CF_vcruntime@h     0000000010172019     NativeLib:interrupts.obj
 0008:0000001a       __AEA28616_stdint@h        000000001017201a     NativeLib:interrupts.obj
 0008:0000001b       __F5A7E1DF_intrin0@inl@h   000000001017201b     NativeLib:interrupts.obj
 0008:0000001c       __3EC16E15_setjmp@h        000000001017201c     NativeLib:interrupts.obj
 0008:0000001d       __18C87B63_mmintrin@h      000000001017201d     NativeLib:interrupts.obj
 0008:0000001e       __1B0272D9_corecrt@h       000000001017201e     NativeLib:interrupts.obj
 0008:0000001f       __45DED006_corecrt_malloc@h 000000001017201f     NativeLib:interrupts.obj
 0008:00000020       __FA77ED4C_malloc@h        0000000010172020     NativeLib:interrupts.obj
 0008:00000021       __56EBFA9B_xmmintrin@h     0000000010172021     NativeLib:interrupts.obj
 0008:00000022       __33897357_emmintrin@h     0000000010172022     NativeLib:interrupts.obj
 0008:00000023       __EC281BDE_pmmintrin@h     0000000010172023     NativeLib:interrupts.obj
 0008:00000024       __5CF1685C_tmmintrin@h     0000000010172024     NativeLib:interrupts.obj
 0008:00000025       __75CA7DDF_smmintrin@h     0000000010172025     NativeLib:interrupts.obj
 0008:00000026       __10A8F413_nmmintrin@h     0000000010172026     NativeLib:interrupts.obj
 0008:00000027       __C5130E5D_wmmintrin@h     0000000010172027     NativeLib:interrupts.obj
 0008:00000028       __0E87435A_zmmintrin@h     0000000010172028     NativeLib:interrupts.obj
 0008:00000029       __3993E190_immintrin@h     0000000010172029     NativeLib:interrupts.obj
 0008:0000002a       __835000D5_ammintrin@h     000000001017202a     NativeLib:interrupts.obj
 0008:0000002b       __18F7D262_intrin@h        000000001017202b     NativeLib:interrupts.obj
 0008:0000002c       __81AF9977_interrupts@cpp  000000001017202c     NativeLib:interrupts.obj
 0008:0000002d       __FE09AF47_concurrencysal@h 000000001017202d     NativeLib:native.obj
 0008:0000002e       __C073CA79_sal@h           000000001017202e     NativeLib:native.obj
 0008:0000002f       __D6AFE870_vadefs@h        000000001017202f     NativeLib:native.obj
 0008:00000030       __D63E96CF_vcruntime@h     0000000010172030     NativeLib:native.obj
 0008:00000031       __F5A7E1DF_intrin0@inl@h   0000000010172031     NativeLib:native.obj
 0008:00000032       __3EC16E15_setjmp@h        0000000010172032     NativeLib:native.obj
 0008:00000033       __18C87B63_mmintrin@h      0000000010172033     NativeLib:native.obj
 0008:00000034       __1B0272D9_corecrt@h       0000000010172034     NativeLib:native.obj
 0008:00000035       __45DED006_corecrt_malloc@h 0000000010172035     NativeLib:native.obj
 0008:00000036       __FA77ED4C_malloc@h        0000000010172036     NativeLib:native.obj
 0008:00000037       __56EBFA9B_xmmintrin@h     0000000010172037     NativeLib:native.obj
 0008:00000038       __33897357_emmintrin@h     0000000010172038     NativeLib:native.obj
 0008:00000039       __EC281BDE_pmmintrin@h     0000000010172039     NativeLib:native.obj
 0008:0000003a       __5CF1685C_tmmintrin@h     000000001017203a     NativeLib:native.obj
 0008:0000003b       __75CA7DDF_smmintrin@h     000000001017203b     NativeLib:native.obj
 0008:0000003c       __10A8F413_nmmintrin@h     000000001017203c     NativeLib:native.obj
 0008:0000003d       __C5130E5D_wmmintrin@h     000000001017203d     NativeLib:native.obj
 0008:0000003e       __0E87435A_zmmintrin@h     000000001017203e     NativeLib:native.obj
 0008:0000003f       __3993E190_immintrin@h     000000001017203f     NativeLib:native.obj
 0008:00000040       __835000D5_ammintrin@h     0000000010172040     NativeLib:native.obj
 0008:00000041       __18F7D262_intrin@h        0000000010172041     NativeLib:native.obj
 0008:00000042       __5B367C0B_native@cpp      0000000010172042     NativeLib:native.obj
 0008:00000043       __FE09AF47_concurrencysal@h 0000000010172043     NativeLib:lodepng.obj
 0008:00000044       __C073CA79_sal@h           0000000010172044     NativeLib:lodepng.obj
 0008:00000045       __D6AFE870_vadefs@h        0000000010172045     NativeLib:lodepng.obj
 0008:00000046       __D63E96CF_vcruntime@h     0000000010172046     NativeLib:lodepng.obj
 0008:00000047       __9A7D38D9_stdarg@h        0000000010172047     NativeLib:lodepng.obj
 0008:00000048       __1B0272D9_corecrt@h       0000000010172048     NativeLib:lodepng.obj
 0008:00000049       __13F5961F_stddef@h        0000000010172049     NativeLib:lodepng.obj
 0008:0000004a       __0EED556E_printf@h        000000001017204a     NativeLib:lodepng.obj
 0008:0000004b       __61CC25A1_errno@h         000000001017204b     NativeLib:lodepng.obj
 0008:0000004c       __3EADF068_vcruntime_string@h 000000001017204c     NativeLib:lodepng.obj
 0008:0000004d       __E4C945B4_corecrt_memcpy_s@h 000000001017204d     NativeLib:lodepng.obj
 0008:0000004e       __8EAFF484_corecrt_memory@h 000000001017204e     NativeLib:lodepng.obj
 0008:0000004f       __6490AEC5_corecrt_wstring@h 000000001017204f     NativeLib:lodepng.obj
 0008:00000050       __E8295E1E_string@h        0000000010172050     NativeLib:lodepng.obj
 0008:00000051       __B2031D3E_lodepng@h       0000000010172051     NativeLib:lodepng.obj
 0008:00000052       __45DED006_corecrt_malloc@h 0000000010172052     NativeLib:lodepng.obj
 0008:00000053       __FD6DBD68_corecrt_search@h 0000000010172053     NativeLib:lodepng.obj
 0008:00000054       __E2E33A61_corecrt_wstdlib@h 0000000010172054     NativeLib:lodepng.obj
 0008:00000055       __10D4A829_limits@h        0000000010172055     NativeLib:lodepng.obj
 0008:00000056       __6E5ACABA_stdlib@h        0000000010172056     NativeLib:lodepng.obj
 0008:00000057       __25D1C4B6_lodepng@c       0000000010172057     NativeLib:lodepng.obj
 0008:00000058       __FE09AF47_concurrencysal@h 0000000010172058     NativeLib:io.obj
 0008:00000059       __C073CA79_sal@h           0000000010172059     NativeLib:io.obj
 0008:0000005a       __D6AFE870_vadefs@h        000000001017205a     NativeLib:io.obj
 0008:0000005b       __D63E96CF_vcruntime@h     000000001017205b     NativeLib:io.obj
 0008:0000005c       __F5A7E1DF_intrin0@inl@h   000000001017205c     NativeLib:io.obj
 0008:0000005d       __3EC16E15_setjmp@h        000000001017205d     NativeLib:io.obj
 0008:0000005e       __18C87B63_mmintrin@h      000000001017205e     NativeLib:io.obj
 0008:0000005f       __1B0272D9_corecrt@h       000000001017205f     NativeLib:io.obj
 0008:00000060       __45DED006_corecrt_malloc@h 0000000010172060     NativeLib:io.obj
 0008:00000061       __FA77ED4C_malloc@h        0000000010172061     NativeLib:io.obj
 0008:00000062       __56EBFA9B_xmmintrin@h     0000000010172062     NativeLib:io.obj
 0008:00000063       __33897357_emmintrin@h     0000000010172063     NativeLib:io.obj
 0008:00000064       __EC281BDE_pmmintrin@h     0000000010172064     NativeLib:io.obj
 0008:00000065       __5CF1685C_tmmintrin@h     0000000010172065     NativeLib:io.obj
 0008:00000066       __75CA7DDF_smmintrin@h     0000000010172066     NativeLib:io.obj
 0008:00000067       __10A8F413_nmmintrin@h     0000000010172067     NativeLib:io.obj
 0008:00000068       __C5130E5D_wmmintrin@h     0000000010172068     NativeLib:io.obj
 0008:00000069       __0E87435A_zmmintrin@h     0000000010172069     NativeLib:io.obj
 0008:0000006a       __3993E190_immintrin@h     000000001017206a     NativeLib:io.obj
 0008:0000006b       __835000D5_ammintrin@h     000000001017206b     NativeLib:io.obj
 0008:0000006c       __18F7D262_intrin@h        000000001017206c     NativeLib:io.obj
 0008:0000006d       __EB37504C_io@cpp          000000001017206d     NativeLib:io.obj
 0009:000000a0       $R000000                   00000000101730a0     guideXOS.res
 0009:000002f0       $R000250                   00000000101732f0     guideXOS.res
