 guideXOS

 Timestamp is 6907b4db (Sun Nov  2 11:45:31 2025)

 Preferred load address is 0000000010000000

 Start         Length     Name                   Class
 0001:00000000 00000380H .text                   CODE
 0001:00000380 0002ae81H .text$mn                CODE
 0002:00000000 00000045H .unbox$M                CODE
 0003:00000000 00033d6bH .managedcode$I          CODE
 0004:00000000 00036e10H .rdata                  DATA
 0004:00036e10 00000018H .rdata$voltmd           DATA
 0004:00036e28 0000019cH .rdata$zzzdbg           DATA
 0004:00036fc4 00008f00H .xdata                  DATA
 0004:0003fec4 00000000H .edata                  DATA
 0005:00000000 0001ec20H .data                   DATA
 0005:0001ec20 00101640H .bss                    DATA
 0006:00000000 00003318H .pdata                  DATA
 0007:00000000 00000008H .modules$I              DATA
 0008:00000000 00000344H .msvcjmc                DATA
 0009:00000000 000000a0H .rsrc$01                DATA
 0009:000000a0 00000440H .rsrc$02                DATA

  Address         Publics by Value              Rva+Base               Lib:Object

 0000:00000000       __AbsoluteZero             0000000000000000     <absolute>
 0000:00000000       ___safe_se_handler_count   0000000000000000     <absolute>
 0000:00000000       ___safe_se_handler_table   0000000000000000     <absolute>
 0000:00000000       __arm64x_extra_rfe_table   0000000000000000     <absolute>
 0000:00000000       __arm64x_extra_rfe_table_size 0000000000000000     <absolute>
 0000:00000000       __arm64x_native_entrypoint 0000000000000000     <absolute>
 0000:00000000       __arm64x_redirection_metadata 0000000000000000     <absolute>
 0000:00000000       __arm64x_redirection_metadata_count 0000000000000000     <absolute>
 0000:00000000       __dynamic_value_reloc_table 0000000000000000     <absolute>
 0000:00000000       __enclave_config           0000000000000000     <absolute>
 0000:00000000       __guard_check_icall_a64n_fptr 0000000000000000     <absolute>
 0000:00000000       __guard_eh_cont_count      0000000000000000     <absolute>
 0000:00000000       __guard_eh_cont_table      0000000000000000     <absolute>
 0000:00000000       __guard_fids_count         0000000000000000     <absolute>
 0000:00000000       __guard_fids_table         0000000000000000     <absolute>
 0000:00000000       __guard_iat_count          0000000000000000     <absolute>
 0000:00000000       __guard_iat_table          0000000000000000     <absolute>
 0000:00000000       __guard_longjmp_count      0000000000000000     <absolute>
 0000:00000000       __guard_longjmp_table      0000000000000000     <absolute>
 0000:00000000       __hybrid_auxiliary_delayload_iat 0000000000000000     <absolute>
 0000:00000000       __hybrid_auxiliary_delayload_iat_copy 0000000000000000     <absolute>
 0000:00000000       __hybrid_auxiliary_iat     0000000000000000     <absolute>
 0000:00000000       __hybrid_auxiliary_iat_copy 0000000000000000     <absolute>
 0000:00000000       __hybrid_code_map          0000000000000000     <absolute>
 0000:00000000       __hybrid_code_map_count    0000000000000000     <absolute>
 0000:00000000       __hybrid_image_info_bitfield 0000000000000000     <absolute>
 0000:00000000       __x64_code_ranges_to_entry_points 0000000000000000     <absolute>
 0000:00000000       __x64_code_ranges_to_entry_points_count 0000000000000000     <absolute>
 0000:00000100       __guard_flags              0000000000000100     <absolute>
 0000:00000000       __ImageBase                0000000010000000     <linker-defined>
 0001:00000000       __GetNonGCStaticBase_guideXOS_Program 0000000010001000     guideXOS.obj
 0001:00000008       __GetNonGCStaticBase_guideXOS_Allocator 0000000010001008     guideXOS.obj
 0001:00000010       __GetNonGCStaticBase_guideXOS_GDT 0000000010001010     guideXOS.obj
 0001:00000018       __GetNonGCStaticBase_guideXOS_IDT 0000000010001018     guideXOS.obj
 0001:00000020       __GetNonGCStaticBase_guideXOS_System_Windows_Forms_Control 0000000010001020     guideXOS.obj
 0001:00000028       __GetNonGCStaticBase_guideXOS_guideXOS_Kbd2Mouse 0000000010001028     guideXOS.obj
 0001:00000030       __GetNonGCStaticBase_guideXOS_guideXOS_Console 0000000010001030     guideXOS.obj
 0001:00000038       __GetNonGCStaticBase_guideXOS_guideXOS_FPSMeter 0000000010001038     guideXOS.obj
 0001:00000040       __GetNonGCStaticBase_guideXOS_guideXOS_PageTable 0000000010001040     guideXOS.obj
 0001:00000048       __GetNonGCStaticBase_guideXOS_guideXOS_SMP 0000000010001048     guideXOS.obj
 0001:00000050       __GetNonGCStaticBase_guideXOS_guideXOS_Misc_Audio 0000000010001050     guideXOS.obj
 0001:00000058       __GetNonGCStaticBase_guideXOS_guideXOS_Misc_BootSplash 0000000010001058     guideXOS.obj
 0001:00000060       __GetNonGCStaticBase_guideXOS_guideXOS_Misc_ThreadPool 0000000010001060     guideXOS.obj
 0001:00000068       __GetNonGCStaticBase_guideXOS_guideXOS_Misc_USB 0000000010001068     guideXOS.obj
 0001:00000070       __GetNonGCStaticBase_guideXOS_guideXOS_Kernel_Drivers_AC97 0000000010001070     guideXOS.obj
 0001:00000078       __GetNonGCStaticBase_guideXOS_guideXOS_Kernel_Drivers_ACPI 0000000010001078     guideXOS.obj
 0001:00000080       __GetNonGCStaticBase_guideXOS_guideXOS_Kernel_Drivers_DisplayManager 0000000010001080     guideXOS.obj
 0001:00000088       __GetNonGCStaticBase_guideXOS_guideXOS_Kernel_Drivers_EHCI 0000000010001088     guideXOS.obj
 0001:00000090       __GetNonGCStaticBase_guideXOS_guideXOS_Kernel_Drivers_ES1371 0000000010001090     guideXOS.obj
 0001:00000098       __GetNonGCStaticBase_guideXOS_guideXOS_Kernel_Drivers_Framebuffer 0000000010001098     guideXOS.obj
 0001:000000a0       __GetNonGCStaticBase_guideXOS_guideXOS_Kernel_Drivers_HID 00000000100010a0     guideXOS.obj
 0001:000000a8       __GetNonGCStaticBase_guideXOS_guideXOS_Kernel_Drivers_HPET 00000000100010a8     guideXOS.obj
 0001:000000b0       __GetNonGCStaticBase_guideXOS_guideXOS_Kernel_Drivers_Hub 00000000100010b0     guideXOS.obj
 0001:000000b8       __GetNonGCStaticBase_guideXOS_guideXOS_Kernel_Drivers_Keyboard 00000000100010b8     guideXOS.obj
 0001:000000c0       __GetNonGCStaticBase_guideXOS_guideXOS_Kernel_Drivers_PS2Mouse 00000000100010c0     guideXOS.obj
 0001:000000c8       __GetNonGCStaticBase_guideXOS_guideXOS_Kernel_Drivers_RTC 00000000100010c8     guideXOS.obj
 0001:000000d0       __GetNonGCStaticBase_guideXOS_guideXOS_Kernel_Drivers_SATA 00000000100010d0     guideXOS.obj
 0001:000000d8       __GetNonGCStaticBase_guideXOS_guideXOS_Kernel_Drivers_Timer 00000000100010d8     guideXOS.obj
 0001:000000e0       __GetNonGCStaticBase_guideXOS_guideXOS_Kernel_Drivers_VMwareTools 00000000100010e0     guideXOS.obj
 0001:000000e8       __GetNonGCStaticBase_guideXOS_guideXOS_Kernel_Drivers_USBStorage 00000000100010e8     guideXOS.obj
 0001:00000105       __GetNonGCStaticBase_guideXOS_guideXOS_GUI_Busy 0000000010001105     guideXOS.obj
 0001:0000010d       __GetNonGCStaticBase_guideXOS_guideXOS_GUI_Desktop 000000001000110d     guideXOS.obj
 0001:00000115       __GetNonGCStaticBase_guideXOS_guideXOS_GUI_StartMenu 0000000010001115     guideXOS.obj
 0001:0000011d       __GetNonGCStaticBase_guideXOS_guideXOS_GUI_UISettings 000000001000111d     guideXOS.obj
 0001:00000125       __GetNonGCStaticBase_guideXOS_guideXOS_GUI_WAVPlayer 0000000010001125     guideXOS.obj
 0001:0000012d       __GetNonGCStaticBase_guideXOS_guideXOS_GUI_WindowManager 000000001000112d     guideXOS.obj
 0001:00000135       __GetGCStaticBase_guideXOS_Program 0000000010001135     guideXOS.obj
 0001:00000140       __GetGCStaticBase_guideXOS_IDT 0000000010001140     guideXOS.obj
 0001:0000014b       __GetGCStaticBase_guideXOS_System_DateTime 000000001000114b     guideXOS.obj
 0001:00000156       __GetGCStaticBase_guideXOS_guideXOS_Animator 0000000010001156     guideXOS.obj
 0001:00000161       __GetGCStaticBase_guideXOS_guideXOS_ASC16 0000000010001161     guideXOS.obj
 0001:0000016c       __GetGCStaticBase_guideXOS_guideXOS_Console 000000001000116c     guideXOS.obj
 0001:00000177       __GetGCStaticBase_guideXOS_guideXOS_Misc_BitFont 0000000010001177     guideXOS.obj
 0001:00000182       __GetGCStaticBase_guideXOS_guideXOS_Misc_BootSplash 0000000010001182     guideXOS.obj
 0001:0000018d       __GetGCStaticBase_guideXOS_guideXOS_Misc_Interrupts 000000001000118d     guideXOS.obj
 0001:00000198       __GetGCStaticBase_guideXOS_guideXOS_Misc_ThreadPool 0000000010001198     guideXOS.obj
 0001:000001a3       __GetGCStaticBase_guideXOS_guideXOS_FS_Disk 00000000100011a3     guideXOS.obj
 0001:000001ae       __GetGCStaticBase_guideXOS_guideXOS_FS_File 00000000100011ae     guideXOS.obj
 0001:000001b9       __GetGCStaticBase_guideXOS_guideXOS_Kernel_Drivers_AC97 00000000100011b9     guideXOS.obj
 0001:000001c4       __GetGCStaticBase_guideXOS_guideXOS_Kernel_Drivers_ACPI 00000000100011c4     guideXOS.obj
 0001:000001cf       __GetGCStaticBase_guideXOS_guideXOS_Kernel_Drivers_DisplayManager 00000000100011cf     guideXOS.obj
 0001:000001da       __GetGCStaticBase_guideXOS_guideXOS_Kernel_Drivers_Framebuffer 00000000100011da     guideXOS.obj
 0001:000001e5       __GetGCStaticBase_guideXOS_guideXOS_Kernel_Drivers_HID 00000000100011e5     guideXOS.obj
 0001:000001f0       __GetGCStaticBase_guideXOS_guideXOS_Kernel_Drivers_IDE 00000000100011f0     guideXOS.obj
 0001:000001fb       __GetGCStaticBase_guideXOS_guideXOS_Kernel_Drivers_Keyboard 00000000100011fb     guideXOS.obj
 0001:00000206       __GetGCStaticBase_guideXOS_guideXOS_Kernel_Drivers_PCI 0000000010001206     guideXOS.obj
 0001:00000211       __GetGCStaticBase_guideXOS_guideXOS_Kernel_Drivers_PS2Keyboard 0000000010001211     guideXOS.obj
 0001:0000021c       __GetGCStaticBase_guideXOS_guideXOS_Kernel_Drivers_PS2Mouse 000000001000121c     guideXOS.obj
 0001:00000227       __GetGCStaticBase_guideXOS_guideXOS_Kernel_Drivers_SATA 0000000010001227     guideXOS.obj
 0001:00000232       __GetGCStaticBase_guideXOS_guideXOS_Kernel_Drivers_USBStorage 0000000010001232     guideXOS.obj
 0001:00000252       __GetGCStaticBase_guideXOS_guideXOS_GUI_Desktop 0000000010001252     guideXOS.obj
 0001:0000025d       __GetGCStaticBase_guideXOS_guideXOS_GUI_Icons 000000001000125d     guideXOS.obj
 0001:00000268       __GetGCStaticBase_guideXOS_guideXOS_GUI_Lockscreen 0000000010001268     guideXOS.obj
 0001:00000273       __GetGCStaticBase_guideXOS_guideXOS_GUI_NotificationManager 0000000010001273     guideXOS.obj
 0001:0000027e       __GetGCStaticBase_guideXOS_guideXOS_GUI_RecentManager 000000001000127e     guideXOS.obj
 0001:0000029e       __GetGCStaticBase_guideXOS_guideXOS_GUI_WAVPlayer 000000001000129e     guideXOS.obj
 0001:000002a9       __GetGCStaticBase_guideXOS_guideXOS_GUI_WindowManager 00000000100012a9     guideXOS.obj
 0001:000002b4       __GetGCStaticBase_guideXOS_guideXOS_DefaultApps_Clock 00000000100012b4     guideXOS.obj
 0001:000002bf       __GetGCStaticBase_guideXOS_guideXOS_GUI_DisplayOptions___c 00000000100012bf     guideXOS.obj
 0001:000002ca       __DelegateCtor_guideXOS_System_Delegate__InitializeClosedInstance__guideXOS_guideXOS_GUI_FConsole__Keyboard_OnKeyChanged 00000000100012ca     guideXOS.obj
 0001:000002d6       __DelegateCtor_guideXOS_System_Delegate__InitializeClosedInstance__guideXOS_guideXOS_GUI_FConsole__Console_OnWrite 00000000100012d6     guideXOS.obj
 0001:000002e2       __DelegateCtor_guideXOS_System_Delegate__InitializeClosedInstance__guideXOS_guideXOS_GUI_OpenDialog__Keyboard_OnKeyChanged 00000000100012e2     guideXOS.obj
 0001:000002ee       __DelegateCtor_guideXOS_System_Delegate__InitializeClosedInstance__guideXOS_guideXOS_GUI_SaveDialog__Keyboard_OnKeyChanged 00000000100012ee     guideXOS.obj
 0001:000002fa       __DelegateCtor_guideXOS_System_Delegate__InitializeClosedInstance__guideXOS_guideXOS_DefaultApps_Notepad__Keyboard_OnKeyChanged 00000000100012fa     guideXOS.obj
 0001:00000306       __DelegateCtor_guideXOS_System_Delegate__InitializeClosedInstance__guideXOS_guideXOS_DefaultApps_Notepad___OnSetVisible_b__16_0 0000000010001306     guideXOS.obj
 0001:00000312       __DelegateCtor_guideXOS_System_Delegate__InitializeClosedInstance__guideXOS_guideXOS_DefaultApps_Notepad___OnSetVisible_b__16_3 0000000010001312     guideXOS.obj
 0001:0000031e       __DelegateCtor_guideXOS_System_Delegate__InitializeClosedInstance__guideXOS_guideXOS_DefaultApps_Notepad___OnSetVisible_b__16_1 000000001000131e     guideXOS.obj
 0001:0000032a       __DelegateCtor_guideXOS_System_Delegate__InitializeClosedInstance__guideXOS_guideXOS_DefaultApps_Notepad___OnSetVisible_b__16_2 000000001000132a     guideXOS.obj
 0001:00000336       __DelegateCtor_guideXOS_System_Delegate__InitializeClosedInstance__guideXOS_guideXOS_FS_FAT___c__DisplayClass46_0___FindPath_b__0 0000000010001336     guideXOS.obj
 0001:00000342       __DelegateCtor_guideXOS_System_Delegate__InitializeClosedInstance__guideXOS_guideXOS_FS_FAT___c__DisplayClass46_1___FindPath_b__1 0000000010001342     guideXOS.obj
 0001:0000034e       __DelegateCtor_guideXOS_System_Delegate__InitializeClosedInstance__guideXOS_guideXOS_FS_FAT___c__DisplayClass56_0___GetFiles_b__0 000000001000134e     guideXOS.obj
 0001:0000035a       __DelegateCtor_guideXOS_System_Delegate__InitializeClosedInstance__guideXOS_guideXOS_GUI_DisplayOptions___c___OnInput_b__17_0 000000001000135a     guideXOS.obj
 0001:00000366       __DelegateCtor_guideXOS_System_Delegate__InitializeClosedInstance__guideXOS_guideXOS_GUI_DisplayOptions___c___OnInput_b__17_1 0000000010001366     guideXOS.obj
 0001:00000372       __DelegateCtor_guideXOS_System_Delegate__InitializeClosedInstance__guideXOS_guideXOS_DefaultApps_Notepad___c__DisplayClass20_0___OpenSaveAs_b__0 0000000010001372     guideXOS.obj
 0001:00000380       Movsb                      0000000010001380 f   NativeLib:mem.obj
 0001:000003c0       Movsd                      00000000100013c0 f   NativeLib:mem.obj
 0001:00000400       Stosb                      0000000010001400 f   NativeLib:mem.obj
 0001:00000450       Stosd                      0000000010001450 f   NativeLib:mem.obj
 0001:000004a0       __JustMyCode_Default       00000000100014a0 f i NativeLib:mem.obj
 0001:000004b0       avx_memcpy                 00000000100014b0 f   NativeLib:mem.obj
 0001:000005b0       Load_GDT                   00000000100015b0 f   NativeLib:interrupts.obj
 0001:000005e0       idt_set                    00000000100015e0 f   NativeLib:interrupts.obj
 0001:000006c0       set_idt_entries            00000000100016c0 f   NativeLib:interrupts.obj
 0001:000025e0       CPUID                      00000000100035e0 f   NativeLib:native.obj
 0001:00002630       Cli                        0000000010003630 f   NativeLib:native.obj
 0001:00002660       Fxrstor64                  0000000010003660 f   NativeLib:native.obj
 0001:00002690       Fxsave64                   0000000010003690 f   NativeLib:native.obj
 0001:000026c0       Hlt                        00000000100036c0 f   NativeLib:native.obj
 0001:000026f0       Invlpg                     00000000100036f0 f   NativeLib:native.obj
 0001:00002720       Nop                        0000000010003720 f   NativeLib:native.obj
 0001:00002740       Rdmsr                      0000000010003740 f   NativeLib:native.obj
 0001:00002770       Rdtsc                      0000000010003770 f   NativeLib:native.obj
 0001:000027a0       ReadCR2                    00000000100037a0 f   NativeLib:native.obj
 0001:000027c0       Sti                        00000000100037c0 f   NativeLib:native.obj
 0001:000027f0       WriteCR3                   00000000100037f0 f   NativeLib:native.obj
 0001:00002820       Wrmsr                      0000000010003820 f   NativeLib:native.obj
 0001:00002860       intr0                      0000000010003860 f   NativeLib:interrupts_asm.obj
 0001:000028a2       intr1                      00000000100038a2 f   NativeLib:interrupts_asm.obj
 0001:000028e4       intr2                      00000000100038e4 f   NativeLib:interrupts_asm.obj
 0001:00002926       intr3                      0000000010003926 f   NativeLib:interrupts_asm.obj
 0001:00002968       intr4                      0000000010003968 f   NativeLib:interrupts_asm.obj
 0001:000029aa       intr5                      00000000100039aa f   NativeLib:interrupts_asm.obj
 0001:000029ec       intr6                      00000000100039ec f   NativeLib:interrupts_asm.obj
 0001:00002a2e       intr7                      0000000010003a2e f   NativeLib:interrupts_asm.obj
 0001:00002a70       intr8                      0000000010003a70 f   NativeLib:interrupts_asm.obj
 0001:00002ab2       intr9                      0000000010003ab2 f   NativeLib:interrupts_asm.obj
 0001:00002af4       intr10                     0000000010003af4 f   NativeLib:interrupts_asm.obj
 0001:00002b36       intr11                     0000000010003b36 f   NativeLib:interrupts_asm.obj
 0001:00002b78       intr12                     0000000010003b78 f   NativeLib:interrupts_asm.obj
 0001:00002bba       intr13                     0000000010003bba f   NativeLib:interrupts_asm.obj
 0001:00002bfc       intr14                     0000000010003bfc f   NativeLib:interrupts_asm.obj
 0001:00002c3e       intr15                     0000000010003c3e f   NativeLib:interrupts_asm.obj
 0001:00002c80       intr16                     0000000010003c80 f   NativeLib:interrupts_asm.obj
 0001:00002cc2       intr17                     0000000010003cc2 f   NativeLib:interrupts_asm.obj
 0001:00002d04       intr18                     0000000010003d04 f   NativeLib:interrupts_asm.obj
 0001:00002d46       intr19                     0000000010003d46 f   NativeLib:interrupts_asm.obj
 0001:00002d88       intr20                     0000000010003d88 f   NativeLib:interrupts_asm.obj
 0001:00002dca       intr21                     0000000010003dca f   NativeLib:interrupts_asm.obj
 0001:00002e0c       intr22                     0000000010003e0c f   NativeLib:interrupts_asm.obj
 0001:00002e4e       intr23                     0000000010003e4e f   NativeLib:interrupts_asm.obj
 0001:00002e90       intr24                     0000000010003e90 f   NativeLib:interrupts_asm.obj
 0001:00002ed2       intr25                     0000000010003ed2 f   NativeLib:interrupts_asm.obj
 0001:00002f14       intr26                     0000000010003f14 f   NativeLib:interrupts_asm.obj
 0001:00002f56       intr27                     0000000010003f56 f   NativeLib:interrupts_asm.obj
 0001:00002f98       intr28                     0000000010003f98 f   NativeLib:interrupts_asm.obj
 0001:00002fda       intr29                     0000000010003fda f   NativeLib:interrupts_asm.obj
 0001:0000301c       intr30                     000000001000401c f   NativeLib:interrupts_asm.obj
 0001:0000305e       intr31                     000000001000405e f   NativeLib:interrupts_asm.obj
 0001:000030a0       intr32                     00000000100040a0 f   NativeLib:interrupts_asm.obj
 0001:000030e2       intr33                     00000000100040e2 f   NativeLib:interrupts_asm.obj
 0001:00003124       intr34                     0000000010004124 f   NativeLib:interrupts_asm.obj
 0001:00003166       intr35                     0000000010004166 f   NativeLib:interrupts_asm.obj
 0001:000031a8       intr36                     00000000100041a8 f   NativeLib:interrupts_asm.obj
 0001:000031ea       intr37                     00000000100041ea f   NativeLib:interrupts_asm.obj
 0001:0000322c       intr38                     000000001000422c f   NativeLib:interrupts_asm.obj
 0001:0000326e       intr39                     000000001000426e f   NativeLib:interrupts_asm.obj
 0001:000032b0       intr40                     00000000100042b0 f   NativeLib:interrupts_asm.obj
 0001:000032f2       intr41                     00000000100042f2 f   NativeLib:interrupts_asm.obj
 0001:00003334       intr42                     0000000010004334 f   NativeLib:interrupts_asm.obj
 0001:00003376       intr43                     0000000010004376 f   NativeLib:interrupts_asm.obj
 0001:000033b8       intr44                     00000000100043b8 f   NativeLib:interrupts_asm.obj
 0001:000033fa       intr45                     00000000100043fa f   NativeLib:interrupts_asm.obj
 0001:0000343c       intr46                     000000001000443c f   NativeLib:interrupts_asm.obj
 0001:0000347e       intr47                     000000001000447e f   NativeLib:interrupts_asm.obj
 0001:000034c0       intr48                     00000000100044c0 f   NativeLib:interrupts_asm.obj
 0001:00003502       intr49                     0000000010004502 f   NativeLib:interrupts_asm.obj
 0001:00003544       intr50                     0000000010004544 f   NativeLib:interrupts_asm.obj
 0001:00003586       intr51                     0000000010004586 f   NativeLib:interrupts_asm.obj
 0001:000035c8       intr52                     00000000100045c8 f   NativeLib:interrupts_asm.obj
 0001:0000360a       intr53                     000000001000460a f   NativeLib:interrupts_asm.obj
 0001:0000364c       intr54                     000000001000464c f   NativeLib:interrupts_asm.obj
 0001:0000368e       intr55                     000000001000468e f   NativeLib:interrupts_asm.obj
 0001:000036d0       intr56                     00000000100046d0 f   NativeLib:interrupts_asm.obj
 0001:00003712       intr57                     0000000010004712 f   NativeLib:interrupts_asm.obj
 0001:00003754       intr58                     0000000010004754 f   NativeLib:interrupts_asm.obj
 0001:00003796       intr59                     0000000010004796 f   NativeLib:interrupts_asm.obj
 0001:000037d8       intr60                     00000000100047d8 f   NativeLib:interrupts_asm.obj
 0001:0000381a       intr61                     000000001000481a f   NativeLib:interrupts_asm.obj
 0001:0000385c       intr62                     000000001000485c f   NativeLib:interrupts_asm.obj
 0001:0000389e       intr63                     000000001000489e f   NativeLib:interrupts_asm.obj
 0001:000038e0       intr64                     00000000100048e0 f   NativeLib:interrupts_asm.obj
 0001:00003922       intr65                     0000000010004922 f   NativeLib:interrupts_asm.obj
 0001:00003964       intr66                     0000000010004964 f   NativeLib:interrupts_asm.obj
 0001:000039a6       intr67                     00000000100049a6 f   NativeLib:interrupts_asm.obj
 0001:000039e8       intr68                     00000000100049e8 f   NativeLib:interrupts_asm.obj
 0001:00003a2a       intr69                     0000000010004a2a f   NativeLib:interrupts_asm.obj
 0001:00003a6c       intr70                     0000000010004a6c f   NativeLib:interrupts_asm.obj
 0001:00003aae       intr71                     0000000010004aae f   NativeLib:interrupts_asm.obj
 0001:00003af0       intr72                     0000000010004af0 f   NativeLib:interrupts_asm.obj
 0001:00003b32       intr73                     0000000010004b32 f   NativeLib:interrupts_asm.obj
 0001:00003b74       intr74                     0000000010004b74 f   NativeLib:interrupts_asm.obj
 0001:00003bb6       intr75                     0000000010004bb6 f   NativeLib:interrupts_asm.obj
 0001:00003bf8       intr76                     0000000010004bf8 f   NativeLib:interrupts_asm.obj
 0001:00003c3a       intr77                     0000000010004c3a f   NativeLib:interrupts_asm.obj
 0001:00003c7c       intr78                     0000000010004c7c f   NativeLib:interrupts_asm.obj
 0001:00003cbe       intr79                     0000000010004cbe f   NativeLib:interrupts_asm.obj
 0001:00003d00       intr80                     0000000010004d00 f   NativeLib:interrupts_asm.obj
 0001:00003d42       intr81                     0000000010004d42 f   NativeLib:interrupts_asm.obj
 0001:00003d84       intr82                     0000000010004d84 f   NativeLib:interrupts_asm.obj
 0001:00003dc6       intr83                     0000000010004dc6 f   NativeLib:interrupts_asm.obj
 0001:00003e08       intr84                     0000000010004e08 f   NativeLib:interrupts_asm.obj
 0001:00003e4a       intr85                     0000000010004e4a f   NativeLib:interrupts_asm.obj
 0001:00003e8c       intr86                     0000000010004e8c f   NativeLib:interrupts_asm.obj
 0001:00003ece       intr87                     0000000010004ece f   NativeLib:interrupts_asm.obj
 0001:00003f10       intr88                     0000000010004f10 f   NativeLib:interrupts_asm.obj
 0001:00003f52       intr89                     0000000010004f52 f   NativeLib:interrupts_asm.obj
 0001:00003f94       intr90                     0000000010004f94 f   NativeLib:interrupts_asm.obj
 0001:00003fd6       intr91                     0000000010004fd6 f   NativeLib:interrupts_asm.obj
 0001:00004018       intr92                     0000000010005018 f   NativeLib:interrupts_asm.obj
 0001:0000405a       intr93                     000000001000505a f   NativeLib:interrupts_asm.obj
 0001:0000409c       intr94                     000000001000509c f   NativeLib:interrupts_asm.obj
 0001:000040de       intr95                     00000000100050de f   NativeLib:interrupts_asm.obj
 0001:00004120       intr96                     0000000010005120 f   NativeLib:interrupts_asm.obj
 0001:00004162       intr97                     0000000010005162 f   NativeLib:interrupts_asm.obj
 0001:000041a4       intr98                     00000000100051a4 f   NativeLib:interrupts_asm.obj
 0001:000041e6       intr99                     00000000100051e6 f   NativeLib:interrupts_asm.obj
 0001:00004228       intr100                    0000000010005228 f   NativeLib:interrupts_asm.obj
 0001:0000426a       intr101                    000000001000526a f   NativeLib:interrupts_asm.obj
 0001:000042ac       intr102                    00000000100052ac f   NativeLib:interrupts_asm.obj
 0001:000042ee       intr103                    00000000100052ee f   NativeLib:interrupts_asm.obj
 0001:00004330       intr104                    0000000010005330 f   NativeLib:interrupts_asm.obj
 0001:00004372       intr105                    0000000010005372 f   NativeLib:interrupts_asm.obj
 0001:000043b4       intr106                    00000000100053b4 f   NativeLib:interrupts_asm.obj
 0001:000043f6       intr107                    00000000100053f6 f   NativeLib:interrupts_asm.obj
 0001:00004438       intr108                    0000000010005438 f   NativeLib:interrupts_asm.obj
 0001:0000447a       intr109                    000000001000547a f   NativeLib:interrupts_asm.obj
 0001:000044bc       intr110                    00000000100054bc f   NativeLib:interrupts_asm.obj
 0001:000044fe       intr111                    00000000100054fe f   NativeLib:interrupts_asm.obj
 0001:00004540       intr112                    0000000010005540 f   NativeLib:interrupts_asm.obj
 0001:00004582       intr113                    0000000010005582 f   NativeLib:interrupts_asm.obj
 0001:000045c4       intr114                    00000000100055c4 f   NativeLib:interrupts_asm.obj
 0001:00004606       intr115                    0000000010005606 f   NativeLib:interrupts_asm.obj
 0001:00004648       intr116                    0000000010005648 f   NativeLib:interrupts_asm.obj
 0001:0000468a       intr117                    000000001000568a f   NativeLib:interrupts_asm.obj
 0001:000046cc       intr118                    00000000100056cc f   NativeLib:interrupts_asm.obj
 0001:0000470e       intr119                    000000001000570e f   NativeLib:interrupts_asm.obj
 0001:00004750       intr120                    0000000010005750 f   NativeLib:interrupts_asm.obj
 0001:00004792       intr121                    0000000010005792 f   NativeLib:interrupts_asm.obj
 0001:000047d4       intr122                    00000000100057d4 f   NativeLib:interrupts_asm.obj
 0001:00004816       intr123                    0000000010005816 f   NativeLib:interrupts_asm.obj
 0001:00004858       intr124                    0000000010005858 f   NativeLib:interrupts_asm.obj
 0001:0000489a       intr125                    000000001000589a f   NativeLib:interrupts_asm.obj
 0001:000048dc       intr126                    00000000100058dc f   NativeLib:interrupts_asm.obj
 0001:0000491e       intr127                    000000001000591e f   NativeLib:interrupts_asm.obj
 0001:00004960       intr128                    0000000010005960 f   NativeLib:interrupts_asm.obj
 0001:000049a2       intr129                    00000000100059a2 f   NativeLib:interrupts_asm.obj
 0001:000049e4       intr130                    00000000100059e4 f   NativeLib:interrupts_asm.obj
 0001:00004a26       intr131                    0000000010005a26 f   NativeLib:interrupts_asm.obj
 0001:00004a68       intr132                    0000000010005a68 f   NativeLib:interrupts_asm.obj
 0001:00004aaa       intr133                    0000000010005aaa f   NativeLib:interrupts_asm.obj
 0001:00004aec       intr134                    0000000010005aec f   NativeLib:interrupts_asm.obj
 0001:00004b2e       intr135                    0000000010005b2e f   NativeLib:interrupts_asm.obj
 0001:00004b70       intr136                    0000000010005b70 f   NativeLib:interrupts_asm.obj
 0001:00004bb2       intr137                    0000000010005bb2 f   NativeLib:interrupts_asm.obj
 0001:00004bf4       intr138                    0000000010005bf4 f   NativeLib:interrupts_asm.obj
 0001:00004c36       intr139                    0000000010005c36 f   NativeLib:interrupts_asm.obj
 0001:00004c78       intr140                    0000000010005c78 f   NativeLib:interrupts_asm.obj
 0001:00004cba       intr141                    0000000010005cba f   NativeLib:interrupts_asm.obj
 0001:00004cfc       intr142                    0000000010005cfc f   NativeLib:interrupts_asm.obj
 0001:00004d3e       intr143                    0000000010005d3e f   NativeLib:interrupts_asm.obj
 0001:00004d80       intr144                    0000000010005d80 f   NativeLib:interrupts_asm.obj
 0001:00004dc2       intr145                    0000000010005dc2 f   NativeLib:interrupts_asm.obj
 0001:00004e04       intr146                    0000000010005e04 f   NativeLib:interrupts_asm.obj
 0001:00004e46       intr147                    0000000010005e46 f   NativeLib:interrupts_asm.obj
 0001:00004e88       intr148                    0000000010005e88 f   NativeLib:interrupts_asm.obj
 0001:00004eca       intr149                    0000000010005eca f   NativeLib:interrupts_asm.obj
 0001:00004f0c       intr150                    0000000010005f0c f   NativeLib:interrupts_asm.obj
 0001:00004f4e       intr151                    0000000010005f4e f   NativeLib:interrupts_asm.obj
 0001:00004f90       intr152                    0000000010005f90 f   NativeLib:interrupts_asm.obj
 0001:00004fd2       intr153                    0000000010005fd2 f   NativeLib:interrupts_asm.obj
 0001:00005014       intr154                    0000000010006014 f   NativeLib:interrupts_asm.obj
 0001:00005056       intr155                    0000000010006056 f   NativeLib:interrupts_asm.obj
 0001:00005098       intr156                    0000000010006098 f   NativeLib:interrupts_asm.obj
 0001:000050da       intr157                    00000000100060da f   NativeLib:interrupts_asm.obj
 0001:0000511c       intr158                    000000001000611c f   NativeLib:interrupts_asm.obj
 0001:0000515e       intr159                    000000001000615e f   NativeLib:interrupts_asm.obj
 0001:000051a0       intr160                    00000000100061a0 f   NativeLib:interrupts_asm.obj
 0001:000051e2       intr161                    00000000100061e2 f   NativeLib:interrupts_asm.obj
 0001:00005224       intr162                    0000000010006224 f   NativeLib:interrupts_asm.obj
 0001:00005266       intr163                    0000000010006266 f   NativeLib:interrupts_asm.obj
 0001:000052a8       intr164                    00000000100062a8 f   NativeLib:interrupts_asm.obj
 0001:000052ea       intr165                    00000000100062ea f   NativeLib:interrupts_asm.obj
 0001:0000532c       intr166                    000000001000632c f   NativeLib:interrupts_asm.obj
 0001:0000536e       intr167                    000000001000636e f   NativeLib:interrupts_asm.obj
 0001:000053b0       intr168                    00000000100063b0 f   NativeLib:interrupts_asm.obj
 0001:000053f2       intr169                    00000000100063f2 f   NativeLib:interrupts_asm.obj
 0001:00005434       intr170                    0000000010006434 f   NativeLib:interrupts_asm.obj
 0001:00005476       intr171                    0000000010006476 f   NativeLib:interrupts_asm.obj
 0001:000054b8       intr172                    00000000100064b8 f   NativeLib:interrupts_asm.obj
 0001:000054fa       intr173                    00000000100064fa f   NativeLib:interrupts_asm.obj
 0001:0000553c       intr174                    000000001000653c f   NativeLib:interrupts_asm.obj
 0001:0000557e       intr175                    000000001000657e f   NativeLib:interrupts_asm.obj
 0001:000055c0       intr176                    00000000100065c0 f   NativeLib:interrupts_asm.obj
 0001:00005602       intr177                    0000000010006602 f   NativeLib:interrupts_asm.obj
 0001:00005644       intr178                    0000000010006644 f   NativeLib:interrupts_asm.obj
 0001:00005686       intr179                    0000000010006686 f   NativeLib:interrupts_asm.obj
 0001:000056c8       intr180                    00000000100066c8 f   NativeLib:interrupts_asm.obj
 0001:0000570a       intr181                    000000001000670a f   NativeLib:interrupts_asm.obj
 0001:0000574c       intr182                    000000001000674c f   NativeLib:interrupts_asm.obj
 0001:0000578e       intr183                    000000001000678e f   NativeLib:interrupts_asm.obj
 0001:000057d0       intr184                    00000000100067d0 f   NativeLib:interrupts_asm.obj
 0001:00005812       intr185                    0000000010006812 f   NativeLib:interrupts_asm.obj
 0001:00005854       intr186                    0000000010006854 f   NativeLib:interrupts_asm.obj
 0001:00005896       intr187                    0000000010006896 f   NativeLib:interrupts_asm.obj
 0001:000058d8       intr188                    00000000100068d8 f   NativeLib:interrupts_asm.obj
 0001:0000591a       intr189                    000000001000691a f   NativeLib:interrupts_asm.obj
 0001:0000595c       intr190                    000000001000695c f   NativeLib:interrupts_asm.obj
 0001:0000599e       intr191                    000000001000699e f   NativeLib:interrupts_asm.obj
 0001:000059e0       intr192                    00000000100069e0 f   NativeLib:interrupts_asm.obj
 0001:00005a22       intr193                    0000000010006a22 f   NativeLib:interrupts_asm.obj
 0001:00005a64       intr194                    0000000010006a64 f   NativeLib:interrupts_asm.obj
 0001:00005aa6       intr195                    0000000010006aa6 f   NativeLib:interrupts_asm.obj
 0001:00005ae8       intr196                    0000000010006ae8 f   NativeLib:interrupts_asm.obj
 0001:00005b2a       intr197                    0000000010006b2a f   NativeLib:interrupts_asm.obj
 0001:00005b6c       intr198                    0000000010006b6c f   NativeLib:interrupts_asm.obj
 0001:00005bae       intr199                    0000000010006bae f   NativeLib:interrupts_asm.obj
 0001:00005bf0       intr200                    0000000010006bf0 f   NativeLib:interrupts_asm.obj
 0001:00005c32       intr201                    0000000010006c32 f   NativeLib:interrupts_asm.obj
 0001:00005c74       intr202                    0000000010006c74 f   NativeLib:interrupts_asm.obj
 0001:00005cb6       intr203                    0000000010006cb6 f   NativeLib:interrupts_asm.obj
 0001:00005cf8       intr204                    0000000010006cf8 f   NativeLib:interrupts_asm.obj
 0001:00005d3a       intr205                    0000000010006d3a f   NativeLib:interrupts_asm.obj
 0001:00005d7c       intr206                    0000000010006d7c f   NativeLib:interrupts_asm.obj
 0001:00005dbe       intr207                    0000000010006dbe f   NativeLib:interrupts_asm.obj
 0001:00005e00       intr208                    0000000010006e00 f   NativeLib:interrupts_asm.obj
 0001:00005e42       intr209                    0000000010006e42 f   NativeLib:interrupts_asm.obj
 0001:00005e84       intr210                    0000000010006e84 f   NativeLib:interrupts_asm.obj
 0001:00005ec6       intr211                    0000000010006ec6 f   NativeLib:interrupts_asm.obj
 0001:00005f08       intr212                    0000000010006f08 f   NativeLib:interrupts_asm.obj
 0001:00005f4a       intr213                    0000000010006f4a f   NativeLib:interrupts_asm.obj
 0001:00005f8c       intr214                    0000000010006f8c f   NativeLib:interrupts_asm.obj
 0001:00005fce       intr215                    0000000010006fce f   NativeLib:interrupts_asm.obj
 0001:00006010       intr216                    0000000010007010 f   NativeLib:interrupts_asm.obj
 0001:00006052       intr217                    0000000010007052 f   NativeLib:interrupts_asm.obj
 0001:00006094       intr218                    0000000010007094 f   NativeLib:interrupts_asm.obj
 0001:000060d6       intr219                    00000000100070d6 f   NativeLib:interrupts_asm.obj
 0001:00006118       intr220                    0000000010007118 f   NativeLib:interrupts_asm.obj
 0001:0000615a       intr221                    000000001000715a f   NativeLib:interrupts_asm.obj
 0001:0000619c       intr222                    000000001000719c f   NativeLib:interrupts_asm.obj
 0001:000061de       intr223                    00000000100071de f   NativeLib:interrupts_asm.obj
 0001:00006220       intr224                    0000000010007220 f   NativeLib:interrupts_asm.obj
 0001:00006262       intr225                    0000000010007262 f   NativeLib:interrupts_asm.obj
 0001:000062a4       intr226                    00000000100072a4 f   NativeLib:interrupts_asm.obj
 0001:000062e6       intr227                    00000000100072e6 f   NativeLib:interrupts_asm.obj
 0001:00006328       intr228                    0000000010007328 f   NativeLib:interrupts_asm.obj
 0001:0000636a       intr229                    000000001000736a f   NativeLib:interrupts_asm.obj
 0001:000063ac       intr230                    00000000100073ac f   NativeLib:interrupts_asm.obj
 0001:000063ee       intr231                    00000000100073ee f   NativeLib:interrupts_asm.obj
 0001:00006430       intr232                    0000000010007430 f   NativeLib:interrupts_asm.obj
 0001:00006472       intr233                    0000000010007472 f   NativeLib:interrupts_asm.obj
 0001:000064b4       intr234                    00000000100074b4 f   NativeLib:interrupts_asm.obj
 0001:000064f6       intr235                    00000000100074f6 f   NativeLib:interrupts_asm.obj
 0001:00006538       intr236                    0000000010007538 f   NativeLib:interrupts_asm.obj
 0001:0000657a       intr237                    000000001000757a f   NativeLib:interrupts_asm.obj
 0001:000065bc       intr238                    00000000100075bc f   NativeLib:interrupts_asm.obj
 0001:000065fe       intr239                    00000000100075fe f   NativeLib:interrupts_asm.obj
 0001:00006640       intr240                    0000000010007640 f   NativeLib:interrupts_asm.obj
 0001:00006682       intr241                    0000000010007682 f   NativeLib:interrupts_asm.obj
 0001:000066c4       intr242                    00000000100076c4 f   NativeLib:interrupts_asm.obj
 0001:00006706       intr243                    0000000010007706 f   NativeLib:interrupts_asm.obj
 0001:00006748       intr244                    0000000010007748 f   NativeLib:interrupts_asm.obj
 0001:0000678a       intr245                    000000001000778a f   NativeLib:interrupts_asm.obj
 0001:000067cc       intr246                    00000000100077cc f   NativeLib:interrupts_asm.obj
 0001:0000680e       intr247                    000000001000780e f   NativeLib:interrupts_asm.obj
 0001:00006850       intr248                    0000000010007850 f   NativeLib:interrupts_asm.obj
 0001:00006892       intr249                    0000000010007892 f   NativeLib:interrupts_asm.obj
 0001:000068d4       intr250                    00000000100078d4 f   NativeLib:interrupts_asm.obj
 0001:00006916       intr251                    0000000010007916 f   NativeLib:interrupts_asm.obj
 0001:00006958       intr252                    0000000010007958 f   NativeLib:interrupts_asm.obj
 0001:0000699a       intr253                    000000001000799a f   NativeLib:interrupts_asm.obj
 0001:000069dc       intr254                    00000000100079dc f   NativeLib:interrupts_asm.obj
 0001:00006a1e       intr255                    0000000010007a1e f   NativeLib:interrupts_asm.obj
 0001:00006a60       _reload_segreg             0000000010007a60 f   NativeLib:interrupts_asm.obj
 0001:00006a87       Load_IDT                   0000000010007a87 f   NativeLib:interrupts_asm.obj
 0001:00006a8b       _cli                       0000000010007a8b f   NativeLib:interrupts_asm.obj
 0001:00006a8d       _sti                       0000000010007a8d f   NativeLib:interrupts_asm.obj
 0001:00006a8f       _hlt                       0000000010007a8f f   NativeLib:interrupts_asm.obj
 0001:00006a91       _inttest                   0000000010007a91 f   NativeLib:interrupts_asm.obj
 0001:00006a9b       _iretq                     0000000010007a9b f   NativeLib:interrupts_asm.obj
 0001:00006ab6       _int20h                    0000000010007ab6 f   NativeLib:interrupts_asm.obj
 0001:00006ac0       double_tostring            0000000010007ac0 f   NativeLib:double_tostring.obj
 0001:00006b10       enable_avx                 0000000010007b10 f   NativeLib:misc.obj
 0001:00006b23       enable_sse                 0000000010007b23 f   NativeLib:misc.obj
 0001:00006b36       Schedule_Next              0000000010007b36 f   NativeLib:misc.obj
 0001:00011fa0       lodepng_add_itext          0000000010012fa0 f   NativeLib:lodepng.obj
 0001:000121e0       lodepng_add_text           00000000100131e0 f   NativeLib:lodepng.obj
 0001:000124a0       lodepng_can_have_alpha     00000000100134a0 f   NativeLib:lodepng.obj
 0001:00012500       lodepng_chunk_ancillary    0000000010013500 f   NativeLib:lodepng.obj
 0001:00012550       lodepng_chunk_append       0000000010013550 f   NativeLib:lodepng.obj
 0001:00012670       lodepng_chunk_check_crc    0000000010013670 f   NativeLib:lodepng.obj
 0001:00012700       lodepng_chunk_create       0000000010013700 f   NativeLib:lodepng.obj
 0001:00012830       lodepng_chunk_data         0000000010013830 f   NativeLib:lodepng.obj
 0001:00012870       lodepng_chunk_data_const   0000000010013870 f   NativeLib:lodepng.obj
 0001:000128b0       lodepng_chunk_find         00000000100138b0 f   NativeLib:lodepng.obj
 0001:00012930       lodepng_chunk_find_const   0000000010013930 f   NativeLib:lodepng.obj
 0001:000129b0       lodepng_chunk_generate_crc 00000000100139b0 f   NativeLib:lodepng.obj
 0001:00012b00       lodepng_chunk_length       0000000010013b00 f   NativeLib:lodepng.obj
 0001:00012b40       lodepng_chunk_next         0000000010013b40 f   NativeLib:lodepng.obj
 0001:00012ca0       lodepng_chunk_next_const   0000000010013ca0 f   NativeLib:lodepng.obj
 0001:00012e00       lodepng_chunk_private      0000000010013e00 f   NativeLib:lodepng.obj
 0001:00012e50       lodepng_chunk_safetocopy   0000000010013e50 f   NativeLib:lodepng.obj
 0001:00012ea0       lodepng_chunk_type         0000000010013ea0 f   NativeLib:lodepng.obj
 0001:00012f10       lodepng_chunk_type_equals  0000000010013f10 f   NativeLib:lodepng.obj
 0001:00013000       lodepng_clear_icc          0000000010014000 f   NativeLib:lodepng.obj
 0001:00013070       lodepng_clear_itext        0000000010014070 f   NativeLib:lodepng.obj
 0001:000130a0       lodepng_clear_text         00000000100140a0 f   NativeLib:lodepng.obj
 0001:00013180       lodepng_color_mode_cleanup 0000000010014180 f   NativeLib:lodepng.obj
 0001:000131b0       lodepng_color_mode_copy    00000000100141b0 f   NativeLib:lodepng.obj
 0001:00013390       lodepng_color_mode_init    0000000010014390 f   NativeLib:lodepng.obj
 0001:00013410       lodepng_color_mode_make    0000000010014410 f   NativeLib:lodepng.obj
 0001:000135a0       lodepng_color_stats_init   00000000100145a0 f   NativeLib:lodepng.obj
 0001:00013650       lodepng_compress_settings_init 0000000010014650 f   NativeLib:lodepng.obj
 0001:000136e0       lodepng_compute_color_stats 00000000100146e0 f   NativeLib:lodepng.obj
 0001:000145b0       lodepng_convert            00000000100155b0 f   NativeLib:lodepng.obj
 0001:00014af0       lodepng_convert_rgb        0000000010015af0 f   NativeLib:lodepng.obj
 0001:00014e30       lodepng_crc32              0000000010015e30 f   NativeLib:lodepng.obj
 0001:00014ec0       lodepng_decode             0000000010015ec0 f   NativeLib:lodepng.obj
 0001:000150b0       lodepng_decode24           00000000100160b0 f   NativeLib:lodepng.obj
 0001:00015120       lodepng_decode32           0000000010016120 f   NativeLib:lodepng.obj
 0001:00015190       lodepng_decode_memory      0000000010016190 f   NativeLib:lodepng.obj
 0001:00015260       lodepng_decoder_settings_init 0000000010016260 f   NativeLib:lodepng.obj
 0001:000152f0       lodepng_decompress_settings_init 00000000100162f0 f   NativeLib:lodepng.obj
 0001:00015360       lodepng_deflate            0000000010016360 f   NativeLib:lodepng.obj
 0001:00015670       lodepng_encode             0000000010016670 f   NativeLib:lodepng.obj
 0001:00016670       lodepng_encode24           0000000010017670 f   NativeLib:lodepng.obj
 0001:000166d0       lodepng_encode32           00000000100176d0 f   NativeLib:lodepng.obj
 0001:00016730       lodepng_encode_memory      0000000010017730 f   NativeLib:lodepng.obj
 0001:000167f0       lodepng_encoder_settings_init 00000000100177f0 f   NativeLib:lodepng.obj
 0001:00016870       lodepng_error_text         0000000010017870 f   NativeLib:lodepng.obj
 0001:00016f40       lodepng_get_bpp            0000000010017f40 f   NativeLib:lodepng.obj
 0001:00016fb0       lodepng_get_channels       0000000010017fb0 f   NativeLib:lodepng.obj
 0001:00016fe0       lodepng_get_raw_size       0000000010017fe0 f   NativeLib:lodepng.obj
 0001:000171c0       lodepng_has_palette_alpha  00000000100181c0 f   NativeLib:lodepng.obj
 0001:00017230       lodepng_huffman_code_lengths 0000000010018230 f   NativeLib:lodepng.obj
 0001:00017680       lodepng_inflate            0000000010018680 f   NativeLib:lodepng.obj
 0001:00017890       lodepng_info_cleanup       0000000010018890 f   NativeLib:lodepng.obj
 0001:000178f0       lodepng_info_copy          00000000100188f0 f   NativeLib:lodepng.obj
 0001:00017a20       lodepng_info_init          0000000010018a20 f   NativeLib:lodepng.obj
 0001:00017b30       lodepng_inspect            0000000010018b30 f   NativeLib:lodepng.obj
 0001:00017f80       lodepng_inspect_chunk      0000000010018f80 f   NativeLib:lodepng.obj
 0001:000183a0       lodepng_is_alpha_type      00000000100193a0 f   NativeLib:lodepng.obj
 0001:000183f0       lodepng_is_greyscale_type  00000000100193f0 f   NativeLib:lodepng.obj
 0001:00018440       lodepng_is_palette_type    0000000010019440 f   NativeLib:lodepng.obj
 0001:000185f0       lodepng_palette_add        00000000100195f0 f   NativeLib:lodepng.obj
 0001:000186e0       lodepng_palette_clear      00000000100196e0 f   NativeLib:lodepng.obj
 0001:00018a00       lodepng_set_icc            0000000010019a00 f   NativeLib:lodepng.obj
 0001:00018a70       lodepng_state_cleanup      0000000010019a70 f   NativeLib:lodepng.obj
 0001:00018ac0       lodepng_state_copy         0000000010019ac0 f   NativeLib:lodepng.obj
 0001:00018b90       lodepng_state_init         0000000010019b90 f   NativeLib:lodepng.obj
 0001:00018c50       lodepng_zlib_compress      0000000010019c50 f   NativeLib:lodepng.obj
 0001:00018e40       lodepng_zlib_decompress    0000000010019e40 f   NativeLib:lodepng.obj
 0001:0001daf0       fatfs_init                 000000001001eaf0 f   NativeLib:fatfs.obj
 0001:0001db70       format_exfat               000000001001eb70 f   NativeLib:fatfs.obj
 0001:0001dbf0       get_files                  000000001001ebf0 f   NativeLib:fatfs.obj
 0001:0001dd30       read_all_bytes             000000001001ed30 f   NativeLib:fatfs.obj
 0001:0001ddf0       write_all_bytes            000000001001edf0 f   NativeLib:fatfs.obj
 0001:0001de90       In16                       000000001001ee90 f   NativeLib:io.obj
 0001:0001dec0       In32                       000000001001eec0 f   NativeLib:io.obj
 0001:0001def0       In8                        000000001001eef0 f   NativeLib:io.obj
 0001:0001df20       Insb                       000000001001ef20 f   NativeLib:io.obj
 0001:0001df60       Insd                       000000001001ef60 f   NativeLib:io.obj
 0001:0001dfa0       Insw                       000000001001efa0 f   NativeLib:io.obj
 0001:0001dfe0       Out16                      000000001001efe0 f   NativeLib:io.obj
 0001:0001e010       Out32                      000000001001f010 f   NativeLib:io.obj
 0001:0001e040       Out8                       000000001001f040 f   NativeLib:io.obj
 0001:0001e070       Outsb                      000000001001f070 f   NativeLib:io.obj
 0001:0001e0b0       Outsd                      000000001001f0b0 f   NativeLib:io.obj
 0001:0001e0f0       Outsw                      000000001001f0f0 f   NativeLib:io.obj
 0001:0001e130       vmware_send                000000001001f130 f   NativeLib:vmware.obj
 0001:0001e1b4       vmware_send_hb             000000001001f1b4 f   NativeLib:vmware.obj
 0001:0001e23a       vmware_get_hb              000000001001f23a f   NativeLib:vmware.obj
 0001:000205d0       f_close                    00000000100215d0 f   NativeLib:ff.obj
 0001:00020630       f_closedir                 0000000010021630 f   NativeLib:ff.obj
 0001:00020680       f_getfree                  0000000010021680 f   NativeLib:ff.obj
 0001:00020960       f_lseek                    0000000010021960 f   NativeLib:ff.obj
 0001:00020ea0       f_mkdir                    0000000010021ea0 f   NativeLib:ff.obj
 0001:000211e0       f_mkfs                     00000000100221e0 f   NativeLib:ff.obj
 0001:00022d90       f_mount                    0000000010023d90 f   NativeLib:ff.obj
 0001:00022e50       f_open                     0000000010023e50 f   NativeLib:ff.obj
 0001:00023510       f_opendir                  0000000010024510 f   NativeLib:ff.obj
 0001:000236d0       f_read                     00000000100246d0 f   NativeLib:ff.obj
 0001:00023b30       f_readdir                  0000000010024b30 f   NativeLib:ff.obj
 0001:00023be0       f_rename                   0000000010024be0 f   NativeLib:ff.obj
 0001:000240a0       f_stat                     00000000100250a0 f   NativeLib:ff.obj
 0001:00024140       f_sync                     0000000010025140 f   NativeLib:ff.obj
 0001:00024490       f_truncate                 0000000010025490 f   NativeLib:ff.obj
 0001:00024640       f_unlink                   0000000010025640 f   NativeLib:ff.obj
 0001:00024880       f_write                    0000000010025880 f   NativeLib:ff.obj
 0001:000280b0       ff_oem2uni                 00000000100290b0 f   NativeLib:ffunicode.obj
 0001:000281c0       ff_uni2oem                 00000000100291c0 f   NativeLib:ffunicode.obj
 0001:000282d0       ff_wtoupper                00000000100292d0 f   NativeLib:ffunicode.obj
 0001:000284a0       disk_initialize            00000000100294a0 f   NativeLib:diskio.obj
 0001:000284d0       disk_ioctl                 00000000100294d0 f   NativeLib:diskio.obj
 0001:00028550       disk_read                  0000000010029550 f   NativeLib:diskio.obj
 0001:00028590       disk_status                0000000010029590 f   NativeLib:diskio.obj
 0001:000285c0       disk_write                 00000000100295c0 f   NativeLib:diskio.obj
 0001:00028600       mystrtoul                  0000000010029600 f   LibC:strtoul.obj
 0001:0002aea0       fctprintf                  000000001002bea0 f   LibC:printf.obj
 0001:0002af20       printf_                    000000001002bf20 f   LibC:printf.obj
 0001:0002af90       snprintf_                  000000001002bf90 f   LibC:printf.obj
 0001:0002aff0       sprintf_                   000000001002bff0 f   LibC:printf.obj
 0001:0002b060       vprintf_                   000000001002c060 f   LibC:printf.obj
 0001:0002b0b0       vsnprintf_                 000000001002c0b0 f   LibC:printf.obj
 0001:0002b100       myisspace                  000000001002c100 f   LibC:isspace.obj
 0001:0002b150       myisdigit                  000000001002c150 f   LibC:isdigit.obj
 0001:0002b190       myisalpha                  000000001002c190 f   LibC:isalpha.obj
 0001:0002b1d0       myisupper                  000000001002c1d0 f   LibC:isupper.obj
 0002:00000000       unbox_UInt8__ToString      000000001002d000     guideXOS.obj
 0002:0000000c       unbox_Double__ToString     000000001002d00c     guideXOS.obj
 0002:00000018       unbox_Int32__ToString      000000001002d018     guideXOS.obj
 0002:00000024       unbox_UInt16__ToString     000000001002d024     guideXOS.obj
 0002:00000030       unbox_UInt32__ToString     000000001002d030     guideXOS.obj
 0002:0000003c       unbox_UInt64__ToString     000000001002d03c     guideXOS.obj
 0003:00000000       KMain                      000000001002e000     guideXOS.obj
 0003:00000000       guideXOS_Program__KMain    000000001002e000     guideXOS.obj
 0003:00000290       guideXOS_Program__SMain    000000001002e290     guideXOS.obj
 0003:0000093c       guideXOS_Program__InitConsole 000000001002e93c     guideXOS.obj
 0003:0000097c       guideXOS_Allocator__GetPageIndexStart 000000001002e97c     guideXOS.obj
 0003:000009cc       guideXOS_Allocator__Free   000000001002e9cc     guideXOS.obj
 0003:00000b04       guideXOS_Allocator__get_MemoryInUse 000000001002eb04     guideXOS.obj
 0003:00000b1c       guideXOS_Allocator__Initialize 000000001002eb1c     guideXOS.obj
 0003:00000bb0       guideXOS_Allocator__Allocate 000000001002ebb0     guideXOS.obj
 0003:00000de8       guideXOS_Allocator__Reallocate 000000001002ede8     guideXOS.obj
 0003:00000edc       guideXOS_GDT__FillEntry    000000001002eedc     guideXOS.obj
 0003:00000f1c       guideXOS_GDT__Initialise   000000001002ef1c     guideXOS.obj
 0003:00001064       guideXOS_GDT__SetKernelStack 000000001002f064     guideXOS.obj
 0003:00001088       guideXOS_IDT__Initialize   000000001002f088     guideXOS.obj
 0003:0000117c       guideXOS_IDT__AllowUserSoftwareInterrupt 000000001002f17c     guideXOS.obj
 0003:00001214       guideXOS_IDT__intr_handler 000000001002f214     guideXOS.obj
 0003:00001214       intr_handler               000000001002f214     guideXOS.obj
 0003:00001940       guideXOS_Native__Load_GDT  000000001002f940     guideXOS.obj
 0003:00001994       guideXOS_Native__Load_IDT  000000001002f994     guideXOS.obj
 0003:000019e8       guideXOS_Internal_Runtime_EEType__get_IsArray 000000001002f9e8     guideXOS.obj
 0003:00001a0c       guideXOS_Internal_Runtime_EEType__get_ArrayRank 000000001002fa0c     guideXOS.obj
 0003:00001a2c       __imp_GetCurrentThreadId   000000001002fa2c     guideXOS.obj
 0003:00001a2c       guideXOS_Internal_Runtime_CompilerHelpers_StartupCodeHelpers____imp_GetCurrentThreadId 000000001002fa2c     guideXOS.obj
 0003:00001a30       __CheckForDebuggerJustMyCode 000000001002fa30     guideXOS.obj
 0003:00001a30       guideXOS_Internal_Runtime_CompilerHelpers_StartupCodeHelpers____CheckForDebuggerJustMyCode 000000001002fa30     guideXOS.obj
 0003:00001a34       __fail_fast                000000001002fa34     guideXOS.obj
 0003:00001a34       guideXOS_Internal_Runtime_CompilerHelpers_StartupCodeHelpers__FailFast 000000001002fa34     guideXOS.obj
 0003:00001a38       guideXOS_Internal_Runtime_CompilerHelpers_StartupCodeHelpers__MemSet 000000001002fa38     guideXOS.obj
 0003:00001a38       memset                     000000001002fa38     guideXOS.obj
 0003:00001a54       guideXOS_Internal_Runtime_CompilerHelpers_StartupCodeHelpers__MemCpy 000000001002fa54     guideXOS.obj
 0003:00001a54       memcpy                     000000001002fa54     guideXOS.obj
 0003:00001a70       RhpFallbackFailFast        000000001002fa70     guideXOS.obj
 0003:00001a70       guideXOS_Internal_Runtime_CompilerHelpers_StartupCodeHelpers__RhpFallbackFailFast 000000001002fa70     guideXOS.obj
 0003:00001a74       RhpReversePInvoke2         000000001002fa74     guideXOS.obj
 0003:00001a74       guideXOS_Internal_Runtime_CompilerHelpers_StartupCodeHelpers__RhpReversePInvoke2 000000001002fa74     guideXOS.obj
 0003:00001a78       RhpReversePInvokeReturn2   000000001002fa78     guideXOS.obj
 0003:00001a78       guideXOS_Internal_Runtime_CompilerHelpers_StartupCodeHelpers__RhpReversePInvokeReturn2 000000001002fa78     guideXOS.obj
 0003:00001a7c       RhpReversePInvoke          000000001002fa7c     guideXOS.obj
 0003:00001a7c       guideXOS_Internal_Runtime_CompilerHelpers_StartupCodeHelpers__RhpReversePInvoke 000000001002fa7c     guideXOS.obj
 0003:00001a80       RhpReversePInvokeReturn    000000001002fa80     guideXOS.obj
 0003:00001a80       guideXOS_Internal_Runtime_CompilerHelpers_StartupCodeHelpers__RhpReversePInvokeReturn 000000001002fa80     guideXOS.obj
 0003:00001a84       RhpPInvoke                 000000001002fa84     guideXOS.obj
 0003:00001a84       guideXOS_Internal_Runtime_CompilerHelpers_StartupCodeHelpers__RhpPinvoke 000000001002fa84     guideXOS.obj
 0003:00001a88       RhpPInvokeReturn           000000001002fa88     guideXOS.obj
 0003:00001a88       guideXOS_Internal_Runtime_CompilerHelpers_StartupCodeHelpers__RhpPinvokeReturn 000000001002fa88     guideXOS.obj
 0003:00001a8c       RhpNewFast                 000000001002fa8c     guideXOS.obj
 0003:00001a8c       guideXOS_Internal_Runtime_CompilerHelpers_StartupCodeHelpers__RhpNewFast 000000001002fa8c     guideXOS.obj
 0003:00001b18       RhpNewArray                000000001002fb18     guideXOS.obj
 0003:00001b18       guideXOS_Internal_Runtime_CompilerHelpers_StartupCodeHelpers__RhpNewArray 000000001002fb18     guideXOS.obj
 0003:00001bdc       RhpAssignRef               000000001002fbdc     guideXOS.obj
 0003:00001bdc       guideXOS_Internal_Runtime_CompilerHelpers_StartupCodeHelpers__RhpAssignRef 000000001002fbdc     guideXOS.obj
 0003:00001be0       RhpByRefAssignRef          000000001002fbe0     guideXOS.obj
 0003:00001be0       guideXOS_Internal_Runtime_CompilerHelpers_StartupCodeHelpers__RhpByRefAssignRef 000000001002fbe0     guideXOS.obj
 0003:00001be4       RhpCheckedAssignRef        000000001002fbe4     guideXOS.obj
 0003:00001be4       guideXOS_Internal_Runtime_CompilerHelpers_StartupCodeHelpers__RhpCheckedAssignRef 000000001002fbe4     guideXOS.obj
 0003:00001be8       RhpStelemRef               000000001002fbe8     guideXOS.obj
 0003:00001be8       guideXOS_Internal_Runtime_CompilerHelpers_StartupCodeHelpers__RhpStelemRef 000000001002fbe8     guideXOS.obj
 0003:00001c20       RhTypeCast_IsInstanceOfClass 000000001002fc20     guideXOS.obj
 0003:00001c20       guideXOS_Internal_Runtime_CompilerHelpers_StartupCodeHelpers__RhTypeCast_IsInstanceOfClass 000000001002fc20     guideXOS.obj
 0003:00001c4c       guideXOS_Internal_Runtime_CompilerHelpers_StartupCodeHelpers__InitializeModules 000000001002fc4c     guideXOS.obj
 0003:00001e08       guideXOS_Internal_Runtime_CompilerHelpers_StartupCodeHelpers__InitializeStatics 000000001002fe08     guideXOS.obj
 0003:00001ef0       guideXOS_Internal_Runtime_CompilerHelpers_SynchronizedMethodHelpers__MonitorEnterStatic 000000001002fef0     guideXOS.obj
 0003:00001ef4       guideXOS_Internal_Runtime_CompilerHelpers_SynchronizedMethodHelpers__MonitorExitStatic 000000001002fef4     guideXOS.obj
 0003:00001ef8       guideXOS_Internal_Runtime_CompilerHelpers_ThrowHelpers__Error 000000001002fef8     guideXOS.obj
 0003:00001fa8       guideXOS_Internal_Runtime_CompilerHelpers_ThrowHelpers__ThrowOverflowException 000000001002ffa8     guideXOS.obj
 0003:00001fc0       guideXOS_Internal_Runtime_CompilerHelpers_ThrowHelpers__ThrowIndexOutOfRangeException 000000001002ffc0     guideXOS.obj
 0003:00001fd8       UInt8__ToString            000000001002ffd8     guideXOS.obj
 0003:00001ff4       Char__ToUpper              000000001002fff4     guideXOS.obj
 0003:0000200c       guideXOS_System_Delegate__InitializeClosedInstance 000000001003000c     guideXOS.obj
 0003:00002038       Double__ToString           0000000010030038     guideXOS.obj
 0003:00002108       Int32__ToString            0000000010030108     guideXOS.obj
 0003:00002128       Int64__ToString            0000000010030128     guideXOS.obj
 0003:00002218       guideXOS_System_Math__Pow  0000000010030218     guideXOS.obj
 0003:00002244       guideXOS_System_Math__Fact 0000000010030244     guideXOS.obj
 0003:0000227c       guideXOS_System_Math__Sin  000000001003027c     guideXOS.obj
 0003:0000232c       guideXOS_System_MathF__Floor 000000001003032c     guideXOS.obj
 0003:0000238c       Object___ctor              000000001003038c     guideXOS.obj
 0003:00002390       Object__ToString           0000000010030390     guideXOS.obj
 0003:00002398       Object__Dispose            0000000010030398     guideXOS.obj
 0003:000023e8       String__FromASCII          00000000100303e8     guideXOS.obj
 0003:00002480       String__Ctor               0000000010030480     guideXOS.obj
 0003:000024a0       String__Ctor_2             00000000100304a0     guideXOS.obj
 0003:0000255c       String__LastIndexOf        000000001003055c     guideXOS.obj
 0003:00002584       String__ToString           0000000010030584     guideXOS.obj
 0003:00002588       String__Equals_0           0000000010030588     guideXOS.obj
 0003:000025c4       String__Concat             00000000100305c4     guideXOS.obj
 0003:000026b0       String__IndexOf            00000000100306b0     guideXOS.obj
 0003:000026e0       String__Concat_0           00000000100306e0     guideXOS.obj
 0003:00002754       String__Concat_1           0000000010030754     guideXOS.obj
 0003:00002818       String__Concat_2           0000000010030818     guideXOS.obj
 0003:00002900       String__Format             0000000010030900     guideXOS.obj
 0003:00002b04       String__Split              0000000010030b04     guideXOS.obj
 0003:00002c18       String__Substring          0000000010030c18     guideXOS.obj
 0003:00002c58       String__Substring_0        0000000010030c58     guideXOS.obj
 0003:00002c94       String__EndsWith_0         0000000010030c94     guideXOS.obj
 0003:00002d14       String__ToUpper            0000000010030d14     guideXOS.obj
 0003:00002da8       UInt16__ToString           0000000010030da8     guideXOS.obj
 0003:00002dc4       UInt32__ToString           0000000010030dc4     guideXOS.obj
 0003:00002de0       UInt64__ToString           0000000010030de0     guideXOS.obj
 0003:00002ea8       UInt64__ToStringHex        0000000010030ea8     guideXOS.obj
 0003:00002f50       guideXOS_System_Threading_Monitor__Unlock 0000000010030f50     guideXOS.obj
 0003:00002f94       RhTypeCast_CheckCastClass  0000000010030f94     guideXOS.obj
 0003:00002f94       guideXOS_System_Runtime_TypeCast__CheckCastClass 0000000010030f94     guideXOS.obj
 0003:00002fbc       RhTypeCast_CheckCastArray  0000000010030fbc     guideXOS.obj
 0003:00002fbc       guideXOS_System_Runtime_TypeCast__CheckCastArray 0000000010030fbc     guideXOS.obj
 0003:00002fe4       RhTypeCast_IsInstanceOfArray 0000000010030fe4     guideXOS.obj
 0003:00002fe4       guideXOS_System_Runtime_TypeCast__IsInstanceOfArray 0000000010030fe4     guideXOS.obj
 0003:00003040       guideXOS_System_Runtime_CompilerServices_ClassConstructorRunner__CheckStaticClassConstructionReturnNonGCStaticBase 0000000010031040     guideXOS.obj
 0003:00003058       guideXOS_System_Runtime_CompilerServices_ClassConstructorRunner__CheckStaticClassConstructionReturnGCStaticBase 0000000010031058     guideXOS.obj
 0003:00003070       guideXOS_System_Runtime_CompilerServices_ClassConstructorRunner__CheckStaticClassConstruction 0000000010031070     guideXOS.obj
 0003:000030a4       guideXOS_System_Drawing_Image___ctor 00000000100310a4     guideXOS.obj
 0003:000030e0       guideXOS_System_Drawing_Image___ctor_0 00000000100310e0     guideXOS.obj
 0003:000030e4       guideXOS_System_Drawing_Image__Resample 00000000100310e4     guideXOS.obj
 0003:00003488       guideXOS_System_Drawing_Image__ResizeImage 0000000010031488     guideXOS.obj
 0003:000035fc       guideXOS_System_Drawing_Image__Dispose 00000000100315fc     guideXOS.obj
 0003:00003684       guideXOS_System_Diagnostics_Process__Start 0000000010031684     guideXOS.obj
 0003:00003888       guideXOS_System_Diagnostics_Process__StartThread 0000000010031888     guideXOS.obj
 0003:00003904       guideXOS_System_Diagnostics_Process__FixImageRelocations 0000000010031904     guideXOS.obj
 0003:00003970       guideXOS_guideXOS_Animation___ctor 0000000010031970     guideXOS.obj
 0003:00003980       guideXOS_guideXOS_Animator__Initialize 0000000010031980     guideXOS.obj
 0003:000039d8       guideXOS_guideXOS_Animator__OnInterrupt 00000000100319d8     guideXOS.obj
 0003:00003a64       guideXOS_guideXOS_API__HandleSystemCall 0000000010031a64     guideXOS.obj
 0003:00003e00       guideXOS_guideXOS_API__API_SndWrite 0000000010031e00     guideXOS.obj
 0003:00003e08       guideXOS_guideXOS_API__API_Calloc 0000000010031e08     guideXOS.obj
 0003:00003e10       guideXOS_guideXOS_API__API_StartThread 0000000010031e10     guideXOS.obj
 0003:00003e4c       guideXOS_guideXOS_API__API_Error 0000000010031e4c     guideXOS.obj
 0003:00003e54       guideXOS_guideXOS_API__API_GetTime 0000000010031e54     guideXOS.obj
 0003:00003ed4       guideXOS_guideXOS_API__API_DrawImage 0000000010031ed4     guideXOS.obj
 0003:00003f08       guideXOS_guideXOS_API__API_WriteString 0000000010031f08     guideXOS.obj
 0003:00003f68       guideXOS_guideXOS_API__API_Width 0000000010031f68     guideXOS.obj
 0003:00003f7c       guideXOS_guideXOS_API__API_Height 0000000010031f7c     guideXOS.obj
 0003:00003f90       guideXOS_guideXOS_API__API_Update 0000000010031f90     guideXOS.obj
 0003:00003f98       guideXOS_guideXOS_API__API_Clear 0000000010031f98     guideXOS.obj
 0003:00003fb8       DebugWrite                 0000000010031fb8     guideXOS.obj
 0003:00003fb8       guideXOS_guideXOS_API__API_DebugWrite 0000000010031fb8     guideXOS.obj
 0003:00003fc0       DebugWriteLine             0000000010031fc0     guideXOS.obj
 0003:00003fc0       guideXOS_guideXOS_API__API_DebugWriteLine 0000000010031fc0     guideXOS.obj
 0003:00003fdc       Lock                       0000000010031fdc     guideXOS.obj
 0003:00003fdc       guideXOS_guideXOS_API__API_Lock 0000000010031fdc     guideXOS.obj
 0003:00004004       Unlock                     0000000010032004     guideXOS.obj
 0003:00004004       guideXOS_guideXOS_API__API_Unlock 0000000010032004     guideXOS.obj
 0003:00004044       guideXOS_guideXOS_API__API_DrawPoint 0000000010032044     guideXOS.obj
 0003:00004078       guideXOS_guideXOS_API__API_SwitchToConsoleMode 0000000010032078     guideXOS.obj
 0003:00004080       guideXOS_guideXOS_API__API_ReadAllBytes 0000000010032080     guideXOS.obj
 0003:00004188       guideXOS_guideXOS_API__API_Sleep 0000000010032188     guideXOS.obj
 0003:00004190       guideXOS_guideXOS_API__API_GetTick 0000000010032190     guideXOS.obj
 0003:000041a4       guideXOS_guideXOS_API__API_Write 00000000100321a4     guideXOS.obj
 0003:000041b0       guideXOS_guideXOS_API__API_WriteLine 00000000100321b0     guideXOS.obj
 0003:000041b8       guideXOS_guideXOS_API__API_Allocate 00000000100321b8     guideXOS.obj
 0003:000041c0       guideXOS_guideXOS_API__API_Free 00000000100321c0     guideXOS.obj
 0003:000041c8       guideXOS_guideXOS_API__API_Reallocate 00000000100321c8     guideXOS.obj
 0003:000041d0       guideXOS_guideXOS_API__SayHello 00000000100321d0     guideXOS.obj
 0003:000041dc       guideXOS_guideXOS_Kbd2Mouse__OnKeyChanged 00000000100321dc     guideXOS.obj
 0003:00004368       guideXOS_guideXOS_ASC16__DrawString 0000000010032368     guideXOS.obj
 0003:000043b8       guideXOS_guideXOS_ASC16__DrawChar 00000000100323b8     guideXOS.obj
 0003:0000444c       guideXOS_guideXOS_Console__add_OnWrite 000000001003244c     guideXOS.obj
 0003:000044d8       guideXOS_guideXOS_Console__Setup 00000000100324d8     guideXOS.obj
 0003:00004590       guideXOS_guideXOS_Console__Write 0000000010032590     guideXOS.obj
 0003:0000463c       guideXOS_guideXOS_Console__Write_0 000000001003263c     guideXOS.obj
 0003:000046c0       guideXOS_guideXOS_Console__WriteFramebuffer 00000000100326c0     guideXOS.obj
 0003:000047cc       guideXOS_guideXOS_Console__MoveUp 00000000100327cc     guideXOS.obj
 0003:00004800       guideXOS_guideXOS_Console__MoveUpFramebuffer 0000000010032800     guideXOS.obj
 0003:000048ac       guideXOS_guideXOS_Console__UpdateCursorFramebuffer 00000000100328ac     guideXOS.obj
 0003:0000495c       guideXOS_guideXOS_Console__WriteLine 000000001003295c     guideXOS.obj
 0003:000049f8       guideXOS_guideXOS_Console__WriteLine_0 00000000100329f8     guideXOS.obj
 0003:00004a3c       guideXOS_guideXOS_Console__Clear 0000000010032a3c     guideXOS.obj
 0003:00004a58       guideXOS_guideXOS_Console__ClearFramebuffer 0000000010032a58     guideXOS.obj
 0003:00004b14       guideXOS_guideXOS_FPSMeter__Update 0000000010032b14     guideXOS.obj
 0003:00004b70       guideXOS_guideXOS_PageTable__Initialise 0000000010032b70     guideXOS.obj
 0003:00004c44       guideXOS_guideXOS_PageTable__GetPageInternal 0000000010032c44     guideXOS.obj
 0003:00004d00       guideXOS_guideXOS_PageTable__MapOnRoot 0000000010032d00     guideXOS.obj
 0003:00004d90       guideXOS_guideXOS_PageTable__Next_0 0000000010032d90     guideXOS.obj
 0003:00004e60       guideXOS_guideXOS_NETv4__SwapLeftRight_0 0000000010032e60     guideXOS.obj
 0003:00004e90       guideXOS_guideXOS_SMP__ApplicationProcessorMain 0000000010032e90     guideXOS.obj
 0003:00004f2c       guideXOS_guideXOS_SMP__Initialize 0000000010032f2c     guideXOS.obj
 0003:000050bc       guideXOS_guideXOS_Misc_Audio__Initialize 00000000100330bc     guideXOS.obj
 0003:000050ec       guideXOS_guideXOS_Misc_Audio__snd_write 00000000100330ec     guideXOS.obj
 0003:000050ec       snd_write                  00000000100330ec     guideXOS.obj
 0003:000051d4       guideXOS_guideXOS_Misc_Audio__snd_clear 00000000100331d4     guideXOS.obj
 0003:000051d4       snd_clear                  00000000100331d4     guideXOS.obj
 0003:000051e8       guideXOS_guideXOS_Misc_Audio__require 00000000100331e8     guideXOS.obj
 0003:000052e4       guideXOS_guideXOS_Misc_Bitmap___ctor 00000000100332e4     guideXOS.obj
 0003:0000552c       guideXOS_guideXOS_Misc_BootSplash__Initialize 000000001003352c     guideXOS.obj
 0003:00005584       guideXOS_guideXOS_Misc_BootSplash__Tick 0000000010033584     guideXOS.obj
 0003:00005720       guideXOS_guideXOS_Misc_ClassID__GetName 0000000010033720     guideXOS.obj
 0003:00005888       Entry                      0000000010033888     guideXOS.obj
 0003:00005888       guideXOS_guideXOS_Misc_EntryPoint__Entry 0000000010033888     guideXOS.obj
 0003:00005c98       guideXOS_guideXOS_Misc_IFont__DrawChar 0000000010033c98     guideXOS.obj
 0003:00005e3c       guideXOS_guideXOS_Misc_IFont__DrawString 0000000010033e3c     guideXOS.obj
 0003:00005eb0       guideXOS_guideXOS_Misc_IFont__MeasureString 0000000010033eb0     guideXOS.obj
 0003:00005f1c       guideXOS_guideXOS_Misc_IFont__DrawString_0 0000000010033f1c     guideXOS.obj
 0003:00006030       guideXOS_guideXOS_Misc_Interrupts__EnableInterrupt_0 0000000010034030     guideXOS.obj
 0003:00006098       guideXOS_guideXOS_Misc_Interrupts__HandleInterrupt 0000000010034098     guideXOS.obj
 0003:00006100       guideXOS_guideXOS_Misc_Panic__Error 0000000010034100     guideXOS.obj
 0003:0000619c       guideXOS_guideXOS_Misc_PNG___ctor 000000001003419c     guideXOS.obj
 0003:0000638c       guideXOS_guideXOS_Misc_PNG__lodepng_decode_memory 000000001003438c     guideXOS.obj
 0003:00006428       guideXOS_guideXOS_Misc_Thread__NewThread 0000000010034428     guideXOS.obj
 0003:000064c8       guideXOS_guideXOS_Misc_Thread__Start 00000000100344c8     guideXOS.obj
 0003:00006578       guideXOS_guideXOS_Misc_Thread__Start_0 0000000010034578     guideXOS.obj
 0003:00006668       guideXOS_guideXOS_Misc_ThreadPool__Initialize 0000000010034668     guideXOS.obj
 0003:0000681c       guideXOS_guideXOS_Misc_ThreadPool__Terminate 000000001003481c     guideXOS.obj
 0003:000068ac       guideXOS_guideXOS_Misc_ThreadPool__IdleThread 00000000100348ac     guideXOS.obj
 0003:000068f0       guideXOS_guideXOS_Misc_ThreadPool__get_CanLock 00000000100348f0     guideXOS.obj
 0003:00006908       guideXOS_guideXOS_Misc_ThreadPool__Lock 0000000010034908     guideXOS.obj
 0003:00006940       guideXOS_guideXOS_Misc_ThreadPool__UnLock 0000000010034940     guideXOS.obj
 0003:00006954       guideXOS_guideXOS_Misc_ThreadPool__Schedule 0000000010034954     guideXOS.obj
 0003:00006cc4       guideXOS_guideXOS_Misc_USBDevice___ctor 0000000010034cc4     guideXOS.obj
 0003:00006cc8       guideXOS_guideXOS_Misc_USBRequest__Clean 0000000010034cc8     guideXOS.obj
 0003:00006d38       guideXOS_guideXOS_Misc_USB__OnInterrupt 0000000010034d38     guideXOS.obj
 0003:00006e50       guideXOS_guideXOS_Misc_USB__DriveDevice 0000000010034e50     guideXOS.obj
 0003:00006e74       guideXOS_guideXOS_Misc_USB__StartPolling 0000000010034e74     guideXOS.obj
 0003:00006eac       guideXOS_guideXOS_Misc_USB__LoopPoll 0000000010034eac     guideXOS.obj
 0003:00006f04       guideXOS_guideXOS_Misc_VendorID__GetName 0000000010034f04     guideXOS.obj
 0003:0000e354       guideXOS_guideXOS_Misc_WAV__Decode 000000001003c354     guideXOS.obj
 0003:0000e4a8       guideXOS_guideXOS_Graph_Graphics__FromImage 000000001003c4a8     guideXOS.obj
 0003:0000e50c       guideXOS_guideXOS_Graph_Graphics__Update 000000001003c50c     guideXOS.obj
 0003:0000e510       guideXOS_guideXOS_Graph_Graphics__Clear 000000001003c510     guideXOS.obj
 0003:0000e578       guideXOS_guideXOS_Graph_Graphics__Copy 000000001003c578     guideXOS.obj
 0003:0000e614       guideXOS_guideXOS_Graph_Graphics__FillRectangle 000000001003c614     guideXOS.obj
 0003:0000e68c       guideXOS_guideXOS_Graph_Graphics__AFillRectangle 000000001003c68c     guideXOS.obj
 0003:0000e7f8       guideXOS_guideXOS_Graph_Graphics__GetPoint 000000001003c7f8     guideXOS.obj
 0003:0000e824       guideXOS_guideXOS_Graph_Graphics__DrawPoint 000000001003c824     guideXOS.obj
 0003:0000e914       guideXOS_guideXOS_Graph_Graphics__DrawRectangle 000000001003c914     guideXOS.obj
 0003:0000e9d0       guideXOS_guideXOS_Graph_Graphics__Save 000000001003c9d0     guideXOS.obj
 0003:0000eaac       guideXOS_guideXOS_Graph_Graphics__ADrawImage 000000001003caac     guideXOS.obj
 0003:0000eb5c       guideXOS_guideXOS_Graph_Graphics__DrawImage 000000001003cb5c     guideXOS.obj
 0003:0000edb4       guideXOS_guideXOS_Graph_Graphics__FPartOfNumber 000000001003cdb4     guideXOS.obj
 0003:0000ede4       guideXOS_guideXOS_Graph_Graphics__DrawPoint_0 000000001003cde4     guideXOS.obj
 0003:0000ee4c       guideXOS_guideXOS_Graph_Graphics__DrawLine 000000001003ce4c     guideXOS.obj
 0003:0000f010       guideXOS_guideXOS_Graph_Graphics__BlurRectangle 000000001003d010     guideXOS.obj
 0003:0000f548       guideXOS_guideXOS_FS_AutoFS___ctor 000000001003d548     guideXOS.obj
 0003:0000f6ac       guideXOS_guideXOS_FS_AutoFS__LooksLikeTar 000000001003d6ac     guideXOS.obj
 0003:0000f6f0       guideXOS_guideXOS_FS_AutoFS__LooksLikeFat 000000001003d6f0     guideXOS.obj
 0003:0000f780       guideXOS_guideXOS_FS_AutoFS__GetFiles 000000001003d780     guideXOS.obj
 0003:0000f78c       guideXOS_guideXOS_FS_AutoFS__ReadAllBytes 000000001003d78c     guideXOS.obj
 0003:0000f798       guideXOS_guideXOS_FS_AutoFS__WriteAllBytes 000000001003d798     guideXOS.obj
 0003:0000f7a4       guideXOS_guideXOS_FS_AutoFS__Format 000000001003d7a4     guideXOS.obj
 0003:0000f7b0       guideXOS_guideXOS_FS_AutoFS__LooksLikeExt 000000001003d7b0     guideXOS.obj
 0003:0000f888       guideXOS_guideXOS_FS_EXT2___ctor 000000001003d888     guideXOS.obj
 0003:0000fa3c       guideXOS_guideXOS_FS_EXT2__ReadBytes 000000001003da3c     guideXOS.obj
 0003:0000fb50       guideXOS_guideXOS_FS_EXT2__WriteBytes 000000001003db50     guideXOS.obj
 0003:0000fc74       guideXOS_guideXOS_FS_EXT2__ReadBlock 000000001003dc74     guideXOS.obj
 0003:0000fd04       guideXOS_guideXOS_FS_EXT2__WriteBlock 000000001003dd04     guideXOS.obj
 0003:0000fe30       guideXOS_guideXOS_FS_EXT2__ReadBlockRange 000000001003de30     guideXOS.obj
 0003:0000fecc       guideXOS_guideXOS_FS_EXT2__ReadU32 000000001003decc     guideXOS.obj
 0003:0000ff34       guideXOS_guideXOS_FS_EXT2__WriteU16 000000001003df34     guideXOS.obj
 0003:0000ff68       guideXOS_guideXOS_FS_EXT2__WriteU32 000000001003df68     guideXOS.obj
 0003:0000ffc8       guideXOS_guideXOS_FS_EXT2__ReadInode 000000001003dfc8     guideXOS.obj
 0003:000100dc       guideXOS_guideXOS_FS_EXT2__WriteInode 000000001003e0dc     guideXOS.obj
 0003:000101b4       guideXOS_guideXOS_FS_EXT2__EnumDirectory 000000001003e1b4     guideXOS.obj
 0003:00010600       guideXOS_guideXOS_FS_EXT2__ResolvePathToInode 000000001003e600     guideXOS.obj
 0003:00010774       guideXOS_guideXOS_FS_EXT2__StrEq 000000001003e774     guideXOS.obj
 0003:000107ac       guideXOS_guideXOS_FS_EXT2__GetFiles 000000001003e7ac     guideXOS.obj
 0003:00010944       guideXOS_guideXOS_FS_EXT2__ReadAllBytes 000000001003e944     guideXOS.obj
 0003:00010bdc       guideXOS_guideXOS_FS_EXT2__WriteAllBytes 000000001003ebdc     guideXOS.obj
 0003:00010f40       guideXOS_guideXOS_FS_EXT2__Format 000000001003ef40     guideXOS.obj
 0003:00010f50       guideXOS_guideXOS_FS_FAT___ctor 000000001003ef50     guideXOS.obj
 0003:0001110c       guideXOS_guideXOS_FS_FAT__ReadSectorsCached 000000001003f10c     guideXOS.obj
 0003:000112cc       guideXOS_guideXOS_FS_FAT__WriteSector 000000001003f2cc     guideXOS.obj
 0003:0001135c       guideXOS_guideXOS_FS_FAT__ReadFatEntry 000000001003f35c     guideXOS.obj
 0003:0001153c       guideXOS_guideXOS_FS_FAT__WriteFatEntry 000000001003f53c     guideXOS.obj
 0003:00011a30       guideXOS_guideXOS_FS_FAT__IsEOC 000000001003fa30     guideXOS.obj
 0003:00011a68       guideXOS_guideXOS_FS_FAT__EOC 000000001003fa68     guideXOS.obj
 0003:00011a88       guideXOS_guideXOS_FS_FAT__GetClusterChain 000000001003fa88     guideXOS.obj
 0003:00011b34       guideXOS_guideXOS_FS_FAT__ReadCluster 000000001003fb34     guideXOS.obj
 0003:00011c78       guideXOS_guideXOS_FS_FAT__ZeroCluster 000000001003fc78     guideXOS.obj
 0003:00011d64       guideXOS_guideXOS_FS_FAT__ReadAllClusterChain 000000001003fd64     guideXOS.obj
 0003:00011f14       guideXOS_guideXOS_FS_FAT__ComposeShortName 000000001003ff14     guideXOS.obj
 0003:00011fc4       guideXOS_guideXOS_FS_FAT__AssembleLfn 000000001003ffc4     guideXOS.obj
 0003:000120b0       guideXOS_guideXOS_FS_FAT__IterateDirectory 00000000100400b0     guideXOS.obj
 0003:000121c0       guideXOS_guideXOS_FS_FAT__IterateDirSectorRangeCluster 00000000100401c0     guideXOS.obj
 0003:00012270       guideXOS_guideXOS_FS_FAT__IterateDirEntries 0000000010040270     guideXOS.obj
 0003:00012404       guideXOS_guideXOS_FS_FAT__EqualsIgnoreCase 0000000010040404     guideXOS.obj
 0003:00012464       guideXOS_guideXOS_FS_FAT__FindPath 0000000010040464     guideXOS.obj
 0003:0001287c       guideXOS_guideXOS_FS_FAT__FindEntryLoc 000000001004087c     guideXOS.obj
 0003:00012ff8       guideXOS_guideXOS_FS_FAT__NextFreeCluster 0000000010040ff8     guideXOS.obj
[...]
 0008:0000026b       __E2E33A61_corecrt_wstdlib@h 00000000101c826b     NativeLib:ffunicode.obj
 0008:0000026c       __10D4A829_limits@h        00000000101c826c     NativeLib:ffunicode.obj
 0008:0000026d       __6E5ACABA_stdlib@h        00000000101c826d     NativeLib:ffunicode.obj
 0008:0000026e       __30B1AFDA_unknwnbase@h    00000000101c826e     NativeLib:ffunicode.obj
 0008:0000026f       __328C1996_objidlbase@h    00000000101c826f     NativeLib:ffunicode.obj
 0008:00000270       __C4E06B6A_cguid@h         00000000101c8270     NativeLib:ffunicode.obj
 0008:00000271       __434718C5_combaseapi@h    00000000101c8271     NativeLib:ffunicode.obj
 0008:00000272       __DE6FDEF1_unknwn@h        00000000101c8272     NativeLib:ffunicode.obj
 0008:00000273       __CCE0BACC_objidl@h        00000000101c8273     NativeLib:ffunicode.obj
 0008:00000274       __8C7011E5_oaidl@h         00000000101c8274     NativeLib:ffunicode.obj
 0008:00000275       __2E0B7863_propidlbase@h   00000000101c8275     NativeLib:ffunicode.obj
 0008:00000276       __BF4CF2EC_coml2api@h      00000000101c8276     NativeLib:ffunicode.obj
 0008:00000277       __6D897344_oleidl@h        00000000101c8277     NativeLib:ffunicode.obj
 0008:00000278       __1129FC2C_servprov@h      00000000101c8278     NativeLib:ffunicode.obj
 0008:00000279       __757952E4_msxml@h         00000000101c8279     NativeLib:ffunicode.obj
 0008:0000027a       __B1191D53_urlmon@h        00000000101c827a     NativeLib:ffunicode.obj
 0008:0000027b       __404D1A47_propidl@h       00000000101c827b     NativeLib:ffunicode.obj
 0008:0000027c       __A1C63593_objbase@h       00000000101c827c     NativeLib:ffunicode.obj
 0008:0000027d       __C1B0A9CB_oleauto@h       00000000101c827d     NativeLib:ffunicode.obj
 0008:0000027e       __24EAF61F_ole2@h          00000000101c827e     NativeLib:ffunicode.obj
 0008:0000027f       __2B1843DA_commdlg@h       00000000101c827f     NativeLib:ffunicode.obj
 0008:00000280       __81DDEDE3_stralign@h      00000000101c8280     NativeLib:ffunicode.obj
 0008:00000281       __2134D1B4_winsvc@h        00000000101c8281     NativeLib:ffunicode.obj
 0008:00000282       __11C07376_mcx@h           00000000101c8282     NativeLib:ffunicode.obj
 0008:00000283       __577CE3E7_ime_cmodes@h    00000000101c8283     NativeLib:ffunicode.obj
 0008:00000284       __1E72C31E_imm@h           00000000101c8284     NativeLib:ffunicode.obj
 0008:00000285       __E15BF856_windows@h       00000000101c8285     NativeLib:ffunicode.obj
 0008:00000286       __44420885_corecrt_stdio_config@h 00000000101c8286     NativeLib:ffunicode.obj
 0008:00000287       __EF1F6BBA_corecrt_wconio@h 00000000101c8287     NativeLib:ffunicode.obj
 0008:00000288       __3D1D430C_corecrt_wdirect@h 00000000101c8288     NativeLib:ffunicode.obj
 0008:00000289       __8ECB7138_corecrt_share@h 00000000101c8289     NativeLib:ffunicode.obj
 0008:0000028a       __DB7FEBA6_corecrt_wio@h   00000000101c828a     NativeLib:ffunicode.obj
 0008:0000028b       __9A9F0068_corecrt_wprocess@h 00000000101c828b     NativeLib:ffunicode.obj
 0008:0000028c       __AB601D8D_corecrt_wstdio@h 00000000101c828c     NativeLib:ffunicode.obj
 0008:0000028d       __369A9BC3_corecrt_wtime@h 00000000101c828d     NativeLib:ffunicode.obj
 0008:0000028e       __CE789B9D_types@h         00000000101c828e     NativeLib:ffunicode.obj
 0008:0000028f       __9901C817_stat@h          00000000101c828f     NativeLib:ffunicode.obj
 0008:00000290       __3FCAD62E_wchar@h         00000000101c8290     NativeLib:ffunicode.obj
 0008:00000291       __0E22CCB3_tchar@h         00000000101c8291     NativeLib:ffunicode.obj
 0008:00000292       __4CCC6929_integer@h       00000000101c8292     NativeLib:ffunicode.obj
 0008:00000293       __ED2A062E_ffconf@h        00000000101c8293     NativeLib:ffunicode.obj
 0008:00000294       __A5A085C2_ff@h            00000000101c8294     NativeLib:ffunicode.obj
 0008:00000295       __87CD6F4B_ffunicode@c     00000000101c8295     NativeLib:ffunicode.obj
 0008:00000296       __0ED14FEE_winpackagefamily@h 00000000101c8296     NativeLib:diskio.obj
 0008:00000297       __F92EF742_winapifamily@h  00000000101c8297     NativeLib:diskio.obj
 0008:00000298       __22E515EB_sdkddkver@h     00000000101c8298     NativeLib:diskio.obj
 0008:00000299       __FE09AF47_concurrencysal@h 00000000101c8299     NativeLib:diskio.obj
 0008:0000029a       __C073CA79_sal@h           00000000101c829a     NativeLib:diskio.obj
 0008:0000029b       __D6AFE870_vadefs@h        00000000101c829b     NativeLib:diskio.obj
 0008:0000029c       __D63E96CF_vcruntime@h     00000000101c829c     NativeLib:diskio.obj
 0008:0000029d       __514B86D7_excpt@h         00000000101c829d     NativeLib:diskio.obj
 0008:0000029e       __9A7D38D9_stdarg@h        00000000101c829e     NativeLib:diskio.obj
 0008:0000029f       __29F49F40_specstrings_undef@h 00000000101c829f     NativeLib:diskio.obj
 0008:000002a0       __D0F42932_specstrings_strict@h 00000000101c82a0     NativeLib:diskio.obj
 0008:000002a1       __F00405FD_sdv_driverspecs@h 00000000101c82a1     NativeLib:diskio.obj
 0008:000002a2       __173E09CA_driverspecs@h   00000000101c82a2     NativeLib:diskio.obj
 0008:000002a3       __9A452361_specstrings@h   00000000101c82a3     NativeLib:diskio.obj
 0008:000002a4       __1B0272D9_corecrt@h       00000000101c82a4     NativeLib:diskio.obj
 0008:000002a5       __74484FB3_corecrt_wctype@h 00000000101c82a5     NativeLib:diskio.obj
 0008:000002a6       __1EC467ED_ctype@h         00000000101c82a6     NativeLib:diskio.obj
 0008:000002a7       __98517906_kernelspecs@h   00000000101c82a7     NativeLib:diskio.obj
 0008:000002a8       __D3497022_basetsd@h       00000000101c82a8     NativeLib:diskio.obj
 0008:000002a9       __61CC25A1_errno@h         00000000101c82a9     NativeLib:diskio.obj
 0008:000002aa       __3EADF068_vcruntime_string@h 00000000101c82aa     NativeLib:diskio.obj
 0008:000002ab       __E4C945B4_corecrt_memcpy_s@h 00000000101c82ab     NativeLib:diskio.obj
 0008:000002ac       __8EAFF484_corecrt_memory@h 00000000101c82ac     NativeLib:diskio.obj
 0008:000002ad       __6490AEC5_corecrt_wstring@h 00000000101c82ad     NativeLib:diskio.obj
 0008:000002ae       __E8295E1E_string@h        00000000101c82ae     NativeLib:diskio.obj
 0008:000002af       __7FCB5136_guiddef@h       00000000101c82af     NativeLib:diskio.obj
 0008:000002b0       __FF8A9E11_pshpack4@h      00000000101c82b0     NativeLib:diskio.obj
 0008:000002b1       __D5438902_poppack@h       00000000101c82b1     NativeLib:diskio.obj
 0008:000002b2       __FB07E2A3_pshpack2@h      00000000101c82b2     NativeLib:diskio.obj
 0008:000002b3       __F6906775_pshpack8@h      00000000101c82b3     NativeLib:diskio.obj
 0008:000002b4       __F9415CFA_pshpack1@h      00000000101c82b4     NativeLib:diskio.obj
 0008:000002b5       __E58C6F1C_apiset@h        00000000101c82b5     NativeLib:diskio.obj
 0008:000002b6       __A5C52262_ktmtypes@h      00000000101c82b6     NativeLib:diskio.obj
 0008:000002b7       __FBBA8F9D_winnt@h         00000000101c82b7     NativeLib:diskio.obj
 0008:000002b8       __A32D3D2C_minwindef@h     00000000101c82b8     NativeLib:diskio.obj
 0008:000002b9       __7D798299_windef@h        00000000101c82b9     NativeLib:diskio.obj
 0008:000002ba       __9AE108E9_apisetcconv@h   00000000101c82ba     NativeLib:diskio.obj
 0008:000002bb       __9CE53D2C_minwinbase@h    00000000101c82bb     NativeLib:diskio.obj
 0008:000002bc       __5D0AA210_apiquery2@h     00000000101c82bc     NativeLib:diskio.obj
 0008:000002bd       __4DD4E726_processenv@h    00000000101c82bd     NativeLib:diskio.obj
 0008:000002be       __3575CC96_fileapi@h       00000000101c82be     NativeLib:diskio.obj
 0008:000002bf       __8EA220E6_fileapifromapp@h 00000000101c82bf     NativeLib:diskio.obj
 0008:000002c0       __BF9B31FE_debugapi@h      00000000101c82c0     NativeLib:diskio.obj
 0008:000002c1       __C3AFE134_utilapiset@h    00000000101c82c1     NativeLib:diskio.obj
 0008:000002c2       __76F69E51_handleapi@h     00000000101c82c2     NativeLib:diskio.obj
 0008:000002c3       __7E63D784_errhandlingapi@h 00000000101c82c3     NativeLib:diskio.obj
 0008:000002c4       __FFA7003C_fibersapi@h     00000000101c82c4     NativeLib:diskio.obj
 0008:000002c5       __8971CECF_namedpipeapi@h  00000000101c82c5     NativeLib:diskio.obj
 0008:000002c6       __46C9D8A6_profileapi@h    00000000101c82c6     NativeLib:diskio.obj
 0008:000002c7       __98D4F0A3_heapapi@h       00000000101c82c7     NativeLib:diskio.obj
 0008:000002c8       __50EF2A88_ioapiset@h      00000000101c82c8     NativeLib:diskio.obj
 0008:000002c9       __92EA1464_synchapi@h      00000000101c82c9     NativeLib:diskio.obj
 0008:000002ca       __A53D8AED_interlockedapi@h 00000000101c82ca     NativeLib:diskio.obj
 0008:000002cb       __B506CAAF_processthreadsapi@h 00000000101c82cb     NativeLib:diskio.obj
 0008:000002cc       __FF735694_sysinfoapi@h    00000000101c82cc     NativeLib:diskio.obj
 0008:000002cd       __29589789_memoryapi@h     00000000101c82cd     NativeLib:diskio.obj
 0008:000002ce       __E9C7A663_enclaveapi@h    00000000101c82ce     NativeLib:diskio.obj
 0008:000002cf       __D035F9F7_threadpoollegacyapiset@h 00000000101c82cf     NativeLib:diskio.obj
 0008:000002d0       __C899130C_threadpoolapiset@h 00000000101c82d0     NativeLib:diskio.obj
 0008:000002d1       __E0441EE7_jobapi@h        00000000101c82d1     NativeLib:diskio.obj
 0008:000002d2       __CEF86838_jobapi2@h       00000000101c82d2     NativeLib:diskio.obj
 0008:000002d3       __35AC6B9A_wow64apiset@h   00000000101c82d3     NativeLib:diskio.obj
 0008:000002d4       __C8AE41A5_libloaderapi@h  00000000101c82d4     NativeLib:diskio.obj
 0008:000002d5       __CC9E232D_securitybaseapi@h 00000000101c82d5     NativeLib:diskio.obj
 0008:000002d6       __C9D0C9B8_namespaceapi@h  00000000101c82d6     NativeLib:diskio.obj
 0008:000002d7       __30FF9CAD_systemtopologyapi@h 00000000101c82d7     NativeLib:diskio.obj
 0008:000002d8       __4D358795_processtopologyapi@h 00000000101c82d8     NativeLib:diskio.obj
 0008:000002d9       __40446D10_securityappcontainer@h 00000000101c82d9     NativeLib:diskio.obj
 0008:000002da       __3A952EDF_realtimeapiset@h 00000000101c82da     NativeLib:diskio.obj
 0008:000002db       __F4865F4B_winerror@h      00000000101c82db     NativeLib:diskio.obj
 0008:000002dc       __53C1BD93_timezoneapi@h   00000000101c82dc     NativeLib:diskio.obj
 0008:000002dd       __1FFBEDBF_winbase@h       00000000101c82dd     NativeLib:diskio.obj
 0008:000002de       __43D3FA34_wingdi@h        00000000101c82de     NativeLib:diskio.obj
 0008:000002df       __D24A7391_tvout@h         00000000101c82df     NativeLib:diskio.obj
 0008:000002e0       __7713A6C8_winuser@h       00000000101c82e0     NativeLib:diskio.obj
 0008:000002e1       __0B345F71_datetimeapi@h   00000000101c82e1     NativeLib:diskio.obj
 0008:000002e2       __9AC6960C_winnls@h        00000000101c82e2     NativeLib:diskio.obj
 0008:000002e3       __973A40A8_stringapiset@h  00000000101c82e3     NativeLib:diskio.obj
 0008:000002e4       __CC46FEE2_wincontypes@h   00000000101c82e4     NativeLib:diskio.obj
 0008:000002e5       __97D70BE1_consoleapi@h    00000000101c82e5     NativeLib:diskio.obj
 0008:000002e6       __27EC5E18_consoleapi2@h   00000000101c82e6     NativeLib:diskio.obj
 0008:000002e7       __262E342F_consoleapi3@h   00000000101c82e7     NativeLib:diskio.obj
 0008:000002e8       __641DCD70_wincon@h        00000000101c82e8     NativeLib:diskio.obj
 0008:000002e9       __5A96C7A7_verrsrc@h       00000000101c82e9     NativeLib:diskio.obj
 0008:000002ea       __B69C6FF2_winver@h        00000000101c82ea     NativeLib:diskio.obj
 0008:000002eb       __7AEB8C37_reason@h        00000000101c82eb     NativeLib:diskio.obj
 0008:000002ec       __59F1A8A9_winreg@h        00000000101c82ec     NativeLib:diskio.obj
 0008:000002ed       __EE0E2B7F_wnnc@h          00000000101c82ed     NativeLib:diskio.obj
 0008:000002ee       __DCDB7054_winnetwk@h      00000000101c82ee     NativeLib:diskio.obj
 0008:000002ef       __EDC72EEB_cderr@h         00000000101c82ef     NativeLib:diskio.obj
 0008:000002f0       __95F9199D_dde@h           00000000101c82f0     NativeLib:diskio.obj
 0008:000002f1       __66427627_ddeml@h         00000000101c82f1     NativeLib:diskio.obj
 0008:000002f2       __957C29A0_dlgs@h          00000000101c82f2     NativeLib:diskio.obj
 0008:000002f3       __12EA15AF_lzexpand@h      00000000101c82f3     NativeLib:diskio.obj
 0008:000002f4       __62131F15_mmsyscom@h      00000000101c82f4     NativeLib:diskio.obj
 0008:000002f5       __47E68D49_mciapi@h        00000000101c82f5     NativeLib:diskio.obj
 0008:000002f6       __5D7DD356_mmiscapi@h      00000000101c82f6     NativeLib:diskio.obj
 0008:000002f7       __7223D2EF_mmiscapi2@h     00000000101c82f7     NativeLib:diskio.obj
 0008:000002f8       __A330DBB3_playsoundapi@h  00000000101c82f8     NativeLib:diskio.obj
 0008:000002f9       __601B366F_mmeapi@h        00000000101c82f9     NativeLib:diskio.obj
 0008:000002fa       __1134ADD5_timeapi@h       00000000101c82fa     NativeLib:diskio.obj
 0008:000002fb       __93F2265A_joystickapi@h   00000000101c82fb     NativeLib:diskio.obj
 0008:000002fc       __DF6EB4E3_mmsystem@h      00000000101c82fc     NativeLib:diskio.obj
 0008:000002fd       __BD641FCB_nb30@h          00000000101c82fd     NativeLib:diskio.obj
 0008:000002fe       __DF8704F0_rpcdcep@h       00000000101c82fe     NativeLib:diskio.obj
 0008:000002ff       __5C6CA7BB_rpcdce@h        00000000101c82ff     NativeLib:diskio.obj
 0008:00000300       __853533C4_rpcnsi@h        00000000101c8300     NativeLib:diskio.obj
 0008:00000301       __2D2406C3_rpcnterr@h      00000000101c8301     NativeLib:diskio.obj
 0008:00000302       __64521D71_rpcasync@h      00000000101c8302     NativeLib:diskio.obj
 0008:00000303       __AADCBA08_rpc@h           00000000101c8303     NativeLib:diskio.obj
 0008:00000304       __19E26CFF_shellapi@h      00000000101c8304     NativeLib:diskio.obj
 0008:00000305       __1E9F31D3_winperf@h       00000000101c8305     NativeLib:diskio.obj
 0008:00000306       __832A4112_inaddr@h        00000000101c8306     NativeLib:diskio.obj
 0008:00000307       __32C6F875_winsock@h       00000000101c8307     NativeLib:diskio.obj
 0008:00000308       __7953A3F8_bcrypt@h        00000000101c8308     NativeLib:diskio.obj
 0008:00000309       __E4169492_ncrypt@h        00000000101c8309     NativeLib:diskio.obj
 0008:0000030a       __AF3DDDC3_dpapi@h         00000000101c830a     NativeLib:diskio.obj
 0008:0000030b       __D1E23BF2_wincrypt@h      00000000101c830b     NativeLib:diskio.obj
 0008:0000030c       __82AB4779_winefs@h        00000000101c830c     NativeLib:diskio.obj
 0008:0000030d       __1FE431C9_rpcnsip@h       00000000101c830d     NativeLib:diskio.obj
 0008:0000030e       __2B741F2D_rpcsal@h        00000000101c830e     NativeLib:diskio.obj
 0008:0000030f       __92623256_rpcndr@h        00000000101c830f     NativeLib:diskio.obj
 0008:00000310       __9C18532E_wtypesbase@h    00000000101c8310     NativeLib:diskio.obj
 0008:00000311       __EA2E1D6D_wtypes@h        00000000101c8311     NativeLib:diskio.obj
 0008:00000312       __7DDD9F45_winioctl@h      00000000101c8312     NativeLib:diskio.obj
 0008:00000313       __E550A843_winsmcrd@h      00000000101c8313     NativeLib:diskio.obj
 0008:00000314       __9809C1BA_winscard@h      00000000101c8314     NativeLib:diskio.obj
 0008:00000315       __EA174FA4_prsht@h         00000000101c8315     NativeLib:diskio.obj
 0008:00000316       __0E1BD114_winspool@h      00000000101c8316     NativeLib:diskio.obj
 0008:00000317       __45DED006_corecrt_malloc@h 00000000101c8317     NativeLib:diskio.obj
 0008:00000318       __13F5961F_stddef@h        00000000101c8318     NativeLib:diskio.obj
 0008:00000319       __FD6DBD68_corecrt_search@h 00000000101c8319     NativeLib:diskio.obj
 0008:0000031a       __E2E33A61_corecrt_wstdlib@h 00000000101c831a     NativeLib:diskio.obj
 0008:0000031b       __10D4A829_limits@h        00000000101c831b     NativeLib:diskio.obj
 0008:0000031c       __6E5ACABA_stdlib@h        00000000101c831c     NativeLib:diskio.obj
 0008:0000031d       __30B1AFDA_unknwnbase@h    00000000101c831d     NativeLib:diskio.obj
 0008:0000031e       __328C1996_objidlbase@h    00000000101c831e     NativeLib:diskio.obj
 0008:0000031f       __C4E06B6A_cguid@h         00000000101c831f     NativeLib:diskio.obj
 0008:00000320       __434718C5_combaseapi@h    00000000101c8320     NativeLib:diskio.obj
 0008:00000321       __DE6FDEF1_unknwn@h        00000000101c8321     NativeLib:diskio.obj
 0008:00000322       __CCE0BACC_objidl@h        00000000101c8322     NativeLib:diskio.obj
 0008:00000323       __8C7011E5_oaidl@h         00000000101c8323     NativeLib:diskio.obj
 0008:00000324       __2E0B7863_propidlbase@h   00000000101c8324     NativeLib:diskio.obj
 0008:00000325       __BF4CF2EC_coml2api@h      00000000101c8325     NativeLib:diskio.obj
 0008:00000326       __6D897344_oleidl@h        00000000101c8326     NativeLib:diskio.obj
 0008:00000327       __1129FC2C_servprov@h      00000000101c8327     NativeLib:diskio.obj
 0008:00000328       __757952E4_msxml@h         00000000101c8328     NativeLib:diskio.obj
 0008:00000329       __B1191D53_urlmon@h        00000000101c8329     NativeLib:diskio.obj
 0008:0000032a       __404D1A47_propidl@h       00000000101c832a     NativeLib:diskio.obj
 0008:0000032b       __A1C63593_objbase@h       00000000101c832b     NativeLib:diskio.obj
 0008:0000032c       __C1B0A9CB_oleauto@h       00000000101c832c     NativeLib:diskio.obj
 0008:0000032d       __24EAF61F_ole2@h          00000000101c832d     NativeLib:diskio.obj
 0008:0000032e       __2B1843DA_commdlg@h       00000000101c832e     NativeLib:diskio.obj
 0008:0000032f       __81DDEDE3_stralign@h      00000000101c832f     NativeLib:diskio.obj
 0008:00000330       __2134D1B4_winsvc@h        00000000101c8330     NativeLib:diskio.obj
 0008:00000331       __11C07376_mcx@h           00000000101c8331     NativeLib:diskio.obj
 0008:00000332       __577CE3E7_ime_cmodes@h    00000000101c8332     NativeLib:diskio.obj
 0008:00000333       __1E72C31E_imm@h           00000000101c8333     NativeLib:diskio.obj
 0008:00000334       __E15BF856_windows@h       00000000101c8334     NativeLib:diskio.obj
 0008:00000335       __44420885_corecrt_stdio_config@h 00000000101c8335     NativeLib:diskio.obj
 0008:00000336       __EF1F6BBA_corecrt_wconio@h 00000000101c8336     NativeLib:diskio.obj
 0008:00000337       __3D1D430C_corecrt_wdirect@h 00000000101c8337     NativeLib:diskio.obj
 0008:00000338       __8ECB7138_corecrt_share@h 00000000101c8338     NativeLib:diskio.obj
 0008:00000339       __DB7FEBA6_corecrt_wio@h   00000000101c8339     NativeLib:diskio.obj
 0008:0000033a       __9A9F0068_corecrt_wprocess@h 00000000101c833a     NativeLib:diskio.obj
 0008:0000033b       __AB601D8D_corecrt_wstdio@h 00000000101c833b     NativeLib:diskio.obj
 0008:0000033c       __369A9BC3_corecrt_wtime@h 00000000101c833c     NativeLib:diskio.obj
 0008:0000033d       __CE789B9D_types@h         00000000101c833d     NativeLib:diskio.obj
 0008:0000033e       __9901C817_stat@h          00000000101c833e     NativeLib:diskio.obj
 0008:0000033f       __3FCAD62E_wchar@h         00000000101c833f     NativeLib:diskio.obj
 0008:00000340       __0E22CCB3_tchar@h         00000000101c8340     NativeLib:diskio.obj
 0008:00000341       __4CCC6929_integer@h       00000000101c8341     NativeLib:diskio.obj
 0008:00000342       __3D17D6D7_diskio@h        00000000101c8342     NativeLib:diskio.obj
 0008:00000343       __AAC50F5F_diskio@c        00000000101c8343     NativeLib:diskio.obj
 0009:000000a0       $R000000                   00000000101c90a0     guideXOS.res
 0009:000002f0       $R000250                   00000000101c92f0     guideXOS.res
