 guideXOS

 Timestamp is 69019bbd (Tue Oct 28 21:44:45 2025)

 Preferred load address is 0000000010000000

 Start         Length     Name                   Class
 0001:00000000 00000240H .text                   CODE
 0001:00000240 00020751H .text$mn                CODE
 0002:00000000 00000021H .unbox$M                CODE
 0003:00000000 0001d40bH .managedcode$I          CODE
 0004:00000000 00007f20H .rdata                  DATA
 0004:00007f20 00000018H .rdata$voltmd           DATA
 0004:00007f38 0000019cH .rdata$zzzdbg           DATA
 0004:000080d4 00004cfcH .xdata                  DATA
 0004:0000cdd0 00000000H .edata                  DATA
 0005:00000000 0001ceb0H .data                   DATA
 0005:0001ceb0 001005b0H .bss                    DATA
 0006:00000000 00002130H .pdata                  DATA
 0007:00000000 00000008H .modules$I              DATA
 0008:00000000 0000006eH .msvcjmc                DATA
 0009:00000000 000000a0H .rsrc$01                DATA
 0009:000000a0 00000440H .rsrc$02                DATA

  Address         Publics by Value              Rva+Base               Lib:Object

 0000:00000000       __AbsoluteZero             0000000000000000     <absolute>
 0000:00000000       ___safe_se_handler_count   0000000000000000     <absolute>
 0000:00000000       ___safe_se_handler_table   0000000000000000     <absolute>
 0000:00000000       __arm64x_extra_rfe_table   0000000000000000     <absolute>
 0000:00000000       __arm64x_extra_rfe_table_size 0000000000000000     <absolute>
 0000:00000000       __arm64x_native_entrypoint 0000000000000000     <absolute>
 0000:00000000       __arm64x_redirection_metadata 0000000000000000     <absolute>
 0000:00000000       __arm64x_redirection_metadata_count 0000000000000000     <absolute>
 0000:00000000       __dynamic_value_reloc_table 0000000000000000     <absolute>
 0000:00000000       __enclave_config           0000000000000000     <absolute>
 0000:00000000       __guard_check_icall_a64n_fptr 0000000000000000     <absolute>
 0000:00000000       __guard_eh_cont_count      0000000000000000     <absolute>
 0000:00000000       __guard_eh_cont_table      0000000000000000     <absolute>
 0000:00000000       __guard_fids_count         0000000000000000     <absolute>
 0000:00000000       __guard_fids_table         0000000000000000     <absolute>
 0000:00000000       __guard_iat_count          0000000000000000     <absolute>
 0000:00000000       __guard_iat_table          0000000000000000     <absolute>
 0000:00000000       __guard_longjmp_count      0000000000000000     <absolute>
 0000:00000000       __guard_longjmp_table      0000000000000000     <absolute>
 0000:00000000       __hybrid_auxiliary_delayload_iat 0000000000000000     <absolute>
 0000:00000000       __hybrid_auxiliary_delayload_iat_copy 0000000000000000     <absolute>
 0000:00000000       __hybrid_auxiliary_iat     0000000000000000     <absolute>
 0000:00000000       __hybrid_auxiliary_iat_copy 0000000000000000     <absolute>
 0000:00000000       __hybrid_code_map          0000000000000000     <absolute>
 0000:00000000       __hybrid_code_map_count    0000000000000000     <absolute>
 0000:00000000       __hybrid_image_info_bitfield 0000000000000000     <absolute>
 0000:00000000       __x64_code_ranges_to_entry_points 0000000000000000     <absolute>
 0000:00000000       __x64_code_ranges_to_entry_points_count 0000000000000000     <absolute>
 0000:00000100       __guard_flags              0000000000000100     <absolute>
 0000:00000000       __ImageBase                0000000010000000     <linker-defined>
 0001:00000000       __GetNonGCStaticBase_guideXOS_Program 0000000010001000     guideXOS.obj
 0001:00000008       __GetNonGCStaticBase_guideXOS_Allocator 0000000010001008     guideXOS.obj
 0001:00000010       __GetNonGCStaticBase_guideXOS_GDT 0000000010001010     guideXOS.obj
 0001:00000018       __GetNonGCStaticBase_guideXOS_IDT 0000000010001018     guideXOS.obj
 0001:00000020       __GetNonGCStaticBase_guideXOS_System_Windows_Forms_Control 0000000010001020     guideXOS.obj
 0001:00000028       __GetNonGCStaticBase_guideXOS_guideXOS_Kbd2Mouse 0000000010001028     guideXOS.obj
 0001:00000030       __GetNonGCStaticBase_guideXOS_guideXOS_Console 0000000010001030     guideXOS.obj
 0001:00000038       __GetNonGCStaticBase_guideXOS_guideXOS_FPSMeter 0000000010001038     guideXOS.obj
 0001:00000040       __GetNonGCStaticBase_guideXOS_guideXOS_PageTable 0000000010001040     guideXOS.obj
 0001:00000048       __GetNonGCStaticBase_guideXOS_guideXOS_SMP 0000000010001048     guideXOS.obj
 0001:00000050       __GetNonGCStaticBase_guideXOS_guideXOS_Misc_Audio 0000000010001050     guideXOS.obj
 0001:00000058       __GetNonGCStaticBase_guideXOS_guideXOS_Misc_ThreadPool 0000000010001058     guideXOS.obj
 0001:00000060       __GetNonGCStaticBase_guideXOS_guideXOS_Misc_USB 0000000010001060     guideXOS.obj
 0001:00000068       __GetNonGCStaticBase_guideXOS_guideXOS_Kernel_Drivers_AC97 0000000010001068     guideXOS.obj
 0001:00000070       __GetNonGCStaticBase_guideXOS_guideXOS_Kernel_Drivers_ACPI 0000000010001070     guideXOS.obj
 0001:00000078       __GetNonGCStaticBase_guideXOS_guideXOS_Kernel_Drivers_EHCI 0000000010001078     guideXOS.obj
 0001:00000080       __GetNonGCStaticBase_guideXOS_guideXOS_Kernel_Drivers_ES1371 0000000010001080     guideXOS.obj
 0001:00000088       __GetNonGCStaticBase_guideXOS_guideXOS_Kernel_Drivers_Framebuffer 0000000010001088     guideXOS.obj
 0001:00000090       __GetNonGCStaticBase_guideXOS_guideXOS_Kernel_Drivers_HID 0000000010001090     guideXOS.obj
 0001:00000098       __GetNonGCStaticBase_guideXOS_guideXOS_Kernel_Drivers_HPET 0000000010001098     guideXOS.obj
 0001:000000a0       __GetNonGCStaticBase_guideXOS_guideXOS_Kernel_Drivers_Hub 00000000100010a0     guideXOS.obj
 0001:000000a8       __GetNonGCStaticBase_guideXOS_guideXOS_Kernel_Drivers_Keyboard 00000000100010a8     guideXOS.obj
 0001:000000b0       __GetNonGCStaticBase_guideXOS_guideXOS_Kernel_Drivers_PS2Mouse 00000000100010b0     guideXOS.obj
 0001:000000b8       __GetNonGCStaticBase_guideXOS_guideXOS_Kernel_Drivers_RTC 00000000100010b8     guideXOS.obj
 0001:000000c0       __GetNonGCStaticBase_guideXOS_guideXOS_Kernel_Drivers_SATA 00000000100010c0     guideXOS.obj
 0001:000000c8       __GetNonGCStaticBase_guideXOS_guideXOS_Kernel_Drivers_Timer 00000000100010c8     guideXOS.obj
 0001:000000d0       __GetNonGCStaticBase_guideXOS_guideXOS_Kernel_Drivers_VMwareTools 00000000100010d0     guideXOS.obj
 0001:000000d8       __GetNonGCStaticBase_guideXOS_guideXOS_GUI_Desktop 00000000100010d8     guideXOS.obj
 0001:000000e0       __GetNonGCStaticBase_guideXOS_guideXOS_GUI_StartMenu 00000000100010e0     guideXOS.obj
 0001:000000e8       __GetNonGCStaticBase_guideXOS_guideXOS_GUI_WAVPlayer 00000000100010e8     guideXOS.obj
 0001:000000f0       __GetNonGCStaticBase_guideXOS_guideXOS_GUI_WindowManager 00000000100010f0     guideXOS.obj
 0001:000000f8       __GetGCStaticBase_guideXOS_Program 00000000100010f8     guideXOS.obj
 0001:00000103       __GetGCStaticBase_guideXOS_IDT 0000000010001103     guideXOS.obj
 0001:0000010e       __GetGCStaticBase_guideXOS_System_DateTime 000000001000110e     guideXOS.obj
 0001:00000119       __GetGCStaticBase_guideXOS_guideXOS_Animator 0000000010001119     guideXOS.obj
 0001:00000124       __GetGCStaticBase_guideXOS_guideXOS_ASC16 0000000010001124     guideXOS.obj
 0001:0000012f       __GetGCStaticBase_guideXOS_guideXOS_Console 000000001000112f     guideXOS.obj
 0001:0000013a       __GetGCStaticBase_guideXOS_guideXOS_Misc_BitFont 000000001000113a     guideXOS.obj
 0001:00000145       __GetGCStaticBase_guideXOS_guideXOS_Misc_Interrupts 0000000010001145     guideXOS.obj
 0001:00000150       __GetGCStaticBase_guideXOS_guideXOS_Misc_ThreadPool 0000000010001150     guideXOS.obj
 0001:0000015b       __GetGCStaticBase_guideXOS_guideXOS_FS_Disk 000000001000115b     guideXOS.obj
 0001:00000166       __GetGCStaticBase_guideXOS_guideXOS_FS_File 0000000010001166     guideXOS.obj
 0001:00000171       __GetGCStaticBase_guideXOS_guideXOS_Kernel_Drivers_AC97 0000000010001171     guideXOS.obj
 0001:0000017c       __GetGCStaticBase_guideXOS_guideXOS_Kernel_Drivers_ACPI 000000001000117c     guideXOS.obj
 0001:00000187       __GetGCStaticBase_guideXOS_guideXOS_Kernel_Drivers_Framebuffer 0000000010001187     guideXOS.obj
 0001:00000192       __GetGCStaticBase_guideXOS_guideXOS_Kernel_Drivers_HID 0000000010001192     guideXOS.obj
 0001:0000019d       __GetGCStaticBase_guideXOS_guideXOS_Kernel_Drivers_IDE 000000001000119d     guideXOS.obj
 0001:000001a8       __GetGCStaticBase_guideXOS_guideXOS_Kernel_Drivers_Keyboard 00000000100011a8     guideXOS.obj
 0001:000001b3       __GetGCStaticBase_guideXOS_guideXOS_Kernel_Drivers_PCI 00000000100011b3     guideXOS.obj
 0001:000001be       __GetGCStaticBase_guideXOS_guideXOS_Kernel_Drivers_PS2Keyboard 00000000100011be     guideXOS.obj
 0001:000001c9       __GetGCStaticBase_guideXOS_guideXOS_Kernel_Drivers_PS2Mouse 00000000100011c9     guideXOS.obj
 0001:000001d4       __GetGCStaticBase_guideXOS_guideXOS_Kernel_Drivers_SATA 00000000100011d4     guideXOS.obj
 0001:000001df       __GetGCStaticBase_guideXOS_guideXOS_GUI_Desktop 00000000100011df     guideXOS.obj
 0001:000001ea       __GetGCStaticBase_guideXOS_guideXOS_GUI_Lockscreen 00000000100011ea     guideXOS.obj
 0001:000001f5       __GetGCStaticBase_guideXOS_guideXOS_GUI_NotificationManager 00000000100011f5     guideXOS.obj
 0001:00000200       __GetGCStaticBase_guideXOS_guideXOS_GUI_WAVPlayer 0000000010001200     guideXOS.obj
 0001:0000020b       __GetGCStaticBase_guideXOS_guideXOS_GUI_WindowManager 000000001000120b     guideXOS.obj
 0001:00000216       __GetGCStaticBase_guideXOS_guideXOS_DefaultApps_Clock 0000000010001216     guideXOS.obj
 0001:00000221       __DelegateCtor_guideXOS_System_Delegate__InitializeClosedInstance__guideXOS_guideXOS_GUI_FConsole__Keyboard_OnKeyChanged 0000000010001221     guideXOS.obj
 0001:0000022d       __DelegateCtor_guideXOS_System_Delegate__InitializeClosedInstance__guideXOS_guideXOS_GUI_FConsole__Console_OnWrite 000000001000122d     guideXOS.obj
 0001:00000240       Movsb                      0000000010001240 f   NativeLib:mem.obj
 0001:00000280       Movsd                      0000000010001280 f   NativeLib:mem.obj
 0001:000002c0       Stosb                      00000000100012c0 f   NativeLib:mem.obj
 0001:00000310       Stosd                      0000000010001310 f   NativeLib:mem.obj
 0001:00000360       __JustMyCode_Default       0000000010001360 f i NativeLib:mem.obj
 0001:00000370       avx_memcpy                 0000000010001370 f   NativeLib:mem.obj
 0001:00000470       Load_GDT                   0000000010001470 f   NativeLib:interrupts.obj
 0001:000004a0       idt_set                    00000000100014a0 f   NativeLib:interrupts.obj
 0001:00000580       set_idt_entries            0000000010001580 f   NativeLib:interrupts.obj
 0001:000024a0       CPUID                      00000000100034a0 f   NativeLib:native.obj
 0001:000024f0       Cli                        00000000100034f0 f   NativeLib:native.obj
 0001:00002520       Fxrstor64                  0000000010003520 f   NativeLib:native.obj
 0001:00002550       Fxsave64                   0000000010003550 f   NativeLib:native.obj
 0001:00002580       Hlt                        0000000010003580 f   NativeLib:native.obj
 0001:000025b0       Invlpg                     00000000100035b0 f   NativeLib:native.obj
 0001:000025e0       Nop                        00000000100035e0 f   NativeLib:native.obj
 0001:00002600       Rdmsr                      0000000010003600 f   NativeLib:native.obj
 0001:00002630       Rdtsc                      0000000010003630 f   NativeLib:native.obj
 0001:00002660       ReadCR2                    0000000010003660 f   NativeLib:native.obj
 0001:00002680       Sti                        0000000010003680 f   NativeLib:native.obj
 0001:000026b0       WriteCR3                   00000000100036b0 f   NativeLib:native.obj
 0001:000026e0       Wrmsr                      00000000100036e0 f   NativeLib:native.obj
 0001:00002720       intr0                      0000000010003720 f   NativeLib:interrupts_asm.obj
 0001:00002762       intr1                      0000000010003762 f   NativeLib:interrupts_asm.obj
 0001:000027a4       intr2                      00000000100037a4 f   NativeLib:interrupts_asm.obj
 0001:000027e6       intr3                      00000000100037e6 f   NativeLib:interrupts_asm.obj
 0001:00002828       intr4                      0000000010003828 f   NativeLib:interrupts_asm.obj
 0001:0000286a       intr5                      000000001000386a f   NativeLib:interrupts_asm.obj
 0001:000028ac       intr6                      00000000100038ac f   NativeLib:interrupts_asm.obj
 0001:000028ee       intr7                      00000000100038ee f   NativeLib:interrupts_asm.obj
 0001:00002930       intr8                      0000000010003930 f   NativeLib:interrupts_asm.obj
 0001:00002972       intr9                      0000000010003972 f   NativeLib:interrupts_asm.obj
 0001:000029b4       intr10                     00000000100039b4 f   NativeLib:interrupts_asm.obj
 0001:000029f6       intr11                     00000000100039f6 f   NativeLib:interrupts_asm.obj
 0001:00002a38       intr12                     0000000010003a38 f   NativeLib:interrupts_asm.obj
 0001:00002a7a       intr13                     0000000010003a7a f   NativeLib:interrupts_asm.obj
 0001:00002abc       intr14                     0000000010003abc f   NativeLib:interrupts_asm.obj
 0001:00002afe       intr15                     0000000010003afe f   NativeLib:interrupts_asm.obj
 0001:00002b40       intr16                     0000000010003b40 f   NativeLib:interrupts_asm.obj
 0001:00002b82       intr17                     0000000010003b82 f   NativeLib:interrupts_asm.obj
 0001:00002bc4       intr18                     0000000010003bc4 f   NativeLib:interrupts_asm.obj
 0001:00002c06       intr19                     0000000010003c06 f   NativeLib:interrupts_asm.obj
 0001:00002c48       intr20                     0000000010003c48 f   NativeLib:interrupts_asm.obj
 0001:00002c8a       intr21                     0000000010003c8a f   NativeLib:interrupts_asm.obj
 0001:00002ccc       intr22                     0000000010003ccc f   NativeLib:interrupts_asm.obj
 0001:00002d0e       intr23                     0000000010003d0e f   NativeLib:interrupts_asm.obj
 0001:00002d50       intr24                     0000000010003d50 f   NativeLib:interrupts_asm.obj
 0001:00002d92       intr25                     0000000010003d92 f   NativeLib:interrupts_asm.obj
 0001:00002dd4       intr26                     0000000010003dd4 f   NativeLib:interrupts_asm.obj
 0001:00002e16       intr27                     0000000010003e16 f   NativeLib:interrupts_asm.obj
 0001:00002e58       intr28                     0000000010003e58 f   NativeLib:interrupts_asm.obj
 0001:00002e9a       intr29                     0000000010003e9a f   NativeLib:interrupts_asm.obj
 0001:00002edc       intr30                     0000000010003edc f   NativeLib:interrupts_asm.obj
 0001:00002f1e       intr31                     0000000010003f1e f   NativeLib:interrupts_asm.obj
 0001:00002f60       intr32                     0000000010003f60 f   NativeLib:interrupts_asm.obj
 0001:00002fa2       intr33                     0000000010003fa2 f   NativeLib:interrupts_asm.obj
 0001:00002fe4       intr34                     0000000010003fe4 f   NativeLib:interrupts_asm.obj
 0001:00003026       intr35                     0000000010004026 f   NativeLib:interrupts_asm.obj
 0001:00003068       intr36                     0000000010004068 f   NativeLib:interrupts_asm.obj
 0001:000030aa       intr37                     00000000100040aa f   NativeLib:interrupts_asm.obj
 0001:000030ec       intr38                     00000000100040ec f   NativeLib:interrupts_asm.obj
 0001:0000312e       intr39                     000000001000412e f   NativeLib:interrupts_asm.obj
 0001:00003170       intr40                     0000000010004170 f   NativeLib:interrupts_asm.obj
 0001:000031b2       intr41                     00000000100041b2 f   NativeLib:interrupts_asm.obj
 0001:000031f4       intr42                     00000000100041f4 f   NativeLib:interrupts_asm.obj
 0001:00003236       intr43                     0000000010004236 f   NativeLib:interrupts_asm.obj
 0001:00003278       intr44                     0000000010004278 f   NativeLib:interrupts_asm.obj
 0001:000032ba       intr45                     00000000100042ba f   NativeLib:interrupts_asm.obj
 0001:000032fc       intr46                     00000000100042fc f   NativeLib:interrupts_asm.obj
 0001:0000333e       intr47                     000000001000433e f   NativeLib:interrupts_asm.obj
 0001:00003380       intr48                     0000000010004380 f   NativeLib:interrupts_asm.obj
 0001:000033c2       intr49                     00000000100043c2 f   NativeLib:interrupts_asm.obj
 0001:00003404       intr50                     0000000010004404 f   NativeLib:interrupts_asm.obj
 0001:00003446       intr51                     0000000010004446 f   NativeLib:interrupts_asm.obj
 0001:00003488       intr52                     0000000010004488 f   NativeLib:interrupts_asm.obj
 0001:000034ca       intr53                     00000000100044ca f   NativeLib:interrupts_asm.obj
 0001:0000350c       intr54                     000000001000450c f   NativeLib:interrupts_asm.obj
 0001:0000354e       intr55                     000000001000454e f   NativeLib:interrupts_asm.obj
 0001:00003590       intr56                     0000000010004590 f   NativeLib:interrupts_asm.obj
 0001:000035d2       intr57                     00000000100045d2 f   NativeLib:interrupts_asm.obj
 0001:00003614       intr58                     0000000010004614 f   NativeLib:interrupts_asm.obj
 0001:00003656       intr59                     0000000010004656 f   NativeLib:interrupts_asm.obj
 0001:00003698       intr60                     0000000010004698 f   NativeLib:interrupts_asm.obj
 0001:000036da       intr61                     00000000100046da f   NativeLib:interrupts_asm.obj
 0001:0000371c       intr62                     000000001000471c f   NativeLib:interrupts_asm.obj
 0001:0000375e       intr63                     000000001000475e f   NativeLib:interrupts_asm.obj
 0001:000037a0       intr64                     00000000100047a0 f   NativeLib:interrupts_asm.obj
 0001:000037e2       intr65                     00000000100047e2 f   NativeLib:interrupts_asm.obj
 0001:00003824       intr66                     0000000010004824 f   NativeLib:interrupts_asm.obj
 0001:00003866       intr67                     0000000010004866 f   NativeLib:interrupts_asm.obj
 0001:000038a8       intr68                     00000000100048a8 f   NativeLib:interrupts_asm.obj
 0001:000038ea       intr69                     00000000100048ea f   NativeLib:interrupts_asm.obj
 0001:0000392c       intr70                     000000001000492c f   NativeLib:interrupts_asm.obj
 0001:0000396e       intr71                     000000001000496e f   NativeLib:interrupts_asm.obj
 0001:000039b0       intr72                     00000000100049b0 f   NativeLib:interrupts_asm.obj
 0001:000039f2       intr73                     00000000100049f2 f   NativeLib:interrupts_asm.obj
 0001:00003a34       intr74                     0000000010004a34 f   NativeLib:interrupts_asm.obj
 0001:00003a76       intr75                     0000000010004a76 f   NativeLib:interrupts_asm.obj
 0001:00003ab8       intr76                     0000000010004ab8 f   NativeLib:interrupts_asm.obj
 0001:00003afa       intr77                     0000000010004afa f   NativeLib:interrupts_asm.obj
 0001:00003b3c       intr78                     0000000010004b3c f   NativeLib:interrupts_asm.obj
 0001:00003b7e       intr79                     0000000010004b7e f   NativeLib:interrupts_asm.obj
 0001:00003bc0       intr80                     0000000010004bc0 f   NativeLib:interrupts_asm.obj
 0001:00003c02       intr81                     0000000010004c02 f   NativeLib:interrupts_asm.obj
 0001:00003c44       intr82                     0000000010004c44 f   NativeLib:interrupts_asm.obj
 0001:00003c86       intr83                     0000000010004c86 f   NativeLib:interrupts_asm.obj
 0001:00003cc8       intr84                     0000000010004cc8 f   NativeLib:interrupts_asm.obj
 0001:00003d0a       intr85                     0000000010004d0a f   NativeLib:interrupts_asm.obj
 0001:00003d4c       intr86                     0000000010004d4c f   NativeLib:interrupts_asm.obj
 0001:00003d8e       intr87                     0000000010004d8e f   NativeLib:interrupts_asm.obj
 0001:00003dd0       intr88                     0000000010004dd0 f   NativeLib:interrupts_asm.obj
 0001:00003e12       intr89                     0000000010004e12 f   NativeLib:interrupts_asm.obj
 0001:00003e54       intr90                     0000000010004e54 f   NativeLib:interrupts_asm.obj
 0001:00003e96       intr91                     0000000010004e96 f   NativeLib:interrupts_asm.obj
 0001:00003ed8       intr92                     0000000010004ed8 f   NativeLib:interrupts_asm.obj
 0001:00003f1a       intr93                     0000000010004f1a f   NativeLib:interrupts_asm.obj
 0001:00003f5c       intr94                     0000000010004f5c f   NativeLib:interrupts_asm.obj
 0001:00003f9e       intr95                     0000000010004f9e f   NativeLib:interrupts_asm.obj
 0001:00003fe0       intr96                     0000000010004fe0 f   NativeLib:interrupts_asm.obj
 0001:00004022       intr97                     0000000010005022 f   NativeLib:interrupts_asm.obj
 0001:00004064       intr98                     0000000010005064 f   NativeLib:interrupts_asm.obj
 0001:000040a6       intr99                     00000000100050a6 f   NativeLib:interrupts_asm.obj
 0001:000040e8       intr100                    00000000100050e8 f   NativeLib:interrupts_asm.obj
 0001:0000412a       intr101                    000000001000512a f   NativeLib:interrupts_asm.obj
 0001:0000416c       intr102                    000000001000516c f   NativeLib:interrupts_asm.obj
 0001:000041ae       intr103                    00000000100051ae f   NativeLib:interrupts_asm.obj
 0001:000041f0       intr104                    00000000100051f0 f   NativeLib:interrupts_asm.obj
 0001:00004232       intr105                    0000000010005232 f   NativeLib:interrupts_asm.obj
 0001:00004274       intr106                    0000000010005274 f   NativeLib:interrupts_asm.obj
 0001:000042b6       intr107                    00000000100052b6 f   NativeLib:interrupts_asm.obj
 0001:000042f8       intr108                    00000000100052f8 f   NativeLib:interrupts_asm.obj
 0001:0000433a       intr109                    000000001000533a f   NativeLib:interrupts_asm.obj
 0001:0000437c       intr110                    000000001000537c f   NativeLib:interrupts_asm.obj
 0001:000043be       intr111                    00000000100053be f   NativeLib:interrupts_asm.obj
 0001:00004400       intr112                    0000000010005400 f   NativeLib:interrupts_asm.obj
 0001:00004442       intr113                    0000000010005442 f   NativeLib:interrupts_asm.obj
 0001:00004484       intr114                    0000000010005484 f   NativeLib:interrupts_asm.obj
 0001:000044c6       intr115                    00000000100054c6 f   NativeLib:interrupts_asm.obj
 0001:00004508       intr116                    0000000010005508 f   NativeLib:interrupts_asm.obj
 0001:0000454a       intr117                    000000001000554a f   NativeLib:interrupts_asm.obj
 0001:0000458c       intr118                    000000001000558c f   NativeLib:interrupts_asm.obj
 0001:000045ce       intr119                    00000000100055ce f   NativeLib:interrupts_asm.obj
 0001:00004610       intr120                    0000000010005610 f   NativeLib:interrupts_asm.obj
 0001:00004652       intr121                    0000000010005652 f   NativeLib:interrupts_asm.obj
 0001:00004694       intr122                    0000000010005694 f   NativeLib:interrupts_asm.obj
 0001:000046d6       intr123                    00000000100056d6 f   NativeLib:interrupts_asm.obj
 0001:00004718       intr124                    0000000010005718 f   NativeLib:interrupts_asm.obj
 0001:0000475a       intr125                    000000001000575a f   NativeLib:interrupts_asm.obj
 0001:0000479c       intr126                    000000001000579c f   NativeLib:interrupts_asm.obj
 0001:000047de       intr127                    00000000100057de f   NativeLib:interrupts_asm.obj
 0001:00004820       intr128                    0000000010005820 f   NativeLib:interrupts_asm.obj
 0001:00004862       intr129                    0000000010005862 f   NativeLib:interrupts_asm.obj
 0001:000048a4       intr130                    00000000100058a4 f   NativeLib:interrupts_asm.obj
 0001:000048e6       intr131                    00000000100058e6 f   NativeLib:interrupts_asm.obj
 0001:00004928       intr132                    0000000010005928 f   NativeLib:interrupts_asm.obj
 0001:0000496a       intr133                    000000001000596a f   NativeLib:interrupts_asm.obj
 0001:000049ac       intr134                    00000000100059ac f   NativeLib:interrupts_asm.obj
 0001:000049ee       intr135                    00000000100059ee f   NativeLib:interrupts_asm.obj
 0001:00004a30       intr136                    0000000010005a30 f   NativeLib:interrupts_asm.obj
 0001:00004a72       intr137                    0000000010005a72 f   NativeLib:interrupts_asm.obj
 0001:00004ab4       intr138                    0000000010005ab4 f   NativeLib:interrupts_asm.obj
 0001:00004af6       intr139                    0000000010005af6 f   NativeLib:interrupts_asm.obj
 0001:00004b38       intr140                    0000000010005b38 f   NativeLib:interrupts_asm.obj
 0001:00004b7a       intr141                    0000000010005b7a f   NativeLib:interrupts_asm.obj
 0001:00004bbc       intr142                    0000000010005bbc f   NativeLib:interrupts_asm.obj
 0001:00004bfe       intr143                    0000000010005bfe f   NativeLib:interrupts_asm.obj
 0001:00004c40       intr144                    0000000010005c40 f   NativeLib:interrupts_asm.obj
 0001:00004c82       intr145                    0000000010005c82 f   NativeLib:interrupts_asm.obj
 0001:00004cc4       intr146                    0000000010005cc4 f   NativeLib:interrupts_asm.obj
 0001:00004d06       intr147                    0000000010005d06 f   NativeLib:interrupts_asm.obj
 0001:00004d48       intr148                    0000000010005d48 f   NativeLib:interrupts_asm.obj
 0001:00004d8a       intr149                    0000000010005d8a f   NativeLib:interrupts_asm.obj
 0001:00004dcc       intr150                    0000000010005dcc f   NativeLib:interrupts_asm.obj
 0001:00004e0e       intr151                    0000000010005e0e f   NativeLib:interrupts_asm.obj
 0001:00004e50       intr152                    0000000010005e50 f   NativeLib:interrupts_asm.obj
 0001:00004e92       intr153                    0000000010005e92 f   NativeLib:interrupts_asm.obj
 0001:00004ed4       intr154                    0000000010005ed4 f   NativeLib:interrupts_asm.obj
 0001:00004f16       intr155                    0000000010005f16 f   NativeLib:interrupts_asm.obj
 0001:00004f58       intr156                    0000000010005f58 f   NativeLib:interrupts_asm.obj
 0001:00004f9a       intr157                    0000000010005f9a f   NativeLib:interrupts_asm.obj
 0001:00004fdc       intr158                    0000000010005fdc f   NativeLib:interrupts_asm.obj
 0001:0000501e       intr159                    000000001000601e f   NativeLib:interrupts_asm.obj
 0001:00005060       intr160                    0000000010006060 f   NativeLib:interrupts_asm.obj
 0001:000050a2       intr161                    00000000100060a2 f   NativeLib:interrupts_asm.obj
 0001:000050e4       intr162                    00000000100060e4 f   NativeLib:interrupts_asm.obj
 0001:00005126       intr163                    0000000010006126 f   NativeLib:interrupts_asm.obj
 0001:00005168       intr164                    0000000010006168 f   NativeLib:interrupts_asm.obj
 0001:000051aa       intr165                    00000000100061aa f   NativeLib:interrupts_asm.obj
 0001:000051ec       intr166                    00000000100061ec f   NativeLib:interrupts_asm.obj
 0001:0000522e       intr167                    000000001000622e f   NativeLib:interrupts_asm.obj
 0001:00005270       intr168                    0000000010006270 f   NativeLib:interrupts_asm.obj
 0001:000052b2       intr169                    00000000100062b2 f   NativeLib:interrupts_asm.obj
 0001:000052f4       intr170                    00000000100062f4 f   NativeLib:interrupts_asm.obj
 0001:00005336       intr171                    0000000010006336 f   NativeLib:interrupts_asm.obj
 0001:00005378       intr172                    0000000010006378 f   NativeLib:interrupts_asm.obj
 0001:000053ba       intr173                    00000000100063ba f   NativeLib:interrupts_asm.obj
 0001:000053fc       intr174                    00000000100063fc f   NativeLib:interrupts_asm.obj
 0001:0000543e       intr175                    000000001000643e f   NativeLib:interrupts_asm.obj
 0001:00005480       intr176                    0000000010006480 f   NativeLib:interrupts_asm.obj
 0001:000054c2       intr177                    00000000100064c2 f   NativeLib:interrupts_asm.obj
 0001:00005504       intr178                    0000000010006504 f   NativeLib:interrupts_asm.obj
 0001:00005546       intr179                    0000000010006546 f   NativeLib:interrupts_asm.obj
 0001:00005588       intr180                    0000000010006588 f   NativeLib:interrupts_asm.obj
 0001:000055ca       intr181                    00000000100065ca f   NativeLib:interrupts_asm.obj
 0001:0000560c       intr182                    000000001000660c f   NativeLib:interrupts_asm.obj
 0001:0000564e       intr183                    000000001000664e f   NativeLib:interrupts_asm.obj
 0001:00005690       intr184                    0000000010006690 f   NativeLib:interrupts_asm.obj
 0001:000056d2       intr185                    00000000100066d2 f   NativeLib:interrupts_asm.obj
 0001:00005714       intr186                    0000000010006714 f   NativeLib:interrupts_asm.obj
 0001:00005756       intr187                    0000000010006756 f   NativeLib:interrupts_asm.obj
 0001:00005798       intr188                    0000000010006798 f   NativeLib:interrupts_asm.obj
 0001:000057da       intr189                    00000000100067da f   NativeLib:interrupts_asm.obj
 0001:0000581c       intr190                    000000001000681c f   NativeLib:interrupts_asm.obj
 0001:0000585e       intr191                    000000001000685e f   NativeLib:interrupts_asm.obj
 0001:000058a0       intr192                    00000000100068a0 f   NativeLib:interrupts_asm.obj
 0001:000058e2       intr193                    00000000100068e2 f   NativeLib:interrupts_asm.obj
 0001:00005924       intr194                    0000000010006924 f   NativeLib:interrupts_asm.obj
 0001:00005966       intr195                    0000000010006966 f   NativeLib:interrupts_asm.obj
 0001:000059a8       intr196                    00000000100069a8 f   NativeLib:interrupts_asm.obj
 0001:000059ea       intr197                    00000000100069ea f   NativeLib:interrupts_asm.obj
 0001:00005a2c       intr198                    0000000010006a2c f   NativeLib:interrupts_asm.obj
 0001:00005a6e       intr199                    0000000010006a6e f   NativeLib:interrupts_asm.obj
 0001:00005ab0       intr200                    0000000010006ab0 f   NativeLib:interrupts_asm.obj
 0001:00005af2       intr201                    0000000010006af2 f   NativeLib:interrupts_asm.obj
 0001:00005b34       intr202                    0000000010006b34 f   NativeLib:interrupts_asm.obj
 0001:00005b76       intr203                    0000000010006b76 f   NativeLib:interrupts_asm.obj
 0001:00005bb8       intr204                    0000000010006bb8 f   NativeLib:interrupts_asm.obj
 0001:00005bfa       intr205                    0000000010006bfa f   NativeLib:interrupts_asm.obj
 0001:00005c3c       intr206                    0000000010006c3c f   NativeLib:interrupts_asm.obj
 0001:00005c7e       intr207                    0000000010006c7e f   NativeLib:interrupts_asm.obj
 0001:00005cc0       intr208                    0000000010006cc0 f   NativeLib:interrupts_asm.obj
 0001:00005d02       intr209                    0000000010006d02 f   NativeLib:interrupts_asm.obj
 0001:00005d44       intr210                    0000000010006d44 f   NativeLib:interrupts_asm.obj
 0001:00005d86       intr211                    0000000010006d86 f   NativeLib:interrupts_asm.obj
 0001:00005dc8       intr212                    0000000010006dc8 f   NativeLib:interrupts_asm.obj
 0001:00005e0a       intr213                    0000000010006e0a f   NativeLib:interrupts_asm.obj
 0001:00005e4c       intr214                    0000000010006e4c f   NativeLib:interrupts_asm.obj
 0001:00005e8e       intr215                    0000000010006e8e f   NativeLib:interrupts_asm.obj
 0001:00005ed0       intr216                    0000000010006ed0 f   NativeLib:interrupts_asm.obj
 0001:00005f12       intr217                    0000000010006f12 f   NativeLib:interrupts_asm.obj
 0001:00005f54       intr218                    0000000010006f54 f   NativeLib:interrupts_asm.obj
 0001:00005f96       intr219                    0000000010006f96 f   NativeLib:interrupts_asm.obj
 0001:00005fd8       intr220                    0000000010006fd8 f   NativeLib:interrupts_asm.obj
 0001:0000601a       intr221                    000000001000701a f   NativeLib:interrupts_asm.obj
 0001:0000605c       intr222                    000000001000705c f   NativeLib:interrupts_asm.obj
 0001:0000609e       intr223                    000000001000709e f   NativeLib:interrupts_asm.obj
 0001:000060e0       intr224                    00000000100070e0 f   NativeLib:interrupts_asm.obj
 0001:00006122       intr225                    0000000010007122 f   NativeLib:interrupts_asm.obj
 0001:00006164       intr226                    0000000010007164 f   NativeLib:interrupts_asm.obj
 0001:000061a6       intr227                    00000000100071a6 f   NativeLib:interrupts_asm.obj
 0001:000061e8       intr228                    00000000100071e8 f   NativeLib:interrupts_asm.obj
 0001:0000622a       intr229                    000000001000722a f   NativeLib:interrupts_asm.obj
 0001:0000626c       intr230                    000000001000726c f   NativeLib:interrupts_asm.obj
 0001:000062ae       intr231                    00000000100072ae f   NativeLib:interrupts_asm.obj
 0001:000062f0       intr232                    00000000100072f0 f   NativeLib:interrupts_asm.obj
 0001:00006332       intr233                    0000000010007332 f   NativeLib:interrupts_asm.obj
 0001:00006374       intr234                    0000000010007374 f   NativeLib:interrupts_asm.obj
 0001:000063b6       intr235                    00000000100073b6 f   NativeLib:interrupts_asm.obj
 0001:000063f8       intr236                    00000000100073f8 f   NativeLib:interrupts_asm.obj
 0001:0000643a       intr237                    000000001000743a f   NativeLib:interrupts_asm.obj
 0001:0000647c       intr238                    000000001000747c f   NativeLib:interrupts_asm.obj
 0001:000064be       intr239                    00000000100074be f   NativeLib:interrupts_asm.obj
 0001:00006500       intr240                    0000000010007500 f   NativeLib:interrupts_asm.obj
 0001:00006542       intr241                    0000000010007542 f   NativeLib:interrupts_asm.obj
 0001:00006584       intr242                    0000000010007584 f   NativeLib:interrupts_asm.obj
 0001:000065c6       intr243                    00000000100075c6 f   NativeLib:interrupts_asm.obj
 0001:00006608       intr244                    0000000010007608 f   NativeLib:interrupts_asm.obj
 0001:0000664a       intr245                    000000001000764a f   NativeLib:interrupts_asm.obj
 0001:0000668c       intr246                    000000001000768c f   NativeLib:interrupts_asm.obj
 0001:000066ce       intr247                    00000000100076ce f   NativeLib:interrupts_asm.obj
 0001:00006710       intr248                    0000000010007710 f   NativeLib:interrupts_asm.obj
 0001:00006752       intr249                    0000000010007752 f   NativeLib:interrupts_asm.obj
 0001:00006794       intr250                    0000000010007794 f   NativeLib:interrupts_asm.obj
 0001:000067d6       intr251                    00000000100077d6 f   NativeLib:interrupts_asm.obj
 0001:00006818       intr252                    0000000010007818 f   NativeLib:interrupts_asm.obj
 0001:0000685a       intr253                    000000001000785a f   NativeLib:interrupts_asm.obj
 0001:0000689c       intr254                    000000001000789c f   NativeLib:interrupts_asm.obj
 0001:000068de       intr255                    00000000100078de f   NativeLib:interrupts_asm.obj
 0001:00006920       _reload_segreg             0000000010007920 f   NativeLib:interrupts_asm.obj
 0001:00006947       Load_IDT                   0000000010007947 f   NativeLib:interrupts_asm.obj
 0001:0000694b       _cli                       000000001000794b f   NativeLib:interrupts_asm.obj
 0001:0000694d       _sti                       000000001000794d f   NativeLib:interrupts_asm.obj
 0001:0000694f       _hlt                       000000001000794f f   NativeLib:interrupts_asm.obj
 0001:00006951       _inttest                   0000000010007951 f   NativeLib:interrupts_asm.obj
 0001:0000695b       _iretq                     000000001000795b f   NativeLib:interrupts_asm.obj
 0001:00006976       _int20h                    0000000010007976 f   NativeLib:interrupts_asm.obj
 0001:00006980       enable_avx                 0000000010007980 f   NativeLib:misc.obj
 0001:00006993       enable_sse                 0000000010007993 f   NativeLib:misc.obj
 0001:000069a6       Schedule_Next              00000000100079a6 f   NativeLib:misc.obj
 0001:00011e10       lodepng_add_itext          0000000010012e10 f   NativeLib:lodepng.obj
 0001:00012050       lodepng_add_text           0000000010013050 f   NativeLib:lodepng.obj
 0001:00012310       lodepng_can_have_alpha     0000000010013310 f   NativeLib:lodepng.obj
 0001:00012370       lodepng_chunk_ancillary    0000000010013370 f   NativeLib:lodepng.obj
 0001:000123c0       lodepng_chunk_append       00000000100133c0 f   NativeLib:lodepng.obj
 0001:000124e0       lodepng_chunk_check_crc    00000000100134e0 f   NativeLib:lodepng.obj
 0001:00012570       lodepng_chunk_create       0000000010013570 f   NativeLib:lodepng.obj
 0001:000126a0       lodepng_chunk_data         00000000100136a0 f   NativeLib:lodepng.obj
 0001:000126e0       lodepng_chunk_data_const   00000000100136e0 f   NativeLib:lodepng.obj
 0001:00012720       lodepng_chunk_find         0000000010013720 f   NativeLib:lodepng.obj
 0001:000127a0       lodepng_chunk_find_const   00000000100137a0 f   NativeLib:lodepng.obj
 0001:00012820       lodepng_chunk_generate_crc 0000000010013820 f   NativeLib:lodepng.obj
 0001:00012970       lodepng_chunk_length       0000000010013970 f   NativeLib:lodepng.obj
 0001:000129b0       lodepng_chunk_next         00000000100139b0 f   NativeLib:lodepng.obj
 0001:00012b10       lodepng_chunk_next_const   0000000010013b10 f   NativeLib:lodepng.obj
 0001:00012c70       lodepng_chunk_private      0000000010013c70 f   NativeLib:lodepng.obj
 0001:00012cc0       lodepng_chunk_safetocopy   0000000010013cc0 f   NativeLib:lodepng.obj
 0001:00012d10       lodepng_chunk_type         0000000010013d10 f   NativeLib:lodepng.obj
 0001:00012d80       lodepng_chunk_type_equals  0000000010013d80 f   NativeLib:lodepng.obj
 0001:00012e70       lodepng_clear_icc          0000000010013e70 f   NativeLib:lodepng.obj
 0001:00012ee0       lodepng_clear_itext        0000000010013ee0 f   NativeLib:lodepng.obj
 0001:00012f10       lodepng_clear_text         0000000010013f10 f   NativeLib:lodepng.obj
 0001:00012ff0       lodepng_color_mode_cleanup 0000000010013ff0 f   NativeLib:lodepng.obj
 0001:00013020       lodepng_color_mode_copy    0000000010014020 f   NativeLib:lodepng.obj
 0001:00013200       lodepng_color_mode_init    0000000010014200 f   NativeLib:lodepng.obj
 0001:00013280       lodepng_color_mode_make    0000000010014280 f   NativeLib:lodepng.obj
 0001:00013410       lodepng_color_stats_init   0000000010014410 f   NativeLib:lodepng.obj
 0001:000134c0       lodepng_compress_settings_init 00000000100144c0 f   NativeLib:lodepng.obj
 0001:00013550       lodepng_compute_color_stats 0000000010014550 f   NativeLib:lodepng.obj
 0001:00014420       lodepng_convert            0000000010015420 f   NativeLib:lodepng.obj
 0001:00014960       lodepng_convert_rgb        0000000010015960 f   NativeLib:lodepng.obj
 0001:00014ca0       lodepng_crc32              0000000010015ca0 f   NativeLib:lodepng.obj
 0001:00014d30       lodepng_decode             0000000010015d30 f   NativeLib:lodepng.obj
 0001:00014f20       lodepng_decode24           0000000010015f20 f   NativeLib:lodepng.obj
 0001:00014f90       lodepng_decode32           0000000010015f90 f   NativeLib:lodepng.obj
 0001:00015000       lodepng_decode_memory      0000000010016000 f   NativeLib:lodepng.obj
 0001:000150d0       lodepng_decoder_settings_init 00000000100160d0 f   NativeLib:lodepng.obj
 0001:00015160       lodepng_decompress_settings_init 0000000010016160 f   NativeLib:lodepng.obj
 0001:000151d0       lodepng_deflate            00000000100161d0 f   NativeLib:lodepng.obj
 0001:000154e0       lodepng_encode             00000000100164e0 f   NativeLib:lodepng.obj
 0001:000164e0       lodepng_encode24           00000000100174e0 f   NativeLib:lodepng.obj
 0001:00016540       lodepng_encode32           0000000010017540 f   NativeLib:lodepng.obj
 0001:000165a0       lodepng_encode_memory      00000000100175a0 f   NativeLib:lodepng.obj
 0001:00016660       lodepng_encoder_settings_init 0000000010017660 f   NativeLib:lodepng.obj
 0001:000166e0       lodepng_error_text         00000000100176e0 f   NativeLib:lodepng.obj
 0001:00016db0       lodepng_get_bpp            0000000010017db0 f   NativeLib:lodepng.obj
 0001:00016e20       lodepng_get_channels       0000000010017e20 f   NativeLib:lodepng.obj
 0001:00016e50       lodepng_get_raw_size       0000000010017e50 f   NativeLib:lodepng.obj
 0001:00017030       lodepng_has_palette_alpha  0000000010018030 f   NativeLib:lodepng.obj
 0001:000170a0       lodepng_huffman_code_lengths 00000000100180a0 f   NativeLib:lodepng.obj
 0001:000174f0       lodepng_inflate            00000000100184f0 f   NativeLib:lodepng.obj
 0001:00017700       lodepng_info_cleanup       0000000010018700 f   NativeLib:lodepng.obj
 0001:00017760       lodepng_info_copy          0000000010018760 f   NativeLib:lodepng.obj
 0001:00017890       lodepng_info_init          0000000010018890 f   NativeLib:lodepng.obj
 0001:000179a0       lodepng_inspect            00000000100189a0 f   NativeLib:lodepng.obj
 0001:00017df0       lodepng_inspect_chunk      0000000010018df0 f   NativeLib:lodepng.obj
 0001:00018210       lodepng_is_alpha_type      0000000010019210 f   NativeLib:lodepng.obj
 0001:00018260       lodepng_is_greyscale_type  0000000010019260 f   NativeLib:lodepng.obj
 0001:000182b0       lodepng_is_palette_type    00000000100192b0 f   NativeLib:lodepng.obj
 0001:00018460       lodepng_palette_add        0000000010019460 f   NativeLib:lodepng.obj
 0001:00018550       lodepng_palette_clear      0000000010019550 f   NativeLib:lodepng.obj
 0001:00018870       lodepng_set_icc            0000000010019870 f   NativeLib:lodepng.obj
 0001:000188e0       lodepng_state_cleanup      00000000100198e0 f   NativeLib:lodepng.obj
 0001:00018930       lodepng_state_copy         0000000010019930 f   NativeLib:lodepng.obj
 0001:00018a00       lodepng_state_init         0000000010019a00 f   NativeLib:lodepng.obj
 0001:00018ac0       lodepng_zlib_compress      0000000010019ac0 f   NativeLib:lodepng.obj
 0001:00018cb0       lodepng_zlib_decompress    0000000010019cb0 f   NativeLib:lodepng.obj
 0001:0001d960       In16                       000000001001e960 f   NativeLib:io.obj
 0001:0001d990       In32                       000000001001e990 f   NativeLib:io.obj
 0001:0001d9c0       In8                        000000001001e9c0 f   NativeLib:io.obj
 0001:0001d9f0       Insb                       000000001001e9f0 f   NativeLib:io.obj
 0001:0001da30       Insd                       000000001001ea30 f   NativeLib:io.obj
 0001:0001da70       Insw                       000000001001ea70 f   NativeLib:io.obj
 0001:0001dab0       Out16                      000000001001eab0 f   NativeLib:io.obj
 0001:0001dae0       Out32                      000000001001eae0 f   NativeLib:io.obj
 0001:0001db10       Out8                       000000001001eb10 f   NativeLib:io.obj
 0001:0001db40       Outsb                      000000001001eb40 f   NativeLib:io.obj
 0001:0001db80       Outsd                      000000001001eb80 f   NativeLib:io.obj
 0001:0001dbc0       Outsw                      000000001001ebc0 f   NativeLib:io.obj
 0001:0001dc00       vmware_send                000000001001ec00 f   NativeLib:vmware.obj
 0001:0001dc84       vmware_send_hb             000000001001ec84 f   NativeLib:vmware.obj
 0001:0001dd0a       vmware_get_hb              000000001001ed0a f   NativeLib:vmware.obj
 0001:0001dd90       mystrtoul                  000000001001ed90 f   LibC:strtoul.obj
 0001:00020630       fctprintf                  0000000010021630 f   LibC:printf.obj
 0001:000206b0       printf_                    00000000100216b0 f   LibC:printf.obj
 0001:00020720       snprintf_                  0000000010021720 f   LibC:printf.obj
 0001:00020780       sprintf_                   0000000010021780 f   LibC:printf.obj
 0001:000207f0       vprintf_                   00000000100217f0 f   LibC:printf.obj
 0001:00020840       vsnprintf_                 0000000010021840 f   LibC:printf.obj
 0001:00020890       myisspace                  0000000010021890 f   LibC:isspace.obj
 0001:000208e0       myisdigit                  00000000100218e0 f   LibC:isdigit.obj
 0001:00020920       myisalpha                  0000000010021920 f   LibC:isalpha.obj
 0001:00020960       myisupper                  0000000010021960 f   LibC:isupper.obj
 0002:00000000       unbox_UInt8__ToString      0000000010022000     guideXOS.obj
 0002:0000000c       unbox_UInt16__ToString     000000001002200c     guideXOS.obj
 0002:00000018       unbox_UInt32__ToString     0000000010022018     guideXOS.obj
 0003:00000000       KMain                      0000000010023000     guideXOS.obj
 0003:00000000       guideXOS_Program__KMain    0000000010023000     guideXOS.obj
 0003:00000248       guideXOS_Program__SMain    0000000010023248     guideXOS.obj
 0003:000008f4       guideXOS_Program__InitConsole 00000000100238f4     guideXOS.obj
 0003:00000934       guideXOS_Allocator__GetPageIndexStart 0000000010023934     guideXOS.obj
 0003:00000984       guideXOS_Allocator__Free   0000000010023984     guideXOS.obj
 0003:00000abc       guideXOS_Allocator__get_MemoryInUse 0000000010023abc     guideXOS.obj
 0003:00000ad4       guideXOS_Allocator__Initialize 0000000010023ad4     guideXOS.obj
 0003:00000b68       guideXOS_Allocator__Allocate 0000000010023b68     guideXOS.obj
 0003:00000ccc       guideXOS_Allocator__Reallocate 0000000010023ccc     guideXOS.obj
 0003:00000dc0       guideXOS_GDT__Initialise   0000000010023dc0     guideXOS.obj
 0003:00000e94       guideXOS_IDT__Initialize   0000000010023e94     guideXOS.obj
 0003:00000f88       guideXOS_IDT__intr_handler 0000000010023f88     guideXOS.obj
 0003:00000f88       intr_handler               0000000010023f88     guideXOS.obj
 0003:0000169c       guideXOS_Native__Load_GDT  000000001002469c     guideXOS.obj
 0003:000016f0       guideXOS_Native__Load_IDT  00000000100246f0     guideXOS.obj
 0003:00001744       guideXOS_Internal_Runtime_EEType__get_IsArray 0000000010024744     guideXOS.obj
 0003:00001768       guideXOS_Internal_Runtime_EEType__get_ArrayRank 0000000010024768     guideXOS.obj
 0003:00001788       __imp_GetCurrentThreadId   0000000010024788     guideXOS.obj
 0003:00001788       guideXOS_Internal_Runtime_CompilerHelpers_StartupCodeHelpers____imp_GetCurrentThreadId 0000000010024788     guideXOS.obj
 0003:0000178c       __CheckForDebuggerJustMyCode 000000001002478c     guideXOS.obj
 0003:0000178c       guideXOS_Internal_Runtime_CompilerHelpers_StartupCodeHelpers____CheckForDebuggerJustMyCode 000000001002478c     guideXOS.obj
 0003:00001790       __fail_fast                0000000010024790     guideXOS.obj
 0003:00001790       guideXOS_Internal_Runtime_CompilerHelpers_StartupCodeHelpers__FailFast 0000000010024790     guideXOS.obj
 0003:00001794       guideXOS_Internal_Runtime_CompilerHelpers_StartupCodeHelpers__MemSet 0000000010024794     guideXOS.obj
 0003:00001794       memset                     0000000010024794     guideXOS.obj
 0003:000017b0       guideXOS_Internal_Runtime_CompilerHelpers_StartupCodeHelpers__MemCpy 00000000100247b0     guideXOS.obj
 0003:000017b0       memcpy                     00000000100247b0     guideXOS.obj
 0003:000017cc       RhpFallbackFailFast        00000000100247cc     guideXOS.obj
 0003:000017cc       guideXOS_Internal_Runtime_CompilerHelpers_StartupCodeHelpers__RhpFallbackFailFast 00000000100247cc     guideXOS.obj
 0003:000017d0       RhpReversePInvoke2         00000000100247d0     guideXOS.obj
 0003:000017d0       guideXOS_Internal_Runtime_CompilerHelpers_StartupCodeHelpers__RhpReversePInvoke2 00000000100247d0     guideXOS.obj
 0003:000017d4       RhpReversePInvokeReturn2   00000000100247d4     guideXOS.obj
 0003:000017d4       guideXOS_Internal_Runtime_CompilerHelpers_StartupCodeHelpers__RhpReversePInvokeReturn2 00000000100247d4     guideXOS.obj
 0003:000017d8       RhpReversePInvoke          00000000100247d8     guideXOS.obj
 0003:000017d8       guideXOS_Internal_Runtime_CompilerHelpers_StartupCodeHelpers__RhpReversePInvoke 00000000100247d8     guideXOS.obj
 0003:000017dc       RhpReversePInvokeReturn    00000000100247dc     guideXOS.obj
 0003:000017dc       guideXOS_Internal_Runtime_CompilerHelpers_StartupCodeHelpers__RhpReversePInvokeReturn 00000000100247dc     guideXOS.obj
 0003:000017e0       RhpPInvoke                 00000000100247e0     guideXOS.obj
 0003:000017e0       guideXOS_Internal_Runtime_CompilerHelpers_StartupCodeHelpers__RhpPinvoke 00000000100247e0     guideXOS.obj
 0003:000017e4       RhpPInvokeReturn           00000000100247e4     guideXOS.obj
 0003:000017e4       guideXOS_Internal_Runtime_CompilerHelpers_StartupCodeHelpers__RhpPinvokeReturn 00000000100247e4     guideXOS.obj
 0003:000017e8       RhpNewFast                 00000000100247e8     guideXOS.obj
 0003:000017e8       guideXOS_Internal_Runtime_CompilerHelpers_StartupCodeHelpers__RhpNewFast 00000000100247e8     guideXOS.obj
 0003:00001874       RhpNewArray                0000000010024874     guideXOS.obj
 0003:00001874       guideXOS_Internal_Runtime_CompilerHelpers_StartupCodeHelpers__RhpNewArray 0000000010024874     guideXOS.obj
 0003:00001938       RhpAssignRef               0000000010024938     guideXOS.obj
 0003:00001938       guideXOS_Internal_Runtime_CompilerHelpers_StartupCodeHelpers__RhpAssignRef 0000000010024938     guideXOS.obj
 0003:0000193c       RhpByRefAssignRef          000000001002493c     guideXOS.obj
 0003:0000193c       guideXOS_Internal_Runtime_CompilerHelpers_StartupCodeHelpers__RhpByRefAssignRef 000000001002493c     guideXOS.obj
 0003:00001940       RhpCheckedAssignRef        0000000010024940     guideXOS.obj
 0003:00001940       guideXOS_Internal_Runtime_CompilerHelpers_StartupCodeHelpers__RhpCheckedAssignRef 0000000010024940     guideXOS.obj
 0003:00001944       RhpStelemRef               0000000010024944     guideXOS.obj
 0003:00001944       guideXOS_Internal_Runtime_CompilerHelpers_StartupCodeHelpers__RhpStelemRef 0000000010024944     guideXOS.obj
 0003:0000197c       RhTypeCast_IsInstanceOfClass 000000001002497c     guideXOS.obj
 0003:0000197c       guideXOS_Internal_Runtime_CompilerHelpers_StartupCodeHelpers__RhTypeCast_IsInstanceOfClass 000000001002497c     guideXOS.obj
 0003:000019a8       guideXOS_Internal_Runtime_CompilerHelpers_StartupCodeHelpers__InitializeModules 00000000100249a8     guideXOS.obj
 0003:00001b64       guideXOS_Internal_Runtime_CompilerHelpers_StartupCodeHelpers__InitializeStatics 0000000010024b64     guideXOS.obj
 0003:00001c4c       guideXOS_Internal_Runtime_CompilerHelpers_SynchronizedMethodHelpers__MonitorEnterStatic 0000000010024c4c     guideXOS.obj
 0003:00001c50       guideXOS_Internal_Runtime_CompilerHelpers_SynchronizedMethodHelpers__MonitorExitStatic 0000000010024c50     guideXOS.obj
 0003:00001c54       guideXOS_Internal_Runtime_CompilerHelpers_ThrowHelpers__Error 0000000010024c54     guideXOS.obj
 0003:00001d04       guideXOS_Internal_Runtime_CompilerHelpers_ThrowHelpers__ThrowOverflowException 0000000010024d04     guideXOS.obj
 0003:00001d1c       guideXOS_Internal_Runtime_CompilerHelpers_ThrowHelpers__ThrowIndexOutOfRangeException 0000000010024d1c     guideXOS.obj
 0003:00001d34       UInt8__ToString            0000000010024d34     guideXOS.obj
 0003:00001d50       Char__ToUpper              0000000010024d50     guideXOS.obj
 0003:00001d68       guideXOS_System_Delegate__InitializeClosedInstance 0000000010024d68     guideXOS.obj
 0003:00001d94       Int64__ToString            0000000010024d94     guideXOS.obj
 0003:00001e84       guideXOS_System_Math__Pow  0000000010024e84     guideXOS.obj
 0003:00001eb0       guideXOS_System_Math__Fact 0000000010024eb0     guideXOS.obj
 0003:00001ee8       guideXOS_System_Math__Sin  0000000010024ee8     guideXOS.obj
 0003:00001f98       guideXOS_System_MathF__Floor 0000000010024f98     guideXOS.obj
 0003:00001ff8       Object___ctor              0000000010024ff8     guideXOS.obj
 0003:00001ffc       Object__ToString           0000000010024ffc     guideXOS.obj
 0003:00002004       Object__Dispose            0000000010025004     guideXOS.obj
 0003:00002054       String__FromASCII          0000000010025054     guideXOS.obj
 0003:000020ec       String__Ctor               00000000100250ec     guideXOS.obj
 0003:0000210c       String__Ctor_2             000000001002510c     guideXOS.obj
 0003:000021c8       String__LastIndexOf        00000000100251c8     guideXOS.obj
 0003:000021f0       String__ToString           00000000100251f0     guideXOS.obj
 0003:000021f4       String__Equals_0           00000000100251f4     guideXOS.obj
 0003:00002230       String__Concat             0000000010025230     guideXOS.obj
 0003:0000231c       String__IndexOf            000000001002531c     guideXOS.obj
 0003:0000234c       String__Concat_0           000000001002534c     guideXOS.obj
 0003:000023c0       String__Concat_1           00000000100253c0     guideXOS.obj
 0003:00002484       String__Concat_2           0000000010025484     guideXOS.obj
 0003:0000256c       String__Format             000000001002556c     guideXOS.obj
 0003:00002770       String__Substring          0000000010025770     guideXOS.obj
 0003:000027b0       String__Substring_0        00000000100257b0     guideXOS.obj
 0003:000027ec       String__EndsWith_0         00000000100257ec     guideXOS.obj
 0003:0000286c       UInt16__ToString           000000001002586c     guideXOS.obj
 0003:00002888       UInt32__ToString           0000000010025888     guideXOS.obj
 0003:000028a4       UInt64__ToString           00000000100258a4     guideXOS.obj
 0003:0000296c       UInt64__ToStringHex        000000001002596c     guideXOS.obj
 0003:00002a14       guideXOS_System_Threading_Monitor__Unlock 0000000010025a14     guideXOS.obj
 0003:00002a58       RhTypeCast_CheckCastClass  0000000010025a58     guideXOS.obj
 0003:00002a58       guideXOS_System_Runtime_TypeCast__CheckCastClass 0000000010025a58     guideXOS.obj
 0003:00002a80       RhTypeCast_CheckCastArray  0000000010025a80     guideXOS.obj
 0003:00002a80       guideXOS_System_Runtime_TypeCast__CheckCastArray 0000000010025a80     guideXOS.obj
 0003:00002aa8       RhTypeCast_IsInstanceOfArray 0000000010025aa8     guideXOS.obj
 0003:00002aa8       guideXOS_System_Runtime_TypeCast__IsInstanceOfArray 0000000010025aa8     guideXOS.obj
 0003:00002b04       guideXOS_System_Drawing_Image___ctor 0000000010025b04     guideXOS.obj
 0003:00002b40       guideXOS_System_Drawing_Image___ctor_0 0000000010025b40     guideXOS.obj
 0003:00002b44       guideXOS_System_Drawing_Image__Resample 0000000010025b44     guideXOS.obj
 0003:00002ee8       guideXOS_System_Drawing_Image__ResizeImage 0000000010025ee8     guideXOS.obj
 0003:0000305c       guideXOS_System_Drawing_Image__Dispose 000000001002605c     guideXOS.obj
 0003:000030e4       guideXOS_System_Diagnostics_Process__Start 00000000100260e4     guideXOS.obj
 0003:000032e8       guideXOS_System_Diagnostics_Process__StartThread 00000000100262e8     guideXOS.obj
 0003:00003364       guideXOS_System_Diagnostics_Process__FixImageRelocations 0000000010026364     guideXOS.obj
 0003:000033d0       guideXOS_guideXOS_Animation___ctor 00000000100263d0     guideXOS.obj
 0003:000033e0       guideXOS_guideXOS_Animator__Initialize 00000000100263e0     guideXOS.obj
 0003:00003438       guideXOS_guideXOS_Animator__OnInterrupt 0000000010026438     guideXOS.obj
 0003:000034c4       guideXOS_guideXOS_API__HandleSystemCall 00000000100264c4     guideXOS.obj
 0003:00003860       guideXOS_guideXOS_API__API_SndWrite 0000000010026860     guideXOS.obj
 0003:00003868       guideXOS_guideXOS_API__API_Calloc 0000000010026868     guideXOS.obj
 0003:00003870       guideXOS_guideXOS_API__API_StartThread 0000000010026870     guideXOS.obj
 0003:000038ac       guideXOS_guideXOS_API__API_Error 00000000100268ac     guideXOS.obj
 0003:000038b4       guideXOS_guideXOS_API__API_GetTime 00000000100268b4     guideXOS.obj
 0003:00003934       guideXOS_guideXOS_API__API_DrawImage 0000000010026934     guideXOS.obj
 0003:00003968       guideXOS_guideXOS_API__API_WriteString 0000000010026968     guideXOS.obj
 0003:000039c8       guideXOS_guideXOS_API__API_Width 00000000100269c8     guideXOS.obj
 0003:000039dc       guideXOS_guideXOS_API__API_Height 00000000100269dc     guideXOS.obj
 0003:000039f0       guideXOS_guideXOS_API__API_Update 00000000100269f0     guideXOS.obj
 0003:000039f8       guideXOS_guideXOS_API__API_Clear 00000000100269f8     guideXOS.obj
 0003:00003a18       DebugWrite                 0000000010026a18     guideXOS.obj
 0003:00003a18       guideXOS_guideXOS_API__API_DebugWrite 0000000010026a18     guideXOS.obj
 0003:00003a20       DebugWriteLine             0000000010026a20     guideXOS.obj
 0003:00003a20       guideXOS_guideXOS_API__API_DebugWriteLine 0000000010026a20     guideXOS.obj
 0003:00003a3c       Lock                       0000000010026a3c     guideXOS.obj
 0003:00003a3c       guideXOS_guideXOS_API__API_Lock 0000000010026a3c     guideXOS.obj
 0003:00003a64       Unlock                     0000000010026a64     guideXOS.obj
 0003:00003a64       guideXOS_guideXOS_API__API_Unlock 0000000010026a64     guideXOS.obj
 0003:00003aa4       guideXOS_guideXOS_API__API_DrawPoint 0000000010026aa4     guideXOS.obj
 0003:00003ad8       guideXOS_guideXOS_API__API_SwitchToConsoleMode 0000000010026ad8     guideXOS.obj
 0003:00003ae0       guideXOS_guideXOS_API__API_ReadAllBytes 0000000010026ae0     guideXOS.obj
 0003:00003be8       guideXOS_guideXOS_API__API_Sleep 0000000010026be8     guideXOS.obj
 0003:00003bf0       guideXOS_guideXOS_API__API_GetTick 0000000010026bf0     guideXOS.obj
 0003:00003c04       guideXOS_guideXOS_API__API_Write 0000000010026c04     guideXOS.obj
 0003:00003c10       guideXOS_guideXOS_API__API_WriteLine 0000000010026c10     guideXOS.obj
 0003:00003c18       guideXOS_guideXOS_API__API_Allocate 0000000010026c18     guideXOS.obj
 0003:00003c20       guideXOS_guideXOS_API__API_Free 0000000010026c20     guideXOS.obj
 0003:00003c28       guideXOS_guideXOS_API__API_Reallocate 0000000010026c28     guideXOS.obj
 0003:00003c30       guideXOS_guideXOS_API__SayHello 0000000010026c30     guideXOS.obj
 0003:00003c3c       guideXOS_guideXOS_Kbd2Mouse__OnKeyChanged 0000000010026c3c     guideXOS.obj
 0003:00003dc8       guideXOS_guideXOS_ASC16__DrawChar 0000000010026dc8     guideXOS.obj
 0003:00003e5c       guideXOS_guideXOS_Console__add_OnWrite 0000000010026e5c     guideXOS.obj
 0003:00003ee8       guideXOS_guideXOS_Console__Setup 0000000010026ee8     guideXOS.obj
 0003:00003fa0       guideXOS_guideXOS_Console__Write 0000000010026fa0     guideXOS.obj
 0003:0000404c       guideXOS_guideXOS_Console__Write_0 000000001002704c     guideXOS.obj
 0003:000040d0       guideXOS_guideXOS_Console__WriteFramebuffer 00000000100270d0     guideXOS.obj
 0003:000041dc       guideXOS_guideXOS_Console__MoveUp 00000000100271dc     guideXOS.obj
 0003:00004210       guideXOS_guideXOS_Console__MoveUpFramebuffer 0000000010027210     guideXOS.obj
 0003:000042bc       guideXOS_guideXOS_Console__UpdateCursorFramebuffer 00000000100272bc     guideXOS.obj
 0003:0000436c       guideXOS_guideXOS_Console__WriteLine 000000001002736c     guideXOS.obj
 0003:00004408       guideXOS_guideXOS_Console__WriteLine_0 0000000010027408     guideXOS.obj
 0003:0000444c       guideXOS_guideXOS_Console__Clear 000000001002744c     guideXOS.obj
 0003:00004468       guideXOS_guideXOS_Console__ClearFramebuffer 0000000010027468     guideXOS.obj
 0003:00004524       guideXOS_guideXOS_FPSMeter__Update 0000000010027524     guideXOS.obj
 0003:00004580       guideXOS_guideXOS_PageTable__Initialise 0000000010027580     guideXOS.obj
 0003:00004670       guideXOS_guideXOS_PageTable__GetPage 0000000010027670     guideXOS.obj
 0003:0000471c       guideXOS_guideXOS_PageTable__Next 000000001002771c     guideXOS.obj
 0003:000047c0       guideXOS_guideXOS_NETv4__SwapLeftRight_0 00000000100277c0     guideXOS.obj
 0003:000047f0       guideXOS_guideXOS_SMP__ApplicationProcessorMain 00000000100277f0     guideXOS.obj
 0003:0000488c       guideXOS_guideXOS_SMP__Initialize 000000001002788c     guideXOS.obj
 0003:00004a1c       guideXOS_guideXOS_Misc_Audio__Initialize 0000000010027a1c     guideXOS.obj
 0003:00004a4c       guideXOS_guideXOS_Misc_Audio__snd_write 0000000010027a4c     guideXOS.obj
 0003:00004a4c       snd_write                  0000000010027a4c     guideXOS.obj
 0003:00004b34       guideXOS_guideXOS_Misc_Audio__snd_clear 0000000010027b34     guideXOS.obj
 0003:00004b34       snd_clear                  0000000010027b34     guideXOS.obj
 0003:00004b48       guideXOS_guideXOS_Misc_Audio__require 0000000010027b48     guideXOS.obj
 0003:00004c44       guideXOS_guideXOS_Misc_Bitmap___ctor 0000000010027c44     guideXOS.obj
 0003:00004e8c       guideXOS_guideXOS_Misc_ClassID__GetName 0000000010027e8c     guideXOS.obj
 0003:00004ff4       Entry                      0000000010027ff4     guideXOS.obj
 0003:00004ff4       guideXOS_guideXOS_Misc_EntryPoint__Entry 0000000010027ff4     guideXOS.obj
 0003:000053c8       guideXOS_guideXOS_Misc_IFont__DrawChar 00000000100283c8     guideXOS.obj
 0003:0000556c       guideXOS_guideXOS_Misc_IFont__DrawString 000000001002856c     guideXOS.obj
 0003:000055e0       guideXOS_guideXOS_Misc_IFont__MeasureString 00000000100285e0     guideXOS.obj
 0003:0000564c       guideXOS_guideXOS_Misc_IFont__DrawString_0 000000001002864c     guideXOS.obj
 0003:00005760       guideXOS_guideXOS_Misc_Interrupts__EnableInterrupt_0 0000000010028760     guideXOS.obj
 0003:000057c8       guideXOS_guideXOS_Misc_Interrupts__HandleInterrupt 00000000100287c8     guideXOS.obj
 0003:00005830       guideXOS_guideXOS_Misc_Panic__Error 0000000010028830     guideXOS.obj
 0003:000058cc       guideXOS_guideXOS_Misc_PNG___ctor 00000000100288cc     guideXOS.obj
 0003:00005abc       guideXOS_guideXOS_Misc_PNG__lodepng_decode_memory 0000000010028abc     guideXOS.obj
 0003:00005b58       guideXOS_guideXOS_Misc_Thread__NewThread 0000000010028b58     guideXOS.obj
 0003:00005bf8       guideXOS_guideXOS_Misc_Thread__Start 0000000010028bf8     guideXOS.obj
 0003:00005ca8       guideXOS_guideXOS_Misc_Thread__Start_0 0000000010028ca8     guideXOS.obj
 0003:00005d98       guideXOS_guideXOS_Misc_ThreadPool__Initialize 0000000010028d98     guideXOS.obj
 0003:00005f4c       guideXOS_guideXOS_Misc_ThreadPool__Terminate 0000000010028f4c     guideXOS.obj
 0003:00005fdc       guideXOS_guideXOS_Misc_ThreadPool__IdleThread 0000000010028fdc     guideXOS.obj
 0003:00006020       guideXOS_guideXOS_Misc_ThreadPool__get_CanLock 0000000010029020     guideXOS.obj
 0003:00006038       guideXOS_guideXOS_Misc_ThreadPool__Lock 0000000010029038     guideXOS.obj
 0003:00006070       guideXOS_guideXOS_Misc_ThreadPool__Schedule 0000000010029070     guideXOS.obj
 0003:000063e0       guideXOS_guideXOS_Misc_USBDevice___ctor 00000000100293e0     guideXOS.obj
 0003:000063e4       guideXOS_guideXOS_Misc_USBRequest__Clean 00000000100293e4     guideXOS.obj
 0003:00006454       guideXOS_guideXOS_Misc_USB__OnInterrupt 0000000010029454     guideXOS.obj
 0003:0000656c       guideXOS_guideXOS_Misc_USB__DriveDevice 000000001002956c     guideXOS.obj
 0003:00006588       guideXOS_guideXOS_Misc_USB__StartPolling 0000000010029588     guideXOS.obj
 0003:000065c0       guideXOS_guideXOS_Misc_USB__LoopPoll 00000000100295c0     guideXOS.obj
 0003:00006618       guideXOS_guideXOS_Misc_VendorID__GetName 0000000010029618     guideXOS.obj
 0003:0000da68       guideXOS_guideXOS_Misc_WAV__Decode 0000000010030a68     guideXOS.obj
 0003:0000dbbc       guideXOS_guideXOS_Graph_Graphics__FromImage 0000000010030bbc     guideXOS.obj
 0003:0000dc20       guideXOS_guideXOS_Graph_Graphics__Update 0000000010030c20     guideXOS.obj
 0003:0000dc24       guideXOS_guideXOS_Graph_Graphics__Clear 0000000010030c24     guideXOS.obj
 0003:0000dc8c       guideXOS_guideXOS_Graph_Graphics__Copy 0000000010030c8c     guideXOS.obj
 0003:0000dd28       guideXOS_guideXOS_Graph_Graphics__FillRectangle 0000000010030d28     guideXOS.obj
 0003:0000dda0       guideXOS_guideXOS_Graph_Graphics__AFillRectangle 0000000010030da0     guideXOS.obj
 0003:0000de18       guideXOS_guideXOS_Graph_Graphics__GetPoint 0000000010030e18     guideXOS.obj
 0003:0000de44       guideXOS_guideXOS_Graph_Graphics__DrawPoint 0000000010030e44     guideXOS.obj
 0003:0000df34       guideXOS_guideXOS_Graph_Graphics__DrawRectangle 0000000010030f34     guideXOS.obj
 0003:0000dff0       guideXOS_guideXOS_Graph_Graphics__Save 0000000010030ff0     guideXOS.obj
 0003:0000e0cc       guideXOS_guideXOS_Graph_Graphics__ADrawImage 00000000100310cc     guideXOS.obj
 0003:0000e17c       guideXOS_guideXOS_Graph_Graphics__DrawImage 000000001003117c     guideXOS.obj
 0003:0000e3d4       guideXOS_guideXOS_Graph_Graphics__FPartOfNumber 00000000100313d4     guideXOS.obj
 0003:0000e404       guideXOS_guideXOS_Graph_Graphics__DrawPoint_0 0000000010031404     guideXOS.obj
 0003:0000e46c       guideXOS_guideXOS_Graph_Graphics__DrawLine 000000001003146c     guideXOS.obj
 0003:0000e630       get_fattime                0000000010031630     guideXOS.obj
 0003:0000e630       guideXOS_guideXOS_FS_FATFS__get_fattime 0000000010031630     guideXOS.obj
 0003:0000e69c       RAM_disk_write             000000001003169c     guideXOS.obj
 0003:0000e69c       guideXOS_guideXOS_FS_FATFS__RAM_disk_write 000000001003169c     guideXOS.obj
 0003:0000e6d0       RAM_disk_read              00000000100316d0     guideXOS.obj
 0003:0000e6d0       guideXOS_guideXOS_FS_FATFS__RAM_disk_read 00000000100316d0     guideXOS.obj
 0003:0000e704       guideXOS_guideXOS_FS_FileInfo__Dispose 0000000010031704     guideXOS.obj
 0003:0000e78c       guideXOS_guideXOS_FS_FileInfo___ctor 000000001003178c     guideXOS.obj
 0003:0000e790       guideXOS_guideXOS_FS_FileSystem__SizeToSec 0000000010031790     guideXOS.obj
 0003:0000e7b0       guideXOS_guideXOS_FS_FileSystem__IsInDirectory 00000000100317b0     guideXOS.obj
 0003:0000e804       guideXOS_guideXOS_FS_TarFS__GetFiles 0000000010031804     guideXOS.obj
 0003:0000ea9c       guideXOS_guideXOS_FS_TarFS__ReadAllBytes 0000000010031a9c     guideXOS.obj
 0003:0000edb4       guideXOS_guideXOS_FS_TarFS___ctor 0000000010031db4     guideXOS.obj
 0003:0000edd4       _putchar                   0000000010031dd4     guideXOS.obj
 0003:0000edd4       guideXOS_guideXOS_Kernel_Libraries_stdio___putchar 0000000010031dd4     guideXOS.obj
 0003:0000ede8       fopen                      0000000010031de8     guideXOS.obj
 0003:0000ede8       guideXOS_guideXOS_Kernel_Libraries_stdio__fopen 0000000010031de8     guideXOS.obj
 0003:0000ef88       fseek                      0000000010031f88     guideXOS.obj
 0003:0000ef88       guideXOS_guideXOS_Kernel_Libraries_stdio__fseek 0000000010031f88     guideXOS.obj
 0003:0000efa0       fread                      0000000010031fa0     guideXOS.obj
 0003:0000efa0       guideXOS_guideXOS_Kernel_Libraries_stdio__fread 0000000010031fa0     guideXOS.obj
 0003:0000f004       guideXOS_guideXOS_Kernel_Libraries_stdlib__malloc 0000000010032004     guideXOS.obj
 0003:0000f004       malloc                     0000000010032004     guideXOS.obj
 0003:0000f014       free                       0000000010032014     guideXOS.obj
 0003:0000f014       guideXOS_guideXOS_Kernel_Libraries_stdlib__free 0000000010032014     guideXOS.obj
 0003:0000f024       guideXOS_guideXOS_Kernel_Libraries_stdlib__realloc 0000000010032024     guideXOS.obj
 0003:0000f024       realloc                    0000000010032024     guideXOS.obj
 0003:0000f034       calloc                     0000000010032034     guideXOS.obj
 0003:0000f034       guideXOS_guideXOS_Kernel_Libraries_stdlib__calloc 0000000010032034     guideXOS.obj
 0003:0000f0a8       guideXOS_guideXOS_Kernel_Libraries_stdlib__kmalloc 00000000100320a8     guideXOS.obj
 0003:0000f0a8       kmalloc                    00000000100320a8     guideXOS.obj
 0003:0000f0b8       guideXOS_guideXOS_Kernel_Libraries_stdlib__kfree 00000000100320b8     guideXOS.obj
 0003:0000f0b8       kfree                      00000000100320b8     guideXOS.obj
 0003:0000f0c8       guideXOS_guideXOS_Kernel_Libraries_stdlib__krealloc 00000000100320c8     guideXOS.obj
 0003:0000f0c8       krealloc                   00000000100320c8     guideXOS.obj
 0003:0000f0d8       guideXOS_guideXOS_Kernel_Libraries_stdlib__kcalloc 00000000100320d8     guideXOS.obj
 0003:0000f0d8       kcalloc                    00000000100320d8     guideXOS.obj
 0003:0000f14c       guideXOS_guideXOS_Kernel_Drivers_AC97__Initialize 000000001003214c     guideXOS.obj
 0003:0000f46c       guideXOS_guideXOS_Kernel_Drivers_AC97__OnInterrupt 000000001003246c     guideXOS.obj
 0003:0000f5a8       guideXOS_guideXOS_Kernel_Drivers_ACPI__GetRSDP 00000000100325a8     guideXOS.obj
 0003:0000f5cc       guideXOS_guideXOS_Kernel_Drivers_ACPI__Shutdown 00000000100325cc     guideXOS.obj
 0003:0000f688       guideXOS_guideXOS_Kernel_Drivers_ACPI__Initialize 0000000010032688     guideXOS.obj
 0003:0000f74c       guideXOS_guideXOS_Kernel_Drivers_ACPI__ParseDT 000000001003274c     guideXOS.obj
 0003:0000f91c       guideXOS_guideXOS_Kernel_Drivers_ACPI__RemapIRQ 000000001003291c     guideXOS.obj
 0003:0000f974       guideXOS_guideXOS_Kernel_Drivers_ACPITimer__SleepMicroseconds 0000000010032974     guideXOS.obj
 0003:0000fa98       guideXOS_guideXOS_Kernel_Drivers_EHCI__Initialize 0000000010032a98     guideXOS.obj
 0003:0000fd48       guideXOS_guideXOS_Kernel_Drivers_EHCI__SendAndReceive 0000000010032d48     guideXOS.obj
 0003:00010024       guideXOS_guideXOS_Kernel_Drivers_EHCI__SetDeviceAddr 0000000010033024     guideXOS.obj
 0003:0001028c       guideXOS_guideXOS_Kernel_Drivers_EHCI__WaitForComplete 000000001003328c     guideXOS.obj
 0003:00010328       guideXOS_guideXOS_Kernel_Drivers_EHCI__GetDesc 0000000010033328     guideXOS.obj
 0003:0001062c       guideXOS_guideXOS_Kernel_Drivers_EHCI__GetConfig 000000001003362c     guideXOS.obj
 0003:000109a0       guideXOS_guideXOS_Kernel_Drivers_EHCI__SetConfig 00000000100339a0     guideXOS.obj
 0003:00010c24       guideXOS_guideXOS_Kernel_Drivers_EHCI__InitPort 0000000010033c24     guideXOS.obj
 0003:00010f58       guideXOS_guideXOS_Kernel_Drivers_EHCI__ScanPorts 0000000010033f58     guideXOS.obj
 0003:00010fac       guideXOS_guideXOS_Kernel_Drivers_ES1371__Initialize 0000000010033fac     guideXOS.obj
 0003:000111f0       guideXOS_guideXOS_Kernel_Drivers_ES1371__OnInterrupt 00000000100341f0     guideXOS.obj
 0003:000112f8       guideXOS_guideXOS_Kernel_Drivers_Framebuffer__set_TripleBuffered 00000000100342f8     guideXOS.obj
 0003:0001137c       guideXOS_guideXOS_Kernel_Drivers_Framebuffer__Update 000000001003437c     guideXOS.obj
 0003:0001144c       guideXOS_guideXOS_Kernel_Drivers_Framebuffer__Initialize 000000001003444c     guideXOS.obj
 0003:00011584       guideXOS_guideXOS_Kernel_Drivers_HID__Initialize 0000000010034584     guideXOS.obj
 0003:000115b4       guideXOS_guideXOS_Kernel_Drivers_HID__GetHIDPacket 00000000100345b4     guideXOS.obj
 0003:00011624       guideXOS_guideXOS_Kernel_Drivers_HID__GetKeyboard 0000000010034624     guideXOS.obj
 0003:000116b8       guideXOS_guideXOS_Kernel_Drivers_HID__GetMouse 00000000100346b8     guideXOS.obj
 0003:00011750       guideXOS_guideXOS_Kernel_Drivers_HID__Initialize_0 0000000010034750     guideXOS.obj
 0003:000117a0       guideXOS_guideXOS_Kernel_Drivers_HID__InitializeKeyboard 00000000100347a0     guideXOS.obj
 0003:00011888       guideXOS_guideXOS_Kernel_Drivers_HPET__Initialize 0000000010034888     guideXOS.obj
 0003:000118e4       guideXOS_guideXOS_Kernel_Drivers_HPET__WriteRegister 00000000100348e4     guideXOS.obj
 0003:00011908       guideXOS_guideXOS_Kernel_Drivers_HPET__ReadRegister 0000000010034908     guideXOS.obj
 0003:00011928       guideXOS_guideXOS_Kernel_Drivers_Hub__Initialize 0000000010034928     guideXOS.obj
 0003:00011948       guideXOS_guideXOS_Kernel_Drivers_Hub__Initialize_0 0000000010034948     guideXOS.obj
 0003:00011c90       guideXOS_guideXOS_Kernel_Drivers_IDE__Initialize 0000000010034c90     guideXOS.obj
 0003:00011ce8       guideXOS_guideXOS_Kernel_Drivers_IDE__ScanPorts 0000000010034ce8     guideXOS.obj
 0003:00012314       guideXOS_guideXOS_Kernel_Drivers_IDE___ScanPorts_g__WaitForIdentifyData_3_2 0000000010035314     guideXOS.obj
 0003:00012380       guideXOS_guideXOS_Kernel_Drivers_IDEDevice__ReadOrWrite 0000000010035380     guideXOS.obj
 0003:00012644       guideXOS_guideXOS_Kernel_Drivers_IDEDevice__WaitForReadyStatus 0000000010035644     guideXOS.obj
 0003:000126a8       guideXOS_guideXOS_Kernel_Drivers_IDEDevice__Read 00000000100356a8     guideXOS.obj
 0003:00012708       guideXOS_guideXOS_Kernel_Drivers_IDEDevice__Write 0000000010035708     guideXOS.obj
 0003:0001276c       guideXOS_guideXOS_Kernel_Drivers_IDEDevice___ctor 000000001003576c     guideXOS.obj
 0003:0001278c       guideXOS_guideXOS_Kernel_Drivers_IOAPIC__Initialize 000000001003578c     guideXOS.obj
 0003:000127e8       guideXOS_guideXOS_Kernel_Drivers_IOAPIC__In 00000000100357e8     guideXOS.obj
 0003:00012814       guideXOS_guideXOS_Kernel_Drivers_IOAPIC__Out 0000000010035814     guideXOS.obj
 0003:00012844       guideXOS_guideXOS_Kernel_Drivers_IOAPIC__SetEntry 0000000010035844     guideXOS.obj
 0003:00012878       guideXOS_guideXOS_Kernel_Drivers_IOAPIC__SetEntry_0 0000000010035878     guideXOS.obj
 0003:00012898       guideXOS_guideXOS_Kernel_Drivers_Keyboard__InvokeOnKeyChanged 0000000010035898     guideXOS.obj
 0003:000128c8       guideXOS_guideXOS_Kernel_Drivers_Keyboard__CleanKeyInfo 00000000100358c8     guideXOS.obj
 0003:000128f4       guideXOS_guideXOS_Kernel_Drivers_LocalAPIC__ReadRegister 00000000100358f4     guideXOS.obj
 0003:00012914       guideXOS_guideXOS_Kernel_Drivers_LocalAPIC__SendIPI 0000000010035914     guideXOS.obj
 0003:00012964       guideXOS_guideXOS_Kernel_Drivers_LocalAPICTimer__StartTimer 0000000010035964     guideXOS.obj
 0003:000129d0       guideXOS_guideXOS_Kernel_Drivers_LocalAPICTimer__EstimateBusSpeed 00000000100359d0     guideXOS.obj
 0003:00012a84       guideXOS_guideXOS_Kernel_Drivers_PCIDevice__WriteRegister 0000000010035a84     guideXOS.obj
 0003:00012af0       guideXOS_guideXOS_Kernel_Drivers_PCIDevice___ctor 0000000010035af0     guideXOS.obj
 0003:00012af4       guideXOS_guideXOS_Kernel_Drivers_PCI__GetDevice 0000000010035af4     guideXOS.obj
 0003:00012b68       guideXOS_guideXOS_Kernel_Drivers_PCI__GetDevice_0 0000000010035b68     guideXOS.obj
 0003:00012bf0       guideXOS_guideXOS_Kernel_Drivers_PCI__Initialise 0000000010035bf0     guideXOS.obj
 0003:00012c7c       guideXOS_guideXOS_Kernel_Drivers_PCI__CheckBus 0000000010035c7c     guideXOS.obj
 0003:000130fc       guideXOS_guideXOS_Kernel_Drivers_PCI__WriteRegister32 00000000100360fc     guideXOS.obj
 0003:00013198       guideXOS_guideXOS_Kernel_Drivers_PCI__ReadRegister32 0000000010036198     guideXOS.obj
 0003:00013230       guideXOS_guideXOS_Kernel_Drivers_PCI__ReadRegister16 0000000010036230     guideXOS.obj
 0003:000132d8       guideXOS_guideXOS_Kernel_Drivers_PCI__ReadRegister8 00000000100362d8     guideXOS.obj
 0003:00013380       guideXOS_guideXOS_Kernel_Drivers_PCI__WriteRegister16 0000000010036380     guideXOS.obj
 0003:00013420       guideXOS_guideXOS_Kernel_Drivers_PCI__GetVendorID 0000000010036420     guideXOS.obj
 0003:000134ac       guideXOS_guideXOS_Kernel_Drivers_PCI__GetHeaderType 00000000100364ac     guideXOS.obj
 0003:00013540       guideXOS_guideXOS_Kernel_Drivers_PCI__GetAddressBase 0000000010036540     guideXOS.obj
 0003:00013560       guideXOS_guideXOS_Kernel_Drivers_PCIExpress__Initialize 0000000010036560     guideXOS.obj
 0003:000135f8       guideXOS_guideXOS_Kernel_Drivers_PCIExpress__CheckBus 00000000100365f8     guideXOS.obj
 0003:000138c8       guideXOS_guideXOS_Kernel_Drivers_PIC__Disable 00000000100368c8     guideXOS.obj
 0003:00013ab4       guideXOS_guideXOS_Kernel_Drivers_Power__Reboot 0000000010036ab4     guideXOS.obj
 0003:00013b50       guideXOS_guideXOS_Kernel_Drivers_PS2Keyboard__Initialize 0000000010036b50     guideXOS.obj
 0003:00014010       guideXOS_guideXOS_Kernel_Drivers_PS2Keyboard__OnInterrupt 0000000010037010     guideXOS.obj
 0003:00014068       guideXOS_guideXOS_Kernel_Drivers_PS2Keyboard__ProcessKey 0000000010037068     guideXOS.obj
 0003:00014268       guideXOS_guideXOS_Kernel_Drivers_PS2Mouse__Initialise 0000000010037268     guideXOS.obj
 0003:0001446c       guideXOS_guideXOS_Kernel_Drivers_PS2Mouse__WriteRegister 000000001003746c     guideXOS.obj
 0003:00014558       guideXOS_guideXOS_Kernel_Drivers_PS2Mouse__OnInterrupt 0000000010037558     guideXOS.obj
 0003:0001472c       guideXOS_guideXOS_Kernel_Drivers_Ramdisk__Read 000000001003772c     guideXOS.obj
 0003:00014798       guideXOS_guideXOS_Kernel_Drivers_Ramdisk__Write 0000000010037798     guideXOS.obj
 0003:00014808       guideXOS_guideXOS_Kernel_Drivers_RTC__get_Second 0000000010037808     guideXOS.obj
 0003:000148a0       guideXOS_guideXOS_Kernel_Drivers_RTC__get_Minute 00000000100378a0     guideXOS.obj
 0003:0001493c       guideXOS_guideXOS_Kernel_Drivers_RTC__get_Hour 000000001003793c     guideXOS.obj
 0003:000149f0       guideXOS_guideXOS_Kernel_Drivers_RTC__get_Century 00000000100379f0     guideXOS.obj
 0003:00014a8c       guideXOS_guideXOS_Kernel_Drivers_RTC__get_Year 0000000010037a8c     guideXOS.obj
 0003:00014b28       guideXOS_guideXOS_Kernel_Drivers_RTC__get_Month 0000000010037b28     guideXOS.obj
 0003:00014bc4       guideXOS_guideXOS_Kernel_Drivers_RTC__get_Day 0000000010037bc4     guideXOS.obj
 0003:00014c60       guideXOS_guideXOS_Kernel_Drivers_SATA__Initialize 0000000010037c60     guideXOS.obj
[...]
 0004:0000c89c       $unwind$LodePNGUnknownChunks_cleanup 000000001004d89c     NativeLib:lodepng.obj
 0004:0000c8a8       $unwind$LodePNGUnknownChunks_copy 000000001004d8a8     NativeLib:lodepng.obj
 0004:0000c8b4       $unwind$LodePNGText_init   000000001004d8b4     NativeLib:lodepng.obj
 0004:0000c8c0       $unwind$LodePNGText_cleanup 000000001004d8c0     NativeLib:lodepng.obj
 0004:0000c8cc       $unwind$LodePNGText_copy   000000001004d8cc     NativeLib:lodepng.obj
 0004:0000c8d8       $unwind$lodepng_add_text_sized 000000001004d8d8     NativeLib:lodepng.obj
 0004:0000c8e4       $unwind$LodePNGIText_init  000000001004d8e4     NativeLib:lodepng.obj
 0004:0000c8f0       $unwind$LodePNGIText_cleanup 000000001004d8f0     NativeLib:lodepng.obj
 0004:0000c8fc       $unwind$LodePNGIText_copy  000000001004d8fc     NativeLib:lodepng.obj
 0004:0000c908       $unwind$lodepng_add_itext_sized 000000001004d908     NativeLib:lodepng.obj
 0004:0000c914       $unwind$lodepng_assign_icc 000000001004d914     NativeLib:lodepng.obj
 0004:0000c920       $unwind$addColorBits       000000001004d920     NativeLib:lodepng.obj
 0004:0000c92c       $unwind$color_tree_init    000000001004d92c     NativeLib:lodepng.obj
 0004:0000c938       $unwind$color_tree_cleanup 000000001004d938     NativeLib:lodepng.obj
 0004:0000c944       $unwind$color_tree_get     000000001004d944     NativeLib:lodepng.obj
 0004:0000c950       $unwind$color_tree_has     000000001004d950     NativeLib:lodepng.obj
 0004:0000c95c       $unwind$color_tree_add     000000001004d95c     NativeLib:lodepng.obj
 0004:0000c968       $unwind$rgba8ToPixel       000000001004d968     NativeLib:lodepng.obj
 0004:0000c974       $unwind$rgba16ToPixel      000000001004d974     NativeLib:lodepng.obj
 0004:0000c980       $unwind$getPixelColorRGBA8 000000001004d980     NativeLib:lodepng.obj
 0004:0000c98c       $unwind$getPixelColorsRGBA8 000000001004d98c     NativeLib:lodepng.obj
 0004:0000c998       $unwind$getPixelColorsRGB8 000000001004d998     NativeLib:lodepng.obj
 0004:0000c9a4       $unwind$getPixelColorRGBA16 000000001004d9a4     NativeLib:lodepng.obj
 0004:0000c9b0       $unwind$lodepng_convert_rgb 000000001004d9b0     NativeLib:lodepng.obj
 0004:0000c9bc       $unwind$getValueRequiredBits 000000001004d9bc     NativeLib:lodepng.obj
 0004:0000c9c8       $unwind$lodepng_color_stats_add 000000001004d9c8     NativeLib:lodepng.obj
 0004:0000c9d4       $unwind$auto_choose_color  000000001004d9d4     NativeLib:lodepng.obj
 0004:0000c9e0       $unwind$paethPredictor     000000001004d9e0     NativeLib:lodepng.obj
 0004:0000c9ec       $unwind$Adam7_getpassvalues 000000001004d9ec     NativeLib:lodepng.obj
 0004:0000c9f8       $unwind$unfilterScanline   000000001004d9f8     NativeLib:lodepng.obj
 0004:0000ca04       $unwind$unfilter           000000001004da04     NativeLib:lodepng.obj
 0004:0000ca10       $unwind$Adam7_deinterlace  000000001004da10     NativeLib:lodepng.obj
 0004:0000ca1c       $unwind$removePaddingBits  000000001004da1c     NativeLib:lodepng.obj
 0004:0000ca28       $unwind$postProcessScanlines 000000001004da28     NativeLib:lodepng.obj
 0004:0000ca34       $unwind$readChunk_PLTE     000000001004da34     NativeLib:lodepng.obj
 0004:0000ca40       $unwind$readChunk_tRNS     000000001004da40     NativeLib:lodepng.obj
 0004:0000ca4c       $unwind$readChunk_bKGD     000000001004da4c     NativeLib:lodepng.obj
 0004:0000ca58       $unwind$readChunk_tEXt     000000001004da58     NativeLib:lodepng.obj
 0004:0000ca64       $unwind$readChunk_zTXt     000000001004da64     NativeLib:lodepng.obj
 0004:0000ca74       $unwind$readChunk_iTXt     000000001004da74     NativeLib:lodepng.obj
 0004:0000ca84       $unwind$readChunk_tIME     000000001004da84     NativeLib:lodepng.obj
 0004:0000ca90       $unwind$readChunk_pHYs     000000001004da90     NativeLib:lodepng.obj
 0004:0000ca9c       $unwind$readChunk_gAMA     000000001004da9c     NativeLib:lodepng.obj
 0004:0000caa8       $unwind$readChunk_cHRM     000000001004daa8     NativeLib:lodepng.obj
 0004:0000cab4       $unwind$readChunk_sRGB     000000001004dab4     NativeLib:lodepng.obj
 0004:0000cac0       $unwind$readChunk_iCCP     000000001004dac0     NativeLib:lodepng.obj
 0004:0000cad0       $unwind$decodeGeneric      000000001004dad0     NativeLib:lodepng.obj
 0004:0000cadc       $unwind$writeSignature     000000001004dadc     NativeLib:lodepng.obj
 0004:0000cae8       $unwind$addChunk_IHDR      000000001004dae8     NativeLib:lodepng.obj
 0004:0000caf4       $unwind$addChunk_PLTE      000000001004daf4     NativeLib:lodepng.obj
 0004:0000cb00       $unwind$addChunk_tRNS      000000001004db00     NativeLib:lodepng.obj
 0004:0000cb0c       $unwind$addChunk_IDAT      000000001004db0c     NativeLib:lodepng.obj
 0004:0000cb18       $unwind$addChunk_IEND      000000001004db18     NativeLib:lodepng.obj
 0004:0000cb24       $unwind$addChunk_tEXt      000000001004db24     NativeLib:lodepng.obj
 0004:0000cb30       $unwind$addChunk_zTXt      000000001004db30     NativeLib:lodepng.obj
 0004:0000cb3c       $unwind$addChunk_iTXt      000000001004db3c     NativeLib:lodepng.obj
 0004:0000cb48       $unwind$addChunk_bKGD      000000001004db48     NativeLib:lodepng.obj
 0004:0000cb54       $unwind$addChunk_tIME      000000001004db54     NativeLib:lodepng.obj
 0004:0000cb60       $unwind$addChunk_pHYs      000000001004db60     NativeLib:lodepng.obj
 0004:0000cb6c       $unwind$addChunk_gAMA      000000001004db6c     NativeLib:lodepng.obj
 0004:0000cb78       $unwind$addChunk_cHRM      000000001004db78     NativeLib:lodepng.obj
 0004:0000cb84       $unwind$addChunk_sRGB      000000001004db84     NativeLib:lodepng.obj
 0004:0000cb90       $unwind$addChunk_iCCP      000000001004db90     NativeLib:lodepng.obj
 0004:0000cb9c       $unwind$filterScanline     000000001004db9c     NativeLib:lodepng.obj
 0004:0000cba8       $unwind$ilog2              000000001004dba8     NativeLib:lodepng.obj
 0004:0000cbb4       $unwind$ilog2i             000000001004dbb4     NativeLib:lodepng.obj
 0004:0000cbc0       $unwind$filter             000000001004dbc0     NativeLib:lodepng.obj
 0004:0000cbcc       $unwind$addPaddingBits     000000001004dbcc     NativeLib:lodepng.obj
 0004:0000cbd8       $unwind$Adam7_interlace    000000001004dbd8     NativeLib:lodepng.obj
 0004:0000cbe4       $unwind$preProcessScanlines 000000001004dbe4     NativeLib:lodepng.obj
 0004:0000cbf0       $unwind$addUnknownChunks   000000001004dbf0     NativeLib:lodepng.obj
 0004:0000cbfc       $unwind$isGrayICCProfile   000000001004dbfc     NativeLib:lodepng.obj
 0004:0000cc08       $unwind$isRGBICCProfile    000000001004dc08     NativeLib:lodepng.obj
 0004:0000cc14       $unwind$Out8               000000001004dc14     NativeLib:io.obj
 0004:0000cc20       $unwind$Out16              000000001004dc20     NativeLib:io.obj
 0004:0000cc2c       $unwind$Out32              000000001004dc2c     NativeLib:io.obj
 0004:0000cc38       $unwind$In8                000000001004dc38     NativeLib:io.obj
 0004:0000cc44       $unwind$In16               000000001004dc44     NativeLib:io.obj
 0004:0000cc50       $unwind$In32               000000001004dc50     NativeLib:io.obj
 0004:0000cc5c       $unwind$Insd               000000001004dc5c     NativeLib:io.obj
 0004:0000cc68       $unwind$Insw               000000001004dc68     NativeLib:io.obj
 0004:0000cc74       $unwind$Insb               000000001004dc74     NativeLib:io.obj
 0004:0000cc80       $unwind$Outsd              000000001004dc80     NativeLib:io.obj
 0004:0000cc8c       $unwind$Outsw              000000001004dc8c     NativeLib:io.obj
 0004:0000cc98       $unwind$Outsb              000000001004dc98     NativeLib:io.obj
 0004:0000cca4       $unwind$mystrtoul          000000001004dca4     LibC:strtoul.obj
 0004:0000ccb0       $unwind$printf_            000000001004dcb0     LibC:printf.obj
 0004:0000ccbc       $unwind$sprintf_           000000001004dcbc     LibC:printf.obj
 0004:0000ccc8       $unwind$snprintf_          000000001004dcc8     LibC:printf.obj
 0004:0000ccd4       $unwind$vsnprintf_         000000001004dcd4     LibC:printf.obj
 0004:0000cce0       $unwind$vprintf_           000000001004dce0     LibC:printf.obj
 0004:0000ccec       $unwind$fctprintf          000000001004dcec     LibC:printf.obj
 0004:0000ccf8       $unwind$_out_buffer        000000001004dcf8     LibC:printf.obj
 0004:0000cd04       $unwind$_out_null          000000001004dd04     LibC:printf.obj
 0004:0000cd10       $unwind$_out_char          000000001004dd10     LibC:printf.obj
 0004:0000cd1c       $unwind$_out_fct           000000001004dd1c     LibC:printf.obj
 0004:0000cd28       $unwind$_strnlen_s         000000001004dd28     LibC:printf.obj
 0004:0000cd34       $unwind$_is_digit          000000001004dd34     LibC:printf.obj
 0004:0000cd40       $unwind$_atoi              000000001004dd40     LibC:printf.obj
 0004:0000cd4c       $unwind$_out_rev           000000001004dd4c     LibC:printf.obj
 0004:0000cd58       $unwind$_ntoa_format       000000001004dd58     LibC:printf.obj
 0004:0000cd64       $unwind$_ntoa_long         000000001004dd64     LibC:printf.obj
 0004:0000cd70       $unwind$_ntoa_long_long    000000001004dd70     LibC:printf.obj
 0004:0000cd7c       $unwind$_etoa              000000001004dd7c     LibC:printf.obj
 0004:0000cd88       $unwind$_ftoa              000000001004dd88     LibC:printf.obj
 0004:0000cd94       $unwind$_vsnprintf         000000001004dd94     LibC:printf.obj
 0004:0000cda0       $unwind$myisspace          000000001004dda0     LibC:isspace.obj
 0004:0000cdac       $unwind$myisdigit          000000001004ddac     LibC:isdigit.obj
 0004:0000cdb8       $unwind$myisalpha          000000001004ddb8     LibC:isalpha.obj
 0004:0000cdc4       $unwind$myisupper          000000001004ddc4     LibC:isupper.obj
 0005:0001caa0       lodepng_crc32_table        000000001006aaa0     NativeLib:lodepng.obj
 0008:00000000       __FE09AF47_concurrencysal@h 0000000010170000     NativeLib:mem.obj
 0008:00000001       __C073CA79_sal@h           0000000010170001     NativeLib:mem.obj
 0008:00000002       __D6AFE870_vadefs@h        0000000010170002     NativeLib:mem.obj
 0008:00000003       __D63E96CF_vcruntime@h     0000000010170003     NativeLib:mem.obj
 0008:00000004       __F5A7E1DF_intrin0@inl@h   0000000010170004     NativeLib:mem.obj
 0008:00000005       __3EC16E15_setjmp@h        0000000010170005     NativeLib:mem.obj
 0008:00000006       __18C87B63_mmintrin@h      0000000010170006     NativeLib:mem.obj
 0008:00000007       __1B0272D9_corecrt@h       0000000010170007     NativeLib:mem.obj
 0008:00000008       __45DED006_corecrt_malloc@h 0000000010170008     NativeLib:mem.obj
 0008:00000009       __FA77ED4C_malloc@h        0000000010170009     NativeLib:mem.obj
 0008:0000000a       __56EBFA9B_xmmintrin@h     000000001017000a     NativeLib:mem.obj
 0008:0000000b       __33897357_emmintrin@h     000000001017000b     NativeLib:mem.obj
 0008:0000000c       __EC281BDE_pmmintrin@h     000000001017000c     NativeLib:mem.obj
 0008:0000000d       __5CF1685C_tmmintrin@h     000000001017000d     NativeLib:mem.obj
 0008:0000000e       __75CA7DDF_smmintrin@h     000000001017000e     NativeLib:mem.obj
 0008:0000000f       __10A8F413_nmmintrin@h     000000001017000f     NativeLib:mem.obj
 0008:00000010       __C5130E5D_wmmintrin@h     0000000010170010     NativeLib:mem.obj
 0008:00000011       __0E87435A_zmmintrin@h     0000000010170011     NativeLib:mem.obj
 0008:00000012       __3993E190_immintrin@h     0000000010170012     NativeLib:mem.obj
 0008:00000013       __835000D5_ammintrin@h     0000000010170013     NativeLib:mem.obj
 0008:00000014       __18F7D262_intrin@h        0000000010170014     NativeLib:mem.obj
 0008:00000015       __121DF3F2_mem@cpp         0000000010170015     NativeLib:mem.obj
 0008:00000016       __FE09AF47_concurrencysal@h 0000000010170016     NativeLib:interrupts.obj
 0008:00000017       __C073CA79_sal@h           0000000010170017     NativeLib:interrupts.obj
 0008:00000018       __D6AFE870_vadefs@h        0000000010170018     NativeLib:interrupts.obj
 0008:00000019       __D63E96CF_vcruntime@h     0000000010170019     NativeLib:interrupts.obj
 0008:0000001a       __AEA28616_stdint@h        000000001017001a     NativeLib:interrupts.obj
 0008:0000001b       __F5A7E1DF_intrin0@inl@h   000000001017001b     NativeLib:interrupts.obj
 0008:0000001c       __3EC16E15_setjmp@h        000000001017001c     NativeLib:interrupts.obj
 0008:0000001d       __18C87B63_mmintrin@h      000000001017001d     NativeLib:interrupts.obj
 0008:0000001e       __1B0272D9_corecrt@h       000000001017001e     NativeLib:interrupts.obj
 0008:0000001f       __45DED006_corecrt_malloc@h 000000001017001f     NativeLib:interrupts.obj
 0008:00000020       __FA77ED4C_malloc@h        0000000010170020     NativeLib:interrupts.obj
 0008:00000021       __56EBFA9B_xmmintrin@h     0000000010170021     NativeLib:interrupts.obj
 0008:00000022       __33897357_emmintrin@h     0000000010170022     NativeLib:interrupts.obj
 0008:00000023       __EC281BDE_pmmintrin@h     0000000010170023     NativeLib:interrupts.obj
 0008:00000024       __5CF1685C_tmmintrin@h     0000000010170024     NativeLib:interrupts.obj
 0008:00000025       __75CA7DDF_smmintrin@h     0000000010170025     NativeLib:interrupts.obj
 0008:00000026       __10A8F413_nmmintrin@h     0000000010170026     NativeLib:interrupts.obj
 0008:00000027       __C5130E5D_wmmintrin@h     0000000010170027     NativeLib:interrupts.obj
 0008:00000028       __0E87435A_zmmintrin@h     0000000010170028     NativeLib:interrupts.obj
 0008:00000029       __3993E190_immintrin@h     0000000010170029     NativeLib:interrupts.obj
 0008:0000002a       __835000D5_ammintrin@h     000000001017002a     NativeLib:interrupts.obj
 0008:0000002b       __18F7D262_intrin@h        000000001017002b     NativeLib:interrupts.obj
 0008:0000002c       __81AF9977_interrupts@cpp  000000001017002c     NativeLib:interrupts.obj
 0008:0000002d       __FE09AF47_concurrencysal@h 000000001017002d     NativeLib:native.obj
 0008:0000002e       __C073CA79_sal@h           000000001017002e     NativeLib:native.obj
 0008:0000002f       __D6AFE870_vadefs@h        000000001017002f     NativeLib:native.obj
 0008:00000030       __D63E96CF_vcruntime@h     0000000010170030     NativeLib:native.obj
 0008:00000031       __F5A7E1DF_intrin0@inl@h   0000000010170031     NativeLib:native.obj
 0008:00000032       __3EC16E15_setjmp@h        0000000010170032     NativeLib:native.obj
 0008:00000033       __18C87B63_mmintrin@h      0000000010170033     NativeLib:native.obj
 0008:00000034       __1B0272D9_corecrt@h       0000000010170034     NativeLib:native.obj
 0008:00000035       __45DED006_corecrt_malloc@h 0000000010170035     NativeLib:native.obj
 0008:00000036       __FA77ED4C_malloc@h        0000000010170036     NativeLib:native.obj
 0008:00000037       __56EBFA9B_xmmintrin@h     0000000010170037     NativeLib:native.obj
 0008:00000038       __33897357_emmintrin@h     0000000010170038     NativeLib:native.obj
 0008:00000039       __EC281BDE_pmmintrin@h     0000000010170039     NativeLib:native.obj
 0008:0000003a       __5CF1685C_tmmintrin@h     000000001017003a     NativeLib:native.obj
 0008:0000003b       __75CA7DDF_smmintrin@h     000000001017003b     NativeLib:native.obj
 0008:0000003c       __10A8F413_nmmintrin@h     000000001017003c     NativeLib:native.obj
 0008:0000003d       __C5130E5D_wmmintrin@h     000000001017003d     NativeLib:native.obj
 0008:0000003e       __0E87435A_zmmintrin@h     000000001017003e     NativeLib:native.obj
 0008:0000003f       __3993E190_immintrin@h     000000001017003f     NativeLib:native.obj
 0008:00000040       __835000D5_ammintrin@h     0000000010170040     NativeLib:native.obj
 0008:00000041       __18F7D262_intrin@h        0000000010170041     NativeLib:native.obj
 0008:00000042       __5B367C0B_native@cpp      0000000010170042     NativeLib:native.obj
 0008:00000043       __FE09AF47_concurrencysal@h 0000000010170043     NativeLib:lodepng.obj
 0008:00000044       __C073CA79_sal@h           0000000010170044     NativeLib:lodepng.obj
 0008:00000045       __D6AFE870_vadefs@h        0000000010170045     NativeLib:lodepng.obj
 0008:00000046       __D63E96CF_vcruntime@h     0000000010170046     NativeLib:lodepng.obj
 0008:00000047       __9A7D38D9_stdarg@h        0000000010170047     NativeLib:lodepng.obj
 0008:00000048       __1B0272D9_corecrt@h       0000000010170048     NativeLib:lodepng.obj
 0008:00000049       __13F5961F_stddef@h        0000000010170049     NativeLib:lodepng.obj
 0008:0000004a       __0EED556E_printf@h        000000001017004a     NativeLib:lodepng.obj
 0008:0000004b       __61CC25A1_errno@h         000000001017004b     NativeLib:lodepng.obj
 0008:0000004c       __3EADF068_vcruntime_string@h 000000001017004c     NativeLib:lodepng.obj
 0008:0000004d       __E4C945B4_corecrt_memcpy_s@h 000000001017004d     NativeLib:lodepng.obj
 0008:0000004e       __8EAFF484_corecrt_memory@h 000000001017004e     NativeLib:lodepng.obj
 0008:0000004f       __6490AEC5_corecrt_wstring@h 000000001017004f     NativeLib:lodepng.obj
 0008:00000050       __E8295E1E_string@h        0000000010170050     NativeLib:lodepng.obj
 0008:00000051       __B2031D3E_lodepng@h       0000000010170051     NativeLib:lodepng.obj
 0008:00000052       __45DED006_corecrt_malloc@h 0000000010170052     NativeLib:lodepng.obj
 0008:00000053       __FD6DBD68_corecrt_search@h 0000000010170053     NativeLib:lodepng.obj
 0008:00000054       __E2E33A61_corecrt_wstdlib@h 0000000010170054     NativeLib:lodepng.obj
 0008:00000055       __10D4A829_limits@h        0000000010170055     NativeLib:lodepng.obj
 0008:00000056       __6E5ACABA_stdlib@h        0000000010170056     NativeLib:lodepng.obj
 0008:00000057       __25D1C4B6_lodepng@c       0000000010170057     NativeLib:lodepng.obj
 0008:00000058       __FE09AF47_concurrencysal@h 0000000010170058     NativeLib:io.obj
 0008:00000059       __C073CA79_sal@h           0000000010170059     NativeLib:io.obj
 0008:0000005a       __D6AFE870_vadefs@h        000000001017005a     NativeLib:io.obj
 0008:0000005b       __D63E96CF_vcruntime@h     000000001017005b     NativeLib:io.obj
 0008:0000005c       __F5A7E1DF_intrin0@inl@h   000000001017005c     NativeLib:io.obj
 0008:0000005d       __3EC16E15_setjmp@h        000000001017005d     NativeLib:io.obj
 0008:0000005e       __18C87B63_mmintrin@h      000000001017005e     NativeLib:io.obj
 0008:0000005f       __1B0272D9_corecrt@h       000000001017005f     NativeLib:io.obj
 0008:00000060       __45DED006_corecrt_malloc@h 0000000010170060     NativeLib:io.obj
 0008:00000061       __FA77ED4C_malloc@h        0000000010170061     NativeLib:io.obj
 0008:00000062       __56EBFA9B_xmmintrin@h     0000000010170062     NativeLib:io.obj
 0008:00000063       __33897357_emmintrin@h     0000000010170063     NativeLib:io.obj
 0008:00000064       __EC281BDE_pmmintrin@h     0000000010170064     NativeLib:io.obj
 0008:00000065       __5CF1685C_tmmintrin@h     0000000010170065     NativeLib:io.obj
 0008:00000066       __75CA7DDF_smmintrin@h     0000000010170066     NativeLib:io.obj
 0008:00000067       __10A8F413_nmmintrin@h     0000000010170067     NativeLib:io.obj
 0008:00000068       __C5130E5D_wmmintrin@h     0000000010170068     NativeLib:io.obj
 0008:00000069       __0E87435A_zmmintrin@h     0000000010170069     NativeLib:io.obj
 0008:0000006a       __3993E190_immintrin@h     000000001017006a     NativeLib:io.obj
 0008:0000006b       __835000D5_ammintrin@h     000000001017006b     NativeLib:io.obj
 0008:0000006c       __18F7D262_intrin@h        000000001017006c     NativeLib:io.obj
 0008:0000006d       __EB37504C_io@cpp          000000001017006d     NativeLib:io.obj
 0009:000000a0       $R000000                   00000000101710a0     guideXOS.res
 0009:000002f0       $R000250                   00000000101712f0     guideXOS.res
