 guideXOS

 Timestamp is 691f09e0 (Thu Nov 20 04:30:24 2025)

 Preferred load address is 0000000010000000

 Start         Length     Name                   Class
 0001:00000000 00000550H .text                   CODE
 0001:00000550 0002ae31H .text$mn                CODE
 0002:00000000 00000045H .unbox$M                CODE
 0003:00000000 0005f7b4H .managedcode$I          CODE
 0004:00000000 0003d5d0H .rdata                  DATA
 0004:0003d5d0 00000018H .rdata$voltmd           DATA
 0004:0003d5e8 0000019cH .rdata$zzzdbg           DATA
 0004:0003d784 0001123cH .xdata                  DATA
 0004:0004e9c0 00000000H .edata                  DATA
 0005:00000000 001c74a0H .data                   DATA
 0005:001c74a0 00001900H .bss                    DATA
 0006:00000000 00004800H .pdata                  DATA
 0007:00000000 00000008H .modules$I              DATA
 0008:00000000 0000033bH .msvcjmc                DATA
 0009:00000000 000000a0H .rsrc$01                DATA
 0009:000000a0 00000440H .rsrc$02                DATA

  Address         Publics by Value              Rva+Base               Lib:Object

 0000:00000000       __AbsoluteZero             0000000000000000     <absolute>
 0000:00000000       ___safe_se_handler_count   0000000000000000     <absolute>
 0000:00000000       ___safe_se_handler_table   0000000000000000     <absolute>
 0000:00000000       __arm64x_extra_rfe_table   0000000000000000     <absolute>
 0000:00000000       __arm64x_extra_rfe_table_size 0000000000000000     <absolute>
 0000:00000000       __arm64x_native_entrypoint 0000000000000000     <absolute>
 0000:00000000       __arm64x_redirection_metadata 0000000000000000     <absolute>
 0000:00000000       __arm64x_redirection_metadata_count 0000000000000000     <absolute>
 0000:00000000       __dynamic_value_reloc_table 0000000000000000     <absolute>
 0000:00000000       __enclave_config           0000000000000000     <absolute>
 0000:00000000       __guard_check_icall_a64n_fptr 0000000000000000     <absolute>
 0000:00000000       __guard_eh_cont_count      0000000000000000     <absolute>
 0000:00000000       __guard_eh_cont_table      0000000000000000     <absolute>
 0000:00000000       __guard_fids_count         0000000000000000     <absolute>
 0000:00000000       __guard_fids_table         0000000000000000     <absolute>
 0000:00000000       __guard_iat_count          0000000000000000     <absolute>
 0000:00000000       __guard_iat_table          0000000000000000     <absolute>
 0000:00000000       __guard_longjmp_count      0000000000000000     <absolute>
 0000:00000000       __guard_longjmp_table      0000000000000000     <absolute>
 0000:00000000       __hybrid_auxiliary_delayload_iat 0000000000000000     <absolute>
 0000:00000000       __hybrid_auxiliary_delayload_iat_copy 0000000000000000     <absolute>
 0000:00000000       __hybrid_auxiliary_iat     0000000000000000     <absolute>
 0000:00000000       __hybrid_auxiliary_iat_copy 0000000000000000     <absolute>
 0000:00000000       __hybrid_code_map          0000000000000000     <absolute>
 0000:00000000       __hybrid_code_map_count    0000000000000000     <absolute>
 0000:00000000       __hybrid_image_info_bitfield 0000000000000000     <absolute>
 0000:00000000       __x64_code_ranges_to_entry_points 0000000000000000     <absolute>
 0000:00000000       __x64_code_ranges_to_entry_points_count 0000000000000000     <absolute>
 0000:00000100       __guard_flags              0000000000000100     <absolute>
 0000:00000000       __ImageBase                0000000010000000     <linker-defined>
 0001:00000000       __GetNonGCStaticBase_guideXOS_Program 0000000010001000     guideXOS.obj
 0001:00000008       __GetNonGCStaticBase_guideXOS_Allocator 0000000010001008     guideXOS.obj
 0001:00000010       __GetNonGCStaticBase_guideXOS_GDT 0000000010001010     guideXOS.obj
 0001:00000018       __GetNonGCStaticBase_guideXOS_IDT 0000000010001018     guideXOS.obj
 0001:00000020       __GetNonGCStaticBase_guideXOS_System_Windows_Forms_Control 0000000010001020     guideXOS.obj
 0001:00000028       __GetNonGCStaticBase_guideXOS_guideXOS_Kbd2Mouse 0000000010001028     guideXOS.obj
 0001:00000030       __GetNonGCStaticBase_guideXOS_guideXOS_Console 0000000010001030     guideXOS.obj
 0001:00000038       __GetNonGCStaticBase_guideXOS_guideXOS_PageTable 0000000010001038     guideXOS.obj
 0001:00000040       __GetNonGCStaticBase_guideXOS_guideXOS_Intel825xx 0000000010001040     guideXOS.obj
 0001:00000048       __GetNonGCStaticBase_guideXOS_guideXOS_NETv4 0000000010001048     guideXOS.obj
 0001:00000050       __GetNonGCStaticBase_guideXOS_guideXOS_RTL8111 0000000010001050     guideXOS.obj
 0001:00000058       __GetNonGCStaticBase_guideXOS_guideXOS_SMP 0000000010001058     guideXOS.obj
 0001:00000060       __GetNonGCStaticBase_guideXOS_guideXOS_Network_Http 0000000010001060     guideXOS.obj
 0001:00000068       __GetNonGCStaticBase_guideXOS_guideXOS_Misc_Audio 0000000010001068     guideXOS.obj
 0001:00000070       __GetNonGCStaticBase_guideXOS_guideXOS_Misc_BootSplash 0000000010001070     guideXOS.obj
 0001:00000078       __GetNonGCStaticBase_guideXOS_guideXOS_Misc_ThreadPool 0000000010001078     guideXOS.obj
 0001:00000080       __GetNonGCStaticBase_guideXOS_guideXOS_Misc_USB 0000000010001080     guideXOS.obj
 0001:00000088       __GetNonGCStaticBase_guideXOS_guideXOS_Kernel_Drivers_AC97 0000000010001088     guideXOS.obj
 0001:00000090       __GetNonGCStaticBase_guideXOS_guideXOS_Kernel_Drivers_ACPI 0000000010001090     guideXOS.obj
 0001:00000098       __GetNonGCStaticBase_guideXOS_guideXOS_Kernel_Drivers_DisplayManager 0000000010001098     guideXOS.obj
 0001:000000a0       __GetNonGCStaticBase_guideXOS_guideXOS_Kernel_Drivers_EHCI 00000000100010a0     guideXOS.obj
 0001:000000a8       __GetNonGCStaticBase_guideXOS_guideXOS_Kernel_Drivers_ES1371 00000000100010a8     guideXOS.obj
 0001:000000b0       __GetNonGCStaticBase_guideXOS_guideXOS_Kernel_Drivers_Framebuffer 00000000100010b0     guideXOS.obj
 0001:000000b8       __GetNonGCStaticBase_guideXOS_guideXOS_Kernel_Drivers_HID 00000000100010b8     guideXOS.obj
 0001:000000c0       __GetNonGCStaticBase_guideXOS_guideXOS_Kernel_Drivers_HPET 00000000100010c0     guideXOS.obj
 0001:000000c8       __GetNonGCStaticBase_guideXOS_guideXOS_Kernel_Drivers_Hub 00000000100010c8     guideXOS.obj
 0001:000000d0       __GetNonGCStaticBase_guideXOS_guideXOS_Kernel_Drivers_Keyboard 00000000100010d0     guideXOS.obj
 0001:000000d8       __GetNonGCStaticBase_guideXOS_guideXOS_Kernel_Drivers_PS2Keyboard 00000000100010d8     guideXOS.obj
 0001:000000e0       __GetNonGCStaticBase_guideXOS_guideXOS_Kernel_Drivers_PS2Mouse 00000000100010e0     guideXOS.obj
 0001:000000e8       __GetNonGCStaticBase_guideXOS_guideXOS_Kernel_Drivers_RTC 00000000100010e8     guideXOS.obj
 0001:000000f0       __GetNonGCStaticBase_guideXOS_guideXOS_Kernel_Drivers_SATA 00000000100010f0     guideXOS.obj
 0001:000000f8       __GetNonGCStaticBase_guideXOS_guideXOS_Kernel_Drivers_Timer 00000000100010f8     guideXOS.obj
 0001:00000100       __GetNonGCStaticBase_guideXOS_guideXOS_Kernel_Drivers_VMwareTools 0000000010001100     guideXOS.obj
 0001:00000108       __GetNonGCStaticBase_guideXOS_guideXOS_Kernel_Drivers_USBStorage 0000000010001108     guideXOS.obj
 0001:00000125       __GetNonGCStaticBase_guideXOS_guideXOS_OS_Firewall 0000000010001125     guideXOS.obj
 0001:00000142       __GetNonGCStaticBase_guideXOS_guideXOS_GUI_Busy 0000000010001142     guideXOS.obj
 0001:0000014a       __GetNonGCStaticBase_guideXOS_guideXOS_GUI_Desktop 000000001000114a     guideXOS.obj
 0001:00000152       __GetNonGCStaticBase_guideXOS_guideXOS_GUI_StartMenu 0000000010001152     guideXOS.obj
 0001:0000015a       __GetNonGCStaticBase_guideXOS_guideXOS_GUI_UISettings 000000001000115a     guideXOS.obj
 0001:00000162       __GetNonGCStaticBase_guideXOS_guideXOS_GUI_WindowManager 0000000010001162     guideXOS.obj
 0001:0000016a       __GetNonGCStaticBase_guideXOS_guideXOS_GUI_WorkspaceManager 000000001000116a     guideXOS.obj
 0001:00000187       __GetNonGCStaticBase_guideXOS_guideXOS_DefaultApps_nexIRC 0000000010001187     guideXOS.obj
 0001:0000018f       __GetNonGCStaticBase_guideXOS_guideXOS_DefaultApps_WAVPlayer 000000001000118f     guideXOS.obj
 0001:00000197       __GetNonGCStaticBase_guideXOS_guideXOS_DefaultApps_WebBrowser 0000000010001197     guideXOS.obj
 0001:0000019f       __GetGCStaticBase_guideXOS_Program 000000001000119f     guideXOS.obj
 0001:000001aa       __GetGCStaticBase_guideXOS_Allocator 00000000100011aa     guideXOS.obj
 0001:000001b5       __GetGCStaticBase_guideXOS_IDT 00000000100011b5     guideXOS.obj
 0001:000001c0       __GetGCStaticBase_guideXOS_System_DateTime 00000000100011c0     guideXOS.obj
 0001:000001cb       __GetGCStaticBase_guideXOS_guideXOS_Animator 00000000100011cb     guideXOS.obj
 0001:000001d6       __GetGCStaticBase_guideXOS_guideXOS_ASC16 00000000100011d6     guideXOS.obj
 0001:000001e1       __GetGCStaticBase_guideXOS_guideXOS_Console 00000000100011e1     guideXOS.obj
 0001:000001ec       __GetGCStaticBase_guideXOS_guideXOS_NETv4 00000000100011ec     guideXOS.obj
 0001:000001f7       __GetGCStaticBase_guideXOS_guideXOS_Misc_BitFont 00000000100011f7     guideXOS.obj
 0001:00000202       __GetGCStaticBase_guideXOS_guideXOS_Misc_BootSplash 0000000010001202     guideXOS.obj
 0001:0000020d       __GetGCStaticBase_guideXOS_guideXOS_Misc_Interrupts 000000001000120d     guideXOS.obj
 0001:00000218       __GetGCStaticBase_guideXOS_guideXOS_Misc_ThreadPool 0000000010001218     guideXOS.obj
 0001:00000223       __GetGCStaticBase_guideXOS_guideXOS_FS_Disk 0000000010001223     guideXOS.obj
 0001:0000022e       __GetGCStaticBase_guideXOS_guideXOS_FS_File 000000001000122e     guideXOS.obj
 0001:00000239       __GetGCStaticBase_guideXOS_guideXOS_Kernel_Drivers_AC97 0000000010001239     guideXOS.obj
 0001:00000244       __GetGCStaticBase_guideXOS_guideXOS_Kernel_Drivers_ACPI 0000000010001244     guideXOS.obj
 0001:0000024f       __GetGCStaticBase_guideXOS_guideXOS_Kernel_Drivers_DisplayManager 000000001000124f     guideXOS.obj
 0001:0000025a       __GetGCStaticBase_guideXOS_guideXOS_Kernel_Drivers_Framebuffer 000000001000125a     guideXOS.obj
 0001:00000265       __GetGCStaticBase_guideXOS_guideXOS_Kernel_Drivers_HID 0000000010001265     guideXOS.obj
 0001:00000270       __GetGCStaticBase_guideXOS_guideXOS_Kernel_Drivers_IDE 0000000010001270     guideXOS.obj
 0001:0000027b       __GetGCStaticBase_guideXOS_guideXOS_Kernel_Drivers_Keyboard 000000001000127b     guideXOS.obj
 0001:00000286       __GetGCStaticBase_guideXOS_guideXOS_Kernel_Drivers_PCI 0000000010001286     guideXOS.obj
 0001:00000291       __GetGCStaticBase_guideXOS_guideXOS_Kernel_Drivers_PS2Mouse 0000000010001291     guideXOS.obj
 0001:0000029c       __GetGCStaticBase_guideXOS_guideXOS_Kernel_Drivers_SATA 000000001000129c     guideXOS.obj
 0001:000002a7       __GetGCStaticBase_guideXOS_guideXOS_Kernel_Drivers_USBStorage 00000000100012a7     guideXOS.obj
 0001:000002c7       __GetGCStaticBase_guideXOS_guideXOS_OS_Firewall 00000000100012c7     guideXOS.obj
 0001:000002e7       __GetGCStaticBase_guideXOS_guideXOS_OS_Session 00000000100012e7     guideXOS.obj
 0001:000002f2       __GetGCStaticBase_guideXOS_guideXOS_GUI_Desktop 00000000100012f2     guideXOS.obj
 0001:000002fd       __GetGCStaticBase_guideXOS_guideXOS_GUI_Icons 00000000100012fd     guideXOS.obj
 0001:0000031d       __GetGCStaticBase_guideXOS_guideXOS_GUI_Lockscreen 000000001000131d     guideXOS.obj
 0001:00000328       __GetGCStaticBase_guideXOS_guideXOS_GUI_NotificationManager 0000000010001328     guideXOS.obj
 0001:00000333       __GetGCStaticBase_guideXOS_guideXOS_GUI_OnScreenKeyboard 0000000010001333     guideXOS.obj
 0001:00000353       __GetGCStaticBase_guideXOS_guideXOS_GUI_PinnedManager 0000000010001353     guideXOS.obj
 0001:00000373       __GetGCStaticBase_guideXOS_guideXOS_GUI_RecentManager 0000000010001373     guideXOS.obj
 0001:00000393       __GetGCStaticBase_guideXOS_guideXOS_GUI_WindowManager 0000000010001393     guideXOS.obj
 0001:0000039e       __GetGCStaticBase_guideXOS_guideXOS_GUI_WorkspaceManager 000000001000139e     guideXOS.obj
 0001:000003be       __GetGCStaticBase_guideXOS_guideXOS_DockableWidgets_Clock 00000000100013be     guideXOS.obj
 0001:000003c9       __GetGCStaticBase_guideXOS_guideXOS_DefaultApps_WAVPlayer 00000000100013c9     guideXOS.obj
 0001:000003d4       __GetGCStaticBase_guideXOS_guideXOS_GUI_DisplayOptions___c 00000000100013d4     guideXOS.obj
 0001:000003df       __GetGCStaticBase_guideXOS_guideXOS_GUI_SaveDialog___O 00000000100013df     guideXOS.obj
 0001:000003ea       __GetGCStaticBase_guideXOS_System_Array_EmptyArray_1<String> 00000000100013ea     guideXOS.obj
 0001:0000040a       __DelegateCtor_guideXOS_System_Delegate__InitializeClosedInstance__guideXOS_guideXOS_GUI_NetworkConfigurationDialog__Keyboard_OnKeyChanged 000000001000140a     guideXOS.obj
 0001:00000416       __DelegateCtor_guideXOS_System_Delegate__InitializeClosedInstance__guideXOS_guideXOS_GUI_OpenDialog__Keyboard_OnKeyChanged 0000000010001416     guideXOS.obj
 0001:00000422       __DelegateCtor_guideXOS_System_Delegate__InitializeClosedInstance__guideXOS_guideXOS_GUI_SaveDialog__Keyboard_OnKeyChanged 0000000010001422     guideXOS.obj
 0001:0000042e       __DelegateCtor_guideXOS_System_Delegate__InitializeClosedInstance__guideXOS_guideXOS_DefaultApps_ComputerFiles__Keyboard_OnKeyChanged 000000001000142e     guideXOS.obj
 0001:0000043a       __DelegateCtor_guideXOS_System_Delegate__InitializeClosedInstance__guideXOS_guideXOS_DefaultApps_FConsole__Keyboard_OnKeyChanged 000000001000143a     guideXOS.obj
 0001:00000446       __DelegateCtor_guideXOS_System_Delegate__InitializeClosedInstance__guideXOS_guideXOS_DefaultApps_FConsole__Console_OnWrite 0000000010001446     guideXOS.obj
 0001:00000452       __DelegateCtor_guideXOS_System_Delegate__InitializeClosedInstance__guideXOS_guideXOS_DefaultApps_nexIRC__Keyboard_OnKeyChanged 0000000010001452     guideXOS.obj
 0001:0000045e       __DelegateCtor_guideXOS_System_Delegate__InitializeClosedInstance__guideXOS_guideXOS_DefaultApps_Notepad__Keyboard_OnKeyChanged 000000001000145e     guideXOS.obj
 0001:0000046a       __DelegateCtor_guideXOS_System_Delegate__InitializeClosedInstance__guideXOS_guideXOS_DefaultApps_Notepad___OnSetVisible_b__19_0 000000001000146a     guideXOS.obj
 0001:00000476       __DelegateCtor_guideXOS_System_Delegate__InitializeClosedInstance__guideXOS_guideXOS_DefaultApps_Notepad___OnSetVisible_b__19_3 0000000010001476     guideXOS.obj
 0001:00000482       __DelegateCtor_guideXOS_System_Delegate__InitializeClosedInstance__guideXOS_guideXOS_DefaultApps_Notepad___OnSetVisible_b__19_1 0000000010001482     guideXOS.obj
 0001:0000048e       __DelegateCtor_guideXOS_System_Delegate__InitializeClosedInstance__guideXOS_guideXOS_DefaultApps_Notepad___OnSetVisible_b__19_2 000000001000148e     guideXOS.obj
 0001:0000049a       __DelegateCtor_guideXOS_System_Delegate__InitializeClosedInstance__guideXOS_guideXOS_DefaultApps_WebBrowser__OnKey 000000001000149a     guideXOS.obj
 0001:000004a6       __DelegateCtor_guideXOS_System_Delegate__InitializeClosedInstance__guideXOS_guideXOS_FS_FAT___c__DisplayClass46_0___FindPath_b__0 00000000100014a6     guideXOS.obj
 0001:000004b2       __DelegateCtor_guideXOS_System_Delegate__InitializeClosedInstance__guideXOS_guideXOS_FS_FAT___c__DisplayClass46_1___FindPath_b__1 00000000100014b2     guideXOS.obj
 0001:000004be       __DelegateCtor_guideXOS_System_Delegate__InitializeClosedInstance__guideXOS_guideXOS_FS_FAT___c__DisplayClass56_0___GetFiles_b__0 00000000100014be     guideXOS.obj
 0001:000004ca       __DelegateCtor_guideXOS_System_Delegate__InitializeClosedInstance__guideXOS_guideXOS_GUI_DisplayOptions___c___OnInput_b__30_0 00000000100014ca     guideXOS.obj
 0001:000004d6       __DelegateCtor_guideXOS_System_Delegate__InitializeClosedInstance__guideXOS_guideXOS_GUI_DisplayOptions___c___OnInput_b__30_1 00000000100014d6     guideXOS.obj
 0001:000004e2       __DelegateCtor_guideXOS_System_Delegate__InitializeClosedInstance__guideXOS_guideXOS_DefaultApps_DiskManager___c__DisplayClass38_0___ReadMBRForEntry_b__0 00000000100014e2     guideXOS.obj
 0001:000004ee       __DelegateCtor_guideXOS_System_Delegate__InitializeClosedInstance__guideXOS_guideXOS_DefaultApps_DiskManager___c__DisplayClass54_0___TryCreatePartitionLargestFree_b__0 00000000100014ee     guideXOS.obj
 0001:000004fa       __DelegateCtor_guideXOS_System_Delegate__InitializeClosedInstance__guideXOS_guideXOS_DefaultApps_DiskManager___c__DisplayClass54_0___TryCreatePartitionLargestFree_b__1 00000000100014fa     guideXOS.obj
 0001:00000506       __DelegateCtor_guideXOS_System_Delegate__InitializeClosedInstance__guideXOS_guideXOS_DefaultApps_Notepad___c__DisplayClass24_0___OpenSaveAs_b__0 0000000010001506     guideXOS.obj
 0001:00000512       __DelegateCtor_guideXOS_System_Delegate__InitializeOpenStaticThunk__guideXOS_guideXOS_GUI_Icons__DocumentIcon__guideXOS_System_Func_2<Int32__System___Canon>__InvokeOpenStaticThunk 0000000010001512     guideXOS.obj
 0001:00000525       __GenericLookupFromType_guideXOS_System_Array_EmptyArray_1<System___Canon>_GCStaticBase_guideXOS_System_Array_EmptyArray_1<T_System___Canon> 0000000010001525     guideXOS.obj
 0001:00000550       CPUID                      0000000010001550 f   NativeLib:native.obj
 0001:000005a0       Cli                        00000000100015a0 f   NativeLib:native.obj
 0001:000005d0       Fxrstor64                  00000000100015d0 f   NativeLib:native.obj
 0001:00000600       Fxsave64                   0000000010001600 f   NativeLib:native.obj
 0001:00000630       Hlt                        0000000010001630 f   NativeLib:native.obj
 0001:00000660       Invlpg                     0000000010001660 f   NativeLib:native.obj
 0001:00000690       Nop                        0000000010001690 f   NativeLib:native.obj
 0001:000006b0       Rdmsr                      00000000100016b0 f   NativeLib:native.obj
 0001:000006e0       Rdtsc                      00000000100016e0 f   NativeLib:native.obj
 0001:00000710       ReadCR2                    0000000010001710 f   NativeLib:native.obj
 0001:00000730       Sti                        0000000010001730 f   NativeLib:native.obj
 0001:00000760       WriteCR3                   0000000010001760 f   NativeLib:native.obj
 0001:00000790       Wrmsr                      0000000010001790 f   NativeLib:native.obj
 0001:000007d0       __JustMyCode_Default       00000000100017d0 f i NativeLib:native.obj
 0001:000007e0       Movsb                      00000000100017e0 f   NativeLib:mem.obj
 0001:00000820       Movsd                      0000000010001820 f   NativeLib:mem.obj
 0001:00000860       Stosb                      0000000010001860 f   NativeLib:mem.obj
 0001:000008b0       Stosd                      00000000100018b0 f   NativeLib:mem.obj
 0001:00000900       avx_memcpy                 0000000010001900 f   NativeLib:mem.obj
 0001:00000a00       Load_GDT                   0000000010001a00 f   NativeLib:interrupts.obj
 0001:00000a30       idt_set                    0000000010001a30 f   NativeLib:interrupts.obj
 0001:00000b10       set_idt_entries            0000000010001b10 f   NativeLib:interrupts.obj
 0001:00002a30       intr0                      0000000010003a30 f   NativeLib:interrupts_asm.obj
 0001:00002a72       intr1                      0000000010003a72 f   NativeLib:interrupts_asm.obj
 0001:00002ab4       intr2                      0000000010003ab4 f   NativeLib:interrupts_asm.obj
 0001:00002af6       intr3                      0000000010003af6 f   NativeLib:interrupts_asm.obj
 0001:00002b38       intr4                      0000000010003b38 f   NativeLib:interrupts_asm.obj
 0001:00002b7a       intr5                      0000000010003b7a f   NativeLib:interrupts_asm.obj
 0001:00002bbc       intr6                      0000000010003bbc f   NativeLib:interrupts_asm.obj
 0001:00002bfe       intr7                      0000000010003bfe f   NativeLib:interrupts_asm.obj
 0001:00002c40       intr8                      0000000010003c40 f   NativeLib:interrupts_asm.obj
 0001:00002c82       intr9                      0000000010003c82 f   NativeLib:interrupts_asm.obj
 0001:00002cc4       intr10                     0000000010003cc4 f   NativeLib:interrupts_asm.obj
 0001:00002d06       intr11                     0000000010003d06 f   NativeLib:interrupts_asm.obj
 0001:00002d48       intr12                     0000000010003d48 f   NativeLib:interrupts_asm.obj
 0001:00002d8a       intr13                     0000000010003d8a f   NativeLib:interrupts_asm.obj
 0001:00002dcc       intr14                     0000000010003dcc f   NativeLib:interrupts_asm.obj
 0001:00002e0e       intr15                     0000000010003e0e f   NativeLib:interrupts_asm.obj
 0001:00002e50       intr16                     0000000010003e50 f   NativeLib:interrupts_asm.obj
 0001:00002e92       intr17                     0000000010003e92 f   NativeLib:interrupts_asm.obj
 0001:00002ed4       intr18                     0000000010003ed4 f   NativeLib:interrupts_asm.obj
 0001:00002f16       intr19                     0000000010003f16 f   NativeLib:interrupts_asm.obj
 0001:00002f58       intr20                     0000000010003f58 f   NativeLib:interrupts_asm.obj
 0001:00002f9a       intr21                     0000000010003f9a f   NativeLib:interrupts_asm.obj
 0001:00002fdc       intr22                     0000000010003fdc f   NativeLib:interrupts_asm.obj
 0001:0000301e       intr23                     000000001000401e f   NativeLib:interrupts_asm.obj
 0001:00003060       intr24                     0000000010004060 f   NativeLib:interrupts_asm.obj
 0001:000030a2       intr25                     00000000100040a2 f   NativeLib:interrupts_asm.obj
 0001:000030e4       intr26                     00000000100040e4 f   NativeLib:interrupts_asm.obj
 0001:00003126       intr27                     0000000010004126 f   NativeLib:interrupts_asm.obj
 0001:00003168       intr28                     0000000010004168 f   NativeLib:interrupts_asm.obj
 0001:000031aa       intr29                     00000000100041aa f   NativeLib:interrupts_asm.obj
 0001:000031ec       intr30                     00000000100041ec f   NativeLib:interrupts_asm.obj
 0001:0000322e       intr31                     000000001000422e f   NativeLib:interrupts_asm.obj
 0001:00003270       intr32                     0000000010004270 f   NativeLib:interrupts_asm.obj
 0001:000032b2       intr33                     00000000100042b2 f   NativeLib:interrupts_asm.obj
 0001:000032f4       intr34                     00000000100042f4 f   NativeLib:interrupts_asm.obj
 0001:00003336       intr35                     0000000010004336 f   NativeLib:interrupts_asm.obj
 0001:00003378       intr36                     0000000010004378 f   NativeLib:interrupts_asm.obj
 0001:000033ba       intr37                     00000000100043ba f   NativeLib:interrupts_asm.obj
 0001:000033fc       intr38                     00000000100043fc f   NativeLib:interrupts_asm.obj
 0001:0000343e       intr39                     000000001000443e f   NativeLib:interrupts_asm.obj
 0001:00003480       intr40                     0000000010004480 f   NativeLib:interrupts_asm.obj
 0001:000034c2       intr41                     00000000100044c2 f   NativeLib:interrupts_asm.obj
 0001:00003504       intr42                     0000000010004504 f   NativeLib:interrupts_asm.obj
 0001:00003546       intr43                     0000000010004546 f   NativeLib:interrupts_asm.obj
 0001:00003588       intr44                     0000000010004588 f   NativeLib:interrupts_asm.obj
 0001:000035ca       intr45                     00000000100045ca f   NativeLib:interrupts_asm.obj
 0001:0000360c       intr46                     000000001000460c f   NativeLib:interrupts_asm.obj
 0001:0000364e       intr47                     000000001000464e f   NativeLib:interrupts_asm.obj
 0001:00003690       intr48                     0000000010004690 f   NativeLib:interrupts_asm.obj
 0001:000036d2       intr49                     00000000100046d2 f   NativeLib:interrupts_asm.obj
 0001:00003714       intr50                     0000000010004714 f   NativeLib:interrupts_asm.obj
 0001:00003756       intr51                     0000000010004756 f   NativeLib:interrupts_asm.obj
 0001:00003798       intr52                     0000000010004798 f   NativeLib:interrupts_asm.obj
 0001:000037da       intr53                     00000000100047da f   NativeLib:interrupts_asm.obj
 0001:0000381c       intr54                     000000001000481c f   NativeLib:interrupts_asm.obj
 0001:0000385e       intr55                     000000001000485e f   NativeLib:interrupts_asm.obj
 0001:000038a0       intr56                     00000000100048a0 f   NativeLib:interrupts_asm.obj
 0001:000038e2       intr57                     00000000100048e2 f   NativeLib:interrupts_asm.obj
 0001:00003924       intr58                     0000000010004924 f   NativeLib:interrupts_asm.obj
 0001:00003966       intr59                     0000000010004966 f   NativeLib:interrupts_asm.obj
 0001:000039a8       intr60                     00000000100049a8 f   NativeLib:interrupts_asm.obj
 0001:000039ea       intr61                     00000000100049ea f   NativeLib:interrupts_asm.obj
 0001:00003a2c       intr62                     0000000010004a2c f   NativeLib:interrupts_asm.obj
 0001:00003a6e       intr63                     0000000010004a6e f   NativeLib:interrupts_asm.obj
 0001:00003ab0       intr64                     0000000010004ab0 f   NativeLib:interrupts_asm.obj
 0001:00003af2       intr65                     0000000010004af2 f   NativeLib:interrupts_asm.obj
 0001:00003b34       intr66                     0000000010004b34 f   NativeLib:interrupts_asm.obj
 0001:00003b76       intr67                     0000000010004b76 f   NativeLib:interrupts_asm.obj
 0001:00003bb8       intr68                     0000000010004bb8 f   NativeLib:interrupts_asm.obj
 0001:00003bfa       intr69                     0000000010004bfa f   NativeLib:interrupts_asm.obj
 0001:00003c3c       intr70                     0000000010004c3c f   NativeLib:interrupts_asm.obj
 0001:00003c7e       intr71                     0000000010004c7e f   NativeLib:interrupts_asm.obj
 0001:00003cc0       intr72                     0000000010004cc0 f   NativeLib:interrupts_asm.obj
 0001:00003d02       intr73                     0000000010004d02 f   NativeLib:interrupts_asm.obj
 0001:00003d44       intr74                     0000000010004d44 f   NativeLib:interrupts_asm.obj
 0001:00003d86       intr75                     0000000010004d86 f   NativeLib:interrupts_asm.obj
 0001:00003dc8       intr76                     0000000010004dc8 f   NativeLib:interrupts_asm.obj
 0001:00003e0a       intr77                     0000000010004e0a f   NativeLib:interrupts_asm.obj
 0001:00003e4c       intr78                     0000000010004e4c f   NativeLib:interrupts_asm.obj
 0001:00003e8e       intr79                     0000000010004e8e f   NativeLib:interrupts_asm.obj
 0001:00003ed0       intr80                     0000000010004ed0 f   NativeLib:interrupts_asm.obj
 0001:00003f12       intr81                     0000000010004f12 f   NativeLib:interrupts_asm.obj
 0001:00003f54       intr82                     0000000010004f54 f   NativeLib:interrupts_asm.obj
 0001:00003f96       intr83                     0000000010004f96 f   NativeLib:interrupts_asm.obj
 0001:00003fd8       intr84                     0000000010004fd8 f   NativeLib:interrupts_asm.obj
 0001:0000401a       intr85                     000000001000501a f   NativeLib:interrupts_asm.obj
 0001:0000405c       intr86                     000000001000505c f   NativeLib:interrupts_asm.obj
 0001:0000409e       intr87                     000000001000509e f   NativeLib:interrupts_asm.obj
 0001:000040e0       intr88                     00000000100050e0 f   NativeLib:interrupts_asm.obj
 0001:00004122       intr89                     0000000010005122 f   NativeLib:interrupts_asm.obj
 0001:00004164       intr90                     0000000010005164 f   NativeLib:interrupts_asm.obj
 0001:000041a6       intr91                     00000000100051a6 f   NativeLib:interrupts_asm.obj
 0001:000041e8       intr92                     00000000100051e8 f   NativeLib:interrupts_asm.obj
 0001:0000422a       intr93                     000000001000522a f   NativeLib:interrupts_asm.obj
 0001:0000426c       intr94                     000000001000526c f   NativeLib:interrupts_asm.obj
 0001:000042ae       intr95                     00000000100052ae f   NativeLib:interrupts_asm.obj
 0001:000042f0       intr96                     00000000100052f0 f   NativeLib:interrupts_asm.obj
 0001:00004332       intr97                     0000000010005332 f   NativeLib:interrupts_asm.obj
 0001:00004374       intr98                     0000000010005374 f   NativeLib:interrupts_asm.obj
 0001:000043b6       intr99                     00000000100053b6 f   NativeLib:interrupts_asm.obj
 0001:000043f8       intr100                    00000000100053f8 f   NativeLib:interrupts_asm.obj
 0001:0000443a       intr101                    000000001000543a f   NativeLib:interrupts_asm.obj
 0001:0000447c       intr102                    000000001000547c f   NativeLib:interrupts_asm.obj
 0001:000044be       intr103                    00000000100054be f   NativeLib:interrupts_asm.obj
 0001:00004500       intr104                    0000000010005500 f   NativeLib:interrupts_asm.obj
 0001:00004542       intr105                    0000000010005542 f   NativeLib:interrupts_asm.obj
 0001:00004584       intr106                    0000000010005584 f   NativeLib:interrupts_asm.obj
 0001:000045c6       intr107                    00000000100055c6 f   NativeLib:interrupts_asm.obj
 0001:00004608       intr108                    0000000010005608 f   NativeLib:interrupts_asm.obj
 0001:0000464a       intr109                    000000001000564a f   NativeLib:interrupts_asm.obj
 0001:0000468c       intr110                    000000001000568c f   NativeLib:interrupts_asm.obj
 0001:000046ce       intr111                    00000000100056ce f   NativeLib:interrupts_asm.obj
 0001:00004710       intr112                    0000000010005710 f   NativeLib:interrupts_asm.obj
 0001:00004752       intr113                    0000000010005752 f   NativeLib:interrupts_asm.obj
 0001:00004794       intr114                    0000000010005794 f   NativeLib:interrupts_asm.obj
 0001:000047d6       intr115                    00000000100057d6 f   NativeLib:interrupts_asm.obj
 0001:00004818       intr116                    0000000010005818 f   NativeLib:interrupts_asm.obj
 0001:0000485a       intr117                    000000001000585a f   NativeLib:interrupts_asm.obj
 0001:0000489c       intr118                    000000001000589c f   NativeLib:interrupts_asm.obj
 0001:000048de       intr119                    00000000100058de f   NativeLib:interrupts_asm.obj
 0001:00004920       intr120                    0000000010005920 f   NativeLib:interrupts_asm.obj
 0001:00004962       intr121                    0000000010005962 f   NativeLib:interrupts_asm.obj
 0001:000049a4       intr122                    00000000100059a4 f   NativeLib:interrupts_asm.obj
 0001:000049e6       intr123                    00000000100059e6 f   NativeLib:interrupts_asm.obj
 0001:00004a28       intr124                    0000000010005a28 f   NativeLib:interrupts_asm.obj
 0001:00004a6a       intr125                    0000000010005a6a f   NativeLib:interrupts_asm.obj
 0001:00004aac       intr126                    0000000010005aac f   NativeLib:interrupts_asm.obj
 0001:00004aee       intr127                    0000000010005aee f   NativeLib:interrupts_asm.obj
 0001:00004b30       intr128                    0000000010005b30 f   NativeLib:interrupts_asm.obj
 0001:00004b72       intr129                    0000000010005b72 f   NativeLib:interrupts_asm.obj
 0001:00004bb4       intr130                    0000000010005bb4 f   NativeLib:interrupts_asm.obj
 0001:00004bf6       intr131                    0000000010005bf6 f   NativeLib:interrupts_asm.obj
 0001:00004c38       intr132                    0000000010005c38 f   NativeLib:interrupts_asm.obj
 0001:00004c7a       intr133                    0000000010005c7a f   NativeLib:interrupts_asm.obj
 0001:00004cbc       intr134                    0000000010005cbc f   NativeLib:interrupts_asm.obj
 0001:00004cfe       intr135                    0000000010005cfe f   NativeLib:interrupts_asm.obj
 0001:00004d40       intr136                    0000000010005d40 f   NativeLib:interrupts_asm.obj
 0001:00004d82       intr137                    0000000010005d82 f   NativeLib:interrupts_asm.obj
 0001:00004dc4       intr138                    0000000010005dc4 f   NativeLib:interrupts_asm.obj
 0001:00004e06       intr139                    0000000010005e06 f   NativeLib:interrupts_asm.obj
 0001:00004e48       intr140                    0000000010005e48 f   NativeLib:interrupts_asm.obj
 0001:00004e8a       intr141                    0000000010005e8a f   NativeLib:interrupts_asm.obj
 0001:00004ecc       intr142                    0000000010005ecc f   NativeLib:interrupts_asm.obj
 0001:00004f0e       intr143                    0000000010005f0e f   NativeLib:interrupts_asm.obj
 0001:00004f50       intr144                    0000000010005f50 f   NativeLib:interrupts_asm.obj
 0001:00004f92       intr145                    0000000010005f92 f   NativeLib:interrupts_asm.obj
 0001:00004fd4       intr146                    0000000010005fd4 f   NativeLib:interrupts_asm.obj
 0001:00005016       intr147                    0000000010006016 f   NativeLib:interrupts_asm.obj
 0001:00005058       intr148                    0000000010006058 f   NativeLib:interrupts_asm.obj
 0001:0000509a       intr149                    000000001000609a f   NativeLib:interrupts_asm.obj
 0001:000050dc       intr150                    00000000100060dc f   NativeLib:interrupts_asm.obj
 0001:0000511e       intr151                    000000001000611e f   NativeLib:interrupts_asm.obj
 0001:00005160       intr152                    0000000010006160 f   NativeLib:interrupts_asm.obj
 0001:000051a2       intr153                    00000000100061a2 f   NativeLib:interrupts_asm.obj
 0001:000051e4       intr154                    00000000100061e4 f   NativeLib:interrupts_asm.obj
 0001:00005226       intr155                    0000000010006226 f   NativeLib:interrupts_asm.obj
 0001:00005268       intr156                    0000000010006268 f   NativeLib:interrupts_asm.obj
 0001:000052aa       intr157                    00000000100062aa f   NativeLib:interrupts_asm.obj
 0001:000052ec       intr158                    00000000100062ec f   NativeLib:interrupts_asm.obj
 0001:0000532e       intr159                    000000001000632e f   NativeLib:interrupts_asm.obj
 0001:00005370       intr160                    0000000010006370 f   NativeLib:interrupts_asm.obj
 0001:000053b2       intr161                    00000000100063b2 f   NativeLib:interrupts_asm.obj
 0001:000053f4       intr162                    00000000100063f4 f   NativeLib:interrupts_asm.obj
 0001:00005436       intr163                    0000000010006436 f   NativeLib:interrupts_asm.obj
 0001:00005478       intr164                    0000000010006478 f   NativeLib:interrupts_asm.obj
 0001:000054ba       intr165                    00000000100064ba f   NativeLib:interrupts_asm.obj
 0001:000054fc       intr166                    00000000100064fc f   NativeLib:interrupts_asm.obj
 0001:0000553e       intr167                    000000001000653e f   NativeLib:interrupts_asm.obj
 0001:00005580       intr168                    0000000010006580 f   NativeLib:interrupts_asm.obj
 0001:000055c2       intr169                    00000000100065c2 f   NativeLib:interrupts_asm.obj
 0001:00005604       intr170                    0000000010006604 f   NativeLib:interrupts_asm.obj
 0001:00005646       intr171                    0000000010006646 f   NativeLib:interrupts_asm.obj
 0001:00005688       intr172                    0000000010006688 f   NativeLib:interrupts_asm.obj
 0001:000056ca       intr173                    00000000100066ca f   NativeLib:interrupts_asm.obj
 0001:0000570c       intr174                    000000001000670c f   NativeLib:interrupts_asm.obj
 0001:0000574e       intr175                    000000001000674e f   NativeLib:interrupts_asm.obj
 0001:00005790       intr176                    0000000010006790 f   NativeLib:interrupts_asm.obj
 0001:000057d2       intr177                    00000000100067d2 f   NativeLib:interrupts_asm.obj
 0001:00005814       intr178                    0000000010006814 f   NativeLib:interrupts_asm.obj
 0001:00005856       intr179                    0000000010006856 f   NativeLib:interrupts_asm.obj
 0001:00005898       intr180                    0000000010006898 f   NativeLib:interrupts_asm.obj
 0001:000058da       intr181                    00000000100068da f   NativeLib:interrupts_asm.obj
 0001:0000591c       intr182                    000000001000691c f   NativeLib:interrupts_asm.obj
 0001:0000595e       intr183                    000000001000695e f   NativeLib:interrupts_asm.obj
 0001:000059a0       intr184                    00000000100069a0 f   NativeLib:interrupts_asm.obj
 0001:000059e2       intr185                    00000000100069e2 f   NativeLib:interrupts_asm.obj
 0001:00005a24       intr186                    0000000010006a24 f   NativeLib:interrupts_asm.obj
 0001:00005a66       intr187                    0000000010006a66 f   NativeLib:interrupts_asm.obj
 0001:00005aa8       intr188                    0000000010006aa8 f   NativeLib:interrupts_asm.obj
 0001:00005aea       intr189                    0000000010006aea f   NativeLib:interrupts_asm.obj
 0001:00005b2c       intr190                    0000000010006b2c f   NativeLib:interrupts_asm.obj
 0001:00005b6e       intr191                    0000000010006b6e f   NativeLib:interrupts_asm.obj
 0001:00005bb0       intr192                    0000000010006bb0 f   NativeLib:interrupts_asm.obj
 0001:00005bf2       intr193                    0000000010006bf2 f   NativeLib:interrupts_asm.obj
 0001:00005c34       intr194                    0000000010006c34 f   NativeLib:interrupts_asm.obj
 0001:00005c76       intr195                    0000000010006c76 f   NativeLib:interrupts_asm.obj
 0001:00005cb8       intr196                    0000000010006cb8 f   NativeLib:interrupts_asm.obj
 0001:00005cfa       intr197                    0000000010006cfa f   NativeLib:interrupts_asm.obj
 0001:00005d3c       intr198                    0000000010006d3c f   NativeLib:interrupts_asm.obj
 0001:00005d7e       intr199                    0000000010006d7e f   NativeLib:interrupts_asm.obj
 0001:00005dc0       intr200                    0000000010006dc0 f   NativeLib:interrupts_asm.obj
 0001:00005e02       intr201                    0000000010006e02 f   NativeLib:interrupts_asm.obj
 0001:00005e44       intr202                    0000000010006e44 f   NativeLib:interrupts_asm.obj
 0001:00005e86       intr203                    0000000010006e86 f   NativeLib:interrupts_asm.obj
 0001:00005ec8       intr204                    0000000010006ec8 f   NativeLib:interrupts_asm.obj
 0001:00005f0a       intr205                    0000000010006f0a f   NativeLib:interrupts_asm.obj
 0001:00005f4c       intr206                    0000000010006f4c f   NativeLib:interrupts_asm.obj
 0001:00005f8e       intr207                    0000000010006f8e f   NativeLib:interrupts_asm.obj
 0001:00005fd0       intr208                    0000000010006fd0 f   NativeLib:interrupts_asm.obj
 0001:00006012       intr209                    0000000010007012 f   NativeLib:interrupts_asm.obj
 0001:00006054       intr210                    0000000010007054 f   NativeLib:interrupts_asm.obj
 0001:00006096       intr211                    0000000010007096 f   NativeLib:interrupts_asm.obj
 0001:000060d8       intr212                    00000000100070d8 f   NativeLib:interrupts_asm.obj
 0001:0000611a       intr213                    000000001000711a f   NativeLib:interrupts_asm.obj
 0001:0000615c       intr214                    000000001000715c f   NativeLib:interrupts_asm.obj
 0001:0000619e       intr215                    000000001000719e f   NativeLib:interrupts_asm.obj
 0001:000061e0       intr216                    00000000100071e0 f   NativeLib:interrupts_asm.obj
 0001:00006222       intr217                    0000000010007222 f   NativeLib:interrupts_asm.obj
 0001:00006264       intr218                    0000000010007264 f   NativeLib:interrupts_asm.obj
 0001:000062a6       intr219                    00000000100072a6 f   NativeLib:interrupts_asm.obj
 0001:000062e8       intr220                    00000000100072e8 f   NativeLib:interrupts_asm.obj
 0001:0000632a       intr221                    000000001000732a f   NativeLib:interrupts_asm.obj
 0001:0000636c       intr222                    000000001000736c f   NativeLib:interrupts_asm.obj
 0001:000063ae       intr223                    00000000100073ae f   NativeLib:interrupts_asm.obj
 0001:000063f0       intr224                    00000000100073f0 f   NativeLib:interrupts_asm.obj
 0001:00006432       intr225                    0000000010007432 f   NativeLib:interrupts_asm.obj
 0001:00006474       intr226                    0000000010007474 f   NativeLib:interrupts_asm.obj
 0001:000064b6       intr227                    00000000100074b6 f   NativeLib:interrupts_asm.obj
 0001:000064f8       intr228                    00000000100074f8 f   NativeLib:interrupts_asm.obj
 0001:0000653a       intr229                    000000001000753a f   NativeLib:interrupts_asm.obj
 0001:0000657c       intr230                    000000001000757c f   NativeLib:interrupts_asm.obj
 0001:000065be       intr231                    00000000100075be f   NativeLib:interrupts_asm.obj
 0001:00006600       intr232                    0000000010007600 f   NativeLib:interrupts_asm.obj
 0001:00006642       intr233                    0000000010007642 f   NativeLib:interrupts_asm.obj
 0001:00006684       intr234                    0000000010007684 f   NativeLib:interrupts_asm.obj
 0001:000066c6       intr235                    00000000100076c6 f   NativeLib:interrupts_asm.obj
 0001:00006708       intr236                    0000000010007708 f   NativeLib:interrupts_asm.obj
 0001:0000674a       intr237                    000000001000774a f   NativeLib:interrupts_asm.obj
 0001:0000678c       intr238                    000000001000778c f   NativeLib:interrupts_asm.obj
 0001:000067ce       intr239                    00000000100077ce f   NativeLib:interrupts_asm.obj
 0001:00006810       intr240                    0000000010007810 f   NativeLib:interrupts_asm.obj
 0001:00006852       intr241                    0000000010007852 f   NativeLib:interrupts_asm.obj
 0001:00006894       intr242                    0000000010007894 f   NativeLib:interrupts_asm.obj
 0001:000068d6       intr243                    00000000100078d6 f   NativeLib:interrupts_asm.obj
 0001:00006918       intr244                    0000000010007918 f   NativeLib:interrupts_asm.obj
 0001:0000695a       intr245                    000000001000795a f   NativeLib:interrupts_asm.obj
 0001:0000699c       intr246                    000000001000799c f   NativeLib:interrupts_asm.obj
 0001:000069de       intr247                    00000000100079de f   NativeLib:interrupts_asm.obj
 0001:00006a20       intr248                    0000000010007a20 f   NativeLib:interrupts_asm.obj
 0001:00006a62       intr249                    0000000010007a62 f   NativeLib:interrupts_asm.obj
 0001:00006aa4       intr250                    0000000010007aa4 f   NativeLib:interrupts_asm.obj
 0001:00006ae6       intr251                    0000000010007ae6 f   NativeLib:interrupts_asm.obj
 0001:00006b28       intr252                    0000000010007b28 f   NativeLib:interrupts_asm.obj
 0001:00006b6a       intr253                    0000000010007b6a f   NativeLib:interrupts_asm.obj
 0001:00006bac       intr254                    0000000010007bac f   NativeLib:interrupts_asm.obj
 0001:00006bee       intr255                    0000000010007bee f   NativeLib:interrupts_asm.obj
 0001:00006c30       _reload_segreg             0000000010007c30 f   NativeLib:interrupts_asm.obj
 0001:00006c57       Load_IDT                   0000000010007c57 f   NativeLib:interrupts_asm.obj
 0001:00006c5b       _cli                       0000000010007c5b f   NativeLib:interrupts_asm.obj
 0001:00006c5d       _sti                       0000000010007c5d f   NativeLib:interrupts_asm.obj
 0001:00006c5f       _hlt                       0000000010007c5f f   NativeLib:interrupts_asm.obj
 0001:00006c61       _inttest                   0000000010007c61 f   NativeLib:interrupts_asm.obj
 0001:00006c6b       _iretq                     0000000010007c6b f   NativeLib:interrupts_asm.obj
 0001:00006c86       _int20h                    0000000010007c86 f   NativeLib:interrupts_asm.obj
 0001:00006c90       In16                       0000000010007c90 f   NativeLib:io.obj
 0001:00006cc0       In32                       0000000010007cc0 f   NativeLib:io.obj
 0001:00006cf0       In8                        0000000010007cf0 f   NativeLib:io.obj
 0001:00006d20       Insb                       0000000010007d20 f   NativeLib:io.obj
 0001:00006d60       Insd                       0000000010007d60 f   NativeLib:io.obj
 0001:00006da0       Insw                       0000000010007da0 f   NativeLib:io.obj
 0001:00006de0       Out16                      0000000010007de0 f   NativeLib:io.obj
 0001:00006e10       Out32                      0000000010007e10 f   NativeLib:io.obj
 0001:00006e40       Out8                       0000000010007e40 f   NativeLib:io.obj
 0001:00006e70       Outsb                      0000000010007e70 f   NativeLib:io.obj
 0001:00006eb0       Outsd                      0000000010007eb0 f   NativeLib:io.obj
 0001:00006ef0       Outsw                      0000000010007ef0 f   NativeLib:io.obj
 0001:00006f30       enable_avx                 0000000010007f30 f   NativeLib:misc.obj
 0001:00006f43       enable_sse                 0000000010007f43 f   NativeLib:misc.obj
 0001:00006f56       Schedule_Next              0000000010007f56 f   NativeLib:misc.obj
 0001:000123c0       lodepng_add_itext          00000000100133c0 f   NativeLib:lodepng.obj
 0001:00012600       lodepng_add_text           0000000010013600 f   NativeLib:lodepng.obj
 0001:000128c0       lodepng_can_have_alpha     00000000100138c0 f   NativeLib:lodepng.obj
 0001:00012920       lodepng_chunk_ancillary    0000000010013920 f   NativeLib:lodepng.obj
 0001:00012970       lodepng_chunk_append       0000000010013970 f   NativeLib:lodepng.obj
 0001:00012a90       lodepng_chunk_check_crc    0000000010013a90 f   NativeLib:lodepng.obj
 0001:00012b20       lodepng_chunk_create       0000000010013b20 f   NativeLib:lodepng.obj
 0001:00012c50       lodepng_chunk_data         0000000010013c50 f   NativeLib:lodepng.obj
 0001:00012c90       lodepng_chunk_data_const   0000000010013c90 f   NativeLib:lodepng.obj
 0001:00012cd0       lodepng_chunk_find         0000000010013cd0 f   NativeLib:lodepng.obj
 0001:00012d50       lodepng_chunk_find_const   0000000010013d50 f   NativeLib:lodepng.obj
 0001:00012dd0       lodepng_chunk_generate_crc 0000000010013dd0 f   NativeLib:lodepng.obj
 0001:00012f20       lodepng_chunk_length       0000000010013f20 f   NativeLib:lodepng.obj
 0001:00012f60       lodepng_chunk_next         0000000010013f60 f   NativeLib:lodepng.obj
 0001:000130c0       lodepng_chunk_next_const   00000000100140c0 f   NativeLib:lodepng.obj
 0001:00013220       lodepng_chunk_private      0000000010014220 f   NativeLib:lodepng.obj
 0001:00013270       lodepng_chunk_safetocopy   0000000010014270 f   NativeLib:lodepng.obj
 0001:000132c0       lodepng_chunk_type         00000000100142c0 f   NativeLib:lodepng.obj
 0001:00013330       lodepng_chunk_type_equals  0000000010014330 f   NativeLib:lodepng.obj
 0001:00013420       lodepng_clear_icc          0000000010014420 f   NativeLib:lodepng.obj
 0001:00013490       lodepng_clear_itext        0000000010014490 f   NativeLib:lodepng.obj
 0001:000134c0       lodepng_clear_text         00000000100144c0 f   NativeLib:lodepng.obj
 0001:000135a0       lodepng_color_mode_cleanup 00000000100145a0 f   NativeLib:lodepng.obj
 0001:000135d0       lodepng_color_mode_copy    00000000100145d0 f   NativeLib:lodepng.obj
 0001:000137b0       lodepng_color_mode_init    00000000100147b0 f   NativeLib:lodepng.obj
 0001:00013830       lodepng_color_mode_make    0000000010014830 f   NativeLib:lodepng.obj
 0001:000139c0       lodepng_color_stats_init   00000000100149c0 f   NativeLib:lodepng.obj
 0001:00013a70       lodepng_compress_settings_init 0000000010014a70 f   NativeLib:lodepng.obj
 0001:00013b00       lodepng_compute_color_stats 0000000010014b00 f   NativeLib:lodepng.obj
 0001:000149d0       lodepng_convert            00000000100159d0 f   NativeLib:lodepng.obj
 0001:00014f10       lodepng_convert_rgb        0000000010015f10 f   NativeLib:lodepng.obj
 0001:00015250       lodepng_crc32              0000000010016250 f   NativeLib:lodepng.obj
 0001:000152e0       lodepng_decode             00000000100162e0 f   NativeLib:lodepng.obj
 0001:000154d0       lodepng_decode24           00000000100164d0 f   NativeLib:lodepng.obj
 0001:00015540       lodepng_decode32           0000000010016540 f   NativeLib:lodepng.obj
 0001:000155b0       lodepng_decode_memory      00000000100165b0 f   NativeLib:lodepng.obj
 0001:00015680       lodepng_decoder_settings_init 0000000010016680 f   NativeLib:lodepng.obj
 0001:00015710       lodepng_decompress_settings_init 0000000010016710 f   NativeLib:lodepng.obj
 0001:00015780       lodepng_deflate            0000000010016780 f   NativeLib:lodepng.obj
 0001:00015a90       lodepng_encode             0000000010016a90 f   NativeLib:lodepng.obj
 0001:00016a90       lodepng_encode24           0000000010017a90 f   NativeLib:lodepng.obj
 0001:00016af0       lodepng_encode32           0000000010017af0 f   NativeLib:lodepng.obj
 0001:00016b50       lodepng_encode_memory      0000000010017b50 f   NativeLib:lodepng.obj
 0001:00016c10       lodepng_encoder_settings_init 0000000010017c10 f   NativeLib:lodepng.obj
 0001:00016c90       lodepng_error_text         0000000010017c90 f   NativeLib:lodepng.obj
 0001:00017360       lodepng_get_bpp            0000000010018360 f   NativeLib:lodepng.obj
 0001:000173d0       lodepng_get_channels       00000000100183d0 f   NativeLib:lodepng.obj
 0001:00017400       lodepng_get_raw_size       0000000010018400 f   NativeLib:lodepng.obj
 0001:000175e0       lodepng_has_palette_alpha  00000000100185e0 f   NativeLib:lodepng.obj
 0001:00017650       lodepng_huffman_code_lengths 0000000010018650 f   NativeLib:lodepng.obj
 0001:00017aa0       lodepng_inflate            0000000010018aa0 f   NativeLib:lodepng.obj
 0001:00017cb0       lodepng_info_cleanup       0000000010018cb0 f   NativeLib:lodepng.obj
 0001:00017d10       lodepng_info_copy          0000000010018d10 f   NativeLib:lodepng.obj
 0001:00017e40       lodepng_info_init          0000000010018e40 f   NativeLib:lodepng.obj
 0001:00017f50       lodepng_inspect            0000000010018f50 f   NativeLib:lodepng.obj
 0001:000183a0       lodepng_inspect_chunk      00000000100193a0 f   NativeLib:lodepng.obj
 0001:000187c0       lodepng_is_alpha_type      00000000100197c0 f   NativeLib:lodepng.obj
 0001:00018810       lodepng_is_greyscale_type  0000000010019810 f   NativeLib:lodepng.obj
 0001:00018860       lodepng_is_palette_type    0000000010019860 f   NativeLib:lodepng.obj
 0001:00018a10       lodepng_palette_add        0000000010019a10 f   NativeLib:lodepng.obj
 0001:00018b00       lodepng_palette_clear      0000000010019b00 f   NativeLib:lodepng.obj
 0001:00018e20       lodepng_set_icc            0000000010019e20 f   NativeLib:lodepng.obj
 0001:00018e90       lodepng_state_cleanup      0000000010019e90 f   NativeLib:lodepng.obj
 0001:00018ee0       lodepng_state_copy         0000000010019ee0 f   NativeLib:lodepng.obj
 0001:00018fb0       lodepng_state_init         0000000010019fb0 f   NativeLib:lodepng.obj
 0001:00019070       lodepng_zlib_compress      000000001001a070 f   NativeLib:lodepng.obj
 0001:00019260       lodepng_zlib_decompress    000000001001a260 f   NativeLib:lodepng.obj
 0001:0001df10       fatfs_init                 000000001001ef10 f   NativeLib:fatfs.obj
 0001:0001df90       format_exfat               000000001001ef90 f   NativeLib:fatfs.obj
 0001:0001e010       get_files                  000000001001f010 f   NativeLib:fatfs.obj
 0001:0001e150       read_all_bytes             000000001001f150 f   NativeLib:fatfs.obj
 0001:0001e210       write_all_bytes            000000001001f210 f   NativeLib:fatfs.obj
 0001:0001e2b0       vmware_send                000000001001f2b0 f   NativeLib:vmware.obj
 0001:0001e334       vmware_send_hb             000000001001f334 f   NativeLib:vmware.obj
 0001:0001e3ba       vmware_get_hb              000000001001f3ba f   NativeLib:vmware.obj
 0001:00020750       f_close                    0000000010021750 f   NativeLib:ff.obj
 0001:000207b0       f_closedir                 00000000100217b0 f   NativeLib:ff.obj
 0001:00020800       f_getfree                  0000000010021800 f   NativeLib:ff.obj
 0001:00020ae0       f_lseek                    0000000010021ae0 f   NativeLib:ff.obj
 0001:00021020       f_mkdir                    0000000010022020 f   NativeLib:ff.obj
 0001:00021360       f_mkfs                     0000000010022360 f   NativeLib:ff.obj
 0001:00022f10       f_mount                    0000000010023f10 f   NativeLib:ff.obj
 0001:00022fd0       f_open                     0000000010023fd0 f   NativeLib:ff.obj
 0001:00023690       f_opendir                  0000000010024690 f   NativeLib:ff.obj
 0001:00023850       f_read                     0000000010024850 f   NativeLib:ff.obj
 0001:00023cb0       f_readdir                  0000000010024cb0 f   NativeLib:ff.obj
 0001:00023d60       f_rename                   0000000010024d60 f   NativeLib:ff.obj
 0001:00024220       f_stat                     0000000010025220 f   NativeLib:ff.obj
 0001:000242c0       f_sync                     00000000100252c0 f   NativeLib:ff.obj
 0001:00024610       f_truncate                 0000000010025610 f   NativeLib:ff.obj
 0001:000247c0       f_unlink                   00000000100257c0 f   NativeLib:ff.obj
 0001:00024a00       f_write                    0000000010025a00 f   NativeLib:ff.obj
 0001:00028230       ff_oem2uni                 0000000010029230 f   NativeLib:ffunicode.obj
 0001:00028340       ff_uni2oem                 0000000010029340 f   NativeLib:ffunicode.obj
 0001:00028450       ff_wtoupper                0000000010029450 f   NativeLib:ffunicode.obj
 0001:00028620       disk_initialize            0000000010029620 f   NativeLib:diskio.obj
 0001:00028650       disk_ioctl                 0000000010029650 f   NativeLib:diskio.obj
 0001:000286d0       disk_read                  00000000100296d0 f   NativeLib:diskio.obj
 0001:00028710       disk_status                0000000010029710 f   NativeLib:diskio.obj
 0001:00028740       disk_write                 0000000010029740 f   NativeLib:diskio.obj
 0001:00028780       mystrtoul                  0000000010029780 f   LibC:strtoul.obj
 0001:0002b020       fctprintf                  000000001002c020 f   LibC:printf.obj
 0001:0002b0a0       printf_                    000000001002c0a0 f   LibC:printf.obj
 0001:0002b110       snprintf_                  000000001002c110 f   LibC:printf.obj
 0001:0002b170       sprintf_                   000000001002c170 f   LibC:printf.obj
 0001:0002b1e0       vprintf_                   000000001002c1e0 f   LibC:printf.obj
 0001:0002b230       vsnprintf_                 000000001002c230 f   LibC:printf.obj
 0001:0002b280       myisspace                  000000001002c280 f   LibC:isspace.obj
 0001:0002b2d0       myisdigit                  000000001002c2d0 f   LibC:isdigit.obj
 0001:0002b310       myisalpha                  000000001002c310 f   LibC:isalpha.obj
 0001:0002b350       myisupper                  000000001002c350 f   LibC:isupper.obj
 0002:00000000       unbox_Bool__ToString       000000001002d000     guideXOS.obj
 0002:0000000c       unbox_UInt8__ToString      000000001002d00c     guideXOS.obj
 0002:00000018       unbox_Int32__ToString      000000001002d018     guideXOS.obj
 0002:00000024       unbox_UInt16__ToString     000000001002d024     guideXOS.obj
 0002:00000030       unbox_UInt32__ToString     000000001002d030     guideXOS.obj
 0002:0000003c       unbox_UInt64__ToString     000000001002d03c     guideXOS.obj
 0003:00000000       KMain                      000000001002e000     guideXOS.obj
 0003:00000000       guideXOS_Program__KMain    000000001002e000     guideXOS.obj
 0003:00000464       guideXOS_Program__SMain    000000001002e464     guideXOS.obj
 0003:00000c68       guideXOS_Allocator__Initialize 000000001002ec68     guideXOS.obj
 0003:00000d28       guideXOS_Allocator__get_MemoryInUse 000000001002ed28     guideXOS.obj
 0003:00000d40       guideXOS_Allocator__GetPageIndexStart 000000001002ed40     guideXOS.obj
 0003:00000d90       guideXOS_Allocator__Free   000000001002ed90     guideXOS.obj
 0003:00001020       guideXOS_Allocator__SuspiciousSize 000000001002f020     guideXOS.obj
 0003:0000103c       guideXOS_Allocator__Allocate_0 000000001002f03c     guideXOS.obj
 0003:00001434       guideXOS_Allocator__Reallocate 000000001002f434     guideXOS.obj
 0003:0000155c       guideXOS_Allocator__ClearAllocate_0 000000001002f55c     guideXOS.obj
 0003:00001604       guideXOS_Allocator__GetTagBytes 000000001002f604     guideXOS.obj
 0003:0000162c       guideXOS_Allocator__GetOwnerBytes 000000001002f62c     guideXOS.obj
 0003:0000176c       guideXOS_Allocator__GetOwnerListSnapshot 000000001002f76c     guideXOS.obj
 0003:000018bc       guideXOS_GDT__FillEntry    000000001002f8bc     guideXOS.obj
 0003:000018fc       guideXOS_GDT__Initialise   000000001002f8fc     guideXOS.obj
 0003:00001a44       guideXOS_GDT__SetKernelStack 000000001002fa44     guideXOS.obj
 0003:00001a68       guideXOS_IDT__Initialize   000000001002fa68     guideXOS.obj
 0003:00001b5c       guideXOS_IDT__AllowUserSoftwareInterrupt 000000001002fb5c     guideXOS.obj
 0003:00001bf4       guideXOS_IDT__intr_handler 000000001002fbf4     guideXOS.obj
 0003:00001bf4       intr_handler               000000001002fbf4     guideXOS.obj
 0003:00003f10       guideXOS_Native__Load_GDT  0000000010031f10     guideXOS.obj
 0003:00003f64       guideXOS_Native__Load_IDT  0000000010031f64     guideXOS.obj
 0003:00003fb8       guideXOS_Internal_Runtime_EEType__get_IsArray 0000000010031fb8     guideXOS.obj
 0003:00003fdc       guideXOS_Internal_Runtime_EEType__get_ArrayRank 0000000010031fdc     guideXOS.obj
 0003:00003ffc       __imp_GetCurrentThreadId   0000000010031ffc     guideXOS.obj
 0003:00003ffc       guideXOS_Internal_Runtime_CompilerHelpers_StartupCodeHelpers____imp_GetCurrentThreadId 0000000010031ffc     guideXOS.obj
 0003:00004000       __CheckForDebuggerJustMyCode 0000000010032000     guideXOS.obj
 0003:00004000       guideXOS_Internal_Runtime_CompilerHelpers_StartupCodeHelpers____CheckForDebuggerJustMyCode 0000000010032000     guideXOS.obj
 0003:00004004       __fail_fast                0000000010032004     guideXOS.obj
 0003:00004004       guideXOS_Internal_Runtime_CompilerHelpers_StartupCodeHelpers__FailFast 0000000010032004     guideXOS.obj
 0003:00004008       guideXOS_Internal_Runtime_CompilerHelpers_StartupCodeHelpers__MemSet 0000000010032008     guideXOS.obj
 0003:00004008       memset                     0000000010032008     guideXOS.obj
 0003:00004024       guideXOS_Internal_Runtime_CompilerHelpers_StartupCodeHelpers__MemCpy 0000000010032024     guideXOS.obj
 0003:00004024       memcpy                     0000000010032024     guideXOS.obj
 0003:00004040       RhpFallbackFailFast        0000000010032040     guideXOS.obj
 0003:00004040       guideXOS_Internal_Runtime_CompilerHelpers_StartupCodeHelpers__RhpFallbackFailFast 0000000010032040     guideXOS.obj
 0003:00004044       RhpReversePInvoke2         0000000010032044     guideXOS.obj
 0003:00004044       guideXOS_Internal_Runtime_CompilerHelpers_StartupCodeHelpers__RhpReversePInvoke2 0000000010032044     guideXOS.obj
 0003:00004048       RhpReversePInvokeReturn2   0000000010032048     guideXOS.obj
 0003:00004048       guideXOS_Internal_Runtime_CompilerHelpers_StartupCodeHelpers__RhpReversePInvokeReturn2 0000000010032048     guideXOS.obj
 0003:0000404c       RhpReversePInvoke          000000001003204c     guideXOS.obj
 0003:0000404c       guideXOS_Internal_Runtime_CompilerHelpers_StartupCodeHelpers__RhpReversePInvoke 000000001003204c     guideXOS.obj
 0003:00004050       RhpReversePInvokeReturn    0000000010032050     guideXOS.obj
 0003:00004050       guideXOS_Internal_Runtime_CompilerHelpers_StartupCodeHelpers__RhpReversePInvokeReturn 0000000010032050     guideXOS.obj
 0003:00004054       RhpPInvoke                 0000000010032054     guideXOS.obj
 0003:00004054       guideXOS_Internal_Runtime_CompilerHelpers_StartupCodeHelpers__RhpPinvoke 0000000010032054     guideXOS.obj
 0003:00004058       RhpPInvokeReturn           0000000010032058     guideXOS.obj
 0003:00004058       guideXOS_Internal_Runtime_CompilerHelpers_StartupCodeHelpers__RhpPinvokeReturn 0000000010032058     guideXOS.obj
 0003:0000405c       RhpNewFast                 000000001003205c     guideXOS.obj
 0003:0000405c       guideXOS_Internal_Runtime_CompilerHelpers_StartupCodeHelpers__RhpNewFast 000000001003205c     guideXOS.obj
 0003:000040e8       RhpNewArray                00000000100320e8     guideXOS.obj
 0003:000040e8       guideXOS_Internal_Runtime_CompilerHelpers_StartupCodeHelpers__RhpNewArray 00000000100320e8     guideXOS.obj
 0003:000041ac       RhpAssignRef               00000000100321ac     guideXOS.obj
 0003:000041ac       guideXOS_Internal_Runtime_CompilerHelpers_StartupCodeHelpers__RhpAssignRef 00000000100321ac     guideXOS.obj
 0003:000041b0       RhpByRefAssignRef          00000000100321b0     guideXOS.obj
 0003:000041b0       guideXOS_Internal_Runtime_CompilerHelpers_StartupCodeHelpers__RhpByRefAssignRef 00000000100321b0     guideXOS.obj
 0003:000041b4       RhpCheckedAssignRef        00000000100321b4     guideXOS.obj
 0003:000041b4       guideXOS_Internal_Runtime_CompilerHelpers_StartupCodeHelpers__RhpCheckedAssignRef 00000000100321b4     guideXOS.obj
 0003:000041b8       RhpStelemRef               00000000100321b8     guideXOS.obj
 0003:000041b8       guideXOS_Internal_Runtime_CompilerHelpers_StartupCodeHelpers__RhpStelemRef 00000000100321b8     guideXOS.obj
 0003:000041f0       RhTypeCast_IsInstanceOfClass 00000000100321f0     guideXOS.obj
 0003:000041f0       guideXOS_Internal_Runtime_CompilerHelpers_StartupCodeHelpers__RhTypeCast_IsInstanceOfClass 00000000100321f0     guideXOS.obj
 0003:0000421c       guideXOS_Internal_Runtime_CompilerHelpers_StartupCodeHelpers__InitializeModules 000000001003221c     guideXOS.obj
 0003:000043d8       guideXOS_Internal_Runtime_CompilerHelpers_StartupCodeHelpers__InitializeStatics 00000000100323d8     guideXOS.obj
 0003:000044c0       guideXOS_Internal_Runtime_CompilerHelpers_SynchronizedMethodHelpers__MonitorEnterStatic 00000000100324c0     guideXOS.obj
 0003:000044c4       guideXOS_Internal_Runtime_CompilerHelpers_SynchronizedMethodHelpers__MonitorExitStatic 00000000100324c4     guideXOS.obj
 0003:000044c8       guideXOS_Internal_Runtime_CompilerHelpers_ThrowHelpers__Error 00000000100324c8     guideXOS.obj
 0003:00004578       guideXOS_Internal_Runtime_CompilerHelpers_ThrowHelpers__ThrowOverflowException 0000000010032578     guideXOS.obj
 0003:00004590       guideXOS_Internal_Runtime_CompilerHelpers_ThrowHelpers__ThrowIndexOutOfRangeException 0000000010032590     guideXOS.obj
 0003:000045a8       Bool__ToString             00000000100325a8     guideXOS.obj
 0003:000045c0       UInt8__ToString            00000000100325c0     guideXOS.obj
 0003:000045dc       guideXOS_System_Delegate__InitializeOpenStaticThunk 00000000100325dc     guideXOS.obj
 0003:00004600       guideXOS_System_Delegate__InitializeClosedInstance 0000000010032600     guideXOS.obj
 0003:0000462c       Int32__ToString            000000001003262c     guideXOS.obj
 0003:0000464c       Int32__op_Implicit         000000001003264c     guideXOS.obj
 0003:00004650       Int64__ToString            0000000010032650     guideXOS.obj
 0003:00004740       guideXOS_System_MathF__Floor 0000000010032740     guideXOS.obj
 0003:000047a0       Object___ctor              00000000100327a0     guideXOS.obj
 0003:000047a4       Object__ToString           00000000100327a4     guideXOS.obj
 0003:000047ac       Object__Dispose            00000000100327ac     guideXOS.obj
 0003:000047fc       String__FromASCII          00000000100327fc     guideXOS.obj
 0003:00004894       String__Ctor               0000000010032894     guideXOS.obj
 0003:000048b4       String__Ctor_1             00000000100328b4     guideXOS.obj
 0003:00004900       String__Ctor_2             0000000010032900     guideXOS.obj
 0003:000049bc       String__LastIndexOf        00000000100329bc     guideXOS.obj
 0003:000049e4       String__Ctor_3             00000000100329e4     guideXOS.obj
 0003:00004a28       String__ToString           0000000010032a28     guideXOS.obj
 0003:00004a2c       String__Equals_0           0000000010032a2c     guideXOS.obj
 0003:00004a68       String__Concat             0000000010032a68     guideXOS.obj
 0003:00004b54       String__IndexOf            0000000010032b54     guideXOS.obj
 0003:00004b84       String__Concat_0           0000000010032b84     guideXOS.obj
 0003:00004bf8       String__Concat_1           0000000010032bf8     guideXOS.obj
 0003:00004cbc       String__Concat_2           0000000010032cbc     guideXOS.obj
 0003:00004da4       String__Format             0000000010032da4     guideXOS.obj
 0003:00004fa8       String__Split              0000000010032fa8     guideXOS.obj
 0003:000050bc       String__Substring          00000000100330bc     guideXOS.obj
 0003:000050fc       String__Substring_0        00000000100330fc     guideXOS.obj
 0003:00005138       String__EndsWith_0         0000000010033138     guideXOS.obj
 0003:000051b8       String__ToUpper            00000000100331b8     guideXOS.obj
 0003:0000524c       UInt16__ToString           000000001003324c     guideXOS.obj
 0003:00005268       UInt32__ToString           0000000010033268     guideXOS.obj
 0003:00005284       UInt32__ToString_0         0000000010033284     guideXOS.obj
 0003:000052a0       UInt64__ToString           00000000100332a0     guideXOS.obj
 0003:00005368       UInt64__ToString_0         0000000010033368     guideXOS.obj
 0003:00005410       UInt64__ToStringHex        0000000010033410     guideXOS.obj
 0003:000054b8       guideXOS_System_Threading_Monitor__Unlock 00000000100334b8     guideXOS.obj
 0003:000054fc       RhTypeCast_CheckCastClass  00000000100334fc     guideXOS.obj
 0003:000054fc       guideXOS_System_Runtime_TypeCast__CheckCastClass 00000000100334fc     guideXOS.obj
 0003:00005524       RhTypeCast_CheckCastArray  0000000010033524     guideXOS.obj
 0003:00005524       guideXOS_System_Runtime_TypeCast__CheckCastArray 0000000010033524     guideXOS.obj
 0003:0000554c       RhTypeCast_IsInstanceOfArray 000000001003354c     guideXOS.obj
 0003:0000554c       guideXOS_System_Runtime_TypeCast__IsInstanceOfArray 000000001003354c     guideXOS.obj
 0003:000055a8       guideXOS_System_Runtime_CompilerServices_ClassConstructorRunner__CheckStaticClassConstructionReturnNonGCStaticBase 00000000100335a8     guideXOS.obj
 0003:000055c0       guideXOS_System_Runtime_CompilerServices_ClassConstructorRunner__CheckStaticClassConstructionReturnGCStaticBase 00000000100335c0     guideXOS.obj
 0003:000055d8       guideXOS_System_Runtime_CompilerServices_ClassConstructorRunner__CheckStaticClassConstruction 00000000100335d8     guideXOS.obj
 0003:0000560c       guideXOS_System_Drawing_Image___ctor 000000001003360c     guideXOS.obj
 0003:00005648       guideXOS_System_Drawing_Image___ctor_0 0000000010033648     guideXOS.obj
 0003:0000564c       guideXOS_System_Drawing_Image__Resample 000000001003364c     guideXOS.obj
 0003:000059f0       guideXOS_System_Drawing_Image__ResizeImage 00000000100339f0     guideXOS.obj
 0003:00005b64       guideXOS_System_Drawing_Image__Dispose 0000000010033b64     guideXOS.obj
 0003:00005bec       guideXOS_guideXOS_Animation___ctor 0000000010033bec     guideXOS.obj
 0003:00005bfc       guideXOS_guideXOS_Animator__Initialize 0000000010033bfc     guideXOS.obj
 0003:00005c54       guideXOS_guideXOS_Animator__OnInterrupt 0000000010033c54     guideXOS.obj
 0003:00005ce0       guideXOS_guideXOS_API__HandleSystemCall 0000000010033ce0     guideXOS.obj
 0003:0000607c       guideXOS_guideXOS_API__API_SndWrite 000000001003407c     guideXOS.obj
 0003:00006084       guideXOS_guideXOS_API__API_Calloc 0000000010034084     guideXOS.obj
 0003:0000608c       guideXOS_guideXOS_API__API_StartThread 000000001003408c     guideXOS.obj
 0003:000060c8       guideXOS_guideXOS_API__API_Error 00000000100340c8     guideXOS.obj
 0003:000060d0       guideXOS_guideXOS_API__API_GetTime 00000000100340d0     guideXOS.obj
 0003:00006150       guideXOS_guideXOS_API__API_DrawImage 0000000010034150     guideXOS.obj
 0003:00006184       guideXOS_guideXOS_API__API_WriteString 0000000010034184     guideXOS.obj
 0003:000061e4       guideXOS_guideXOS_API__API_Width 00000000100341e4     guideXOS.obj
 0003:000061f8       guideXOS_guideXOS_API__API_Height 00000000100341f8     guideXOS.obj
 0003:0000620c       guideXOS_guideXOS_API__API_Update 000000001003420c     guideXOS.obj
 0003:00006214       guideXOS_guideXOS_API__API_Clear 0000000010034214     guideXOS.obj
 0003:00006234       DebugWrite                 0000000010034234     guideXOS.obj
 0003:00006234       guideXOS_guideXOS_API__API_DebugWrite 0000000010034234     guideXOS.obj
 0003:0000623c       DebugWriteLine             000000001003423c     guideXOS.obj
 0003:0000623c       guideXOS_guideXOS_API__API_DebugWriteLine 000000001003423c     guideXOS.obj
 0003:00006258       Lock                       0000000010034258     guideXOS.obj
 0003:00006258       guideXOS_guideXOS_API__API_Lock 0000000010034258     guideXOS.obj
 0003:00006280       Unlock                     0000000010034280     guideXOS.obj
 0003:00006280       guideXOS_guideXOS_API__API_Unlock 0000000010034280     guideXOS.obj
 0003:000062c0       guideXOS_guideXOS_API__API_DrawPoint 00000000100342c0     guideXOS.obj
 0003:000062f4       guideXOS_guideXOS_API__API_SwitchToConsoleMode 00000000100342f4     guideXOS.obj
 0003:000062fc       guideXOS_guideXOS_API__API_ReadAllBytes 00000000100342fc     guideXOS.obj
 0003:00006404       guideXOS_guideXOS_API__API_Sleep 0000000010034404     guideXOS.obj
 0003:0000640c       guideXOS_guideXOS_API__API_GetTick 000000001003440c     guideXOS.obj
 0003:00006420       guideXOS_guideXOS_API__API_Write 0000000010034420     guideXOS.obj
 0003:0000642c       guideXOS_guideXOS_API__API_WriteLine 000000001003442c     guideXOS.obj
 0003:00006434       guideXOS_guideXOS_API__API_Allocate 0000000010034434     guideXOS.obj
 0003:0000643c       guideXOS_guideXOS_API__API_Free 000000001003443c     guideXOS.obj
 0003:00006444       guideXOS_guideXOS_API__API_Reallocate 0000000010034444     guideXOS.obj
 0003:0000644c       guideXOS_guideXOS_API__SayHello 000000001003444c     guideXOS.obj
 0003:00006458       guideXOS_guideXOS_Kbd2Mouse__OnKeyChanged 0000000010034458     guideXOS.obj
 0003:000065e4       guideXOS_guideXOS_ASC16__DrawString 00000000100345e4     guideXOS.obj
 0003:00006634       guideXOS_guideXOS_ASC16__DrawChar 0000000010034634     guideXOS.obj
 0003:000066c8       guideXOS_guideXOS_Console__add_OnWrite 00000000100346c8     guideXOS.obj
 0003:00006754       guideXOS_guideXOS_Console__Setup 0000000010034754     guideXOS.obj
 0003:0000680c       guideXOS_guideXOS_Console__Write 000000001003480c     guideXOS.obj
 0003:000068b8       guideXOS_guideXOS_Console__Write_0 00000000100348b8     guideXOS.obj
 0003:0000693c       guideXOS_guideXOS_Console__WriteFramebuffer 000000001003493c     guideXOS.obj
 0003:00006a48       guideXOS_guideXOS_Console__MoveUp 0000000010034a48     guideXOS.obj
 0003:00006a7c       guideXOS_guideXOS_Console__MoveUpFramebuffer 0000000010034a7c     guideXOS.obj
 0003:00006b28       guideXOS_guideXOS_Console__UpdateCursorFramebuffer 0000000010034b28     guideXOS.obj
 0003:00006bd8       guideXOS_guideXOS_Console__WriteLine 0000000010034bd8     guideXOS.obj
 0003:00006c74       guideXOS_guideXOS_Console__WriteLine_0 0000000010034c74     guideXOS.obj
 0003:00006cb8       guideXOS_guideXOS_Console__Clear 0000000010034cb8     guideXOS.obj
 0003:00006cd4       guideXOS_guideXOS_Console__ClearFramebuffer 0000000010034cd4     guideXOS.obj
 0003:00006d90       guideXOS_guideXOS_PageTable__Initialise 0000000010034d90     guideXOS.obj
 0003:00006e64       guideXOS_guideXOS_PageTable__GetPageInternal 0000000010034e64     guideXOS.obj
 0003:00006f20       guideXOS_guideXOS_PageTable__MapOnRoot 0000000010034f20     guideXOS.obj
 0003:00006fb0       guideXOS_guideXOS_PageTable__Next_0 0000000010034fb0     guideXOS.obj
 0003:00007080       guideXOS_guideXOS_Intel825xx__Initialize 0000000010035080     guideXOS.obj
 0003:00007a8c       guideXOS_guideXOS_Intel825xx__Reset 0000000010035a8c     guideXOS.obj
 0003:00007abc       guideXOS_guideXOS_Intel825xx__TXsetup 0000000010035abc     guideXOS.obj
 0003:00007b2c       guideXOS_guideXOS_Intel825xx__RXsetup 0000000010035b2c     guideXOS.obj
 0003:00007bc4       guideXOS_guideXOS_Intel825xx__ReadROM 0000000010035bc4     guideXOS.obj
 0003:00007bf8       guideXOS_guideXOS_Intel825xx__OnInterrupt 0000000010035bf8     guideXOS.obj
 0003:00007c7c       guideXOS_guideXOS_Intel825xx__Linkup 0000000010035c7c     guideXOS.obj
 0003:00007cb4       guideXOS_guideXOS_Intel825xx__Send 0000000010035cb4     guideXOS.obj
 0003:00007d14       guideXOS_guideXOS_NETv4__Initialize 0000000010035d14     guideXOS.obj
 0003:00007dfc       guideXOS_guideXOS_NETv4__SwapLeftRight 0000000010035dfc     guideXOS.obj
 0003:00007e18       guideXOS_guideXOS_NETv4__SwapLeftRight_0 0000000010035e18     guideXOS.obj
 0003:00007e48       guideXOS_guideXOS_NETv4__SwapLeftRight_1 0000000010035e48     guideXOS.obj
 0003:00007e64       guideXOS_guideXOS_NETv4__SwapLeftRight_2 0000000010035e64     guideXOS.obj
 0003:00007ea0       guideXOS_guideXOS_NETv4__OnData_0 0000000010035ea0     guideXOS.obj
 0003:00007f18       guideXOS_guideXOS_NETv4__DNSQuery 0000000010035f18     guideXOS.obj
 0003:00008414       guideXOS_guideXOS_NETv4__DHCPDiscover 0000000010036414     guideXOS.obj
 0003:00008934       guideXOS_guideXOS_NETv4__MakeDHCPRequestPacket 0000000010036934     guideXOS.obj
 0003:00008a04       guideXOS_guideXOS_NETv4__UDPBind 0000000010036a04     guideXOS.obj
 0003:00008a60       guideXOS_guideXOS_NETv4__UDPSend 0000000010036a60     guideXOS.obj
 0003:00008bc4       guideXOS_guideXOS_NETv4__MakeUDPPacket 0000000010036bc4     guideXOS.obj
 0003:00008cd4       guideXOS_guideXOS_NETv4__UDPOnData_0 0000000010036cd4     guideXOS.obj
 0003:00008e30       guideXOS_guideXOS_NETv4__TCPOnData 0000000010036e30     guideXOS.obj
 0003:00009454       guideXOS_guideXOS_NETv4__TCPConnect 0000000010037454     guideXOS.obj
 0003:000094f4       guideXOS_guideXOS_NETv4__TCPClose 00000000100374f4     guideXOS.obj
 0003:0000952c       guideXOS_guideXOS_NETv4__TCPSendData 000000001003752c     guideXOS.obj
 0003:000095bc       guideXOS_guideXOS_NETv4__TCPSend 00000000100375bc     guideXOS.obj
 0003:00009714       guideXOS_guideXOS_NETv4__MakeTCPPacket 0000000010037714     guideXOS.obj
 0003:000098d8       guideXOS_guideXOS_NETv4__IPOnData 00000000100378d8     guideXOS.obj
 0003:00009a04       guideXOS_guideXOS_NETv4__MakeIPPacket 0000000010037a04     guideXOS.obj
 0003:00009a6c       guideXOS_guideXOS_NETv4__IPChecksum 0000000010037a6c     guideXOS.obj
 0003:00009abc       guideXOS_guideXOS_NETv4__ICMPOnData 0000000010037abc     guideXOS.obj
 0003:00009c30       guideXOS_guideXOS_NETv4__ICMPPing 0000000010037c30     guideXOS.obj
 0003:00009d9c       guideXOS_guideXOS_NETv4__ARPLookup 0000000010037d9c     guideXOS.obj
 0003:00009f28       guideXOS_guideXOS_NETv4__ARPOnData 0000000010037f28     guideXOS.obj
 0003:0000a148       guideXOS_guideXOS_NETv4__MakeARPPacket 0000000010038148     guideXOS.obj
 0003:0000a1c0       guideXOS_guideXOS_NETv4__ARPRequire 00000000100381c0     guideXOS.obj
 0003:0000a2c4       guideXOS_guideXOS_NETv4__MakeEthernetPacket 00000000100382c4     guideXOS.obj
 0003:0000a304       guideXOS_guideXOS_RTL8111__Initialize 0000000010038304     guideXOS.obj
 0003:0000adb8       guideXOS_guideXOS_RTL8111__ResetRXDesc 0000000010038db8     guideXOS.obj
 0003:0000adf0       guideXOS_guideXOS_RTL8111__Send 0000000010038df0     guideXOS.obj
 0003:0000aeb0       guideXOS_guideXOS_RTL8111__OnInterrupt 0000000010038eb0     guideXOS.obj
 0003:0000af94       guideXOS_guideXOS_SMP__ApplicationProcessorMain 0000000010038f94     guideXOS.obj
 0003:0000b030       guideXOS_guideXOS_SMP__Initialize 0000000010039030     guideXOS.obj
 0003:0000b1c0       guideXOS_guideXOS_Network_Http__NextEphemeralPort 00000000100391c0     guideXOS.obj
 0003:0000b1f4       guideXOS_guideXOS_Network_Http__PostJson 00000000100391f4     guideXOS.obj
 0003:0000b284       guideXOS_guideXOS_Network_Http__BuildPost 0000000010039284     guideXOS.obj
 0003:0000b468       guideXOS_guideXOS_Network_Http__Send 0000000010039468     guideXOS.obj
 0003:0000b9ec       guideXOS_guideXOS_Network_Http__Resolve 00000000100399ec     guideXOS.obj
 0003:0000bae4       guideXOS_guideXOS_Network_Http__IsZero 0000000010039ae4     guideXOS.obj
 0003:0000bb04       guideXOS_guideXOS_Network_Http__EqualsIp 0000000010039b04     guideXOS.obj
 0003:0000bb44       guideXOS_guideXOS_Network_Http__ReceiveAll 0000000010039b44     guideXOS.obj
 0003:0000bc84       guideXOS_guideXOS_Network_Http__IsHttpComplete 0000000010039c84     guideXOS.obj
 0003:0000bdf8       guideXOS_guideXOS_Network_Http__HeaderContentLengthBytes 0000000010039df8     guideXOS.obj
 0003:0000be98       guideXOS_guideXOS_Network_Http__HeaderChunkedBytes 0000000010039e98     guideXOS.obj
 0003:0000bee0       guideXOS_guideXOS_Network_Http__ParseHttp 0000000010039ee0     guideXOS.obj
 0003:0000c314       guideXOS_guideXOS_Network_Http__DecodeChunked 000000001003a314     guideXOS.obj
 0003:0000c470       guideXOS_guideXOS_Network_Http__IndexOf 000000001003a470     guideXOS.obj
 0003:0000c4d8       guideXOS_guideXOS_Network_Http__Match 000000001003a4d8     guideXOS.obj
 0003:0000c58c       guideXOS_guideXOS_Network_Http__ToAsciiBytes 000000001003a58c     guideXOS.obj
 0003:0000c614       guideXOS_guideXOS_Network_Http__BytesToAscii_0 000000001003a614     guideXOS.obj
 0003:0000c6c8       guideXOS_guideXOS_Network_Http__SetHeader 000000001003a6c8     guideXOS.obj
 0003:0000c78c       guideXOS_guideXOS_Network_Http__GetHeader 000000001003a78c     guideXOS.obj
 0003:0000c7f4       guideXOS_guideXOS_Network_Http__EqualsIgnoreCase 000000001003a7f4     guideXOS.obj
 0003:0000c864       guideXOS_guideXOS_Network_Http__IndexOfIgnoreCase 000000001003a864     guideXOS.obj
 0003:0000c8e4       guideXOS_guideXOS_Network_Http__IndexOf_0 000000001003a8e4     guideXOS.obj
 0003:0000c910       guideXOS_guideXOS_Network_Http__HasPrefix 000000001003a910     guideXOS.obj
[...]
 0008:00000262       __E2E33A61_corecrt_wstdlib@h 00000000102ac262     NativeLib:ffunicode.obj
 0008:00000263       __10D4A829_limits@h        00000000102ac263     NativeLib:ffunicode.obj
 0008:00000264       __6E5ACABA_stdlib@h        00000000102ac264     NativeLib:ffunicode.obj
 0008:00000265       __30B1AFDA_unknwnbase@h    00000000102ac265     NativeLib:ffunicode.obj
 0008:00000266       __328C1996_objidlbase@h    00000000102ac266     NativeLib:ffunicode.obj
 0008:00000267       __C4E06B6A_cguid@h         00000000102ac267     NativeLib:ffunicode.obj
 0008:00000268       __434718C5_combaseapi@h    00000000102ac268     NativeLib:ffunicode.obj
 0008:00000269       __DE6FDEF1_unknwn@h        00000000102ac269     NativeLib:ffunicode.obj
 0008:0000026a       __CCE0BACC_objidl@h        00000000102ac26a     NativeLib:ffunicode.obj
 0008:0000026b       __8C7011E5_oaidl@h         00000000102ac26b     NativeLib:ffunicode.obj
 0008:0000026c       __2E0B7863_propidlbase@h   00000000102ac26c     NativeLib:ffunicode.obj
 0008:0000026d       __BF4CF2EC_coml2api@h      00000000102ac26d     NativeLib:ffunicode.obj
 0008:0000026e       __6D897344_oleidl@h        00000000102ac26e     NativeLib:ffunicode.obj
 0008:0000026f       __1129FC2C_servprov@h      00000000102ac26f     NativeLib:ffunicode.obj
 0008:00000270       __757952E4_msxml@h         00000000102ac270     NativeLib:ffunicode.obj
 0008:00000271       __B1191D53_urlmon@h        00000000102ac271     NativeLib:ffunicode.obj
 0008:00000272       __404D1A47_propidl@h       00000000102ac272     NativeLib:ffunicode.obj
 0008:00000273       __A1C63593_objbase@h       00000000102ac273     NativeLib:ffunicode.obj
 0008:00000274       __C1B0A9CB_oleauto@h       00000000102ac274     NativeLib:ffunicode.obj
 0008:00000275       __24EAF61F_ole2@h          00000000102ac275     NativeLib:ffunicode.obj
 0008:00000276       __2B1843DA_commdlg@h       00000000102ac276     NativeLib:ffunicode.obj
 0008:00000277       __81DDEDE3_stralign@h      00000000102ac277     NativeLib:ffunicode.obj
 0008:00000278       __2134D1B4_winsvc@h        00000000102ac278     NativeLib:ffunicode.obj
 0008:00000279       __11C07376_mcx@h           00000000102ac279     NativeLib:ffunicode.obj
 0008:0000027a       __577CE3E7_ime_cmodes@h    00000000102ac27a     NativeLib:ffunicode.obj
 0008:0000027b       __1E72C31E_imm@h           00000000102ac27b     NativeLib:ffunicode.obj
 0008:0000027c       __E15BF856_windows@h       00000000102ac27c     NativeLib:ffunicode.obj
 0008:0000027d       __44420885_corecrt_stdio_config@h 00000000102ac27d     NativeLib:ffunicode.obj
 0008:0000027e       __EF1F6BBA_corecrt_wconio@h 00000000102ac27e     NativeLib:ffunicode.obj
 0008:0000027f       __3D1D430C_corecrt_wdirect@h 00000000102ac27f     NativeLib:ffunicode.obj
 0008:00000280       __8ECB7138_corecrt_share@h 00000000102ac280     NativeLib:ffunicode.obj
 0008:00000281       __DB7FEBA6_corecrt_wio@h   00000000102ac281     NativeLib:ffunicode.obj
 0008:00000282       __9A9F0068_corecrt_wprocess@h 00000000102ac282     NativeLib:ffunicode.obj
 0008:00000283       __AB601D8D_corecrt_wstdio@h 00000000102ac283     NativeLib:ffunicode.obj
 0008:00000284       __369A9BC3_corecrt_wtime@h 00000000102ac284     NativeLib:ffunicode.obj
 0008:00000285       __CE789B9D_types@h         00000000102ac285     NativeLib:ffunicode.obj
 0008:00000286       __9901C817_stat@h          00000000102ac286     NativeLib:ffunicode.obj
 0008:00000287       __3FCAD62E_wchar@h         00000000102ac287     NativeLib:ffunicode.obj
 0008:00000288       __0E22CCB3_tchar@h         00000000102ac288     NativeLib:ffunicode.obj
 0008:00000289       __4CCC6929_integer@h       00000000102ac289     NativeLib:ffunicode.obj
 0008:0000028a       __ED2A062E_ffconf@h        00000000102ac28a     NativeLib:ffunicode.obj
 0008:0000028b       __A5A085C2_ff@h            00000000102ac28b     NativeLib:ffunicode.obj
 0008:0000028c       __87CD6F4B_ffunicode@c     00000000102ac28c     NativeLib:ffunicode.obj
 0008:0000028d       __0ED14FEE_winpackagefamily@h 00000000102ac28d     NativeLib:diskio.obj
 0008:0000028e       __F92EF742_winapifamily@h  00000000102ac28e     NativeLib:diskio.obj
 0008:0000028f       __22E515EB_sdkddkver@h     00000000102ac28f     NativeLib:diskio.obj
 0008:00000290       __FE09AF47_concurrencysal@h 00000000102ac290     NativeLib:diskio.obj
 0008:00000291       __C073CA79_sal@h           00000000102ac291     NativeLib:diskio.obj
 0008:00000292       __D6AFE870_vadefs@h        00000000102ac292     NativeLib:diskio.obj
 0008:00000293       __D63E96CF_vcruntime@h     00000000102ac293     NativeLib:diskio.obj
 0008:00000294       __514B86D7_excpt@h         00000000102ac294     NativeLib:diskio.obj
 0008:00000295       __9A7D38D9_stdarg@h        00000000102ac295     NativeLib:diskio.obj
 0008:00000296       __29F49F40_specstrings_undef@h 00000000102ac296     NativeLib:diskio.obj
 0008:00000297       __D0F42932_specstrings_strict@h 00000000102ac297     NativeLib:diskio.obj
 0008:00000298       __F00405FD_sdv_driverspecs@h 00000000102ac298     NativeLib:diskio.obj
 0008:00000299       __173E09CA_driverspecs@h   00000000102ac299     NativeLib:diskio.obj
 0008:0000029a       __9A452361_specstrings@h   00000000102ac29a     NativeLib:diskio.obj
 0008:0000029b       __1B0272D9_corecrt@h       00000000102ac29b     NativeLib:diskio.obj
 0008:0000029c       __74484FB3_corecrt_wctype@h 00000000102ac29c     NativeLib:diskio.obj
 0008:0000029d       __1EC467ED_ctype@h         00000000102ac29d     NativeLib:diskio.obj
 0008:0000029e       __98517906_kernelspecs@h   00000000102ac29e     NativeLib:diskio.obj
 0008:0000029f       __D3497022_basetsd@h       00000000102ac29f     NativeLib:diskio.obj
 0008:000002a0       __61CC25A1_errno@h         00000000102ac2a0     NativeLib:diskio.obj
 0008:000002a1       __3EADF068_vcruntime_string@h 00000000102ac2a1     NativeLib:diskio.obj
 0008:000002a2       __E4C945B4_corecrt_memcpy_s@h 00000000102ac2a2     NativeLib:diskio.obj
 0008:000002a3       __8EAFF484_corecrt_memory@h 00000000102ac2a3     NativeLib:diskio.obj
 0008:000002a4       __6490AEC5_corecrt_wstring@h 00000000102ac2a4     NativeLib:diskio.obj
 0008:000002a5       __E8295E1E_string@h        00000000102ac2a5     NativeLib:diskio.obj
 0008:000002a6       __7FCB5136_guiddef@h       00000000102ac2a6     NativeLib:diskio.obj
 0008:000002a7       __FF8A9E11_pshpack4@h      00000000102ac2a7     NativeLib:diskio.obj
 0008:000002a8       __D5438902_poppack@h       00000000102ac2a8     NativeLib:diskio.obj
 0008:000002a9       __FB07E2A3_pshpack2@h      00000000102ac2a9     NativeLib:diskio.obj
 0008:000002aa       __F6906775_pshpack8@h      00000000102ac2aa     NativeLib:diskio.obj
 0008:000002ab       __F9415CFA_pshpack1@h      00000000102ac2ab     NativeLib:diskio.obj
 0008:000002ac       __E58C6F1C_apiset@h        00000000102ac2ac     NativeLib:diskio.obj
 0008:000002ad       __A5C52262_ktmtypes@h      00000000102ac2ad     NativeLib:diskio.obj
 0008:000002ae       __FBBA8F9D_winnt@h         00000000102ac2ae     NativeLib:diskio.obj
 0008:000002af       __A32D3D2C_minwindef@h     00000000102ac2af     NativeLib:diskio.obj
 0008:000002b0       __7D798299_windef@h        00000000102ac2b0     NativeLib:diskio.obj
 0008:000002b1       __9AE108E9_apisetcconv@h   00000000102ac2b1     NativeLib:diskio.obj
 0008:000002b2       __9CE53D2C_minwinbase@h    00000000102ac2b2     NativeLib:diskio.obj
 0008:000002b3       __5D0AA210_apiquery2@h     00000000102ac2b3     NativeLib:diskio.obj
 0008:000002b4       __4DD4E726_processenv@h    00000000102ac2b4     NativeLib:diskio.obj
 0008:000002b5       __3575CC96_fileapi@h       00000000102ac2b5     NativeLib:diskio.obj
 0008:000002b6       __8EA220E6_fileapifromapp@h 00000000102ac2b6     NativeLib:diskio.obj
 0008:000002b7       __BF9B31FE_debugapi@h      00000000102ac2b7     NativeLib:diskio.obj
 0008:000002b8       __C3AFE134_utilapiset@h    00000000102ac2b8     NativeLib:diskio.obj
 0008:000002b9       __76F69E51_handleapi@h     00000000102ac2b9     NativeLib:diskio.obj
 0008:000002ba       __7E63D784_errhandlingapi@h 00000000102ac2ba     NativeLib:diskio.obj
 0008:000002bb       __FFA7003C_fibersapi@h     00000000102ac2bb     NativeLib:diskio.obj
 0008:000002bc       __8971CECF_namedpipeapi@h  00000000102ac2bc     NativeLib:diskio.obj
 0008:000002bd       __46C9D8A6_profileapi@h    00000000102ac2bd     NativeLib:diskio.obj
 0008:000002be       __98D4F0A3_heapapi@h       00000000102ac2be     NativeLib:diskio.obj
 0008:000002bf       __50EF2A88_ioapiset@h      00000000102ac2bf     NativeLib:diskio.obj
 0008:000002c0       __92EA1464_synchapi@h      00000000102ac2c0     NativeLib:diskio.obj
 0008:000002c1       __A53D8AED_interlockedapi@h 00000000102ac2c1     NativeLib:diskio.obj
 0008:000002c2       __B506CAAF_processthreadsapi@h 00000000102ac2c2     NativeLib:diskio.obj
 0008:000002c3       __FF735694_sysinfoapi@h    00000000102ac2c3     NativeLib:diskio.obj
 0008:000002c4       __29589789_memoryapi@h     00000000102ac2c4     NativeLib:diskio.obj
 0008:000002c5       __E9C7A663_enclaveapi@h    00000000102ac2c5     NativeLib:diskio.obj
 0008:000002c6       __D035F9F7_threadpoollegacyapiset@h 00000000102ac2c6     NativeLib:diskio.obj
 0008:000002c7       __C899130C_threadpoolapiset@h 00000000102ac2c7     NativeLib:diskio.obj
 0008:000002c8       __E0441EE7_jobapi@h        00000000102ac2c8     NativeLib:diskio.obj
 0008:000002c9       __CEF86838_jobapi2@h       00000000102ac2c9     NativeLib:diskio.obj
 0008:000002ca       __35AC6B9A_wow64apiset@h   00000000102ac2ca     NativeLib:diskio.obj
 0008:000002cb       __C8AE41A5_libloaderapi@h  00000000102ac2cb     NativeLib:diskio.obj
 0008:000002cc       __CC9E232D_securitybaseapi@h 00000000102ac2cc     NativeLib:diskio.obj
 0008:000002cd       __C9D0C9B8_namespaceapi@h  00000000102ac2cd     NativeLib:diskio.obj
 0008:000002ce       __30FF9CAD_systemtopologyapi@h 00000000102ac2ce     NativeLib:diskio.obj
 0008:000002cf       __4D358795_processtopologyapi@h 00000000102ac2cf     NativeLib:diskio.obj
 0008:000002d0       __40446D10_securityappcontainer@h 00000000102ac2d0     NativeLib:diskio.obj
 0008:000002d1       __3A952EDF_realtimeapiset@h 00000000102ac2d1     NativeLib:diskio.obj
 0008:000002d2       __F4865F4B_winerror@h      00000000102ac2d2     NativeLib:diskio.obj
 0008:000002d3       __53C1BD93_timezoneapi@h   00000000102ac2d3     NativeLib:diskio.obj
 0008:000002d4       __1FFBEDBF_winbase@h       00000000102ac2d4     NativeLib:diskio.obj
 0008:000002d5       __43D3FA34_wingdi@h        00000000102ac2d5     NativeLib:diskio.obj
 0008:000002d6       __D24A7391_tvout@h         00000000102ac2d6     NativeLib:diskio.obj
 0008:000002d7       __7713A6C8_winuser@h       00000000102ac2d7     NativeLib:diskio.obj
 0008:000002d8       __0B345F71_datetimeapi@h   00000000102ac2d8     NativeLib:diskio.obj
 0008:000002d9       __9AC6960C_winnls@h        00000000102ac2d9     NativeLib:diskio.obj
 0008:000002da       __973A40A8_stringapiset@h  00000000102ac2da     NativeLib:diskio.obj
 0008:000002db       __CC46FEE2_wincontypes@h   00000000102ac2db     NativeLib:diskio.obj
 0008:000002dc       __97D70BE1_consoleapi@h    00000000102ac2dc     NativeLib:diskio.obj
 0008:000002dd       __27EC5E18_consoleapi2@h   00000000102ac2dd     NativeLib:diskio.obj
 0008:000002de       __262E342F_consoleapi3@h   00000000102ac2de     NativeLib:diskio.obj
 0008:000002df       __641DCD70_wincon@h        00000000102ac2df     NativeLib:diskio.obj
 0008:000002e0       __5A96C7A7_verrsrc@h       00000000102ac2e0     NativeLib:diskio.obj
 0008:000002e1       __B69C6FF2_winver@h        00000000102ac2e1     NativeLib:diskio.obj
 0008:000002e2       __7AEB8C37_reason@h        00000000102ac2e2     NativeLib:diskio.obj
 0008:000002e3       __59F1A8A9_winreg@h        00000000102ac2e3     NativeLib:diskio.obj
 0008:000002e4       __EE0E2B7F_wnnc@h          00000000102ac2e4     NativeLib:diskio.obj
 0008:000002e5       __DCDB7054_winnetwk@h      00000000102ac2e5     NativeLib:diskio.obj
 0008:000002e6       __EDC72EEB_cderr@h         00000000102ac2e6     NativeLib:diskio.obj
 0008:000002e7       __95F9199D_dde@h           00000000102ac2e7     NativeLib:diskio.obj
 0008:000002e8       __66427627_ddeml@h         00000000102ac2e8     NativeLib:diskio.obj
 0008:000002e9       __957C29A0_dlgs@h          00000000102ac2e9     NativeLib:diskio.obj
 0008:000002ea       __12EA15AF_lzexpand@h      00000000102ac2ea     NativeLib:diskio.obj
 0008:000002eb       __62131F15_mmsyscom@h      00000000102ac2eb     NativeLib:diskio.obj
 0008:000002ec       __47E68D49_mciapi@h        00000000102ac2ec     NativeLib:diskio.obj
 0008:000002ed       __5D7DD356_mmiscapi@h      00000000102ac2ed     NativeLib:diskio.obj
 0008:000002ee       __7223D2EF_mmiscapi2@h     00000000102ac2ee     NativeLib:diskio.obj
 0008:000002ef       __A330DBB3_playsoundapi@h  00000000102ac2ef     NativeLib:diskio.obj
 0008:000002f0       __601B366F_mmeapi@h        00000000102ac2f0     NativeLib:diskio.obj
 0008:000002f1       __1134ADD5_timeapi@h       00000000102ac2f1     NativeLib:diskio.obj
 0008:000002f2       __93F2265A_joystickapi@h   00000000102ac2f2     NativeLib:diskio.obj
 0008:000002f3       __DF6EB4E3_mmsystem@h      00000000102ac2f3     NativeLib:diskio.obj
 0008:000002f4       __BD641FCB_nb30@h          00000000102ac2f4     NativeLib:diskio.obj
 0008:000002f5       __DF8704F0_rpcdcep@h       00000000102ac2f5     NativeLib:diskio.obj
 0008:000002f6       __5C6CA7BB_rpcdce@h        00000000102ac2f6     NativeLib:diskio.obj
 0008:000002f7       __853533C4_rpcnsi@h        00000000102ac2f7     NativeLib:diskio.obj
 0008:000002f8       __2D2406C3_rpcnterr@h      00000000102ac2f8     NativeLib:diskio.obj
 0008:000002f9       __64521D71_rpcasync@h      00000000102ac2f9     NativeLib:diskio.obj
 0008:000002fa       __AADCBA08_rpc@h           00000000102ac2fa     NativeLib:diskio.obj
 0008:000002fb       __19E26CFF_shellapi@h      00000000102ac2fb     NativeLib:diskio.obj
 0008:000002fc       __1E9F31D3_winperf@h       00000000102ac2fc     NativeLib:diskio.obj
 0008:000002fd       __832A4112_inaddr@h        00000000102ac2fd     NativeLib:diskio.obj
 0008:000002fe       __32C6F875_winsock@h       00000000102ac2fe     NativeLib:diskio.obj
 0008:000002ff       __7953A3F8_bcrypt@h        00000000102ac2ff     NativeLib:diskio.obj
 0008:00000300       __E4169492_ncrypt@h        00000000102ac300     NativeLib:diskio.obj
 0008:00000301       __AF3DDDC3_dpapi@h         00000000102ac301     NativeLib:diskio.obj
 0008:00000302       __D1E23BF2_wincrypt@h      00000000102ac302     NativeLib:diskio.obj
 0008:00000303       __82AB4779_winefs@h        00000000102ac303     NativeLib:diskio.obj
 0008:00000304       __1FE431C9_rpcnsip@h       00000000102ac304     NativeLib:diskio.obj
 0008:00000305       __2B741F2D_rpcsal@h        00000000102ac305     NativeLib:diskio.obj
 0008:00000306       __92623256_rpcndr@h        00000000102ac306     NativeLib:diskio.obj
 0008:00000307       __9C18532E_wtypesbase@h    00000000102ac307     NativeLib:diskio.obj
 0008:00000308       __EA2E1D6D_wtypes@h        00000000102ac308     NativeLib:diskio.obj
 0008:00000309       __7DDD9F45_winioctl@h      00000000102ac309     NativeLib:diskio.obj
 0008:0000030a       __E550A843_winsmcrd@h      00000000102ac30a     NativeLib:diskio.obj
 0008:0000030b       __9809C1BA_winscard@h      00000000102ac30b     NativeLib:diskio.obj
 0008:0000030c       __EA174FA4_prsht@h         00000000102ac30c     NativeLib:diskio.obj
 0008:0000030d       __0E1BD114_winspool@h      00000000102ac30d     NativeLib:diskio.obj
 0008:0000030e       __45DED006_corecrt_malloc@h 00000000102ac30e     NativeLib:diskio.obj
 0008:0000030f       __13F5961F_stddef@h        00000000102ac30f     NativeLib:diskio.obj
 0008:00000310       __FD6DBD68_corecrt_search@h 00000000102ac310     NativeLib:diskio.obj
 0008:00000311       __E2E33A61_corecrt_wstdlib@h 00000000102ac311     NativeLib:diskio.obj
 0008:00000312       __10D4A829_limits@h        00000000102ac312     NativeLib:diskio.obj
 0008:00000313       __6E5ACABA_stdlib@h        00000000102ac313     NativeLib:diskio.obj
 0008:00000314       __30B1AFDA_unknwnbase@h    00000000102ac314     NativeLib:diskio.obj
 0008:00000315       __328C1996_objidlbase@h    00000000102ac315     NativeLib:diskio.obj
 0008:00000316       __C4E06B6A_cguid@h         00000000102ac316     NativeLib:diskio.obj
 0008:00000317       __434718C5_combaseapi@h    00000000102ac317     NativeLib:diskio.obj
 0008:00000318       __DE6FDEF1_unknwn@h        00000000102ac318     NativeLib:diskio.obj
 0008:00000319       __CCE0BACC_objidl@h        00000000102ac319     NativeLib:diskio.obj
 0008:0000031a       __8C7011E5_oaidl@h         00000000102ac31a     NativeLib:diskio.obj
 0008:0000031b       __2E0B7863_propidlbase@h   00000000102ac31b     NativeLib:diskio.obj
 0008:0000031c       __BF4CF2EC_coml2api@h      00000000102ac31c     NativeLib:diskio.obj
 0008:0000031d       __6D897344_oleidl@h        00000000102ac31d     NativeLib:diskio.obj
 0008:0000031e       __1129FC2C_servprov@h      00000000102ac31e     NativeLib:diskio.obj
 0008:0000031f       __757952E4_msxml@h         00000000102ac31f     NativeLib:diskio.obj
 0008:00000320       __B1191D53_urlmon@h        00000000102ac320     NativeLib:diskio.obj
 0008:00000321       __404D1A47_propidl@h       00000000102ac321     NativeLib:diskio.obj
 0008:00000322       __A1C63593_objbase@h       00000000102ac322     NativeLib:diskio.obj
 0008:00000323       __C1B0A9CB_oleauto@h       00000000102ac323     NativeLib:diskio.obj
 0008:00000324       __24EAF61F_ole2@h          00000000102ac324     NativeLib:diskio.obj
 0008:00000325       __2B1843DA_commdlg@h       00000000102ac325     NativeLib:diskio.obj
 0008:00000326       __81DDEDE3_stralign@h      00000000102ac326     NativeLib:diskio.obj
 0008:00000327       __2134D1B4_winsvc@h        00000000102ac327     NativeLib:diskio.obj
 0008:00000328       __11C07376_mcx@h           00000000102ac328     NativeLib:diskio.obj
 0008:00000329       __577CE3E7_ime_cmodes@h    00000000102ac329     NativeLib:diskio.obj
 0008:0000032a       __1E72C31E_imm@h           00000000102ac32a     NativeLib:diskio.obj
 0008:0000032b       __E15BF856_windows@h       00000000102ac32b     NativeLib:diskio.obj
 0008:0000032c       __44420885_corecrt_stdio_config@h 00000000102ac32c     NativeLib:diskio.obj
 0008:0000032d       __EF1F6BBA_corecrt_wconio@h 00000000102ac32d     NativeLib:diskio.obj
 0008:0000032e       __3D1D430C_corecrt_wdirect@h 00000000102ac32e     NativeLib:diskio.obj
 0008:0000032f       __8ECB7138_corecrt_share@h 00000000102ac32f     NativeLib:diskio.obj
 0008:00000330       __DB7FEBA6_corecrt_wio@h   00000000102ac330     NativeLib:diskio.obj
 0008:00000331       __9A9F0068_corecrt_wprocess@h 00000000102ac331     NativeLib:diskio.obj
 0008:00000332       __AB601D8D_corecrt_wstdio@h 00000000102ac332     NativeLib:diskio.obj
 0008:00000333       __369A9BC3_corecrt_wtime@h 00000000102ac333     NativeLib:diskio.obj
 0008:00000334       __CE789B9D_types@h         00000000102ac334     NativeLib:diskio.obj
 0008:00000335       __9901C817_stat@h          00000000102ac335     NativeLib:diskio.obj
 0008:00000336       __3FCAD62E_wchar@h         00000000102ac336     NativeLib:diskio.obj
 0008:00000337       __0E22CCB3_tchar@h         00000000102ac337     NativeLib:diskio.obj
 0008:00000338       __4CCC6929_integer@h       00000000102ac338     NativeLib:diskio.obj
 0008:00000339       __3D17D6D7_diskio@h        00000000102ac339     NativeLib:diskio.obj
 0008:0000033a       __AAC50F5F_diskio@c        00000000102ac33a     NativeLib:diskio.obj
 0009:000000a0       $R000000                   00000000102ad0a0     guideXOS.res
 0009:000002f0       $R000250                   00000000102ad2f0     guideXOS.res
