 guideXOS

 Timestamp is 66e5f13f (Sat Sep 14 13:25:35 2024)

 Preferred load address is 0000000010000000

 Start         Length     Name                   Class
 0001:00000000 00000240H .text                   CODE
 0001:00000240 00020751H .text$mn                CODE
 0002:00000000 00000021H .unbox$M                CODE
 0003:00000000 0001b817H .managedcode$I          CODE
 0004:00000000 00007c80H .rdata                  DATA
 0004:00007c80 00000034H .rdata$voltmd           DATA
 0004:00007cb4 00000194H .rdata$zzzdbg           DATA
 0004:00007e48 000048acH .xdata                  DATA
 0004:0000c6f4 00000000H .edata                  DATA
 0005:00000000 0001cb20H .data                   DATA
 0005:0001cb20 001005a0H .bss                    DATA
 0006:00000000 00002070H .pdata                  DATA
 0007:00000000 00000008H .modules$I              DATA
 0008:00000000 0000006eH .msvcjmc                DATA
 0009:00000000 000000a0H .rsrc$01                DATA
 0009:000000a0 00000440H .rsrc$02                DATA

  Address         Publics by Value              Rva+Base               Lib:Object

 0000:00000000       __AbsoluteZero             0000000000000000     <absolute>
 0000:00000000       ___safe_se_handler_count   0000000000000000     <absolute>
 0000:00000000       ___safe_se_handler_table   0000000000000000     <absolute>
 0000:00000000       __arm64x_extra_rfe_table   0000000000000000     <absolute>
 0000:00000000       __arm64x_extra_rfe_table_size 0000000000000000     <absolute>
 0000:00000000       __arm64x_native_entrypoint 0000000000000000     <absolute>
 0000:00000000       __arm64x_redirection_metadata 0000000000000000     <absolute>
 0000:00000000       __arm64x_redirection_metadata_count 0000000000000000     <absolute>
 0000:00000000       __dynamic_value_reloc_table 0000000000000000     <absolute>
 0000:00000000       __enclave_config           0000000000000000     <absolute>
 0000:00000000       __guard_check_icall_a64n_fptr 0000000000000000     <absolute>
 0000:00000000       __guard_eh_cont_count      0000000000000000     <absolute>
 0000:00000000       __guard_eh_cont_table      0000000000000000     <absolute>
 0000:00000000       __guard_fids_count         0000000000000000     <absolute>
 0000:00000000       __guard_fids_table         0000000000000000     <absolute>
 0000:00000000       __guard_iat_count          0000000000000000     <absolute>
 0000:00000000       __guard_iat_table          0000000000000000     <absolute>
 0000:00000000       __guard_longjmp_count      0000000000000000     <absolute>
 0000:00000000       __guard_longjmp_table      0000000000000000     <absolute>
 0000:00000000       __hybrid_auxiliary_delayload_iat 0000000000000000     <absolute>
 0000:00000000       __hybrid_auxiliary_delayload_iat_copy 0000000000000000     <absolute>
 0000:00000000       __hybrid_auxiliary_iat     0000000000000000     <absolute>
 0000:00000000       __hybrid_auxiliary_iat_copy 0000000000000000     <absolute>
 0000:00000000       __hybrid_code_map          0000000000000000     <absolute>
 0000:00000000       __hybrid_code_map_count    0000000000000000     <absolute>
 0000:00000000       __hybrid_image_info_bitfield 0000000000000000     <absolute>
 0000:00000000       __x64_code_ranges_to_entry_points 0000000000000000     <absolute>
 0000:00000000       __x64_code_ranges_to_entry_points_count 0000000000000000     <absolute>
 0000:00000100       __guard_flags              0000000000000100     <absolute>
 0000:00000000       __ImageBase                0000000010000000     <linker-defined>
 0001:00000000       __GetNonGCStaticBase_guideXOS_Program 0000000010001000     guideXOS.obj
 0001:00000008       __GetNonGCStaticBase_guideXOS_Allocator 0000000010001008     guideXOS.obj
 0001:00000010       __GetNonGCStaticBase_guideXOS_GDT 0000000010001010     guideXOS.obj
 0001:00000018       __GetNonGCStaticBase_guideXOS_IDT 0000000010001018     guideXOS.obj
 0001:00000020       __GetNonGCStaticBase_guideXOS_System_Windows_Forms_Control 0000000010001020     guideXOS.obj
 0001:00000028       __GetNonGCStaticBase_guideXOS_guideXOS_Kbd2Mouse 0000000010001028     guideXOS.obj
 0001:00000030       __GetNonGCStaticBase_guideXOS_guideXOS_Console 0000000010001030     guideXOS.obj
 0001:00000038       __GetNonGCStaticBase_guideXOS_guideXOS_FPSMeter 0000000010001038     guideXOS.obj
 0001:00000040       __GetNonGCStaticBase_guideXOS_guideXOS_PageTable 0000000010001040     guideXOS.obj
 0001:00000048       __GetNonGCStaticBase_guideXOS_guideXOS_SMP 0000000010001048     guideXOS.obj
 0001:00000050       __GetNonGCStaticBase_guideXOS_guideXOS_Misc_Audio 0000000010001050     guideXOS.obj
 0001:00000058       __GetNonGCStaticBase_guideXOS_guideXOS_Misc_ThreadPool 0000000010001058     guideXOS.obj
 0001:00000060       __GetNonGCStaticBase_guideXOS_guideXOS_Misc_USB 0000000010001060     guideXOS.obj
 0001:00000068       __GetNonGCStaticBase_guideXOS_guideXOS_Kernel_Drivers_AC97 0000000010001068     guideXOS.obj
 0001:00000070       __GetNonGCStaticBase_guideXOS_guideXOS_Kernel_Drivers_ACPI 0000000010001070     guideXOS.obj
 0001:00000078       __GetNonGCStaticBase_guideXOS_guideXOS_Kernel_Drivers_EHCI 0000000010001078     guideXOS.obj
 0001:00000080       __GetNonGCStaticBase_guideXOS_guideXOS_Kernel_Drivers_ES1371 0000000010001080     guideXOS.obj
 0001:00000088       __GetNonGCStaticBase_guideXOS_guideXOS_Kernel_Drivers_Framebuffer 0000000010001088     guideXOS.obj
 0001:00000090       __GetNonGCStaticBase_guideXOS_guideXOS_Kernel_Drivers_HID 0000000010001090     guideXOS.obj
 0001:00000098       __GetNonGCStaticBase_guideXOS_guideXOS_Kernel_Drivers_HPET 0000000010001098     guideXOS.obj
 0001:000000a0       __GetNonGCStaticBase_guideXOS_guideXOS_Kernel_Drivers_Hub 00000000100010a0     guideXOS.obj
 0001:000000a8       __GetNonGCStaticBase_guideXOS_guideXOS_Kernel_Drivers_Keyboard 00000000100010a8     guideXOS.obj
 0001:000000b0       __GetNonGCStaticBase_guideXOS_guideXOS_Kernel_Drivers_PS2Mouse 00000000100010b0     guideXOS.obj
 0001:000000b8       __GetNonGCStaticBase_guideXOS_guideXOS_Kernel_Drivers_RTC 00000000100010b8     guideXOS.obj
 0001:000000c0       __GetNonGCStaticBase_guideXOS_guideXOS_Kernel_Drivers_SATA 00000000100010c0     guideXOS.obj
 0001:000000c8       __GetNonGCStaticBase_guideXOS_guideXOS_Kernel_Drivers_Timer 00000000100010c8     guideXOS.obj
 0001:000000d0       __GetNonGCStaticBase_guideXOS_guideXOS_Kernel_Drivers_VMwareTools 00000000100010d0     guideXOS.obj
 0001:000000d8       __GetNonGCStaticBase_guideXOS_guideXOS_GUI_Desktop 00000000100010d8     guideXOS.obj
 0001:000000e0       __GetNonGCStaticBase_guideXOS_guideXOS_GUI_StartMenu 00000000100010e0     guideXOS.obj
 0001:000000e8       __GetNonGCStaticBase_guideXOS_guideXOS_GUI_WAVPlayer 00000000100010e8     guideXOS.obj
 0001:000000f0       __GetNonGCStaticBase_guideXOS_guideXOS_GUI_WindowManager 00000000100010f0     guideXOS.obj
 0001:000000f8       __GetGCStaticBase_guideXOS_Program 00000000100010f8     guideXOS.obj
 0001:00000103       __GetGCStaticBase_guideXOS_IDT 0000000010001103     guideXOS.obj
 0001:0000010e       __GetGCStaticBase_guideXOS_System_DateTime 000000001000110e     guideXOS.obj
 0001:00000119       __GetGCStaticBase_guideXOS_guideXOS_Animator 0000000010001119     guideXOS.obj
 0001:00000124       __GetGCStaticBase_guideXOS_guideXOS_ASC16 0000000010001124     guideXOS.obj
 0001:0000012f       __GetGCStaticBase_guideXOS_guideXOS_Console 000000001000112f     guideXOS.obj
 0001:0000013a       __GetGCStaticBase_guideXOS_guideXOS_Misc_BitFont 000000001000113a     guideXOS.obj
 0001:00000145       __GetGCStaticBase_guideXOS_guideXOS_Misc_Interrupts 0000000010001145     guideXOS.obj
 0001:00000150       __GetGCStaticBase_guideXOS_guideXOS_Misc_ThreadPool 0000000010001150     guideXOS.obj
 0001:0000015b       __GetGCStaticBase_guideXOS_guideXOS_FS_Disk 000000001000115b     guideXOS.obj
 0001:00000166       __GetGCStaticBase_guideXOS_guideXOS_FS_File 0000000010001166     guideXOS.obj
 0001:00000171       __GetGCStaticBase_guideXOS_guideXOS_Kernel_Drivers_AC97 0000000010001171     guideXOS.obj
 0001:0000017c       __GetGCStaticBase_guideXOS_guideXOS_Kernel_Drivers_ACPI 000000001000117c     guideXOS.obj
 0001:00000187       __GetGCStaticBase_guideXOS_guideXOS_Kernel_Drivers_Framebuffer 0000000010001187     guideXOS.obj
 0001:00000192       __GetGCStaticBase_guideXOS_guideXOS_Kernel_Drivers_HID 0000000010001192     guideXOS.obj
 0001:0000019d       __GetGCStaticBase_guideXOS_guideXOS_Kernel_Drivers_IDE 000000001000119d     guideXOS.obj
 0001:000001a8       __GetGCStaticBase_guideXOS_guideXOS_Kernel_Drivers_Keyboard 00000000100011a8     guideXOS.obj
 0001:000001b3       __GetGCStaticBase_guideXOS_guideXOS_Kernel_Drivers_PCI 00000000100011b3     guideXOS.obj
 0001:000001be       __GetGCStaticBase_guideXOS_guideXOS_Kernel_Drivers_PS2Keyboard 00000000100011be     guideXOS.obj
 0001:000001c9       __GetGCStaticBase_guideXOS_guideXOS_Kernel_Drivers_PS2Mouse 00000000100011c9     guideXOS.obj
 0001:000001d4       __GetGCStaticBase_guideXOS_guideXOS_Kernel_Drivers_SATA 00000000100011d4     guideXOS.obj
 0001:000001df       __GetGCStaticBase_guideXOS_guideXOS_GUI_Desktop 00000000100011df     guideXOS.obj
 0001:000001ea       __GetGCStaticBase_guideXOS_guideXOS_GUI_Lockscreen 00000000100011ea     guideXOS.obj
 0001:000001f5       __GetGCStaticBase_guideXOS_guideXOS_GUI_NotificationManager 00000000100011f5     guideXOS.obj
 0001:00000200       __GetGCStaticBase_guideXOS_guideXOS_GUI_WAVPlayer 0000000010001200     guideXOS.obj
 0001:0000020b       __GetGCStaticBase_guideXOS_guideXOS_GUI_WindowManager 000000001000120b     guideXOS.obj
 0001:00000216       __GetGCStaticBase_guideXOS_guideXOS_DefaultApps_Clock 0000000010001216     guideXOS.obj
 0001:00000221       __DelegateCtor_guideXOS_System_Delegate__InitializeClosedInstance__guideXOS_guideXOS_GUI_FConsole__Keyboard_OnKeyChanged 0000000010001221     guideXOS.obj
 0001:0000022d       __DelegateCtor_guideXOS_System_Delegate__InitializeClosedInstance__guideXOS_guideXOS_GUI_FConsole__Console_OnWrite 000000001000122d     guideXOS.obj
 0001:00000240       Movsb                      0000000010001240 f   NativeLib:mem.obj
 0001:00000280       Movsd                      0000000010001280 f   NativeLib:mem.obj
 0001:000002c0       Stosb                      00000000100012c0 f   NativeLib:mem.obj
 0001:00000310       Stosd                      0000000010001310 f   NativeLib:mem.obj
 0001:00000360       __JustMyCode_Default       0000000010001360 f i NativeLib:mem.obj
 0001:00000370       avx_memcpy                 0000000010001370 f   NativeLib:mem.obj
 0001:00000470       Load_GDT                   0000000010001470 f   NativeLib:interrupts.obj
 0001:000004a0       idt_set                    00000000100014a0 f   NativeLib:interrupts.obj
 0001:00000580       set_idt_entries            0000000010001580 f   NativeLib:interrupts.obj
 0001:000024a0       CPUID                      00000000100034a0 f   NativeLib:native.obj
 0001:000024f0       Cli                        00000000100034f0 f   NativeLib:native.obj
 0001:00002520       Fxrstor64                  0000000010003520 f   NativeLib:native.obj
 0001:00002550       Fxsave64                   0000000010003550 f   NativeLib:native.obj
 0001:00002580       Hlt                        0000000010003580 f   NativeLib:native.obj
 0001:000025b0       Invlpg                     00000000100035b0 f   NativeLib:native.obj
 0001:000025e0       Nop                        00000000100035e0 f   NativeLib:native.obj
 0001:00002600       Rdmsr                      0000000010003600 f   NativeLib:native.obj
 0001:00002630       Rdtsc                      0000000010003630 f   NativeLib:native.obj
 0001:00002660       ReadCR2                    0000000010003660 f   NativeLib:native.obj
 0001:00002680       Sti                        0000000010003680 f   NativeLib:native.obj
 0001:000026b0       WriteCR3                   00000000100036b0 f   NativeLib:native.obj
 0001:000026e0       Wrmsr                      00000000100036e0 f   NativeLib:native.obj
 0001:00002720       intr0                      0000000010003720 f   NativeLib:interrupts_asm.obj
 0001:00002762       intr1                      0000000010003762 f   NativeLib:interrupts_asm.obj
 0001:000027a4       intr2                      00000000100037a4 f   NativeLib:interrupts_asm.obj
 0001:000027e6       intr3                      00000000100037e6 f   NativeLib:interrupts_asm.obj
 0001:00002828       intr4                      0000000010003828 f   NativeLib:interrupts_asm.obj
 0001:0000286a       intr5                      000000001000386a f   NativeLib:interrupts_asm.obj
 0001:000028ac       intr6                      00000000100038ac f   NativeLib:interrupts_asm.obj
 0001:000028ee       intr7                      00000000100038ee f   NativeLib:interrupts_asm.obj
 0001:00002930       intr8                      0000000010003930 f   NativeLib:interrupts_asm.obj
 0001:00002972       intr9                      0000000010003972 f   NativeLib:interrupts_asm.obj
 0001:000029b4       intr10                     00000000100039b4 f   NativeLib:interrupts_asm.obj
 0001:000029f6       intr11                     00000000100039f6 f   NativeLib:interrupts_asm.obj
 0001:00002a38       intr12                     0000000010003a38 f   NativeLib:interrupts_asm.obj
 0001:00002a7a       intr13                     0000000010003a7a f   NativeLib:interrupts_asm.obj
 0001:00002abc       intr14                     0000000010003abc f   NativeLib:interrupts_asm.obj
 0001:00002afe       intr15                     0000000010003afe f   NativeLib:interrupts_asm.obj
 0001:00002b40       intr16                     0000000010003b40 f   NativeLib:interrupts_asm.obj
 0001:00002b82       intr17                     0000000010003b82 f   NativeLib:interrupts_asm.obj
 0001:00002bc4       intr18                     0000000010003bc4 f   NativeLib:interrupts_asm.obj
 0001:00002c06       intr19                     0000000010003c06 f   NativeLib:interrupts_asm.obj
 0001:00002c48       intr20                     0000000010003c48 f   NativeLib:interrupts_asm.obj
 0001:00002c8a       intr21                     0000000010003c8a f   NativeLib:interrupts_asm.obj
 0001:00002ccc       intr22                     0000000010003ccc f   NativeLib:interrupts_asm.obj
 0001:00002d0e       intr23                     0000000010003d0e f   NativeLib:interrupts_asm.obj
 0001:00002d50       intr24                     0000000010003d50 f   NativeLib:interrupts_asm.obj
 0001:00002d92       intr25                     0000000010003d92 f   NativeLib:interrupts_asm.obj
 0001:00002dd4       intr26                     0000000010003dd4 f   NativeLib:interrupts_asm.obj
 0001:00002e16       intr27                     0000000010003e16 f   NativeLib:interrupts_asm.obj
 0001:00002e58       intr28                     0000000010003e58 f   NativeLib:interrupts_asm.obj
 0001:00002e9a       intr29                     0000000010003e9a f   NativeLib:interrupts_asm.obj
 0001:00002edc       intr30                     0000000010003edc f   NativeLib:interrupts_asm.obj
 0001:00002f1e       intr31                     0000000010003f1e f   NativeLib:interrupts_asm.obj
 0001:00002f60       intr32                     0000000010003f60 f   NativeLib:interrupts_asm.obj
 0001:00002fa2       intr33                     0000000010003fa2 f   NativeLib:interrupts_asm.obj
 0001:00002fe4       intr34                     0000000010003fe4 f   NativeLib:interrupts_asm.obj
 0001:00003026       intr35                     0000000010004026 f   NativeLib:interrupts_asm.obj
 0001:00003068       intr36                     0000000010004068 f   NativeLib:interrupts_asm.obj
 0001:000030aa       intr37                     00000000100040aa f   NativeLib:interrupts_asm.obj
 0001:000030ec       intr38                     00000000100040ec f   NativeLib:interrupts_asm.obj
 0001:0000312e       intr39                     000000001000412e f   NativeLib:interrupts_asm.obj
 0001:00003170       intr40                     0000000010004170 f   NativeLib:interrupts_asm.obj
 0001:000031b2       intr41                     00000000100041b2 f   NativeLib:interrupts_asm.obj
 0001:000031f4       intr42                     00000000100041f4 f   NativeLib:interrupts_asm.obj
 0001:00003236       intr43                     0000000010004236 f   NativeLib:interrupts_asm.obj
 0001:00003278       intr44                     0000000010004278 f   NativeLib:interrupts_asm.obj
 0001:000032ba       intr45                     00000000100042ba f   NativeLib:interrupts_asm.obj
 0001:000032fc       intr46                     00000000100042fc f   NativeLib:interrupts_asm.obj
 0001:0000333e       intr47                     000000001000433e f   NativeLib:interrupts_asm.obj
 0001:00003380       intr48                     0000000010004380 f   NativeLib:interrupts_asm.obj
 0001:000033c2       intr49                     00000000100043c2 f   NativeLib:interrupts_asm.obj
 0001:00003404       intr50                     0000000010004404 f   NativeLib:interrupts_asm.obj
 0001:00003446       intr51                     0000000010004446 f   NativeLib:interrupts_asm.obj
 0001:00003488       intr52                     0000000010004488 f   NativeLib:interrupts_asm.obj
 0001:000034ca       intr53                     00000000100044ca f   NativeLib:interrupts_asm.obj
 0001:0000350c       intr54                     000000001000450c f   NativeLib:interrupts_asm.obj
 0001:0000354e       intr55                     000000001000454e f   NativeLib:interrupts_asm.obj
 0001:00003590       intr56                     0000000010004590 f   NativeLib:interrupts_asm.obj
 0001:000035d2       intr57                     00000000100045d2 f   NativeLib:interrupts_asm.obj
 0001:00003614       intr58                     0000000010004614 f   NativeLib:interrupts_asm.obj
 0001:00003656       intr59                     0000000010004656 f   NativeLib:interrupts_asm.obj
 0001:00003698       intr60                     0000000010004698 f   NativeLib:interrupts_asm.obj
 0001:000036da       intr61                     00000000100046da f   NativeLib:interrupts_asm.obj
 0001:0000371c       intr62                     000000001000471c f   NativeLib:interrupts_asm.obj
 0001:0000375e       intr63                     000000001000475e f   NativeLib:interrupts_asm.obj
 0001:000037a0       intr64                     00000000100047a0 f   NativeLib:interrupts_asm.obj
 0001:000037e2       intr65                     00000000100047e2 f   NativeLib:interrupts_asm.obj
 0001:00003824       intr66                     0000000010004824 f   NativeLib:interrupts_asm.obj
 0001:00003866       intr67                     0000000010004866 f   NativeLib:interrupts_asm.obj
 0001:000038a8       intr68                     00000000100048a8 f   NativeLib:interrupts_asm.obj
 0001:000038ea       intr69                     00000000100048ea f   NativeLib:interrupts_asm.obj
 0001:0000392c       intr70                     000000001000492c f   NativeLib:interrupts_asm.obj
 0001:0000396e       intr71                     000000001000496e f   NativeLib:interrupts_asm.obj
 0001:000039b0       intr72                     00000000100049b0 f   NativeLib:interrupts_asm.obj
 0001:000039f2       intr73                     00000000100049f2 f   NativeLib:interrupts_asm.obj
 0001:00003a34       intr74                     0000000010004a34 f   NativeLib:interrupts_asm.obj
 0001:00003a76       intr75                     0000000010004a76 f   NativeLib:interrupts_asm.obj
 0001:00003ab8       intr76                     0000000010004ab8 f   NativeLib:interrupts_asm.obj
 0001:00003afa       intr77                     0000000010004afa f   NativeLib:interrupts_asm.obj
 0001:00003b3c       intr78                     0000000010004b3c f   NativeLib:interrupts_asm.obj
 0001:00003b7e       intr79                     0000000010004b7e f   NativeLib:interrupts_asm.obj
 0001:00003bc0       intr80                     0000000010004bc0 f   NativeLib:interrupts_asm.obj
 0001:00003c02       intr81                     0000000010004c02 f   NativeLib:interrupts_asm.obj
 0001:00003c44       intr82                     0000000010004c44 f   NativeLib:interrupts_asm.obj
 0001:00003c86       intr83                     0000000010004c86 f   NativeLib:interrupts_asm.obj
 0001:00003cc8       intr84                     0000000010004cc8 f   NativeLib:interrupts_asm.obj
 0001:00003d0a       intr85                     0000000010004d0a f   NativeLib:interrupts_asm.obj
 0001:00003d4c       intr86                     0000000010004d4c f   NativeLib:interrupts_asm.obj
 0001:00003d8e       intr87                     0000000010004d8e f   NativeLib:interrupts_asm.obj
 0001:00003dd0       intr88                     0000000010004dd0 f   NativeLib:interrupts_asm.obj
 0001:00003e12       intr89                     0000000010004e12 f   NativeLib:interrupts_asm.obj
 0001:00003e54       intr90                     0000000010004e54 f   NativeLib:interrupts_asm.obj
 0001:00003e96       intr91                     0000000010004e96 f   NativeLib:interrupts_asm.obj
 0001:00003ed8       intr92                     0000000010004ed8 f   NativeLib:interrupts_asm.obj
 0001:00003f1a       intr93                     0000000010004f1a f   NativeLib:interrupts_asm.obj
 0001:00003f5c       intr94                     0000000010004f5c f   NativeLib:interrupts_asm.obj
 0001:00003f9e       intr95                     0000000010004f9e f   NativeLib:interrupts_asm.obj
 0001:00003fe0       intr96                     0000000010004fe0 f   NativeLib:interrupts_asm.obj
 0001:00004022       intr97                     0000000010005022 f   NativeLib:interrupts_asm.obj
 0001:00004064       intr98                     0000000010005064 f   NativeLib:interrupts_asm.obj
 0001:000040a6       intr99                     00000000100050a6 f   NativeLib:interrupts_asm.obj
 0001:000040e8       intr100                    00000000100050e8 f   NativeLib:interrupts_asm.obj
 0001:0000412a       intr101                    000000001000512a f   NativeLib:interrupts_asm.obj
 0001:0000416c       intr102                    000000001000516c f   NativeLib:interrupts_asm.obj
 0001:000041ae       intr103                    00000000100051ae f   NativeLib:interrupts_asm.obj
 0001:000041f0       intr104                    00000000100051f0 f   NativeLib:interrupts_asm.obj
 0001:00004232       intr105                    0000000010005232 f   NativeLib:interrupts_asm.obj
 0001:00004274       intr106                    0000000010005274 f   NativeLib:interrupts_asm.obj
 0001:000042b6       intr107                    00000000100052b6 f   NativeLib:interrupts_asm.obj
 0001:000042f8       intr108                    00000000100052f8 f   NativeLib:interrupts_asm.obj
 0001:0000433a       intr109                    000000001000533a f   NativeLib:interrupts_asm.obj
 0001:0000437c       intr110                    000000001000537c f   NativeLib:interrupts_asm.obj
 0001:000043be       intr111                    00000000100053be f   NativeLib:interrupts_asm.obj
 0001:00004400       intr112                    0000000010005400 f   NativeLib:interrupts_asm.obj
 0001:00004442       intr113                    0000000010005442 f   NativeLib:interrupts_asm.obj
 0001:00004484       intr114                    0000000010005484 f   NativeLib:interrupts_asm.obj
 0001:000044c6       intr115                    00000000100054c6 f   NativeLib:interrupts_asm.obj
 0001:00004508       intr116                    0000000010005508 f   NativeLib:interrupts_asm.obj
 0001:0000454a       intr117                    000000001000554a f   NativeLib:interrupts_asm.obj
 0001:0000458c       intr118                    000000001000558c f   NativeLib:interrupts_asm.obj
 0001:000045ce       intr119                    00000000100055ce f   NativeLib:interrupts_asm.obj
 0001:00004610       intr120                    0000000010005610 f   NativeLib:interrupts_asm.obj
 0001:00004652       intr121                    0000000010005652 f   NativeLib:interrupts_asm.obj
 0001:00004694       intr122                    0000000010005694 f   NativeLib:interrupts_asm.obj
 0001:000046d6       intr123                    00000000100056d6 f   NativeLib:interrupts_asm.obj
 0001:00004718       intr124                    0000000010005718 f   NativeLib:interrupts_asm.obj
 0001:0000475a       intr125                    000000001000575a f   NativeLib:interrupts_asm.obj
 0001:0000479c       intr126                    000000001000579c f   NativeLib:interrupts_asm.obj
 0001:000047de       intr127                    00000000100057de f   NativeLib:interrupts_asm.obj
 0001:00004820       intr128                    0000000010005820 f   NativeLib:interrupts_asm.obj
 0001:00004862       intr129                    0000000010005862 f   NativeLib:interrupts_asm.obj
 0001:000048a4       intr130                    00000000100058a4 f   NativeLib:interrupts_asm.obj
 0001:000048e6       intr131                    00000000100058e6 f   NativeLib:interrupts_asm.obj
 0001:00004928       intr132                    0000000010005928 f   NativeLib:interrupts_asm.obj
 0001:0000496a       intr133                    000000001000596a f   NativeLib:interrupts_asm.obj
 0001:000049ac       intr134                    00000000100059ac f   NativeLib:interrupts_asm.obj
 0001:000049ee       intr135                    00000000100059ee f   NativeLib:interrupts_asm.obj
 0001:00004a30       intr136                    0000000010005a30 f   NativeLib:interrupts_asm.obj
 0001:00004a72       intr137                    0000000010005a72 f   NativeLib:interrupts_asm.obj
 0001:00004ab4       intr138                    0000000010005ab4 f   NativeLib:interrupts_asm.obj
 0001:00004af6       intr139                    0000000010005af6 f   NativeLib:interrupts_asm.obj
 0001:00004b38       intr140                    0000000010005b38 f   NativeLib:interrupts_asm.obj
 0001:00004b7a       intr141                    0000000010005b7a f   NativeLib:interrupts_asm.obj
 0001:00004bbc       intr142                    0000000010005bbc f   NativeLib:interrupts_asm.obj
 0001:00004bfe       intr143                    0000000010005bfe f   NativeLib:interrupts_asm.obj
 0001:00004c40       intr144                    0000000010005c40 f   NativeLib:interrupts_asm.obj
 0001:00004c82       intr145                    0000000010005c82 f   NativeLib:interrupts_asm.obj
 0001:00004cc4       intr146                    0000000010005cc4 f   NativeLib:interrupts_asm.obj
 0001:00004d06       intr147                    0000000010005d06 f   NativeLib:interrupts_asm.obj
 0001:00004d48       intr148                    0000000010005d48 f   NativeLib:interrupts_asm.obj
 0001:00004d8a       intr149                    0000000010005d8a f   NativeLib:interrupts_asm.obj
 0001:00004dcc       intr150                    0000000010005dcc f   NativeLib:interrupts_asm.obj
 0001:00004e0e       intr151                    0000000010005e0e f   NativeLib:interrupts_asm.obj
 0001:00004e50       intr152                    0000000010005e50 f   NativeLib:interrupts_asm.obj
 0001:00004e92       intr153                    0000000010005e92 f   NativeLib:interrupts_asm.obj
 0001:00004ed4       intr154                    0000000010005ed4 f   NativeLib:interrupts_asm.obj
 0001:00004f16       intr155                    0000000010005f16 f   NativeLib:interrupts_asm.obj
 0001:00004f58       intr156                    0000000010005f58 f   NativeLib:interrupts_asm.obj
 0001:00004f9a       intr157                    0000000010005f9a f   NativeLib:interrupts_asm.obj
 0001:00004fdc       intr158                    0000000010005fdc f   NativeLib:interrupts_asm.obj
 0001:0000501e       intr159                    000000001000601e f   NativeLib:interrupts_asm.obj
 0001:00005060       intr160                    0000000010006060 f   NativeLib:interrupts_asm.obj
 0001:000050a2       intr161                    00000000100060a2 f   NativeLib:interrupts_asm.obj
 0001:000050e4       intr162                    00000000100060e4 f   NativeLib:interrupts_asm.obj
 0001:00005126       intr163                    0000000010006126 f   NativeLib:interrupts_asm.obj
 0001:00005168       intr164                    0000000010006168 f   NativeLib:interrupts_asm.obj
 0001:000051aa       intr165                    00000000100061aa f   NativeLib:interrupts_asm.obj
 0001:000051ec       intr166                    00000000100061ec f   NativeLib:interrupts_asm.obj
 0001:0000522e       intr167                    000000001000622e f   NativeLib:interrupts_asm.obj
 0001:00005270       intr168                    0000000010006270 f   NativeLib:interrupts_asm.obj
 0001:000052b2       intr169                    00000000100062b2 f   NativeLib:interrupts_asm.obj
 0001:000052f4       intr170                    00000000100062f4 f   NativeLib:interrupts_asm.obj
 0001:00005336       intr171                    0000000010006336 f   NativeLib:interrupts_asm.obj
 0001:00005378       intr172                    0000000010006378 f   NativeLib:interrupts_asm.obj
 0001:000053ba       intr173                    00000000100063ba f   NativeLib:interrupts_asm.obj
 0001:000053fc       intr174                    00000000100063fc f   NativeLib:interrupts_asm.obj
 0001:0000543e       intr175                    000000001000643e f   NativeLib:interrupts_asm.obj
 0001:00005480       intr176                    0000000010006480 f   NativeLib:interrupts_asm.obj
 0001:000054c2       intr177                    00000000100064c2 f   NativeLib:interrupts_asm.obj
 0001:00005504       intr178                    0000000010006504 f   NativeLib:interrupts_asm.obj
 0001:00005546       intr179                    0000000010006546 f   NativeLib:interrupts_asm.obj
 0001:00005588       intr180                    0000000010006588 f   NativeLib:interrupts_asm.obj
 0001:000055ca       intr181                    00000000100065ca f   NativeLib:interrupts_asm.obj
 0001:0000560c       intr182                    000000001000660c f   NativeLib:interrupts_asm.obj
 0001:0000564e       intr183                    000000001000664e f   NativeLib:interrupts_asm.obj
 0001:00005690       intr184                    0000000010006690 f   NativeLib:interrupts_asm.obj
 0001:000056d2       intr185                    00000000100066d2 f   NativeLib:interrupts_asm.obj
 0001:00005714       intr186                    0000000010006714 f   NativeLib:interrupts_asm.obj
 0001:00005756       intr187                    0000000010006756 f   NativeLib:interrupts_asm.obj
 0001:00005798       intr188                    0000000010006798 f   NativeLib:interrupts_asm.obj
 0001:000057da       intr189                    00000000100067da f   NativeLib:interrupts_asm.obj
 0001:0000581c       intr190                    000000001000681c f   NativeLib:interrupts_asm.obj
 0001:0000585e       intr191                    000000001000685e f   NativeLib:interrupts_asm.obj
 0001:000058a0       intr192                    00000000100068a0 f   NativeLib:interrupts_asm.obj
 0001:000058e2       intr193                    00000000100068e2 f   NativeLib:interrupts_asm.obj
 0001:00005924       intr194                    0000000010006924 f   NativeLib:interrupts_asm.obj
 0001:00005966       intr195                    0000000010006966 f   NativeLib:interrupts_asm.obj
 0001:000059a8       intr196                    00000000100069a8 f   NativeLib:interrupts_asm.obj
 0001:000059ea       intr197                    00000000100069ea f   NativeLib:interrupts_asm.obj
 0001:00005a2c       intr198                    0000000010006a2c f   NativeLib:interrupts_asm.obj
 0001:00005a6e       intr199                    0000000010006a6e f   NativeLib:interrupts_asm.obj
 0001:00005ab0       intr200                    0000000010006ab0 f   NativeLib:interrupts_asm.obj
 0001:00005af2       intr201                    0000000010006af2 f   NativeLib:interrupts_asm.obj
 0001:00005b34       intr202                    0000000010006b34 f   NativeLib:interrupts_asm.obj
 0001:00005b76       intr203                    0000000010006b76 f   NativeLib:interrupts_asm.obj
 0001:00005bb8       intr204                    0000000010006bb8 f   NativeLib:interrupts_asm.obj
 0001:00005bfa       intr205                    0000000010006bfa f   NativeLib:interrupts_asm.obj
 0001:00005c3c       intr206                    0000000010006c3c f   NativeLib:interrupts_asm.obj
 0001:00005c7e       intr207                    0000000010006c7e f   NativeLib:interrupts_asm.obj
 0001:00005cc0       intr208                    0000000010006cc0 f   NativeLib:interrupts_asm.obj
 0001:00005d02       intr209                    0000000010006d02 f   NativeLib:interrupts_asm.obj
 0001:00005d44       intr210                    0000000010006d44 f   NativeLib:interrupts_asm.obj
 0001:00005d86       intr211                    0000000010006d86 f   NativeLib:interrupts_asm.obj
 0001:00005dc8       intr212                    0000000010006dc8 f   NativeLib:interrupts_asm.obj
 0001:00005e0a       intr213                    0000000010006e0a f   NativeLib:interrupts_asm.obj
 0001:00005e4c       intr214                    0000000010006e4c f   NativeLib:interrupts_asm.obj
 0001:00005e8e       intr215                    0000000010006e8e f   NativeLib:interrupts_asm.obj
 0001:00005ed0       intr216                    0000000010006ed0 f   NativeLib:interrupts_asm.obj
 0001:00005f12       intr217                    0000000010006f12 f   NativeLib:interrupts_asm.obj
 0001:00005f54       intr218                    0000000010006f54 f   NativeLib:interrupts_asm.obj
 0001:00005f96       intr219                    0000000010006f96 f   NativeLib:interrupts_asm.obj
 0001:00005fd8       intr220                    0000000010006fd8 f   NativeLib:interrupts_asm.obj
 0001:0000601a       intr221                    000000001000701a f   NativeLib:interrupts_asm.obj
 0001:0000605c       intr222                    000000001000705c f   NativeLib:interrupts_asm.obj
 0001:0000609e       intr223                    000000001000709e f   NativeLib:interrupts_asm.obj
 0001:000060e0       intr224                    00000000100070e0 f   NativeLib:interrupts_asm.obj
 0001:00006122       intr225                    0000000010007122 f   NativeLib:interrupts_asm.obj
 0001:00006164       intr226                    0000000010007164 f   NativeLib:interrupts_asm.obj
 0001:000061a6       intr227                    00000000100071a6 f   NativeLib:interrupts_asm.obj
 0001:000061e8       intr228                    00000000100071e8 f   NativeLib:interrupts_asm.obj
 0001:0000622a       intr229                    000000001000722a f   NativeLib:interrupts_asm.obj
 0001:0000626c       intr230                    000000001000726c f   NativeLib:interrupts_asm.obj
 0001:000062ae       intr231                    00000000100072ae f   NativeLib:interrupts_asm.obj
 0001:000062f0       intr232                    00000000100072f0 f   NativeLib:interrupts_asm.obj
 0001:00006332       intr233                    0000000010007332 f   NativeLib:interrupts_asm.obj
 0001:00006374       intr234                    0000000010007374 f   NativeLib:interrupts_asm.obj
 0001:000063b6       intr235                    00000000100073b6 f   NativeLib:interrupts_asm.obj
 0001:000063f8       intr236                    00000000100073f8 f   NativeLib:interrupts_asm.obj
 0001:0000643a       intr237                    000000001000743a f   NativeLib:interrupts_asm.obj
 0001:0000647c       intr238                    000000001000747c f   NativeLib:interrupts_asm.obj
 0001:000064be       intr239                    00000000100074be f   NativeLib:interrupts_asm.obj
 0001:00006500       intr240                    0000000010007500 f   NativeLib:interrupts_asm.obj
 0001:00006542       intr241                    0000000010007542 f   NativeLib:interrupts_asm.obj
 0001:00006584       intr242                    0000000010007584 f   NativeLib:interrupts_asm.obj
 0001:000065c6       intr243                    00000000100075c6 f   NativeLib:interrupts_asm.obj
 0001:00006608       intr244                    0000000010007608 f   NativeLib:interrupts_asm.obj
 0001:0000664a       intr245                    000000001000764a f   NativeLib:interrupts_asm.obj
 0001:0000668c       intr246                    000000001000768c f   NativeLib:interrupts_asm.obj
 0001:000066ce       intr247                    00000000100076ce f   NativeLib:interrupts_asm.obj
 0001:00006710       intr248                    0000000010007710 f   NativeLib:interrupts_asm.obj
 0001:00006752       intr249                    0000000010007752 f   NativeLib:interrupts_asm.obj
 0001:00006794       intr250                    0000000010007794 f   NativeLib:interrupts_asm.obj
 0001:000067d6       intr251                    00000000100077d6 f   NativeLib:interrupts_asm.obj
 0001:00006818       intr252                    0000000010007818 f   NativeLib:interrupts_asm.obj
 0001:0000685a       intr253                    000000001000785a f   NativeLib:interrupts_asm.obj
 0001:0000689c       intr254                    000000001000789c f   NativeLib:interrupts_asm.obj
 0001:000068de       intr255                    00000000100078de f   NativeLib:interrupts_asm.obj
 0001:00006920       _reload_segreg             0000000010007920 f   NativeLib:interrupts_asm.obj
 0001:00006947       Load_IDT                   0000000010007947 f   NativeLib:interrupts_asm.obj
 0001:0000694b       _cli                       000000001000794b f   NativeLib:interrupts_asm.obj
 0001:0000694d       _sti                       000000001000794d f   NativeLib:interrupts_asm.obj
 0001:0000694f       _hlt                       000000001000794f f   NativeLib:interrupts_asm.obj
 0001:00006951       _inttest                   0000000010007951 f   NativeLib:interrupts_asm.obj
 0001:0000695b       _iretq                     000000001000795b f   NativeLib:interrupts_asm.obj
 0001:00006976       _int20h                    0000000010007976 f   NativeLib:interrupts_asm.obj
 0001:00006980       enable_avx                 0000000010007980 f   NativeLib:misc.obj
 0001:00006993       enable_sse                 0000000010007993 f   NativeLib:misc.obj
 0001:000069a6       Schedule_Next              00000000100079a6 f   NativeLib:misc.obj
 0001:00011e10       lodepng_add_itext          0000000010012e10 f   NativeLib:lodepng.obj
 0001:00012050       lodepng_add_text           0000000010013050 f   NativeLib:lodepng.obj
 0001:00012310       lodepng_can_have_alpha     0000000010013310 f   NativeLib:lodepng.obj
 0001:00012370       lodepng_chunk_ancillary    0000000010013370 f   NativeLib:lodepng.obj
 0001:000123c0       lodepng_chunk_append       00000000100133c0 f   NativeLib:lodepng.obj
 0001:000124e0       lodepng_chunk_check_crc    00000000100134e0 f   NativeLib:lodepng.obj
 0001:00012570       lodepng_chunk_create       0000000010013570 f   NativeLib:lodepng.obj
 0001:000126a0       lodepng_chunk_data         00000000100136a0 f   NativeLib:lodepng.obj
 0001:000126e0       lodepng_chunk_data_const   00000000100136e0 f   NativeLib:lodepng.obj
 0001:00012720       lodepng_chunk_find         0000000010013720 f   NativeLib:lodepng.obj
 0001:000127a0       lodepng_chunk_find_const   00000000100137a0 f   NativeLib:lodepng.obj
 0001:00012820       lodepng_chunk_generate_crc 0000000010013820 f   NativeLib:lodepng.obj
 0001:00012970       lodepng_chunk_length       0000000010013970 f   NativeLib:lodepng.obj
 0001:000129b0       lodepng_chunk_next         00000000100139b0 f   NativeLib:lodepng.obj
 0001:00012b10       lodepng_chunk_next_const   0000000010013b10 f   NativeLib:lodepng.obj
 0001:00012c70       lodepng_chunk_private      0000000010013c70 f   NativeLib:lodepng.obj
 0001:00012cc0       lodepng_chunk_safetocopy   0000000010013cc0 f   NativeLib:lodepng.obj
 0001:00012d10       lodepng_chunk_type         0000000010013d10 f   NativeLib:lodepng.obj
 0001:00012d80       lodepng_chunk_type_equals  0000000010013d80 f   NativeLib:lodepng.obj
 0001:00012e70       lodepng_clear_icc          0000000010013e70 f   NativeLib:lodepng.obj
 0001:00012ee0       lodepng_clear_itext        0000000010013ee0 f   NativeLib:lodepng.obj
 0001:00012f10       lodepng_clear_text         0000000010013f10 f   NativeLib:lodepng.obj
 0001:00012ff0       lodepng_color_mode_cleanup 0000000010013ff0 f   NativeLib:lodepng.obj
 0001:00013020       lodepng_color_mode_copy    0000000010014020 f   NativeLib:lodepng.obj
 0001:00013200       lodepng_color_mode_init    0000000010014200 f   NativeLib:lodepng.obj
 0001:00013280       lodepng_color_mode_make    0000000010014280 f   NativeLib:lodepng.obj
 0001:00013410       lodepng_color_stats_init   0000000010014410 f   NativeLib:lodepng.obj
 0001:000134c0       lodepng_compress_settings_init 00000000100144c0 f   NativeLib:lodepng.obj
 0001:00013550       lodepng_compute_color_stats 0000000010014550 f   NativeLib:lodepng.obj
 0001:00014420       lodepng_convert            0000000010015420 f   NativeLib:lodepng.obj
 0001:00014960       lodepng_convert_rgb        0000000010015960 f   NativeLib:lodepng.obj
 0001:00014ca0       lodepng_crc32              0000000010015ca0 f   NativeLib:lodepng.obj
 0001:00014d30       lodepng_decode             0000000010015d30 f   NativeLib:lodepng.obj
 0001:00014f20       lodepng_decode24           0000000010015f20 f   NativeLib:lodepng.obj
 0001:00014f90       lodepng_decode32           0000000010015f90 f   NativeLib:lodepng.obj
 0001:00015000       lodepng_decode_memory      0000000010016000 f   NativeLib:lodepng.obj
 0001:000150d0       lodepng_decoder_settings_init 00000000100160d0 f   NativeLib:lodepng.obj
 0001:00015160       lodepng_decompress_settings_init 0000000010016160 f   NativeLib:lodepng.obj
 0001:000151d0       lodepng_deflate            00000000100161d0 f   NativeLib:lodepng.obj
 0001:000154e0       lodepng_encode             00000000100164e0 f   NativeLib:lodepng.obj
 0001:000164e0       lodepng_encode24           00000000100174e0 f   NativeLib:lodepng.obj
 0001:00016540       lodepng_encode32           0000000010017540 f   NativeLib:lodepng.obj
 0001:000165a0       lodepng_encode_memory      00000000100175a0 f   NativeLib:lodepng.obj
 0001:00016660       lodepng_encoder_settings_init 0000000010017660 f   NativeLib:lodepng.obj
 0001:000166e0       lodepng_error_text         00000000100176e0 f   NativeLib:lodepng.obj
 0001:00016db0       lodepng_get_bpp            0000000010017db0 f   NativeLib:lodepng.obj
 0001:00016e20       lodepng_get_channels       0000000010017e20 f   NativeLib:lodepng.obj
 0001:00016e50       lodepng_get_raw_size       0000000010017e50 f   NativeLib:lodepng.obj
 0001:00017030       lodepng_has_palette_alpha  0000000010018030 f   NativeLib:lodepng.obj
 0001:000170a0       lodepng_huffman_code_lengths 00000000100180a0 f   NativeLib:lodepng.obj
 0001:000174f0       lodepng_inflate            00000000100184f0 f   NativeLib:lodepng.obj
 0001:00017700       lodepng_info_cleanup       0000000010018700 f   NativeLib:lodepng.obj
 0001:00017760       lodepng_info_copy          0000000010018760 f   NativeLib:lodepng.obj
 0001:00017890       lodepng_info_init          0000000010018890 f   NativeLib:lodepng.obj
 0001:000179a0       lodepng_inspect            00000000100189a0 f   NativeLib:lodepng.obj
 0001:00017df0       lodepng_inspect_chunk      0000000010018df0 f   NativeLib:lodepng.obj
 0001:00018210       lodepng_is_alpha_type      0000000010019210 f   NativeLib:lodepng.obj
 0001:00018260       lodepng_is_greyscale_type  0000000010019260 f   NativeLib:lodepng.obj
 0001:000182b0       lodepng_is_palette_type    00000000100192b0 f   NativeLib:lodepng.obj
 0001:00018460       lodepng_palette_add        0000000010019460 f   NativeLib:lodepng.obj
 0001:00018550       lodepng_palette_clear      0000000010019550 f   NativeLib:lodepng.obj
 0001:00018870       lodepng_set_icc            0000000010019870 f   NativeLib:lodepng.obj
 0001:000188e0       lodepng_state_cleanup      00000000100198e0 f   NativeLib:lodepng.obj
 0001:00018930       lodepng_state_copy         0000000010019930 f   NativeLib:lodepng.obj
 0001:00018a00       lodepng_state_init         0000000010019a00 f   NativeLib:lodepng.obj
 0001:00018ac0       lodepng_zlib_compress      0000000010019ac0 f   NativeLib:lodepng.obj
 0001:00018cb0       lodepng_zlib_decompress    0000000010019cb0 f   NativeLib:lodepng.obj
 0001:0001d960       In16                       000000001001e960 f   NativeLib:io.obj
 0001:0001d990       In32                       000000001001e990 f   NativeLib:io.obj
 0001:0001d9c0       In8                        000000001001e9c0 f   NativeLib:io.obj
 0001:0001d9f0       Insb                       000000001001e9f0 f   NativeLib:io.obj
 0001:0001da30       Insd                       000000001001ea30 f   NativeLib:io.obj
 0001:0001da70       Insw                       000000001001ea70 f   NativeLib:io.obj
 0001:0001dab0       Out16                      000000001001eab0 f   NativeLib:io.obj
 0001:0001dae0       Out32                      000000001001eae0 f   NativeLib:io.obj
 0001:0001db10       Out8                       000000001001eb10 f   NativeLib:io.obj
 0001:0001db40       Outsb                      000000001001eb40 f   NativeLib:io.obj
 0001:0001db80       Outsd                      000000001001eb80 f   NativeLib:io.obj
 0001:0001dbc0       Outsw                      000000001001ebc0 f   NativeLib:io.obj
 0001:0001dc00       vmware_send                000000001001ec00 f   NativeLib:vmware.obj
 0001:0001dc84       vmware_send_hb             000000001001ec84 f   NativeLib:vmware.obj
 0001:0001dd0a       vmware_get_hb              000000001001ed0a f   NativeLib:vmware.obj
 0001:0001dd90       mystrtoul                  000000001001ed90 f   LibC:strtoul.obj
 0001:00020630       fctprintf                  0000000010021630 f   LibC:printf.obj
 0001:000206b0       printf_                    00000000100216b0 f   LibC:printf.obj
 0001:00020720       snprintf_                  0000000010021720 f   LibC:printf.obj
 0001:00020780       sprintf_                   0000000010021780 f   LibC:printf.obj
 0001:000207f0       vprintf_                   00000000100217f0 f   LibC:printf.obj
 0001:00020840       vsnprintf_                 0000000010021840 f   LibC:printf.obj
 0001:00020890       myisspace                  0000000010021890 f   LibC:isspace.obj
 0001:000208e0       myisdigit                  00000000100218e0 f   LibC:isdigit.obj
 0001:00020920       myisalpha                  0000000010021920 f   LibC:isalpha.obj
 0001:00020960       myisupper                  0000000010021960 f   LibC:isupper.obj
 0002:00000000       unbox_UInt8__ToString      0000000010022000     guideXOS.obj
 0002:0000000c       unbox_UInt16__ToString     000000001002200c     guideXOS.obj
 0002:00000018       unbox_UInt32__ToString     0000000010022018     guideXOS.obj
 0003:00000000       KMain                      0000000010023000     guideXOS.obj
 0003:00000000       guideXOS_Program__KMain    0000000010023000     guideXOS.obj
 0003:00000248       guideXOS_Program__SMain    0000000010023248     guideXOS.obj
 0003:000008e4       guideXOS_Program__InitConsole 00000000100238e4     guideXOS.obj
 0003:00000924       guideXOS_Allocator__GetPageIndexStart 0000000010023924     guideXOS.obj
 0003:00000978       guideXOS_Allocator__Free   0000000010023978     guideXOS.obj
 0003:00000ab0       guideXOS_Allocator__get_MemoryInUse 0000000010023ab0     guideXOS.obj
 0003:00000ac8       guideXOS_Allocator__Initialize 0000000010023ac8     guideXOS.obj
 0003:00000b5c       guideXOS_Allocator__Allocate 0000000010023b5c     guideXOS.obj
 0003:00000cc0       guideXOS_Allocator__Reallocate 0000000010023cc0     guideXOS.obj
 0003:00000db4       guideXOS_GDT__Initialise   0000000010023db4     guideXOS.obj
 0003:00000e90       guideXOS_IDT__Initialize   0000000010023e90     guideXOS.obj
 0003:00000f84       guideXOS_IDT__intr_handler 0000000010023f84     guideXOS.obj
 0003:00000f84       intr_handler               0000000010023f84     guideXOS.obj
 0003:00001694       guideXOS_Native__Load_GDT  0000000010024694     guideXOS.obj
 0003:000016e8       guideXOS_Native__Load_IDT  00000000100246e8     guideXOS.obj
 0003:0000173c       guideXOS_Internal_Runtime_EEType__get_IsArray 000000001002473c     guideXOS.obj
 0003:00001760       guideXOS_Internal_Runtime_EEType__get_ArrayRank 0000000010024760     guideXOS.obj
 0003:00001780       __imp_GetCurrentThreadId   0000000010024780     guideXOS.obj
 0003:00001780       guideXOS_Internal_Runtime_CompilerHelpers_StartupCodeHelpers____imp_GetCurrentThreadId 0000000010024780     guideXOS.obj
 0003:00001784       __CheckForDebuggerJustMyCode 0000000010024784     guideXOS.obj
 0003:00001784       guideXOS_Internal_Runtime_CompilerHelpers_StartupCodeHelpers____CheckForDebuggerJustMyCode 0000000010024784     guideXOS.obj
 0003:00001788       __fail_fast                0000000010024788     guideXOS.obj
 0003:00001788       guideXOS_Internal_Runtime_CompilerHelpers_StartupCodeHelpers__FailFast 0000000010024788     guideXOS.obj
 0003:0000178c       guideXOS_Internal_Runtime_CompilerHelpers_StartupCodeHelpers__MemSet 000000001002478c     guideXOS.obj
 0003:0000178c       memset                     000000001002478c     guideXOS.obj
 0003:000017a8       guideXOS_Internal_Runtime_CompilerHelpers_StartupCodeHelpers__MemCpy 00000000100247a8     guideXOS.obj
 0003:000017a8       memcpy                     00000000100247a8     guideXOS.obj
 0003:000017c4       RhpFallbackFailFast        00000000100247c4     guideXOS.obj
 0003:000017c4       guideXOS_Internal_Runtime_CompilerHelpers_StartupCodeHelpers__RhpFallbackFailFast 00000000100247c4     guideXOS.obj
 0003:000017c8       RhpReversePInvoke2         00000000100247c8     guideXOS.obj
 0003:000017c8       guideXOS_Internal_Runtime_CompilerHelpers_StartupCodeHelpers__RhpReversePInvoke2 00000000100247c8     guideXOS.obj
 0003:000017cc       RhpReversePInvokeReturn2   00000000100247cc     guideXOS.obj
 0003:000017cc       guideXOS_Internal_Runtime_CompilerHelpers_StartupCodeHelpers__RhpReversePInvokeReturn2 00000000100247cc     guideXOS.obj
 0003:000017d0       RhpReversePInvoke          00000000100247d0     guideXOS.obj
 0003:000017d0       guideXOS_Internal_Runtime_CompilerHelpers_StartupCodeHelpers__RhpReversePInvoke 00000000100247d0     guideXOS.obj
 0003:000017d4       RhpReversePInvokeReturn    00000000100247d4     guideXOS.obj
 0003:000017d4       guideXOS_Internal_Runtime_CompilerHelpers_StartupCodeHelpers__RhpReversePInvokeReturn 00000000100247d4     guideXOS.obj
 0003:000017d8       RhpPInvoke                 00000000100247d8     guideXOS.obj
 0003:000017d8       guideXOS_Internal_Runtime_CompilerHelpers_StartupCodeHelpers__RhpPinvoke 00000000100247d8     guideXOS.obj
 0003:000017dc       RhpPInvokeReturn           00000000100247dc     guideXOS.obj
 0003:000017dc       guideXOS_Internal_Runtime_CompilerHelpers_StartupCodeHelpers__RhpPinvokeReturn 00000000100247dc     guideXOS.obj
 0003:000017e0       RhpNewFast                 00000000100247e0     guideXOS.obj
 0003:000017e0       guideXOS_Internal_Runtime_CompilerHelpers_StartupCodeHelpers__RhpNewFast 00000000100247e0     guideXOS.obj
 0003:0000186c       RhpNewArray                000000001002486c     guideXOS.obj
 0003:0000186c       guideXOS_Internal_Runtime_CompilerHelpers_StartupCodeHelpers__RhpNewArray 000000001002486c     guideXOS.obj
 0003:00001930       RhpAssignRef               0000000010024930     guideXOS.obj
 0003:00001930       guideXOS_Internal_Runtime_CompilerHelpers_StartupCodeHelpers__RhpAssignRef 0000000010024930     guideXOS.obj
 0003:00001934       RhpByRefAssignRef          0000000010024934     guideXOS.obj
 0003:00001934       guideXOS_Internal_Runtime_CompilerHelpers_StartupCodeHelpers__RhpByRefAssignRef 0000000010024934     guideXOS.obj
 0003:00001938       RhpCheckedAssignRef        0000000010024938     guideXOS.obj
 0003:00001938       guideXOS_Internal_Runtime_CompilerHelpers_StartupCodeHelpers__RhpCheckedAssignRef 0000000010024938     guideXOS.obj
 0003:0000193c       RhpStelemRef               000000001002493c     guideXOS.obj
 0003:0000193c       guideXOS_Internal_Runtime_CompilerHelpers_StartupCodeHelpers__RhpStelemRef 000000001002493c     guideXOS.obj
 0003:00001974       RhTypeCast_IsInstanceOfClass 0000000010024974     guideXOS.obj
 0003:00001974       guideXOS_Internal_Runtime_CompilerHelpers_StartupCodeHelpers__RhTypeCast_IsInstanceOfClass 0000000010024974     guideXOS.obj
 0003:000019a0       guideXOS_Internal_Runtime_CompilerHelpers_StartupCodeHelpers__InitializeModules 00000000100249a0     guideXOS.obj
 0003:00001b58       guideXOS_Internal_Runtime_CompilerHelpers_StartupCodeHelpers__InitializeStatics 0000000010024b58     guideXOS.obj
 0003:00001c44       guideXOS_Internal_Runtime_CompilerHelpers_SynchronizedMethodHelpers__MonitorEnterStatic 0000000010024c44     guideXOS.obj
 0003:00001c48       guideXOS_Internal_Runtime_CompilerHelpers_SynchronizedMethodHelpers__MonitorExitStatic 0000000010024c48     guideXOS.obj
 0003:00001c4c       guideXOS_Internal_Runtime_CompilerHelpers_ThrowHelpers__Error 0000000010024c4c     guideXOS.obj
 0003:00001cfc       guideXOS_Internal_Runtime_CompilerHelpers_ThrowHelpers__ThrowOverflowException 0000000010024cfc     guideXOS.obj
 0003:00001d14       guideXOS_Internal_Runtime_CompilerHelpers_ThrowHelpers__ThrowIndexOutOfRangeException 0000000010024d14     guideXOS.obj
 0003:00001d2c       UInt8__ToString            0000000010024d2c     guideXOS.obj
 0003:00001d48       Char__ToUpper              0000000010024d48     guideXOS.obj
 0003:00001d60       guideXOS_System_Delegate__InitializeClosedInstance 0000000010024d60     guideXOS.obj
 0003:00001d8c       guideXOS_System_Math__Pow  0000000010024d8c     guideXOS.obj
 0003:00001db8       guideXOS_System_Math__Fact 0000000010024db8     guideXOS.obj
 0003:00001df0       guideXOS_System_Math__Sin  0000000010024df0     guideXOS.obj
 0003:00001ea0       guideXOS_System_MathF__Floor 0000000010024ea0     guideXOS.obj
 0003:00001f00       Object___ctor              0000000010024f00     guideXOS.obj
 0003:00001f04       Object__ToString           0000000010024f04     guideXOS.obj
 0003:00001f0c       Object__Dispose            0000000010024f0c     guideXOS.obj
 0003:00001f5c       String__FromASCII          0000000010024f5c     guideXOS.obj
 0003:00001ff4       String__Ctor_2             0000000010024ff4     guideXOS.obj
 0003:000020b0       String__LastIndexOf        00000000100250b0     guideXOS.obj
 0003:000020dc       String__ToString           00000000100250dc     guideXOS.obj
 0003:000020e0       String__Equals_0           00000000100250e0     guideXOS.obj
 0003:00002128       String__Concat             0000000010025128     guideXOS.obj
 0003:00002214       String__IndexOf            0000000010025214     guideXOS.obj
 0003:00002244       String__Concat_0           0000000010025244     guideXOS.obj
 0003:000022b8       String__Concat_1           00000000100252b8     guideXOS.obj
 0003:0000237c       String__Concat_2           000000001002537c     guideXOS.obj
 0003:00002464       String__Format             0000000010025464     guideXOS.obj
 0003:00002670       String__Substring          0000000010025670     guideXOS.obj
 0003:000026b0       String__Substring_0        00000000100256b0     guideXOS.obj
 0003:000026ec       String__EndsWith_0         00000000100256ec     guideXOS.obj
 0003:00002778       UInt16__ToString           0000000010025778     guideXOS.obj
 0003:00002794       UInt32__ToString           0000000010025794     guideXOS.obj
 0003:000027b0       UInt64__ToString           00000000100257b0     guideXOS.obj
 0003:00002878       UInt64__ToStringHex        0000000010025878     guideXOS.obj
 0003:00002920       guideXOS_System_Threading_Monitor__Unlock 0000000010025920     guideXOS.obj
 0003:00002964       RhTypeCast_CheckCastClass  0000000010025964     guideXOS.obj
 0003:00002964       guideXOS_System_Runtime_TypeCast__CheckCastClass 0000000010025964     guideXOS.obj
 0003:0000298c       RhTypeCast_CheckCastArray  000000001002598c     guideXOS.obj
 0003:0000298c       guideXOS_System_Runtime_TypeCast__CheckCastArray 000000001002598c     guideXOS.obj
 0003:000029b4       RhTypeCast_IsInstanceOfArray 00000000100259b4     guideXOS.obj
 0003:000029b4       guideXOS_System_Runtime_TypeCast__IsInstanceOfArray 00000000100259b4     guideXOS.obj
 0003:00002a10       guideXOS_System_Drawing_Image___ctor 0000000010025a10     guideXOS.obj
 0003:00002a4c       guideXOS_System_Drawing_Image___ctor_0 0000000010025a4c     guideXOS.obj
 0003:00002a50       guideXOS_System_Drawing_Image__Resample 0000000010025a50     guideXOS.obj
 0003:00002df4       guideXOS_System_Drawing_Image__ResizeImage 0000000010025df4     guideXOS.obj
 0003:00002f68       guideXOS_System_Drawing_Image__Dispose 0000000010025f68     guideXOS.obj
 0003:00002ff0       guideXOS_System_Diagnostics_Process__Start 0000000010025ff0     guideXOS.obj
 0003:000031f4       guideXOS_System_Diagnostics_Process__StartThread 00000000100261f4     guideXOS.obj
 0003:00003274       guideXOS_System_Diagnostics_Process__FixImageRelocations 0000000010026274     guideXOS.obj
 0003:000032e0       guideXOS_guideXOS_Animation___ctor 00000000100262e0     guideXOS.obj
 0003:000032f0       guideXOS_guideXOS_Animator__Initialize 00000000100262f0     guideXOS.obj
 0003:00003348       guideXOS_guideXOS_Animator__OnInterrupt 0000000010026348     guideXOS.obj
 0003:000033d4       guideXOS_guideXOS_API__HandleSystemCall 00000000100263d4     guideXOS.obj
 0003:00003770       guideXOS_guideXOS_API__API_SndWrite 0000000010026770     guideXOS.obj
 0003:00003778       guideXOS_guideXOS_API__API_Calloc 0000000010026778     guideXOS.obj
 0003:00003780       guideXOS_guideXOS_API__API_StartThread 0000000010026780     guideXOS.obj
 0003:000037bc       guideXOS_guideXOS_API__API_Error 00000000100267bc     guideXOS.obj
 0003:000037c4       guideXOS_guideXOS_API__API_GetTime 00000000100267c4     guideXOS.obj
 0003:00003844       guideXOS_guideXOS_API__API_DrawImage 0000000010026844     guideXOS.obj
 0003:00003878       guideXOS_guideXOS_API__API_WriteString 0000000010026878     guideXOS.obj
 0003:000038d8       guideXOS_guideXOS_API__API_Width 00000000100268d8     guideXOS.obj
 0003:000038ec       guideXOS_guideXOS_API__API_Height 00000000100268ec     guideXOS.obj
 0003:00003900       guideXOS_guideXOS_API__API_Update 0000000010026900     guideXOS.obj
 0003:00003908       guideXOS_guideXOS_API__API_Clear 0000000010026908     guideXOS.obj
 0003:00003928       DebugWrite                 0000000010026928     guideXOS.obj
 0003:00003928       guideXOS_guideXOS_API__API_DebugWrite 0000000010026928     guideXOS.obj
 0003:00003930       DebugWriteLine             0000000010026930     guideXOS.obj
 0003:00003930       guideXOS_guideXOS_API__API_DebugWriteLine 0000000010026930     guideXOS.obj
 0003:0000394c       Lock                       000000001002694c     guideXOS.obj
 0003:0000394c       guideXOS_guideXOS_API__API_Lock 000000001002694c     guideXOS.obj
 0003:00003974       Unlock                     0000000010026974     guideXOS.obj
 0003:00003974       guideXOS_guideXOS_API__API_Unlock 0000000010026974     guideXOS.obj
 0003:000039b4       guideXOS_guideXOS_API__API_DrawPoint 00000000100269b4     guideXOS.obj
 0003:000039e8       guideXOS_guideXOS_API__API_SwitchToConsoleMode 00000000100269e8     guideXOS.obj
 0003:000039f0       guideXOS_guideXOS_API__API_ReadAllBytes 00000000100269f0     guideXOS.obj
 0003:00003af8       guideXOS_guideXOS_API__API_Sleep 0000000010026af8     guideXOS.obj
 0003:00003b00       guideXOS_guideXOS_API__API_GetTick 0000000010026b00     guideXOS.obj
 0003:00003b14       guideXOS_guideXOS_API__API_Write 0000000010026b14     guideXOS.obj
 0003:00003b20       guideXOS_guideXOS_API__API_WriteLine 0000000010026b20     guideXOS.obj
 0003:00003b28       guideXOS_guideXOS_API__API_Allocate 0000000010026b28     guideXOS.obj
 0003:00003b30       guideXOS_guideXOS_API__API_Free 0000000010026b30     guideXOS.obj
 0003:00003b38       guideXOS_guideXOS_API__API_Reallocate 0000000010026b38     guideXOS.obj
 0003:00003b40       guideXOS_guideXOS_API__SayHello 0000000010026b40     guideXOS.obj
 0003:00003b4c       guideXOS_guideXOS_Kbd2Mouse__OnKeyChanged 0000000010026b4c     guideXOS.obj
 0003:00003cd0       guideXOS_guideXOS_ASC16__DrawChar 0000000010026cd0     guideXOS.obj
 0003:00003d64       guideXOS_guideXOS_Console__add_OnWrite 0000000010026d64     guideXOS.obj
 0003:00003dec       guideXOS_guideXOS_Console__Setup 0000000010026dec     guideXOS.obj
 0003:00003ea4       guideXOS_guideXOS_Console__Write 0000000010026ea4     guideXOS.obj
 0003:00003f54       guideXOS_guideXOS_Console__Write_0 0000000010026f54     guideXOS.obj
 0003:00003fd8       guideXOS_guideXOS_Console__WriteFramebuffer 0000000010026fd8     guideXOS.obj
 0003:000040e4       guideXOS_guideXOS_Console__MoveUp 00000000100270e4     guideXOS.obj
 0003:00004118       guideXOS_guideXOS_Console__MoveUpFramebuffer 0000000010027118     guideXOS.obj
 0003:000041c4       guideXOS_guideXOS_Console__UpdateCursorFramebuffer 00000000100271c4     guideXOS.obj
 0003:00004274       guideXOS_guideXOS_Console__WriteLine 0000000010027274     guideXOS.obj
 0003:0000430c       guideXOS_guideXOS_Console__WriteLine_0 000000001002730c     guideXOS.obj
 0003:00004350       guideXOS_guideXOS_Console__Clear 0000000010027350     guideXOS.obj
 0003:0000436c       guideXOS_guideXOS_Console__ClearFramebuffer 000000001002736c     guideXOS.obj
 0003:00004428       guideXOS_guideXOS_FPSMeter__Update 0000000010027428     guideXOS.obj
 0003:00004484       guideXOS_guideXOS_PageTable__Initialise 0000000010027484     guideXOS.obj
 0003:00004574       guideXOS_guideXOS_PageTable__GetPage 0000000010027574     guideXOS.obj
 0003:00004620       guideXOS_guideXOS_PageTable__Next 0000000010027620     guideXOS.obj
 0003:000046c4       guideXOS_guideXOS_NETv4__SwapLeftRight_0 00000000100276c4     guideXOS.obj
 0003:000046f4       guideXOS_guideXOS_SMP__ApplicationProcessorMain 00000000100276f4     guideXOS.obj
 0003:00004790       guideXOS_guideXOS_SMP__Initialize 0000000010027790     guideXOS.obj
 0003:00004920       guideXOS_guideXOS_Misc_Audio__Initialize 0000000010027920     guideXOS.obj
 0003:00004950       guideXOS_guideXOS_Misc_Audio__snd_write 0000000010027950     guideXOS.obj
 0003:00004950       snd_write                  0000000010027950     guideXOS.obj
 0003:00004a38       guideXOS_guideXOS_Misc_Audio__snd_clear 0000000010027a38     guideXOS.obj
 0003:00004a38       snd_clear                  0000000010027a38     guideXOS.obj
 0003:00004a4c       guideXOS_guideXOS_Misc_Audio__require 0000000010027a4c     guideXOS.obj
 0003:00004b48       guideXOS_guideXOS_Misc_Bitmap___ctor 0000000010027b48     guideXOS.obj
 0003:00004d90       guideXOS_guideXOS_Misc_ClassID__GetName 0000000010027d90     guideXOS.obj
 0003:00004ef8       Entry                      0000000010027ef8     guideXOS.obj
 0003:00004ef8       guideXOS_guideXOS_Misc_EntryPoint__Entry 0000000010027ef8     guideXOS.obj
 0003:000052cc       guideXOS_guideXOS_Misc_IFont__DrawChar 00000000100282cc     guideXOS.obj
 0003:00005470       guideXOS_guideXOS_Misc_IFont__DrawString 0000000010028470     guideXOS.obj
 0003:000054e4       guideXOS_guideXOS_Misc_IFont__MeasureString 00000000100284e4     guideXOS.obj
 0003:00005550       guideXOS_guideXOS_Misc_IFont__DrawString_0 0000000010028550     guideXOS.obj
 0003:00005678       guideXOS_guideXOS_Misc_Interrupts__EnableInterrupt_0 0000000010028678     guideXOS.obj
 0003:000056e0       guideXOS_guideXOS_Misc_Interrupts__HandleInterrupt 00000000100286e0     guideXOS.obj
 0003:00005748       guideXOS_guideXOS_Misc_Panic__Error 0000000010028748     guideXOS.obj
 0003:000057e4       guideXOS_guideXOS_Misc_PNG___ctor 00000000100287e4     guideXOS.obj
 0003:000059d4       guideXOS_guideXOS_Misc_PNG__lodepng_decode_memory 00000000100289d4     guideXOS.obj
 0003:00005a70       guideXOS_guideXOS_Misc_Thread__NewThread 0000000010028a70     guideXOS.obj
 0003:00005b10       guideXOS_guideXOS_Misc_Thread__Start 0000000010028b10     guideXOS.obj
 0003:00005bc0       guideXOS_guideXOS_Misc_Thread__Start_0 0000000010028bc0     guideXOS.obj
 0003:00005cb0       guideXOS_guideXOS_Misc_ThreadPool__Initialize 0000000010028cb0     guideXOS.obj
 0003:00005e64       guideXOS_guideXOS_Misc_ThreadPool__Terminate 0000000010028e64     guideXOS.obj
 0003:00005ef4       guideXOS_guideXOS_Misc_ThreadPool__IdleThread 0000000010028ef4     guideXOS.obj
 0003:00005f38       guideXOS_guideXOS_Misc_ThreadPool__get_CanLock 0000000010028f38     guideXOS.obj
 0003:00005f54       guideXOS_guideXOS_Misc_ThreadPool__Lock 0000000010028f54     guideXOS.obj
 0003:00005f8c       guideXOS_guideXOS_Misc_ThreadPool__Schedule 0000000010028f8c     guideXOS.obj
 0003:000062fc       guideXOS_guideXOS_Misc_USBDevice___ctor 00000000100292fc     guideXOS.obj
 0003:00006300       guideXOS_guideXOS_Misc_USBRequest__Clean 0000000010029300     guideXOS.obj
 0003:00006370       guideXOS_guideXOS_Misc_USB__OnInterrupt 0000000010029370     guideXOS.obj
 0003:00006488       guideXOS_guideXOS_Misc_USB__DriveDevice 0000000010029488     guideXOS.obj
 0003:000064a4       guideXOS_guideXOS_Misc_USB__StartPolling 00000000100294a4     guideXOS.obj
 0003:000064dc       guideXOS_guideXOS_Misc_USB__LoopPoll 00000000100294dc     guideXOS.obj
 0003:00006534       guideXOS_guideXOS_Misc_VendorID__GetName 0000000010029534     guideXOS.obj
 0003:0000d984       guideXOS_guideXOS_Graph_Graphics__FromImage 0000000010030984     guideXOS.obj
 0003:0000d9e8       guideXOS_guideXOS_Graph_Graphics__Update 00000000100309e8     guideXOS.obj
 0003:0000d9ec       guideXOS_guideXOS_Graph_Graphics__Clear 00000000100309ec     guideXOS.obj
 0003:0000da54       guideXOS_guideXOS_Graph_Graphics__Copy 0000000010030a54     guideXOS.obj
 0003:0000daf0       guideXOS_guideXOS_Graph_Graphics__FillRectangle 0000000010030af0     guideXOS.obj
 0003:0000db68       guideXOS_guideXOS_Graph_Graphics__AFillRectangle 0000000010030b68     guideXOS.obj
 0003:0000dbe0       guideXOS_guideXOS_Graph_Graphics__GetPoint 0000000010030be0     guideXOS.obj
 0003:0000dc0c       guideXOS_guideXOS_Graph_Graphics__DrawPoint 0000000010030c0c     guideXOS.obj
 0003:0000dcfc       guideXOS_guideXOS_Graph_Graphics__DrawRectangle 0000000010030cfc     guideXOS.obj
 0003:0000ddb8       guideXOS_guideXOS_Graph_Graphics__Save 0000000010030db8     guideXOS.obj
 0003:0000de94       guideXOS_guideXOS_Graph_Graphics__ADrawImage 0000000010030e94     guideXOS.obj
 0003:0000df44       guideXOS_guideXOS_Graph_Graphics__DrawImage 0000000010030f44     guideXOS.obj
 0003:0000e19c       guideXOS_guideXOS_Graph_Graphics__FPartOfNumber 000000001003119c     guideXOS.obj
 0003:0000e1cc       guideXOS_guideXOS_Graph_Graphics__DrawPoint_0 00000000100311cc     guideXOS.obj
 0003:0000e234       guideXOS_guideXOS_Graph_Graphics__DrawLine 0000000010031234     guideXOS.obj
 0003:0000e40c       get_fattime                000000001003140c     guideXOS.obj
 0003:0000e40c       guideXOS_guideXOS_FS_FATFS__get_fattime 000000001003140c     guideXOS.obj
 0003:0000e478       RAM_disk_write             0000000010031478     guideXOS.obj
 0003:0000e478       guideXOS_guideXOS_FS_FATFS__RAM_disk_write 0000000010031478     guideXOS.obj
 0003:0000e4ac       RAM_disk_read              00000000100314ac     guideXOS.obj
 0003:0000e4ac       guideXOS_guideXOS_FS_FATFS__RAM_disk_read 00000000100314ac     guideXOS.obj
 0003:0000e4e0       guideXOS_guideXOS_FS_FileInfo__Dispose 00000000100314e0     guideXOS.obj
 0003:0000e568       guideXOS_guideXOS_FS_FileInfo___ctor 0000000010031568     guideXOS.obj
 0003:0000e56c       guideXOS_guideXOS_FS_FileSystem__SizeToSec 000000001003156c     guideXOS.obj
 0003:0000e58c       guideXOS_guideXOS_FS_FileSystem__IsInDirectory 000000001003158c     guideXOS.obj
 0003:0000e5f0       guideXOS_guideXOS_FS_TarFS__GetFiles 00000000100315f0     guideXOS.obj
 0003:0000e888       guideXOS_guideXOS_FS_TarFS__ReadAllBytes 0000000010031888     guideXOS.obj
 0003:0000eba0       guideXOS_guideXOS_FS_TarFS___ctor 0000000010031ba0     guideXOS.obj
 0003:0000ebc0       _putchar                   0000000010031bc0     guideXOS.obj
 0003:0000ebc0       guideXOS_guideXOS_Kernel_Libraries_stdio___putchar 0000000010031bc0     guideXOS.obj
 0003:0000ebd4       fopen                      0000000010031bd4     guideXOS.obj
 0003:0000ebd4       guideXOS_guideXOS_Kernel_Libraries_stdio__fopen 0000000010031bd4     guideXOS.obj
 0003:0000ed74       fseek                      0000000010031d74     guideXOS.obj
 0003:0000ed74       guideXOS_guideXOS_Kernel_Libraries_stdio__fseek 0000000010031d74     guideXOS.obj
 0003:0000ed8c       fread                      0000000010031d8c     guideXOS.obj
 0003:0000ed8c       guideXOS_guideXOS_Kernel_Libraries_stdio__fread 0000000010031d8c     guideXOS.obj
 0003:0000edf0       guideXOS_guideXOS_Kernel_Libraries_stdlib__malloc 0000000010031df0     guideXOS.obj
 0003:0000edf0       malloc                     0000000010031df0     guideXOS.obj
 0003:0000ee00       free                       0000000010031e00     guideXOS.obj
 0003:0000ee00       guideXOS_guideXOS_Kernel_Libraries_stdlib__free 0000000010031e00     guideXOS.obj
 0003:0000ee10       guideXOS_guideXOS_Kernel_Libraries_stdlib__realloc 0000000010031e10     guideXOS.obj
 0003:0000ee10       realloc                    0000000010031e10     guideXOS.obj
 0003:0000ee20       calloc                     0000000010031e20     guideXOS.obj
 0003:0000ee20       guideXOS_guideXOS_Kernel_Libraries_stdlib__calloc 0000000010031e20     guideXOS.obj
 0003:0000ee94       guideXOS_guideXOS_Kernel_Libraries_stdlib__kmalloc 0000000010031e94     guideXOS.obj
 0003:0000ee94       kmalloc                    0000000010031e94     guideXOS.obj
 0003:0000eea4       guideXOS_guideXOS_Kernel_Libraries_stdlib__kfree 0000000010031ea4     guideXOS.obj
 0003:0000eea4       kfree                      0000000010031ea4     guideXOS.obj
 0003:0000eeb4       guideXOS_guideXOS_Kernel_Libraries_stdlib__krealloc 0000000010031eb4     guideXOS.obj
 0003:0000eeb4       krealloc                   0000000010031eb4     guideXOS.obj
 0003:0000eec4       guideXOS_guideXOS_Kernel_Libraries_stdlib__kcalloc 0000000010031ec4     guideXOS.obj
 0003:0000eec4       kcalloc                    0000000010031ec4     guideXOS.obj
 0003:0000ef38       guideXOS_guideXOS_Kernel_Drivers_AC97__Initialize 0000000010031f38     guideXOS.obj
 0003:0000f258       guideXOS_guideXOS_Kernel_Drivers_AC97__OnInterrupt 0000000010032258     guideXOS.obj
 0003:0000f394       guideXOS_guideXOS_Kernel_Drivers_ACPI__GetRSDP 0000000010032394     guideXOS.obj
 0003:0000f3bc       guideXOS_guideXOS_Kernel_Drivers_ACPI__Shutdown 00000000100323bc     guideXOS.obj
 0003:0000f478       guideXOS_guideXOS_Kernel_Drivers_ACPI__Initialize 0000000010032478     guideXOS.obj
 0003:0000f53c       guideXOS_guideXOS_Kernel_Drivers_ACPI__ParseDT 000000001003253c     guideXOS.obj
 0003:0000f70c       guideXOS_guideXOS_Kernel_Drivers_ACPI__RemapIRQ 000000001003270c     guideXOS.obj
 0003:0000f764       guideXOS_guideXOS_Kernel_Drivers_ACPITimer__SleepMicroseconds 0000000010032764     guideXOS.obj
 0003:0000f888       guideXOS_guideXOS_Kernel_Drivers_EHCI__Initialize 0000000010032888     guideXOS.obj
 0003:0000fb3c       guideXOS_guideXOS_Kernel_Drivers_EHCI__SendAndReceive 0000000010032b3c     guideXOS.obj
 0003:0000fe18       guideXOS_guideXOS_Kernel_Drivers_EHCI__SetDeviceAddr 0000000010032e18     guideXOS.obj
 0003:00010080       guideXOS_guideXOS_Kernel_Drivers_EHCI__WaitForComplete 0000000010033080     guideXOS.obj
 0003:0001011c       guideXOS_guideXOS_Kernel_Drivers_EHCI__GetDesc 000000001003311c     guideXOS.obj
 0003:00010420       guideXOS_guideXOS_Kernel_Drivers_EHCI__GetConfig 0000000010033420     guideXOS.obj
 0003:00010790       guideXOS_guideXOS_Kernel_Drivers_EHCI__SetConfig 0000000010033790     guideXOS.obj
 0003:00010a14       guideXOS_guideXOS_Kernel_Drivers_EHCI__InitPort 0000000010033a14     guideXOS.obj
 0003:00010d50       guideXOS_guideXOS_Kernel_Drivers_EHCI__ScanPorts 0000000010033d50     guideXOS.obj
 0003:00010da4       guideXOS_guideXOS_Kernel_Drivers_ES1371__Initialize 0000000010033da4     guideXOS.obj
 0003:00010fe8       guideXOS_guideXOS_Kernel_Drivers_ES1371__OnInterrupt 0000000010033fe8     guideXOS.obj
 0003:000110f0       guideXOS_guideXOS_Kernel_Drivers_Framebuffer__set_TripleBuffered 00000000100340f0     guideXOS.obj
 0003:00011174       guideXOS_guideXOS_Kernel_Drivers_Framebuffer__Update 0000000010034174     guideXOS.obj
 0003:00011244       guideXOS_guideXOS_Kernel_Drivers_Framebuffer__Initialize 0000000010034244     guideXOS.obj
 0003:0001137c       guideXOS_guideXOS_Kernel_Drivers_HID__Initialize 000000001003437c     guideXOS.obj
 0003:000113ac       guideXOS_guideXOS_Kernel_Drivers_HID__GetHIDPacket 00000000100343ac     guideXOS.obj
 0003:0001141c       guideXOS_guideXOS_Kernel_Drivers_HID__GetKeyboard 000000001003441c     guideXOS.obj
 0003:000114b0       guideXOS_guideXOS_Kernel_Drivers_HID__GetMouse 00000000100344b0     guideXOS.obj
 0003:00011554       guideXOS_guideXOS_Kernel_Drivers_HID__Initialize_0 0000000010034554     guideXOS.obj
 0003:000115a4       guideXOS_guideXOS_Kernel_Drivers_HID__InitializeKeyboard 00000000100345a4     guideXOS.obj
 0003:0001168c       guideXOS_guideXOS_Kernel_Drivers_HPET__Initialize 000000001003468c     guideXOS.obj
 0003:000116e8       guideXOS_guideXOS_Kernel_Drivers_HPET__WriteRegister 00000000100346e8     guideXOS.obj
 0003:0001170c       guideXOS_guideXOS_Kernel_Drivers_HPET__ReadRegister 000000001003470c     guideXOS.obj
 0003:0001172c       guideXOS_guideXOS_Kernel_Drivers_Hub__Initialize 000000001003472c     guideXOS.obj
 0003:0001174c       guideXOS_guideXOS_Kernel_Drivers_Hub__Initialize_0 000000001003474c     guideXOS.obj
 0003:00011a94       guideXOS_guideXOS_Kernel_Drivers_IDE__Initialize 0000000010034a94     guideXOS.obj
 0003:00011aec       guideXOS_guideXOS_Kernel_Drivers_IDE__ScanPorts 0000000010034aec     guideXOS.obj
 0003:00012118       guideXOS_guideXOS_Kernel_Drivers_IDE___ScanPorts_g__WaitForIdentifyData_3_2 0000000010035118     guideXOS.obj
 0003:00012184       guideXOS_guideXOS_Kernel_Drivers_IDEDevice__ReadOrWrite 0000000010035184     guideXOS.obj
 0003:00012448       guideXOS_guideXOS_Kernel_Drivers_IDEDevice__WaitForReadyStatus 0000000010035448     guideXOS.obj
 0003:000124ac       guideXOS_guideXOS_Kernel_Drivers_IDEDevice__Read 00000000100354ac     guideXOS.obj
 0003:0001250c       guideXOS_guideXOS_Kernel_Drivers_IDEDevice__Write 000000001003550c     guideXOS.obj
 0003:00012570       guideXOS_guideXOS_Kernel_Drivers_IDEDevice___ctor 0000000010035570     guideXOS.obj
 0003:00012590       guideXOS_guideXOS_Kernel_Drivers_IOAPIC__Initialize 0000000010035590     guideXOS.obj
 0003:000125ec       guideXOS_guideXOS_Kernel_Drivers_IOAPIC__In 00000000100355ec     guideXOS.obj
 0003:00012618       guideXOS_guideXOS_Kernel_Drivers_IOAPIC__Out 0000000010035618     guideXOS.obj
 0003:00012648       guideXOS_guideXOS_Kernel_Drivers_IOAPIC__SetEntry 0000000010035648     guideXOS.obj
 0003:0001267c       guideXOS_guideXOS_Kernel_Drivers_IOAPIC__SetEntry_0 000000001003567c     guideXOS.obj
 0003:0001269c       guideXOS_guideXOS_Kernel_Drivers_Keyboard__InvokeOnKeyChanged 000000001003569c     guideXOS.obj
 0003:000126cc       guideXOS_guideXOS_Kernel_Drivers_Keyboard__CleanKeyInfo 00000000100356cc     guideXOS.obj
 0003:000126f8       guideXOS_guideXOS_Kernel_Drivers_LocalAPIC__ReadRegister 00000000100356f8     guideXOS.obj
 0003:00012718       guideXOS_guideXOS_Kernel_Drivers_LocalAPIC__SendIPI 0000000010035718     guideXOS.obj
 0003:00012768       guideXOS_guideXOS_Kernel_Drivers_LocalAPICTimer__StartTimer 0000000010035768     guideXOS.obj
 0003:000127d4       guideXOS_guideXOS_Kernel_Drivers_LocalAPICTimer__EstimateBusSpeed 00000000100357d4     guideXOS.obj
 0003:00012888       guideXOS_guideXOS_Kernel_Drivers_PCIDevice__WriteRegister 0000000010035888     guideXOS.obj
 0003:000128f4       guideXOS_guideXOS_Kernel_Drivers_PCIDevice___ctor 00000000100358f4     guideXOS.obj
 0003:000128f8       guideXOS_guideXOS_Kernel_Drivers_PCI__GetDevice 00000000100358f8     guideXOS.obj
 0003:00012968       guideXOS_guideXOS_Kernel_Drivers_PCI__GetDevice_0 0000000010035968     guideXOS.obj
 0003:000129ec       guideXOS_guideXOS_Kernel_Drivers_PCI__Initialise 00000000100359ec     guideXOS.obj
 0003:00012a78       guideXOS_guideXOS_Kernel_Drivers_PCI__CheckBus 0000000010035a78     guideXOS.obj
 0003:00012ef8       guideXOS_guideXOS_Kernel_Drivers_PCI__WriteRegister32 0000000010035ef8     guideXOS.obj
 0003:00012f94       guideXOS_guideXOS_Kernel_Drivers_PCI__ReadRegister32 0000000010035f94     guideXOS.obj
 0003:0001302c       guideXOS_guideXOS_Kernel_Drivers_PCI__ReadRegister16 000000001003602c     guideXOS.obj
 0003:000130d4       guideXOS_guideXOS_Kernel_Drivers_PCI__ReadRegister8 00000000100360d4     guideXOS.obj
 0003:0001317c       guideXOS_guideXOS_Kernel_Drivers_PCI__WriteRegister16 000000001003617c     guideXOS.obj
 0003:0001321c       guideXOS_guideXOS_Kernel_Drivers_PCI__GetVendorID 000000001003621c     guideXOS.obj
 0003:000132a8       guideXOS_guideXOS_Kernel_Drivers_PCI__GetHeaderType 00000000100362a8     guideXOS.obj
 0003:0001333c       guideXOS_guideXOS_Kernel_Drivers_PCI__GetAddressBase 000000001003633c     guideXOS.obj
 0003:0001335c       guideXOS_guideXOS_Kernel_Drivers_PCIExpress__Initialize 000000001003635c     guideXOS.obj
 0003:000133f4       guideXOS_guideXOS_Kernel_Drivers_PCIExpress__CheckBus 00000000100363f4     guideXOS.obj
 0003:000136c8       guideXOS_guideXOS_Kernel_Drivers_PIC__Disable 00000000100366c8     guideXOS.obj
 0003:000138b4       guideXOS_guideXOS_Kernel_Drivers_Power__Reboot 00000000100368b4     guideXOS.obj
 0003:00013950       guideXOS_guideXOS_Kernel_Drivers_PS2Keyboard__Initialize 0000000010036950     guideXOS.obj
 0003:00013e10       guideXOS_guideXOS_Kernel_Drivers_PS2Keyboard__OnInterrupt 0000000010036e10     guideXOS.obj
 0003:00013e68       guideXOS_guideXOS_Kernel_Drivers_PS2Keyboard__ProcessKey 0000000010036e68     guideXOS.obj
 0003:00014064       guideXOS_guideXOS_Kernel_Drivers_PS2Mouse__Initialise 0000000010037064     guideXOS.obj
 0003:00014268       guideXOS_guideXOS_Kernel_Drivers_PS2Mouse__WriteRegister 0000000010037268     guideXOS.obj
 0003:00014354       guideXOS_guideXOS_Kernel_Drivers_PS2Mouse__OnInterrupt 0000000010037354     guideXOS.obj
 0003:00014520       guideXOS_guideXOS_Kernel_Drivers_Ramdisk__Read 0000000010037520     guideXOS.obj
 0003:0001458c       guideXOS_guideXOS_Kernel_Drivers_Ramdisk__Write 000000001003758c     guideXOS.obj
 0003:000145fc       guideXOS_guideXOS_Kernel_Drivers_RTC__get_Second 00000000100375fc     guideXOS.obj
 0003:00014694       guideXOS_guideXOS_Kernel_Drivers_RTC__get_Minute 0000000010037694     guideXOS.obj
 0003:00014730       guideXOS_guideXOS_Kernel_Drivers_RTC__get_Hour 0000000010037730     guideXOS.obj
 0003:000147e4       guideXOS_guideXOS_Kernel_Drivers_RTC__get_Century 00000000100377e4     guideXOS.obj
 0003:00014880       guideXOS_guideXOS_Kernel_Drivers_RTC__get_Year 0000000010037880     guideXOS.obj
 0003:0001491c       guideXOS_guideXOS_Kernel_Drivers_RTC__get_Month 000000001003791c     guideXOS.obj
 0003:000149b8       guideXOS_guideXOS_Kernel_Drivers_RTC__get_Day 00000000100379b8     guideXOS.obj
 0003:00014a54       guideXOS_guideXOS_Kernel_Drivers_SATA__Initialize 0000000010037a54     guideXOS.obj
 0003:00014e34       guideXOS_guideXOS_Kernel_Drivers_SATA__CheckPortType 0000000010037e34     guideXOS.obj
 0003:00014e90       guideXOS_guideXOS_Kernel_Drivers_Serial__Initialise 0000000010037e90     guideXOS.obj
[...]
 0004:0000c1c0       $unwind$LodePNGUnknownChunks_cleanup 000000001004b1c0     NativeLib:lodepng.obj
 0004:0000c1cc       $unwind$LodePNGUnknownChunks_copy 000000001004b1cc     NativeLib:lodepng.obj
 0004:0000c1d8       $unwind$LodePNGText_init   000000001004b1d8     NativeLib:lodepng.obj
 0004:0000c1e4       $unwind$LodePNGText_cleanup 000000001004b1e4     NativeLib:lodepng.obj
 0004:0000c1f0       $unwind$LodePNGText_copy   000000001004b1f0     NativeLib:lodepng.obj
 0004:0000c1fc       $unwind$lodepng_add_text_sized 000000001004b1fc     NativeLib:lodepng.obj
 0004:0000c208       $unwind$LodePNGIText_init  000000001004b208     NativeLib:lodepng.obj
 0004:0000c214       $unwind$LodePNGIText_cleanup 000000001004b214     NativeLib:lodepng.obj
 0004:0000c220       $unwind$LodePNGIText_copy  000000001004b220     NativeLib:lodepng.obj
 0004:0000c22c       $unwind$lodepng_add_itext_sized 000000001004b22c     NativeLib:lodepng.obj
 0004:0000c238       $unwind$lodepng_assign_icc 000000001004b238     NativeLib:lodepng.obj
 0004:0000c244       $unwind$addColorBits       000000001004b244     NativeLib:lodepng.obj
 0004:0000c250       $unwind$color_tree_init    000000001004b250     NativeLib:lodepng.obj
 0004:0000c25c       $unwind$color_tree_cleanup 000000001004b25c     NativeLib:lodepng.obj
 0004:0000c268       $unwind$color_tree_get     000000001004b268     NativeLib:lodepng.obj
 0004:0000c274       $unwind$color_tree_has     000000001004b274     NativeLib:lodepng.obj
 0004:0000c280       $unwind$color_tree_add     000000001004b280     NativeLib:lodepng.obj
 0004:0000c28c       $unwind$rgba8ToPixel       000000001004b28c     NativeLib:lodepng.obj
 0004:0000c298       $unwind$rgba16ToPixel      000000001004b298     NativeLib:lodepng.obj
 0004:0000c2a4       $unwind$getPixelColorRGBA8 000000001004b2a4     NativeLib:lodepng.obj
 0004:0000c2b0       $unwind$getPixelColorsRGBA8 000000001004b2b0     NativeLib:lodepng.obj
 0004:0000c2bc       $unwind$getPixelColorsRGB8 000000001004b2bc     NativeLib:lodepng.obj
 0004:0000c2c8       $unwind$getPixelColorRGBA16 000000001004b2c8     NativeLib:lodepng.obj
 0004:0000c2d4       $unwind$lodepng_convert_rgb 000000001004b2d4     NativeLib:lodepng.obj
 0004:0000c2e0       $unwind$getValueRequiredBits 000000001004b2e0     NativeLib:lodepng.obj
 0004:0000c2ec       $unwind$lodepng_color_stats_add 000000001004b2ec     NativeLib:lodepng.obj
 0004:0000c2f8       $unwind$auto_choose_color  000000001004b2f8     NativeLib:lodepng.obj
 0004:0000c304       $unwind$paethPredictor     000000001004b304     NativeLib:lodepng.obj
 0004:0000c310       $unwind$Adam7_getpassvalues 000000001004b310     NativeLib:lodepng.obj
 0004:0000c31c       $unwind$unfilterScanline   000000001004b31c     NativeLib:lodepng.obj
 0004:0000c328       $unwind$unfilter           000000001004b328     NativeLib:lodepng.obj
 0004:0000c334       $unwind$Adam7_deinterlace  000000001004b334     NativeLib:lodepng.obj
 0004:0000c340       $unwind$removePaddingBits  000000001004b340     NativeLib:lodepng.obj
 0004:0000c34c       $unwind$postProcessScanlines 000000001004b34c     NativeLib:lodepng.obj
 0004:0000c358       $unwind$readChunk_PLTE     000000001004b358     NativeLib:lodepng.obj
 0004:0000c364       $unwind$readChunk_tRNS     000000001004b364     NativeLib:lodepng.obj
 0004:0000c370       $unwind$readChunk_bKGD     000000001004b370     NativeLib:lodepng.obj
 0004:0000c37c       $unwind$readChunk_tEXt     000000001004b37c     NativeLib:lodepng.obj
 0004:0000c388       $unwind$readChunk_zTXt     000000001004b388     NativeLib:lodepng.obj
 0004:0000c398       $unwind$readChunk_iTXt     000000001004b398     NativeLib:lodepng.obj
 0004:0000c3a8       $unwind$readChunk_tIME     000000001004b3a8     NativeLib:lodepng.obj
 0004:0000c3b4       $unwind$readChunk_pHYs     000000001004b3b4     NativeLib:lodepng.obj
 0004:0000c3c0       $unwind$readChunk_gAMA     000000001004b3c0     NativeLib:lodepng.obj
 0004:0000c3cc       $unwind$readChunk_cHRM     000000001004b3cc     NativeLib:lodepng.obj
 0004:0000c3d8       $unwind$readChunk_sRGB     000000001004b3d8     NativeLib:lodepng.obj
 0004:0000c3e4       $unwind$readChunk_iCCP     000000001004b3e4     NativeLib:lodepng.obj
 0004:0000c3f4       $unwind$decodeGeneric      000000001004b3f4     NativeLib:lodepng.obj
 0004:0000c400       $unwind$writeSignature     000000001004b400     NativeLib:lodepng.obj
 0004:0000c40c       $unwind$addChunk_IHDR      000000001004b40c     NativeLib:lodepng.obj
 0004:0000c418       $unwind$addChunk_PLTE      000000001004b418     NativeLib:lodepng.obj
 0004:0000c424       $unwind$addChunk_tRNS      000000001004b424     NativeLib:lodepng.obj
 0004:0000c430       $unwind$addChunk_IDAT      000000001004b430     NativeLib:lodepng.obj
 0004:0000c43c       $unwind$addChunk_IEND      000000001004b43c     NativeLib:lodepng.obj
 0004:0000c448       $unwind$addChunk_tEXt      000000001004b448     NativeLib:lodepng.obj
 0004:0000c454       $unwind$addChunk_zTXt      000000001004b454     NativeLib:lodepng.obj
 0004:0000c460       $unwind$addChunk_iTXt      000000001004b460     NativeLib:lodepng.obj
 0004:0000c46c       $unwind$addChunk_bKGD      000000001004b46c     NativeLib:lodepng.obj
 0004:0000c478       $unwind$addChunk_tIME      000000001004b478     NativeLib:lodepng.obj
 0004:0000c484       $unwind$addChunk_pHYs      000000001004b484     NativeLib:lodepng.obj
 0004:0000c490       $unwind$addChunk_gAMA      000000001004b490     NativeLib:lodepng.obj
 0004:0000c49c       $unwind$addChunk_cHRM      000000001004b49c     NativeLib:lodepng.obj
 0004:0000c4a8       $unwind$addChunk_sRGB      000000001004b4a8     NativeLib:lodepng.obj
 0004:0000c4b4       $unwind$addChunk_iCCP      000000001004b4b4     NativeLib:lodepng.obj
 0004:0000c4c0       $unwind$filterScanline     000000001004b4c0     NativeLib:lodepng.obj
 0004:0000c4cc       $unwind$ilog2              000000001004b4cc     NativeLib:lodepng.obj
 0004:0000c4d8       $unwind$ilog2i             000000001004b4d8     NativeLib:lodepng.obj
 0004:0000c4e4       $unwind$filter             000000001004b4e4     NativeLib:lodepng.obj
 0004:0000c4f0       $unwind$addPaddingBits     000000001004b4f0     NativeLib:lodepng.obj
 0004:0000c4fc       $unwind$Adam7_interlace    000000001004b4fc     NativeLib:lodepng.obj
 0004:0000c508       $unwind$preProcessScanlines 000000001004b508     NativeLib:lodepng.obj
 0004:0000c514       $unwind$addUnknownChunks   000000001004b514     NativeLib:lodepng.obj
 0004:0000c520       $unwind$isGrayICCProfile   000000001004b520     NativeLib:lodepng.obj
 0004:0000c52c       $unwind$isRGBICCProfile    000000001004b52c     NativeLib:lodepng.obj
 0004:0000c538       $unwind$Out8               000000001004b538     NativeLib:io.obj
 0004:0000c544       $unwind$Out16              000000001004b544     NativeLib:io.obj
 0004:0000c550       $unwind$Out32              000000001004b550     NativeLib:io.obj
 0004:0000c55c       $unwind$In8                000000001004b55c     NativeLib:io.obj
 0004:0000c568       $unwind$In16               000000001004b568     NativeLib:io.obj
 0004:0000c574       $unwind$In32               000000001004b574     NativeLib:io.obj
 0004:0000c580       $unwind$Insd               000000001004b580     NativeLib:io.obj
 0004:0000c58c       $unwind$Insw               000000001004b58c     NativeLib:io.obj
 0004:0000c598       $unwind$Insb               000000001004b598     NativeLib:io.obj
 0004:0000c5a4       $unwind$Outsd              000000001004b5a4     NativeLib:io.obj
 0004:0000c5b0       $unwind$Outsw              000000001004b5b0     NativeLib:io.obj
 0004:0000c5bc       $unwind$Outsb              000000001004b5bc     NativeLib:io.obj
 0004:0000c5c8       $unwind$mystrtoul          000000001004b5c8     LibC:strtoul.obj
 0004:0000c5d4       $unwind$printf_            000000001004b5d4     LibC:printf.obj
 0004:0000c5e0       $unwind$sprintf_           000000001004b5e0     LibC:printf.obj
 0004:0000c5ec       $unwind$snprintf_          000000001004b5ec     LibC:printf.obj
 0004:0000c5f8       $unwind$vsnprintf_         000000001004b5f8     LibC:printf.obj
 0004:0000c604       $unwind$vprintf_           000000001004b604     LibC:printf.obj
 0004:0000c610       $unwind$fctprintf          000000001004b610     LibC:printf.obj
 0004:0000c61c       $unwind$_out_buffer        000000001004b61c     LibC:printf.obj
 0004:0000c628       $unwind$_out_null          000000001004b628     LibC:printf.obj
 0004:0000c634       $unwind$_out_char          000000001004b634     LibC:printf.obj
 0004:0000c640       $unwind$_out_fct           000000001004b640     LibC:printf.obj
 0004:0000c64c       $unwind$_strnlen_s         000000001004b64c     LibC:printf.obj
 0004:0000c658       $unwind$_is_digit          000000001004b658     LibC:printf.obj
 0004:0000c664       $unwind$_atoi              000000001004b664     LibC:printf.obj
 0004:0000c670       $unwind$_out_rev           000000001004b670     LibC:printf.obj
 0004:0000c67c       $unwind$_ntoa_format       000000001004b67c     LibC:printf.obj
 0004:0000c688       $unwind$_ntoa_long         000000001004b688     LibC:printf.obj
 0004:0000c694       $unwind$_ntoa_long_long    000000001004b694     LibC:printf.obj
 0004:0000c6a0       $unwind$_etoa              000000001004b6a0     LibC:printf.obj
 0004:0000c6ac       $unwind$_ftoa              000000001004b6ac     LibC:printf.obj
 0004:0000c6b8       $unwind$_vsnprintf         000000001004b6b8     LibC:printf.obj
 0004:0000c6c4       $unwind$myisspace          000000001004b6c4     LibC:isspace.obj
 0004:0000c6d0       $unwind$myisdigit          000000001004b6d0     LibC:isdigit.obj
 0004:0000c6dc       $unwind$myisalpha          000000001004b6dc     LibC:isalpha.obj
 0004:0000c6e8       $unwind$myisupper          000000001004b6e8     LibC:isupper.obj
 0005:0001c710       lodepng_crc32_table        0000000010068710     NativeLib:lodepng.obj
 0008:00000000       __FE09AF47_concurrencysal@h 000000001016e000     NativeLib:mem.obj
 0008:00000001       __C073CA79_sal@h           000000001016e001     NativeLib:mem.obj
 0008:00000002       __D6AFE870_vadefs@h        000000001016e002     NativeLib:mem.obj
 0008:00000003       __D63E96CF_vcruntime@h     000000001016e003     NativeLib:mem.obj
 0008:00000004       __F5A7E1DF_intrin0@inl@h   000000001016e004     NativeLib:mem.obj
 0008:00000005       __3EC16E15_setjmp@h        000000001016e005     NativeLib:mem.obj
 0008:00000006       __18C87B63_mmintrin@h      000000001016e006     NativeLib:mem.obj
 0008:00000007       __1B0272D9_corecrt@h       000000001016e007     NativeLib:mem.obj
 0008:00000008       __45DED006_corecrt_malloc@h 000000001016e008     NativeLib:mem.obj
 0008:00000009       __FA77ED4C_malloc@h        000000001016e009     NativeLib:mem.obj
 0008:0000000a       __56EBFA9B_xmmintrin@h     000000001016e00a     NativeLib:mem.obj
 0008:0000000b       __33897357_emmintrin@h     000000001016e00b     NativeLib:mem.obj
 0008:0000000c       __EC281BDE_pmmintrin@h     000000001016e00c     NativeLib:mem.obj
 0008:0000000d       __5CF1685C_tmmintrin@h     000000001016e00d     NativeLib:mem.obj
 0008:0000000e       __75CA7DDF_smmintrin@h     000000001016e00e     NativeLib:mem.obj
 0008:0000000f       __10A8F413_nmmintrin@h     000000001016e00f     NativeLib:mem.obj
 0008:00000010       __C5130E5D_wmmintrin@h     000000001016e010     NativeLib:mem.obj
 0008:00000011       __0E87435A_zmmintrin@h     000000001016e011     NativeLib:mem.obj
 0008:00000012       __3993E190_immintrin@h     000000001016e012     NativeLib:mem.obj
 0008:00000013       __835000D5_ammintrin@h     000000001016e013     NativeLib:mem.obj
 0008:00000014       __18F7D262_intrin@h        000000001016e014     NativeLib:mem.obj
 0008:00000015       __121DF3F2_mem@cpp         000000001016e015     NativeLib:mem.obj
 0008:00000016       __FE09AF47_concurrencysal@h 000000001016e016     NativeLib:interrupts.obj
 0008:00000017       __C073CA79_sal@h           000000001016e017     NativeLib:interrupts.obj
 0008:00000018       __D6AFE870_vadefs@h        000000001016e018     NativeLib:interrupts.obj
 0008:00000019       __D63E96CF_vcruntime@h     000000001016e019     NativeLib:interrupts.obj
 0008:0000001a       __AEA28616_stdint@h        000000001016e01a     NativeLib:interrupts.obj
 0008:0000001b       __F5A7E1DF_intrin0@inl@h   000000001016e01b     NativeLib:interrupts.obj
 0008:0000001c       __3EC16E15_setjmp@h        000000001016e01c     NativeLib:interrupts.obj
 0008:0000001d       __18C87B63_mmintrin@h      000000001016e01d     NativeLib:interrupts.obj
 0008:0000001e       __1B0272D9_corecrt@h       000000001016e01e     NativeLib:interrupts.obj
 0008:0000001f       __45DED006_corecrt_malloc@h 000000001016e01f     NativeLib:interrupts.obj
 0008:00000020       __FA77ED4C_malloc@h        000000001016e020     NativeLib:interrupts.obj
 0008:00000021       __56EBFA9B_xmmintrin@h     000000001016e021     NativeLib:interrupts.obj
 0008:00000022       __33897357_emmintrin@h     000000001016e022     NativeLib:interrupts.obj
 0008:00000023       __EC281BDE_pmmintrin@h     000000001016e023     NativeLib:interrupts.obj
 0008:00000024       __5CF1685C_tmmintrin@h     000000001016e024     NativeLib:interrupts.obj
 0008:00000025       __75CA7DDF_smmintrin@h     000000001016e025     NativeLib:interrupts.obj
 0008:00000026       __10A8F413_nmmintrin@h     000000001016e026     NativeLib:interrupts.obj
 0008:00000027       __C5130E5D_wmmintrin@h     000000001016e027     NativeLib:interrupts.obj
 0008:00000028       __0E87435A_zmmintrin@h     000000001016e028     NativeLib:interrupts.obj
 0008:00000029       __3993E190_immintrin@h     000000001016e029     NativeLib:interrupts.obj
 0008:0000002a       __835000D5_ammintrin@h     000000001016e02a     NativeLib:interrupts.obj
 0008:0000002b       __18F7D262_intrin@h        000000001016e02b     NativeLib:interrupts.obj
 0008:0000002c       __81AF9977_interrupts@cpp  000000001016e02c     NativeLib:interrupts.obj
 0008:0000002d       __FE09AF47_concurrencysal@h 000000001016e02d     NativeLib:native.obj
 0008:0000002e       __C073CA79_sal@h           000000001016e02e     NativeLib:native.obj
 0008:0000002f       __D6AFE870_vadefs@h        000000001016e02f     NativeLib:native.obj
 0008:00000030       __D63E96CF_vcruntime@h     000000001016e030     NativeLib:native.obj
 0008:00000031       __F5A7E1DF_intrin0@inl@h   000000001016e031     NativeLib:native.obj
 0008:00000032       __3EC16E15_setjmp@h        000000001016e032     NativeLib:native.obj
 0008:00000033       __18C87B63_mmintrin@h      000000001016e033     NativeLib:native.obj
 0008:00000034       __1B0272D9_corecrt@h       000000001016e034     NativeLib:native.obj
 0008:00000035       __45DED006_corecrt_malloc@h 000000001016e035     NativeLib:native.obj
 0008:00000036       __FA77ED4C_malloc@h        000000001016e036     NativeLib:native.obj
 0008:00000037       __56EBFA9B_xmmintrin@h     000000001016e037     NativeLib:native.obj
 0008:00000038       __33897357_emmintrin@h     000000001016e038     NativeLib:native.obj
 0008:00000039       __EC281BDE_pmmintrin@h     000000001016e039     NativeLib:native.obj
 0008:0000003a       __5CF1685C_tmmintrin@h     000000001016e03a     NativeLib:native.obj
 0008:0000003b       __75CA7DDF_smmintrin@h     000000001016e03b     NativeLib:native.obj
 0008:0000003c       __10A8F413_nmmintrin@h     000000001016e03c     NativeLib:native.obj
 0008:0000003d       __C5130E5D_wmmintrin@h     000000001016e03d     NativeLib:native.obj
 0008:0000003e       __0E87435A_zmmintrin@h     000000001016e03e     NativeLib:native.obj
 0008:0000003f       __3993E190_immintrin@h     000000001016e03f     NativeLib:native.obj
 0008:00000040       __835000D5_ammintrin@h     000000001016e040     NativeLib:native.obj
 0008:00000041       __18F7D262_intrin@h        000000001016e041     NativeLib:native.obj
 0008:00000042       __5B367C0B_native@cpp      000000001016e042     NativeLib:native.obj
 0008:00000043       __FE09AF47_concurrencysal@h 000000001016e043     NativeLib:lodepng.obj
 0008:00000044       __C073CA79_sal@h           000000001016e044     NativeLib:lodepng.obj
 0008:00000045       __D6AFE870_vadefs@h        000000001016e045     NativeLib:lodepng.obj
 0008:00000046       __D63E96CF_vcruntime@h     000000001016e046     NativeLib:lodepng.obj
 0008:00000047       __9A7D38D9_stdarg@h        000000001016e047     NativeLib:lodepng.obj
 0008:00000048       __1B0272D9_corecrt@h       000000001016e048     NativeLib:lodepng.obj
 0008:00000049       __13F5961F_stddef@h        000000001016e049     NativeLib:lodepng.obj
 0008:0000004a       __0EED556E_printf@h        000000001016e04a     NativeLib:lodepng.obj
 0008:0000004b       __61CC25A1_errno@h         000000001016e04b     NativeLib:lodepng.obj
 0008:0000004c       __3EADF068_vcruntime_string@h 000000001016e04c     NativeLib:lodepng.obj
 0008:0000004d       __E4C945B4_corecrt_memcpy_s@h 000000001016e04d     NativeLib:lodepng.obj
 0008:0000004e       __8EAFF484_corecrt_memory@h 000000001016e04e     NativeLib:lodepng.obj
 0008:0000004f       __6490AEC5_corecrt_wstring@h 000000001016e04f     NativeLib:lodepng.obj
 0008:00000050       __E8295E1E_string@h        000000001016e050     NativeLib:lodepng.obj
 0008:00000051       __B2031D3E_lodepng@h       000000001016e051     NativeLib:lodepng.obj
 0008:00000052       __45DED006_corecrt_malloc@h 000000001016e052     NativeLib:lodepng.obj
 0008:00000053       __FD6DBD68_corecrt_search@h 000000001016e053     NativeLib:lodepng.obj
 0008:00000054       __E2E33A61_corecrt_wstdlib@h 000000001016e054     NativeLib:lodepng.obj
 0008:00000055       __10D4A829_limits@h        000000001016e055     NativeLib:lodepng.obj
 0008:00000056       __6E5ACABA_stdlib@h        000000001016e056     NativeLib:lodepng.obj
 0008:00000057       __25D1C4B6_lodepng@c       000000001016e057     NativeLib:lodepng.obj
 0008:00000058       __FE09AF47_concurrencysal@h 000000001016e058     NativeLib:io.obj
 0008:00000059       __C073CA79_sal@h           000000001016e059     NativeLib:io.obj
 0008:0000005a       __D6AFE870_vadefs@h        000000001016e05a     NativeLib:io.obj
 0008:0000005b       __D63E96CF_vcruntime@h     000000001016e05b     NativeLib:io.obj
 0008:0000005c       __F5A7E1DF_intrin0@inl@h   000000001016e05c     NativeLib:io.obj
 0008:0000005d       __3EC16E15_setjmp@h        000000001016e05d     NativeLib:io.obj
 0008:0000005e       __18C87B63_mmintrin@h      000000001016e05e     NativeLib:io.obj
 0008:0000005f       __1B0272D9_corecrt@h       000000001016e05f     NativeLib:io.obj
 0008:00000060       __45DED006_corecrt_malloc@h 000000001016e060     NativeLib:io.obj
 0008:00000061       __FA77ED4C_malloc@h        000000001016e061     NativeLib:io.obj
 0008:00000062       __56EBFA9B_xmmintrin@h     000000001016e062     NativeLib:io.obj
 0008:00000063       __33897357_emmintrin@h     000000001016e063     NativeLib:io.obj
 0008:00000064       __EC281BDE_pmmintrin@h     000000001016e064     NativeLib:io.obj
 0008:00000065       __5CF1685C_tmmintrin@h     000000001016e065     NativeLib:io.obj
 0008:00000066       __75CA7DDF_smmintrin@h     000000001016e066     NativeLib:io.obj
 0008:00000067       __10A8F413_nmmintrin@h     000000001016e067     NativeLib:io.obj
 0008:00000068       __C5130E5D_wmmintrin@h     000000001016e068     NativeLib:io.obj
 0008:00000069       __0E87435A_zmmintrin@h     000000001016e069     NativeLib:io.obj
 0008:0000006a       __3993E190_immintrin@h     000000001016e06a     NativeLib:io.obj
 0008:0000006b       __835000D5_ammintrin@h     000000001016e06b     NativeLib:io.obj
 0008:0000006c       __18F7D262_intrin@h        000000001016e06c     NativeLib:io.obj
 0008:0000006d       __EB37504C_io@cpp          000000001016e06d     NativeLib:io.obj
 0009:000000a0       $R000000                   000000001016f0a0     guideXOS.res
 0009:000002f0       $R000250                   000000001016f2f0     guideXOS.res
