 guideXOS

 Timestamp is 690fd3bd (Sat Nov  8 15:35:25 2025)

 Preferred load address is 0000000010000000

 Start         Length     Name                   Class
 0001:00000000 00000500H .text                   CODE
 0001:00000500 0002ae31H .text$mn                CODE
 0002:00000000 00000045H .unbox$M                CODE
 0003:00000000 00048e8cH .managedcode$I          CODE
 0004:00000000 0003a3a0H .rdata                  DATA
 0004:0003a3a0 00000018H .rdata$voltmd           DATA
 0004:0003a3b8 0000019cH .rdata$zzzdbg           DATA
 0004:0003a554 0000d4e8H .xdata                  DATA
 0004:00047a3c 00000000H .edata                  DATA
 0005:00000000 000231c0H .data                   DATA
 0005:000231c0 001017c0H .bss                    DATA
 0006:00000000 00003f18H .pdata                  DATA
 0007:00000000 00000008H .modules$I              DATA
 0008:00000000 0000033bH .msvcjmc                DATA
 0009:00000000 000000a0H .rsrc$01                DATA
 0009:000000a0 00000440H .rsrc$02                DATA

  Address         Publics by Value              Rva+Base               Lib:Object

 0000:00000000       __AbsoluteZero             0000000000000000     <absolute>
 0000:00000000       ___safe_se_handler_count   0000000000000000     <absolute>
 0000:00000000       ___safe_se_handler_table   0000000000000000     <absolute>
 0000:00000000       __arm64x_extra_rfe_table   0000000000000000     <absolute>
 0000:00000000       __arm64x_extra_rfe_table_size 0000000000000000     <absolute>
 0000:00000000       __arm64x_native_entrypoint 0000000000000000     <absolute>
 0000:00000000       __arm64x_redirection_metadata 0000000000000000     <absolute>
 0000:00000000       __arm64x_redirection_metadata_count 0000000000000000     <absolute>
 0000:00000000       __dynamic_value_reloc_table 0000000000000000     <absolute>
 0000:00000000       __enclave_config           0000000000000000     <absolute>
 0000:00000000       __guard_check_icall_a64n_fptr 0000000000000000     <absolute>
 0000:00000000       __guard_eh_cont_count      0000000000000000     <absolute>
 0000:00000000       __guard_eh_cont_table      0000000000000000     <absolute>
 0000:00000000       __guard_fids_count         0000000000000000     <absolute>
 0000:00000000       __guard_fids_table         0000000000000000     <absolute>
 0000:00000000       __guard_iat_count          0000000000000000     <absolute>
 0000:00000000       __guard_iat_table          0000000000000000     <absolute>
 0000:00000000       __guard_longjmp_count      0000000000000000     <absolute>
 0000:00000000       __guard_longjmp_table      0000000000000000     <absolute>
 0000:00000000       __hybrid_auxiliary_delayload_iat 0000000000000000     <absolute>
 0000:00000000       __hybrid_auxiliary_delayload_iat_copy 0000000000000000     <absolute>
 0000:00000000       __hybrid_auxiliary_iat     0000000000000000     <absolute>
 0000:00000000       __hybrid_auxiliary_iat_copy 0000000000000000     <absolute>
 0000:00000000       __hybrid_code_map          0000000000000000     <absolute>
 0000:00000000       __hybrid_code_map_count    0000000000000000     <absolute>
 0000:00000000       __hybrid_image_info_bitfield 0000000000000000     <absolute>
 0000:00000000       __x64_code_ranges_to_entry_points 0000000000000000     <absolute>
 0000:00000000       __x64_code_ranges_to_entry_points_count 0000000000000000     <absolute>
 0000:00000100       __guard_flags              0000000000000100     <absolute>
 0000:00000000       __ImageBase                0000000010000000     <linker-defined>
 0001:00000000       __GetNonGCStaticBase_guideXOS_Program 0000000010001000     guideXOS.obj
 0001:00000008       __GetNonGCStaticBase_guideXOS_Allocator 0000000010001008     guideXOS.obj
 0001:00000010       __GetNonGCStaticBase_guideXOS_GDT 0000000010001010     guideXOS.obj
 0001:00000018       __GetNonGCStaticBase_guideXOS_IDT 0000000010001018     guideXOS.obj
 0001:00000020       __GetNonGCStaticBase_guideXOS_System_Windows_Forms_Control 0000000010001020     guideXOS.obj
 0001:00000028       __GetNonGCStaticBase_guideXOS_guideXOS_Kbd2Mouse 0000000010001028     guideXOS.obj
 0001:00000030       __GetNonGCStaticBase_guideXOS_guideXOS_Console 0000000010001030     guideXOS.obj
 0001:00000038       __GetNonGCStaticBase_guideXOS_guideXOS_PageTable 0000000010001038     guideXOS.obj
 0001:00000040       __GetNonGCStaticBase_guideXOS_guideXOS_Intel825xx 0000000010001040     guideXOS.obj
 0001:00000048       __GetNonGCStaticBase_guideXOS_guideXOS_NETv4 0000000010001048     guideXOS.obj
 0001:00000050       __GetNonGCStaticBase_guideXOS_guideXOS_RTL8111 0000000010001050     guideXOS.obj
 0001:00000058       __GetNonGCStaticBase_guideXOS_guideXOS_SMP 0000000010001058     guideXOS.obj
 0001:00000060       __GetNonGCStaticBase_guideXOS_guideXOS_Network_Http 0000000010001060     guideXOS.obj
 0001:00000068       __GetNonGCStaticBase_guideXOS_guideXOS_Misc_Audio 0000000010001068     guideXOS.obj
 0001:00000070       __GetNonGCStaticBase_guideXOS_guideXOS_Misc_BootSplash 0000000010001070     guideXOS.obj
 0001:00000078       __GetNonGCStaticBase_guideXOS_guideXOS_Misc_ThreadPool 0000000010001078     guideXOS.obj
 0001:00000080       __GetNonGCStaticBase_guideXOS_guideXOS_Misc_USB 0000000010001080     guideXOS.obj
 0001:00000088       __GetNonGCStaticBase_guideXOS_guideXOS_Kernel_Drivers_AC97 0000000010001088     guideXOS.obj
 0001:00000090       __GetNonGCStaticBase_guideXOS_guideXOS_Kernel_Drivers_ACPI 0000000010001090     guideXOS.obj
 0001:00000098       __GetNonGCStaticBase_guideXOS_guideXOS_Kernel_Drivers_DisplayManager 0000000010001098     guideXOS.obj
 0001:000000a0       __GetNonGCStaticBase_guideXOS_guideXOS_Kernel_Drivers_EHCI 00000000100010a0     guideXOS.obj
 0001:000000a8       __GetNonGCStaticBase_guideXOS_guideXOS_Kernel_Drivers_ES1371 00000000100010a8     guideXOS.obj
 0001:000000b0       __GetNonGCStaticBase_guideXOS_guideXOS_Kernel_Drivers_Framebuffer 00000000100010b0     guideXOS.obj
 0001:000000b8       __GetNonGCStaticBase_guideXOS_guideXOS_Kernel_Drivers_HID 00000000100010b8     guideXOS.obj
 0001:000000c0       __GetNonGCStaticBase_guideXOS_guideXOS_Kernel_Drivers_HPET 00000000100010c0     guideXOS.obj
 0001:000000c8       __GetNonGCStaticBase_guideXOS_guideXOS_Kernel_Drivers_Hub 00000000100010c8     guideXOS.obj
 0001:000000d0       __GetNonGCStaticBase_guideXOS_guideXOS_Kernel_Drivers_Keyboard 00000000100010d0     guideXOS.obj
 0001:000000d8       __GetNonGCStaticBase_guideXOS_guideXOS_Kernel_Drivers_PS2Keyboard 00000000100010d8     guideXOS.obj
 0001:000000e0       __GetNonGCStaticBase_guideXOS_guideXOS_Kernel_Drivers_PS2Mouse 00000000100010e0     guideXOS.obj
 0001:000000e8       __GetNonGCStaticBase_guideXOS_guideXOS_Kernel_Drivers_RTC 00000000100010e8     guideXOS.obj
 0001:000000f0       __GetNonGCStaticBase_guideXOS_guideXOS_Kernel_Drivers_SATA 00000000100010f0     guideXOS.obj
 0001:000000f8       __GetNonGCStaticBase_guideXOS_guideXOS_Kernel_Drivers_Timer 00000000100010f8     guideXOS.obj
 0001:00000100       __GetNonGCStaticBase_guideXOS_guideXOS_Kernel_Drivers_VMwareTools 0000000010001100     guideXOS.obj
 0001:00000108       __GetNonGCStaticBase_guideXOS_guideXOS_Kernel_Drivers_USBStorage 0000000010001108     guideXOS.obj
 0001:00000125       __GetNonGCStaticBase_guideXOS_guideXOS_OS_Firewall 0000000010001125     guideXOS.obj
 0001:00000142       __GetNonGCStaticBase_guideXOS_guideXOS_GUI_Busy 0000000010001142     guideXOS.obj
 0001:0000014a       __GetNonGCStaticBase_guideXOS_guideXOS_GUI_Desktop 000000001000114a     guideXOS.obj
 0001:00000152       __GetNonGCStaticBase_guideXOS_guideXOS_GUI_StartMenu 0000000010001152     guideXOS.obj
 0001:0000015a       __GetNonGCStaticBase_guideXOS_guideXOS_GUI_UISettings 000000001000115a     guideXOS.obj
 0001:00000162       __GetNonGCStaticBase_guideXOS_guideXOS_GUI_WindowManager 0000000010001162     guideXOS.obj
 0001:0000016a       __GetNonGCStaticBase_guideXOS_guideXOS_GUI_WorkspaceManager 000000001000116a     guideXOS.obj
 0001:00000187       __GetNonGCStaticBase_guideXOS_guideXOS_DefaultApps_Anomalocaris 0000000010001187     guideXOS.obj
 0001:0000018f       __GetNonGCStaticBase_guideXOS_guideXOS_DefaultApps_nexIRC 000000001000118f     guideXOS.obj
 0001:00000197       __GetNonGCStaticBase_guideXOS_guideXOS_DefaultApps_WAVPlayer 0000000010001197     guideXOS.obj
 0001:0000019f       __GetGCStaticBase_guideXOS_Program 000000001000119f     guideXOS.obj
 0001:000001aa       __GetGCStaticBase_guideXOS_IDT 00000000100011aa     guideXOS.obj
 0001:000001b5       __GetGCStaticBase_guideXOS_System_DateTime 00000000100011b5     guideXOS.obj
 0001:000001c0       __GetGCStaticBase_guideXOS_guideXOS_Animator 00000000100011c0     guideXOS.obj
 0001:000001cb       __GetGCStaticBase_guideXOS_guideXOS_ASC16 00000000100011cb     guideXOS.obj
 0001:000001d6       __GetGCStaticBase_guideXOS_guideXOS_Console 00000000100011d6     guideXOS.obj
 0001:000001e1       __GetGCStaticBase_guideXOS_guideXOS_NETv4 00000000100011e1     guideXOS.obj
 0001:000001ec       __GetGCStaticBase_guideXOS_guideXOS_Misc_BitFont 00000000100011ec     guideXOS.obj
 0001:000001f7       __GetGCStaticBase_guideXOS_guideXOS_Misc_BootSplash 00000000100011f7     guideXOS.obj
 0001:00000202       __GetGCStaticBase_guideXOS_guideXOS_Misc_Interrupts 0000000010001202     guideXOS.obj
 0001:0000020d       __GetGCStaticBase_guideXOS_guideXOS_Misc_ThreadPool 000000001000120d     guideXOS.obj
 0001:00000218       __GetGCStaticBase_guideXOS_guideXOS_FS_Disk 0000000010001218     guideXOS.obj
 0001:00000223       __GetGCStaticBase_guideXOS_guideXOS_FS_File 0000000010001223     guideXOS.obj
 0001:0000022e       __GetGCStaticBase_guideXOS_guideXOS_Kernel_Drivers_AC97 000000001000122e     guideXOS.obj
 0001:00000239       __GetGCStaticBase_guideXOS_guideXOS_Kernel_Drivers_ACPI 0000000010001239     guideXOS.obj
 0001:00000244       __GetGCStaticBase_guideXOS_guideXOS_Kernel_Drivers_DisplayManager 0000000010001244     guideXOS.obj
 0001:0000024f       __GetGCStaticBase_guideXOS_guideXOS_Kernel_Drivers_Framebuffer 000000001000124f     guideXOS.obj
 0001:0000025a       __GetGCStaticBase_guideXOS_guideXOS_Kernel_Drivers_HID 000000001000125a     guideXOS.obj
 0001:00000265       __GetGCStaticBase_guideXOS_guideXOS_Kernel_Drivers_IDE 0000000010001265     guideXOS.obj
 0001:00000270       __GetGCStaticBase_guideXOS_guideXOS_Kernel_Drivers_Keyboard 0000000010001270     guideXOS.obj
 0001:0000027b       __GetGCStaticBase_guideXOS_guideXOS_Kernel_Drivers_PCI 000000001000127b     guideXOS.obj
 0001:00000286       __GetGCStaticBase_guideXOS_guideXOS_Kernel_Drivers_PS2Keyboard 0000000010001286     guideXOS.obj
 0001:00000291       __GetGCStaticBase_guideXOS_guideXOS_Kernel_Drivers_PS2Mouse 0000000010001291     guideXOS.obj
 0001:0000029c       __GetGCStaticBase_guideXOS_guideXOS_Kernel_Drivers_SATA 000000001000129c     guideXOS.obj
 0001:000002a7       __GetGCStaticBase_guideXOS_guideXOS_Kernel_Drivers_USBStorage 00000000100012a7     guideXOS.obj
 0001:000002c7       __GetGCStaticBase_guideXOS_guideXOS_OS_Firewall 00000000100012c7     guideXOS.obj
 0001:000002e7       __GetGCStaticBase_guideXOS_guideXOS_OS_Session 00000000100012e7     guideXOS.obj
 0001:000002f2       __GetGCStaticBase_guideXOS_guideXOS_GUI_Desktop 00000000100012f2     guideXOS.obj
 0001:000002fd       __GetGCStaticBase_guideXOS_guideXOS_GUI_Icons 00000000100012fd     guideXOS.obj
 0001:0000031d       __GetGCStaticBase_guideXOS_guideXOS_GUI_Lockscreen 000000001000131d     guideXOS.obj
 0001:00000328       __GetGCStaticBase_guideXOS_guideXOS_GUI_NotificationManager 0000000010001328     guideXOS.obj
 0001:00000333       __GetGCStaticBase_guideXOS_guideXOS_GUI_RecentManager 0000000010001333     guideXOS.obj
 0001:00000353       __GetGCStaticBase_guideXOS_guideXOS_GUI_WindowManager 0000000010001353     guideXOS.obj
 0001:0000035e       __GetGCStaticBase_guideXOS_guideXOS_GUI_WorkspaceManager 000000001000135e     guideXOS.obj
 0001:0000037e       __GetGCStaticBase_guideXOS_guideXOS_DefaultApps_Clock 000000001000137e     guideXOS.obj
 0001:00000389       __GetGCStaticBase_guideXOS_guideXOS_DefaultApps_WAVPlayer 0000000010001389     guideXOS.obj
 0001:00000394       __GetGCStaticBase_guideXOS_guideXOS_GUI_SaveDialog___O 0000000010001394     guideXOS.obj
 0001:0000039f       __GetGCStaticBase_guideXOS_guideXOS_DefaultApps_DisplayOptions___c 000000001000139f     guideXOS.obj
 0001:000003aa       __GetGCStaticBase_guideXOS_System_Array_EmptyArray_1<String> 00000000100013aa     guideXOS.obj
 0001:000003ca       __DelegateCtor_guideXOS_System_Delegate__InitializeClosedInstance__guideXOS_guideXOS_GUI_OpenDialog__Keyboard_OnKeyChanged 00000000100013ca     guideXOS.obj
 0001:000003d6       __DelegateCtor_guideXOS_System_Delegate__InitializeClosedInstance__guideXOS_guideXOS_GUI_SaveDialog__Keyboard_OnKeyChanged 00000000100013d6     guideXOS.obj
 0001:000003e2       __DelegateCtor_guideXOS_System_Delegate__InitializeClosedInstance__guideXOS_guideXOS_DefaultApps_Anomalocaris__OnKey 00000000100013e2     guideXOS.obj
 0001:000003ee       __DelegateCtor_guideXOS_System_Delegate__InitializeClosedInstance__guideXOS_guideXOS_DefaultApps_ComputerFiles__Keyboard_OnKeyChanged 00000000100013ee     guideXOS.obj
 0001:000003fa       __DelegateCtor_guideXOS_System_Delegate__InitializeClosedInstance__guideXOS_guideXOS_DefaultApps_FConsole__Keyboard_OnKeyChanged 00000000100013fa     guideXOS.obj
 0001:00000406       __DelegateCtor_guideXOS_System_Delegate__InitializeClosedInstance__guideXOS_guideXOS_DefaultApps_FConsole__Console_OnWrite 0000000010001406     guideXOS.obj
 0001:00000412       __DelegateCtor_guideXOS_System_Delegate__InitializeClosedInstance__guideXOS_guideXOS_DefaultApps_nexIRC__Keyboard_OnKeyChanged 0000000010001412     guideXOS.obj
 0001:0000041e       __DelegateCtor_guideXOS_System_Delegate__InitializeClosedInstance__guideXOS_guideXOS_DefaultApps_Notepad__Keyboard_OnKeyChanged 000000001000141e     guideXOS.obj
 0001:0000042a       __DelegateCtor_guideXOS_System_Delegate__InitializeClosedInstance__guideXOS_guideXOS_DefaultApps_Notepad___OnSetVisible_b__19_0 000000001000142a     guideXOS.obj
 0001:00000436       __DelegateCtor_guideXOS_System_Delegate__InitializeClosedInstance__guideXOS_guideXOS_DefaultApps_Notepad___OnSetVisible_b__19_3 0000000010001436     guideXOS.obj
 0001:00000442       __DelegateCtor_guideXOS_System_Delegate__InitializeClosedInstance__guideXOS_guideXOS_DefaultApps_Notepad___OnSetVisible_b__19_1 0000000010001442     guideXOS.obj
 0001:0000044e       __DelegateCtor_guideXOS_System_Delegate__InitializeClosedInstance__guideXOS_guideXOS_DefaultApps_Notepad___OnSetVisible_b__19_2 000000001000144e     guideXOS.obj
 0001:0000045a       __DelegateCtor_guideXOS_System_Delegate__InitializeClosedInstance__guideXOS_guideXOS_FS_FAT___c__DisplayClass46_0___FindPath_b__0 000000001000145a     guideXOS.obj
 0001:00000466       __DelegateCtor_guideXOS_System_Delegate__InitializeClosedInstance__guideXOS_guideXOS_FS_FAT___c__DisplayClass46_1___FindPath_b__1 0000000010001466     guideXOS.obj
 0001:00000472       __DelegateCtor_guideXOS_System_Delegate__InitializeClosedInstance__guideXOS_guideXOS_FS_FAT___c__DisplayClass56_0___GetFiles_b__0 0000000010001472     guideXOS.obj
 0001:0000047e       __DelegateCtor_guideXOS_System_Delegate__InitializeClosedInstance__guideXOS_guideXOS_DefaultApps_DiskManager___c__DisplayClass38_0___ReadMBRForEntry_b__0 000000001000147e     guideXOS.obj
 0001:0000048a       __DelegateCtor_guideXOS_System_Delegate__InitializeClosedInstance__guideXOS_guideXOS_DefaultApps_DiskManager___c__DisplayClass54_0___TryCreatePartitionLargestFree_b__0 000000001000148a     guideXOS.obj
 0001:00000496       __DelegateCtor_guideXOS_System_Delegate__InitializeClosedInstance__guideXOS_guideXOS_DefaultApps_DiskManager___c__DisplayClass54_0___TryCreatePartitionLargestFree_b__1 0000000010001496     guideXOS.obj
 0001:000004a2       __DelegateCtor_guideXOS_System_Delegate__InitializeClosedInstance__guideXOS_guideXOS_DefaultApps_DisplayOptions___c___OnInput_b__17_0 00000000100014a2     guideXOS.obj
 0001:000004ae       __DelegateCtor_guideXOS_System_Delegate__InitializeClosedInstance__guideXOS_guideXOS_DefaultApps_DisplayOptions___c___OnInput_b__17_1 00000000100014ae     guideXOS.obj
 0001:000004ba       __DelegateCtor_guideXOS_System_Delegate__InitializeClosedInstance__guideXOS_guideXOS_DefaultApps_Notepad___c__DisplayClass24_0___OpenSaveAs_b__0 00000000100014ba     guideXOS.obj
 0001:000004c6       __DelegateCtor_guideXOS_System_Delegate__InitializeOpenStaticThunk__guideXOS_guideXOS_GUI_Icons__DocumentIcon__guideXOS_System_Func_2<Int32__System___Canon>__InvokeOpenStaticThunk 00000000100014c6     guideXOS.obj
 0001:000004d9       __GenericLookupFromType_guideXOS_System_Array_EmptyArray_1<System___Canon>_GCStaticBase_guideXOS_System_Array_EmptyArray_1<T_System___Canon> 00000000100014d9     guideXOS.obj
 0001:00000500       CPUID                      0000000010001500 f   NativeLib:native.obj
 0001:00000550       Cli                        0000000010001550 f   NativeLib:native.obj
 0001:00000580       Fxrstor64                  0000000010001580 f   NativeLib:native.obj
 0001:000005b0       Fxsave64                   00000000100015b0 f   NativeLib:native.obj
 0001:000005e0       Hlt                        00000000100015e0 f   NativeLib:native.obj
 0001:00000610       Invlpg                     0000000010001610 f   NativeLib:native.obj
 0001:00000640       Nop                        0000000010001640 f   NativeLib:native.obj
 0001:00000660       Rdmsr                      0000000010001660 f   NativeLib:native.obj
 0001:00000690       Rdtsc                      0000000010001690 f   NativeLib:native.obj
 0001:000006c0       ReadCR2                    00000000100016c0 f   NativeLib:native.obj
 0001:000006e0       Sti                        00000000100016e0 f   NativeLib:native.obj
 0001:00000710       WriteCR3                   0000000010001710 f   NativeLib:native.obj
 0001:00000740       Wrmsr                      0000000010001740 f   NativeLib:native.obj
 0001:00000780       __JustMyCode_Default       0000000010001780 f i NativeLib:native.obj
 0001:00000790       Movsb                      0000000010001790 f   NativeLib:mem.obj
 0001:000007d0       Movsd                      00000000100017d0 f   NativeLib:mem.obj
 0001:00000810       Stosb                      0000000010001810 f   NativeLib:mem.obj
 0001:00000860       Stosd                      0000000010001860 f   NativeLib:mem.obj
 0001:000008b0       avx_memcpy                 00000000100018b0 f   NativeLib:mem.obj
 0001:000009b0       Load_GDT                   00000000100019b0 f   NativeLib:interrupts.obj
 0001:000009e0       idt_set                    00000000100019e0 f   NativeLib:interrupts.obj
 0001:00000ac0       set_idt_entries            0000000010001ac0 f   NativeLib:interrupts.obj
 0001:000029e0       intr0                      00000000100039e0 f   NativeLib:interrupts_asm.obj
 0001:00002a22       intr1                      0000000010003a22 f   NativeLib:interrupts_asm.obj
 0001:00002a64       intr2                      0000000010003a64 f   NativeLib:interrupts_asm.obj
 0001:00002aa6       intr3                      0000000010003aa6 f   NativeLib:interrupts_asm.obj
 0001:00002ae8       intr4                      0000000010003ae8 f   NativeLib:interrupts_asm.obj
 0001:00002b2a       intr5                      0000000010003b2a f   NativeLib:interrupts_asm.obj
 0001:00002b6c       intr6                      0000000010003b6c f   NativeLib:interrupts_asm.obj
 0001:00002bae       intr7                      0000000010003bae f   NativeLib:interrupts_asm.obj
 0001:00002bf0       intr8                      0000000010003bf0 f   NativeLib:interrupts_asm.obj
 0001:00002c32       intr9                      0000000010003c32 f   NativeLib:interrupts_asm.obj
 0001:00002c74       intr10                     0000000010003c74 f   NativeLib:interrupts_asm.obj
 0001:00002cb6       intr11                     0000000010003cb6 f   NativeLib:interrupts_asm.obj
 0001:00002cf8       intr12                     0000000010003cf8 f   NativeLib:interrupts_asm.obj
 0001:00002d3a       intr13                     0000000010003d3a f   NativeLib:interrupts_asm.obj
 0001:00002d7c       intr14                     0000000010003d7c f   NativeLib:interrupts_asm.obj
 0001:00002dbe       intr15                     0000000010003dbe f   NativeLib:interrupts_asm.obj
 0001:00002e00       intr16                     0000000010003e00 f   NativeLib:interrupts_asm.obj
 0001:00002e42       intr17                     0000000010003e42 f   NativeLib:interrupts_asm.obj
 0001:00002e84       intr18                     0000000010003e84 f   NativeLib:interrupts_asm.obj
 0001:00002ec6       intr19                     0000000010003ec6 f   NativeLib:interrupts_asm.obj
 0001:00002f08       intr20                     0000000010003f08 f   NativeLib:interrupts_asm.obj
 0001:00002f4a       intr21                     0000000010003f4a f   NativeLib:interrupts_asm.obj
 0001:00002f8c       intr22                     0000000010003f8c f   NativeLib:interrupts_asm.obj
 0001:00002fce       intr23                     0000000010003fce f   NativeLib:interrupts_asm.obj
 0001:00003010       intr24                     0000000010004010 f   NativeLib:interrupts_asm.obj
 0001:00003052       intr25                     0000000010004052 f   NativeLib:interrupts_asm.obj
 0001:00003094       intr26                     0000000010004094 f   NativeLib:interrupts_asm.obj
 0001:000030d6       intr27                     00000000100040d6 f   NativeLib:interrupts_asm.obj
 0001:00003118       intr28                     0000000010004118 f   NativeLib:interrupts_asm.obj
 0001:0000315a       intr29                     000000001000415a f   NativeLib:interrupts_asm.obj
 0001:0000319c       intr30                     000000001000419c f   NativeLib:interrupts_asm.obj
 0001:000031de       intr31                     00000000100041de f   NativeLib:interrupts_asm.obj
 0001:00003220       intr32                     0000000010004220 f   NativeLib:interrupts_asm.obj
 0001:00003262       intr33                     0000000010004262 f   NativeLib:interrupts_asm.obj
 0001:000032a4       intr34                     00000000100042a4 f   NativeLib:interrupts_asm.obj
 0001:000032e6       intr35                     00000000100042e6 f   NativeLib:interrupts_asm.obj
 0001:00003328       intr36                     0000000010004328 f   NativeLib:interrupts_asm.obj
 0001:0000336a       intr37                     000000001000436a f   NativeLib:interrupts_asm.obj
 0001:000033ac       intr38                     00000000100043ac f   NativeLib:interrupts_asm.obj
 0001:000033ee       intr39                     00000000100043ee f   NativeLib:interrupts_asm.obj
 0001:00003430       intr40                     0000000010004430 f   NativeLib:interrupts_asm.obj
 0001:00003472       intr41                     0000000010004472 f   NativeLib:interrupts_asm.obj
 0001:000034b4       intr42                     00000000100044b4 f   NativeLib:interrupts_asm.obj
 0001:000034f6       intr43                     00000000100044f6 f   NativeLib:interrupts_asm.obj
 0001:00003538       intr44                     0000000010004538 f   NativeLib:interrupts_asm.obj
 0001:0000357a       intr45                     000000001000457a f   NativeLib:interrupts_asm.obj
 0001:000035bc       intr46                     00000000100045bc f   NativeLib:interrupts_asm.obj
 0001:000035fe       intr47                     00000000100045fe f   NativeLib:interrupts_asm.obj
 0001:00003640       intr48                     0000000010004640 f   NativeLib:interrupts_asm.obj
 0001:00003682       intr49                     0000000010004682 f   NativeLib:interrupts_asm.obj
 0001:000036c4       intr50                     00000000100046c4 f   NativeLib:interrupts_asm.obj
 0001:00003706       intr51                     0000000010004706 f   NativeLib:interrupts_asm.obj
 0001:00003748       intr52                     0000000010004748 f   NativeLib:interrupts_asm.obj
 0001:0000378a       intr53                     000000001000478a f   NativeLib:interrupts_asm.obj
 0001:000037cc       intr54                     00000000100047cc f   NativeLib:interrupts_asm.obj
 0001:0000380e       intr55                     000000001000480e f   NativeLib:interrupts_asm.obj
 0001:00003850       intr56                     0000000010004850 f   NativeLib:interrupts_asm.obj
 0001:00003892       intr57                     0000000010004892 f   NativeLib:interrupts_asm.obj
 0001:000038d4       intr58                     00000000100048d4 f   NativeLib:interrupts_asm.obj
 0001:00003916       intr59                     0000000010004916 f   NativeLib:interrupts_asm.obj
 0001:00003958       intr60                     0000000010004958 f   NativeLib:interrupts_asm.obj
 0001:0000399a       intr61                     000000001000499a f   NativeLib:interrupts_asm.obj
 0001:000039dc       intr62                     00000000100049dc f   NativeLib:interrupts_asm.obj
 0001:00003a1e       intr63                     0000000010004a1e f   NativeLib:interrupts_asm.obj
 0001:00003a60       intr64                     0000000010004a60 f   NativeLib:interrupts_asm.obj
 0001:00003aa2       intr65                     0000000010004aa2 f   NativeLib:interrupts_asm.obj
 0001:00003ae4       intr66                     0000000010004ae4 f   NativeLib:interrupts_asm.obj
 0001:00003b26       intr67                     0000000010004b26 f   NativeLib:interrupts_asm.obj
 0001:00003b68       intr68                     0000000010004b68 f   NativeLib:interrupts_asm.obj
 0001:00003baa       intr69                     0000000010004baa f   NativeLib:interrupts_asm.obj
 0001:00003bec       intr70                     0000000010004bec f   NativeLib:interrupts_asm.obj
 0001:00003c2e       intr71                     0000000010004c2e f   NativeLib:interrupts_asm.obj
 0001:00003c70       intr72                     0000000010004c70 f   NativeLib:interrupts_asm.obj
 0001:00003cb2       intr73                     0000000010004cb2 f   NativeLib:interrupts_asm.obj
 0001:00003cf4       intr74                     0000000010004cf4 f   NativeLib:interrupts_asm.obj
 0001:00003d36       intr75                     0000000010004d36 f   NativeLib:interrupts_asm.obj
 0001:00003d78       intr76                     0000000010004d78 f   NativeLib:interrupts_asm.obj
 0001:00003dba       intr77                     0000000010004dba f   NativeLib:interrupts_asm.obj
 0001:00003dfc       intr78                     0000000010004dfc f   NativeLib:interrupts_asm.obj
 0001:00003e3e       intr79                     0000000010004e3e f   NativeLib:interrupts_asm.obj
 0001:00003e80       intr80                     0000000010004e80 f   NativeLib:interrupts_asm.obj
 0001:00003ec2       intr81                     0000000010004ec2 f   NativeLib:interrupts_asm.obj
 0001:00003f04       intr82                     0000000010004f04 f   NativeLib:interrupts_asm.obj
 0001:00003f46       intr83                     0000000010004f46 f   NativeLib:interrupts_asm.obj
 0001:00003f88       intr84                     0000000010004f88 f   NativeLib:interrupts_asm.obj
 0001:00003fca       intr85                     0000000010004fca f   NativeLib:interrupts_asm.obj
 0001:0000400c       intr86                     000000001000500c f   NativeLib:interrupts_asm.obj
 0001:0000404e       intr87                     000000001000504e f   NativeLib:interrupts_asm.obj
 0001:00004090       intr88                     0000000010005090 f   NativeLib:interrupts_asm.obj
 0001:000040d2       intr89                     00000000100050d2 f   NativeLib:interrupts_asm.obj
 0001:00004114       intr90                     0000000010005114 f   NativeLib:interrupts_asm.obj
 0001:00004156       intr91                     0000000010005156 f   NativeLib:interrupts_asm.obj
 0001:00004198       intr92                     0000000010005198 f   NativeLib:interrupts_asm.obj
 0001:000041da       intr93                     00000000100051da f   NativeLib:interrupts_asm.obj
 0001:0000421c       intr94                     000000001000521c f   NativeLib:interrupts_asm.obj
 0001:0000425e       intr95                     000000001000525e f   NativeLib:interrupts_asm.obj
 0001:000042a0       intr96                     00000000100052a0 f   NativeLib:interrupts_asm.obj
 0001:000042e2       intr97                     00000000100052e2 f   NativeLib:interrupts_asm.obj
 0001:00004324       intr98                     0000000010005324 f   NativeLib:interrupts_asm.obj
 0001:00004366       intr99                     0000000010005366 f   NativeLib:interrupts_asm.obj
 0001:000043a8       intr100                    00000000100053a8 f   NativeLib:interrupts_asm.obj
 0001:000043ea       intr101                    00000000100053ea f   NativeLib:interrupts_asm.obj
 0001:0000442c       intr102                    000000001000542c f   NativeLib:interrupts_asm.obj
 0001:0000446e       intr103                    000000001000546e f   NativeLib:interrupts_asm.obj
 0001:000044b0       intr104                    00000000100054b0 f   NativeLib:interrupts_asm.obj
 0001:000044f2       intr105                    00000000100054f2 f   NativeLib:interrupts_asm.obj
 0001:00004534       intr106                    0000000010005534 f   NativeLib:interrupts_asm.obj
 0001:00004576       intr107                    0000000010005576 f   NativeLib:interrupts_asm.obj
 0001:000045b8       intr108                    00000000100055b8 f   NativeLib:interrupts_asm.obj
 0001:000045fa       intr109                    00000000100055fa f   NativeLib:interrupts_asm.obj
 0001:0000463c       intr110                    000000001000563c f   NativeLib:interrupts_asm.obj
 0001:0000467e       intr111                    000000001000567e f   NativeLib:interrupts_asm.obj
 0001:000046c0       intr112                    00000000100056c0 f   NativeLib:interrupts_asm.obj
 0001:00004702       intr113                    0000000010005702 f   NativeLib:interrupts_asm.obj
 0001:00004744       intr114                    0000000010005744 f   NativeLib:interrupts_asm.obj
 0001:00004786       intr115                    0000000010005786 f   NativeLib:interrupts_asm.obj
 0001:000047c8       intr116                    00000000100057c8 f   NativeLib:interrupts_asm.obj
 0001:0000480a       intr117                    000000001000580a f   NativeLib:interrupts_asm.obj
 0001:0000484c       intr118                    000000001000584c f   NativeLib:interrupts_asm.obj
 0001:0000488e       intr119                    000000001000588e f   NativeLib:interrupts_asm.obj
 0001:000048d0       intr120                    00000000100058d0 f   NativeLib:interrupts_asm.obj
 0001:00004912       intr121                    0000000010005912 f   NativeLib:interrupts_asm.obj
 0001:00004954       intr122                    0000000010005954 f   NativeLib:interrupts_asm.obj
 0001:00004996       intr123                    0000000010005996 f   NativeLib:interrupts_asm.obj
 0001:000049d8       intr124                    00000000100059d8 f   NativeLib:interrupts_asm.obj
 0001:00004a1a       intr125                    0000000010005a1a f   NativeLib:interrupts_asm.obj
 0001:00004a5c       intr126                    0000000010005a5c f   NativeLib:interrupts_asm.obj
 0001:00004a9e       intr127                    0000000010005a9e f   NativeLib:interrupts_asm.obj
 0001:00004ae0       intr128                    0000000010005ae0 f   NativeLib:interrupts_asm.obj
 0001:00004b22       intr129                    0000000010005b22 f   NativeLib:interrupts_asm.obj
 0001:00004b64       intr130                    0000000010005b64 f   NativeLib:interrupts_asm.obj
 0001:00004ba6       intr131                    0000000010005ba6 f   NativeLib:interrupts_asm.obj
 0001:00004be8       intr132                    0000000010005be8 f   NativeLib:interrupts_asm.obj
 0001:00004c2a       intr133                    0000000010005c2a f   NativeLib:interrupts_asm.obj
 0001:00004c6c       intr134                    0000000010005c6c f   NativeLib:interrupts_asm.obj
 0001:00004cae       intr135                    0000000010005cae f   NativeLib:interrupts_asm.obj
 0001:00004cf0       intr136                    0000000010005cf0 f   NativeLib:interrupts_asm.obj
 0001:00004d32       intr137                    0000000010005d32 f   NativeLib:interrupts_asm.obj
 0001:00004d74       intr138                    0000000010005d74 f   NativeLib:interrupts_asm.obj
 0001:00004db6       intr139                    0000000010005db6 f   NativeLib:interrupts_asm.obj
 0001:00004df8       intr140                    0000000010005df8 f   NativeLib:interrupts_asm.obj
 0001:00004e3a       intr141                    0000000010005e3a f   NativeLib:interrupts_asm.obj
 0001:00004e7c       intr142                    0000000010005e7c f   NativeLib:interrupts_asm.obj
 0001:00004ebe       intr143                    0000000010005ebe f   NativeLib:interrupts_asm.obj
 0001:00004f00       intr144                    0000000010005f00 f   NativeLib:interrupts_asm.obj
 0001:00004f42       intr145                    0000000010005f42 f   NativeLib:interrupts_asm.obj
 0001:00004f84       intr146                    0000000010005f84 f   NativeLib:interrupts_asm.obj
 0001:00004fc6       intr147                    0000000010005fc6 f   NativeLib:interrupts_asm.obj
 0001:00005008       intr148                    0000000010006008 f   NativeLib:interrupts_asm.obj
 0001:0000504a       intr149                    000000001000604a f   NativeLib:interrupts_asm.obj
 0001:0000508c       intr150                    000000001000608c f   NativeLib:interrupts_asm.obj
 0001:000050ce       intr151                    00000000100060ce f   NativeLib:interrupts_asm.obj
 0001:00005110       intr152                    0000000010006110 f   NativeLib:interrupts_asm.obj
 0001:00005152       intr153                    0000000010006152 f   NativeLib:interrupts_asm.obj
 0001:00005194       intr154                    0000000010006194 f   NativeLib:interrupts_asm.obj
 0001:000051d6       intr155                    00000000100061d6 f   NativeLib:interrupts_asm.obj
 0001:00005218       intr156                    0000000010006218 f   NativeLib:interrupts_asm.obj
 0001:0000525a       intr157                    000000001000625a f   NativeLib:interrupts_asm.obj
 0001:0000529c       intr158                    000000001000629c f   NativeLib:interrupts_asm.obj
 0001:000052de       intr159                    00000000100062de f   NativeLib:interrupts_asm.obj
 0001:00005320       intr160                    0000000010006320 f   NativeLib:interrupts_asm.obj
 0001:00005362       intr161                    0000000010006362 f   NativeLib:interrupts_asm.obj
 0001:000053a4       intr162                    00000000100063a4 f   NativeLib:interrupts_asm.obj
 0001:000053e6       intr163                    00000000100063e6 f   NativeLib:interrupts_asm.obj
 0001:00005428       intr164                    0000000010006428 f   NativeLib:interrupts_asm.obj
 0001:0000546a       intr165                    000000001000646a f   NativeLib:interrupts_asm.obj
 0001:000054ac       intr166                    00000000100064ac f   NativeLib:interrupts_asm.obj
 0001:000054ee       intr167                    00000000100064ee f   NativeLib:interrupts_asm.obj
 0001:00005530       intr168                    0000000010006530 f   NativeLib:interrupts_asm.obj
 0001:00005572       intr169                    0000000010006572 f   NativeLib:interrupts_asm.obj
 0001:000055b4       intr170                    00000000100065b4 f   NativeLib:interrupts_asm.obj
 0001:000055f6       intr171                    00000000100065f6 f   NativeLib:interrupts_asm.obj
 0001:00005638       intr172                    0000000010006638 f   NativeLib:interrupts_asm.obj
 0001:0000567a       intr173                    000000001000667a f   NativeLib:interrupts_asm.obj
 0001:000056bc       intr174                    00000000100066bc f   NativeLib:interrupts_asm.obj
 0001:000056fe       intr175                    00000000100066fe f   NativeLib:interrupts_asm.obj
 0001:00005740       intr176                    0000000010006740 f   NativeLib:interrupts_asm.obj
 0001:00005782       intr177                    0000000010006782 f   NativeLib:interrupts_asm.obj
 0001:000057c4       intr178                    00000000100067c4 f   NativeLib:interrupts_asm.obj
 0001:00005806       intr179                    0000000010006806 f   NativeLib:interrupts_asm.obj
 0001:00005848       intr180                    0000000010006848 f   NativeLib:interrupts_asm.obj
 0001:0000588a       intr181                    000000001000688a f   NativeLib:interrupts_asm.obj
 0001:000058cc       intr182                    00000000100068cc f   NativeLib:interrupts_asm.obj
 0001:0000590e       intr183                    000000001000690e f   NativeLib:interrupts_asm.obj
 0001:00005950       intr184                    0000000010006950 f   NativeLib:interrupts_asm.obj
 0001:00005992       intr185                    0000000010006992 f   NativeLib:interrupts_asm.obj
 0001:000059d4       intr186                    00000000100069d4 f   NativeLib:interrupts_asm.obj
 0001:00005a16       intr187                    0000000010006a16 f   NativeLib:interrupts_asm.obj
 0001:00005a58       intr188                    0000000010006a58 f   NativeLib:interrupts_asm.obj
 0001:00005a9a       intr189                    0000000010006a9a f   NativeLib:interrupts_asm.obj
 0001:00005adc       intr190                    0000000010006adc f   NativeLib:interrupts_asm.obj
 0001:00005b1e       intr191                    0000000010006b1e f   NativeLib:interrupts_asm.obj
 0001:00005b60       intr192                    0000000010006b60 f   NativeLib:interrupts_asm.obj
 0001:00005ba2       intr193                    0000000010006ba2 f   NativeLib:interrupts_asm.obj
 0001:00005be4       intr194                    0000000010006be4 f   NativeLib:interrupts_asm.obj
 0001:00005c26       intr195                    0000000010006c26 f   NativeLib:interrupts_asm.obj
 0001:00005c68       intr196                    0000000010006c68 f   NativeLib:interrupts_asm.obj
 0001:00005caa       intr197                    0000000010006caa f   NativeLib:interrupts_asm.obj
 0001:00005cec       intr198                    0000000010006cec f   NativeLib:interrupts_asm.obj
 0001:00005d2e       intr199                    0000000010006d2e f   NativeLib:interrupts_asm.obj
 0001:00005d70       intr200                    0000000010006d70 f   NativeLib:interrupts_asm.obj
 0001:00005db2       intr201                    0000000010006db2 f   NativeLib:interrupts_asm.obj
 0001:00005df4       intr202                    0000000010006df4 f   NativeLib:interrupts_asm.obj
 0001:00005e36       intr203                    0000000010006e36 f   NativeLib:interrupts_asm.obj
 0001:00005e78       intr204                    0000000010006e78 f   NativeLib:interrupts_asm.obj
 0001:00005eba       intr205                    0000000010006eba f   NativeLib:interrupts_asm.obj
 0001:00005efc       intr206                    0000000010006efc f   NativeLib:interrupts_asm.obj
 0001:00005f3e       intr207                    0000000010006f3e f   NativeLib:interrupts_asm.obj
 0001:00005f80       intr208                    0000000010006f80 f   NativeLib:interrupts_asm.obj
 0001:00005fc2       intr209                    0000000010006fc2 f   NativeLib:interrupts_asm.obj
 0001:00006004       intr210                    0000000010007004 f   NativeLib:interrupts_asm.obj
 0001:00006046       intr211                    0000000010007046 f   NativeLib:interrupts_asm.obj
 0001:00006088       intr212                    0000000010007088 f   NativeLib:interrupts_asm.obj
 0001:000060ca       intr213                    00000000100070ca f   NativeLib:interrupts_asm.obj
 0001:0000610c       intr214                    000000001000710c f   NativeLib:interrupts_asm.obj
 0001:0000614e       intr215                    000000001000714e f   NativeLib:interrupts_asm.obj
 0001:00006190       intr216                    0000000010007190 f   NativeLib:interrupts_asm.obj
 0001:000061d2       intr217                    00000000100071d2 f   NativeLib:interrupts_asm.obj
 0001:00006214       intr218                    0000000010007214 f   NativeLib:interrupts_asm.obj
 0001:00006256       intr219                    0000000010007256 f   NativeLib:interrupts_asm.obj
 0001:00006298       intr220                    0000000010007298 f   NativeLib:interrupts_asm.obj
 0001:000062da       intr221                    00000000100072da f   NativeLib:interrupts_asm.obj
 0001:0000631c       intr222                    000000001000731c f   NativeLib:interrupts_asm.obj
 0001:0000635e       intr223                    000000001000735e f   NativeLib:interrupts_asm.obj
 0001:000063a0       intr224                    00000000100073a0 f   NativeLib:interrupts_asm.obj
 0001:000063e2       intr225                    00000000100073e2 f   NativeLib:interrupts_asm.obj
 0001:00006424       intr226                    0000000010007424 f   NativeLib:interrupts_asm.obj
 0001:00006466       intr227                    0000000010007466 f   NativeLib:interrupts_asm.obj
 0001:000064a8       intr228                    00000000100074a8 f   NativeLib:interrupts_asm.obj
 0001:000064ea       intr229                    00000000100074ea f   NativeLib:interrupts_asm.obj
 0001:0000652c       intr230                    000000001000752c f   NativeLib:interrupts_asm.obj
 0001:0000656e       intr231                    000000001000756e f   NativeLib:interrupts_asm.obj
 0001:000065b0       intr232                    00000000100075b0 f   NativeLib:interrupts_asm.obj
 0001:000065f2       intr233                    00000000100075f2 f   NativeLib:interrupts_asm.obj
 0001:00006634       intr234                    0000000010007634 f   NativeLib:interrupts_asm.obj
 0001:00006676       intr235                    0000000010007676 f   NativeLib:interrupts_asm.obj
 0001:000066b8       intr236                    00000000100076b8 f   NativeLib:interrupts_asm.obj
 0001:000066fa       intr237                    00000000100076fa f   NativeLib:interrupts_asm.obj
 0001:0000673c       intr238                    000000001000773c f   NativeLib:interrupts_asm.obj
 0001:0000677e       intr239                    000000001000777e f   NativeLib:interrupts_asm.obj
 0001:000067c0       intr240                    00000000100077c0 f   NativeLib:interrupts_asm.obj
 0001:00006802       intr241                    0000000010007802 f   NativeLib:interrupts_asm.obj
 0001:00006844       intr242                    0000000010007844 f   NativeLib:interrupts_asm.obj
 0001:00006886       intr243                    0000000010007886 f   NativeLib:interrupts_asm.obj
 0001:000068c8       intr244                    00000000100078c8 f   NativeLib:interrupts_asm.obj
 0001:0000690a       intr245                    000000001000790a f   NativeLib:interrupts_asm.obj
 0001:0000694c       intr246                    000000001000794c f   NativeLib:interrupts_asm.obj
 0001:0000698e       intr247                    000000001000798e f   NativeLib:interrupts_asm.obj
 0001:000069d0       intr248                    00000000100079d0 f   NativeLib:interrupts_asm.obj
 0001:00006a12       intr249                    0000000010007a12 f   NativeLib:interrupts_asm.obj
 0001:00006a54       intr250                    0000000010007a54 f   NativeLib:interrupts_asm.obj
 0001:00006a96       intr251                    0000000010007a96 f   NativeLib:interrupts_asm.obj
 0001:00006ad8       intr252                    0000000010007ad8 f   NativeLib:interrupts_asm.obj
 0001:00006b1a       intr253                    0000000010007b1a f   NativeLib:interrupts_asm.obj
 0001:00006b5c       intr254                    0000000010007b5c f   NativeLib:interrupts_asm.obj
 0001:00006b9e       intr255                    0000000010007b9e f   NativeLib:interrupts_asm.obj
 0001:00006be0       _reload_segreg             0000000010007be0 f   NativeLib:interrupts_asm.obj
 0001:00006c07       Load_IDT                   0000000010007c07 f   NativeLib:interrupts_asm.obj
 0001:00006c0b       _cli                       0000000010007c0b f   NativeLib:interrupts_asm.obj
 0001:00006c0d       _sti                       0000000010007c0d f   NativeLib:interrupts_asm.obj
 0001:00006c0f       _hlt                       0000000010007c0f f   NativeLib:interrupts_asm.obj
 0001:00006c11       _inttest                   0000000010007c11 f   NativeLib:interrupts_asm.obj
 0001:00006c1b       _iretq                     0000000010007c1b f   NativeLib:interrupts_asm.obj
 0001:00006c36       _int20h                    0000000010007c36 f   NativeLib:interrupts_asm.obj
 0001:00006c40       In16                       0000000010007c40 f   NativeLib:io.obj
 0001:00006c70       In32                       0000000010007c70 f   NativeLib:io.obj
 0001:00006ca0       In8                        0000000010007ca0 f   NativeLib:io.obj
 0001:00006cd0       Insb                       0000000010007cd0 f   NativeLib:io.obj
 0001:00006d10       Insd                       0000000010007d10 f   NativeLib:io.obj
 0001:00006d50       Insw                       0000000010007d50 f   NativeLib:io.obj
 0001:00006d90       Out16                      0000000010007d90 f   NativeLib:io.obj
 0001:00006dc0       Out32                      0000000010007dc0 f   NativeLib:io.obj
 0001:00006df0       Out8                       0000000010007df0 f   NativeLib:io.obj
 0001:00006e20       Outsb                      0000000010007e20 f   NativeLib:io.obj
 0001:00006e60       Outsd                      0000000010007e60 f   NativeLib:io.obj
 0001:00006ea0       Outsw                      0000000010007ea0 f   NativeLib:io.obj
 0001:00006ee0       enable_avx                 0000000010007ee0 f   NativeLib:misc.obj
 0001:00006ef3       enable_sse                 0000000010007ef3 f   NativeLib:misc.obj
 0001:00006f06       Schedule_Next              0000000010007f06 f   NativeLib:misc.obj
 0001:00012370       lodepng_add_itext          0000000010013370 f   NativeLib:lodepng.obj
 0001:000125b0       lodepng_add_text           00000000100135b0 f   NativeLib:lodepng.obj
 0001:00012870       lodepng_can_have_alpha     0000000010013870 f   NativeLib:lodepng.obj
 0001:000128d0       lodepng_chunk_ancillary    00000000100138d0 f   NativeLib:lodepng.obj
 0001:00012920       lodepng_chunk_append       0000000010013920 f   NativeLib:lodepng.obj
 0001:00012a40       lodepng_chunk_check_crc    0000000010013a40 f   NativeLib:lodepng.obj
 0001:00012ad0       lodepng_chunk_create       0000000010013ad0 f   NativeLib:lodepng.obj
 0001:00012c00       lodepng_chunk_data         0000000010013c00 f   NativeLib:lodepng.obj
 0001:00012c40       lodepng_chunk_data_const   0000000010013c40 f   NativeLib:lodepng.obj
 0001:00012c80       lodepng_chunk_find         0000000010013c80 f   NativeLib:lodepng.obj
 0001:00012d00       lodepng_chunk_find_const   0000000010013d00 f   NativeLib:lodepng.obj
 0001:00012d80       lodepng_chunk_generate_crc 0000000010013d80 f   NativeLib:lodepng.obj
 0001:00012ed0       lodepng_chunk_length       0000000010013ed0 f   NativeLib:lodepng.obj
 0001:00012f10       lodepng_chunk_next         0000000010013f10 f   NativeLib:lodepng.obj
 0001:00013070       lodepng_chunk_next_const   0000000010014070 f   NativeLib:lodepng.obj
 0001:000131d0       lodepng_chunk_private      00000000100141d0 f   NativeLib:lodepng.obj
 0001:00013220       lodepng_chunk_safetocopy   0000000010014220 f   NativeLib:lodepng.obj
 0001:00013270       lodepng_chunk_type         0000000010014270 f   NativeLib:lodepng.obj
 0001:000132e0       lodepng_chunk_type_equals  00000000100142e0 f   NativeLib:lodepng.obj
 0001:000133d0       lodepng_clear_icc          00000000100143d0 f   NativeLib:lodepng.obj
 0001:00013440       lodepng_clear_itext        0000000010014440 f   NativeLib:lodepng.obj
 0001:00013470       lodepng_clear_text         0000000010014470 f   NativeLib:lodepng.obj
 0001:00013550       lodepng_color_mode_cleanup 0000000010014550 f   NativeLib:lodepng.obj
 0001:00013580       lodepng_color_mode_copy    0000000010014580 f   NativeLib:lodepng.obj
 0001:00013760       lodepng_color_mode_init    0000000010014760 f   NativeLib:lodepng.obj
 0001:000137e0       lodepng_color_mode_make    00000000100147e0 f   NativeLib:lodepng.obj
 0001:00013970       lodepng_color_stats_init   0000000010014970 f   NativeLib:lodepng.obj
 0001:00013a20       lodepng_compress_settings_init 0000000010014a20 f   NativeLib:lodepng.obj
 0001:00013ab0       lodepng_compute_color_stats 0000000010014ab0 f   NativeLib:lodepng.obj
 0001:00014980       lodepng_convert            0000000010015980 f   NativeLib:lodepng.obj
 0001:00014ec0       lodepng_convert_rgb        0000000010015ec0 f   NativeLib:lodepng.obj
 0001:00015200       lodepng_crc32              0000000010016200 f   NativeLib:lodepng.obj
 0001:00015290       lodepng_decode             0000000010016290 f   NativeLib:lodepng.obj
 0001:00015480       lodepng_decode24           0000000010016480 f   NativeLib:lodepng.obj
 0001:000154f0       lodepng_decode32           00000000100164f0 f   NativeLib:lodepng.obj
 0001:00015560       lodepng_decode_memory      0000000010016560 f   NativeLib:lodepng.obj
 0001:00015630       lodepng_decoder_settings_init 0000000010016630 f   NativeLib:lodepng.obj
 0001:000156c0       lodepng_decompress_settings_init 00000000100166c0 f   NativeLib:lodepng.obj
 0001:00015730       lodepng_deflate            0000000010016730 f   NativeLib:lodepng.obj
 0001:00015a40       lodepng_encode             0000000010016a40 f   NativeLib:lodepng.obj
 0001:00016a40       lodepng_encode24           0000000010017a40 f   NativeLib:lodepng.obj
 0001:00016aa0       lodepng_encode32           0000000010017aa0 f   NativeLib:lodepng.obj
 0001:00016b00       lodepng_encode_memory      0000000010017b00 f   NativeLib:lodepng.obj
 0001:00016bc0       lodepng_encoder_settings_init 0000000010017bc0 f   NativeLib:lodepng.obj
 0001:00016c40       lodepng_error_text         0000000010017c40 f   NativeLib:lodepng.obj
 0001:00017310       lodepng_get_bpp            0000000010018310 f   NativeLib:lodepng.obj
 0001:00017380       lodepng_get_channels       0000000010018380 f   NativeLib:lodepng.obj
 0001:000173b0       lodepng_get_raw_size       00000000100183b0 f   NativeLib:lodepng.obj
 0001:00017590       lodepng_has_palette_alpha  0000000010018590 f   NativeLib:lodepng.obj
 0001:00017600       lodepng_huffman_code_lengths 0000000010018600 f   NativeLib:lodepng.obj
 0001:00017a50       lodepng_inflate            0000000010018a50 f   NativeLib:lodepng.obj
 0001:00017c60       lodepng_info_cleanup       0000000010018c60 f   NativeLib:lodepng.obj
 0001:00017cc0       lodepng_info_copy          0000000010018cc0 f   NativeLib:lodepng.obj
 0001:00017df0       lodepng_info_init          0000000010018df0 f   NativeLib:lodepng.obj
 0001:00017f00       lodepng_inspect            0000000010018f00 f   NativeLib:lodepng.obj
 0001:00018350       lodepng_inspect_chunk      0000000010019350 f   NativeLib:lodepng.obj
 0001:00018770       lodepng_is_alpha_type      0000000010019770 f   NativeLib:lodepng.obj
 0001:000187c0       lodepng_is_greyscale_type  00000000100197c0 f   NativeLib:lodepng.obj
 0001:00018810       lodepng_is_palette_type    0000000010019810 f   NativeLib:lodepng.obj
 0001:000189c0       lodepng_palette_add        00000000100199c0 f   NativeLib:lodepng.obj
 0001:00018ab0       lodepng_palette_clear      0000000010019ab0 f   NativeLib:lodepng.obj
 0001:00018dd0       lodepng_set_icc            0000000010019dd0 f   NativeLib:lodepng.obj
 0001:00018e40       lodepng_state_cleanup      0000000010019e40 f   NativeLib:lodepng.obj
 0001:00018e90       lodepng_state_copy         0000000010019e90 f   NativeLib:lodepng.obj
 0001:00018f60       lodepng_state_init         0000000010019f60 f   NativeLib:lodepng.obj
 0001:00019020       lodepng_zlib_compress      000000001001a020 f   NativeLib:lodepng.obj
 0001:00019210       lodepng_zlib_decompress    000000001001a210 f   NativeLib:lodepng.obj
 0001:0001dec0       fatfs_init                 000000001001eec0 f   NativeLib:fatfs.obj
 0001:0001df40       format_exfat               000000001001ef40 f   NativeLib:fatfs.obj
 0001:0001dfc0       get_files                  000000001001efc0 f   NativeLib:fatfs.obj
 0001:0001e100       read_all_bytes             000000001001f100 f   NativeLib:fatfs.obj
 0001:0001e1c0       write_all_bytes            000000001001f1c0 f   NativeLib:fatfs.obj
 0001:0001e260       vmware_send                000000001001f260 f   NativeLib:vmware.obj
 0001:0001e2e4       vmware_send_hb             000000001001f2e4 f   NativeLib:vmware.obj
 0001:0001e36a       vmware_get_hb              000000001001f36a f   NativeLib:vmware.obj
 0001:00020700       f_close                    0000000010021700 f   NativeLib:ff.obj
 0001:00020760       f_closedir                 0000000010021760 f   NativeLib:ff.obj
 0001:000207b0       f_getfree                  00000000100217b0 f   NativeLib:ff.obj
 0001:00020a90       f_lseek                    0000000010021a90 f   NativeLib:ff.obj
 0001:00020fd0       f_mkdir                    0000000010021fd0 f   NativeLib:ff.obj
 0001:00021310       f_mkfs                     0000000010022310 f   NativeLib:ff.obj
 0001:00022ec0       f_mount                    0000000010023ec0 f   NativeLib:ff.obj
 0001:00022f80       f_open                     0000000010023f80 f   NativeLib:ff.obj
 0001:00023640       f_opendir                  0000000010024640 f   NativeLib:ff.obj
 0001:00023800       f_read                     0000000010024800 f   NativeLib:ff.obj
 0001:00023c60       f_readdir                  0000000010024c60 f   NativeLib:ff.obj
 0001:00023d10       f_rename                   0000000010024d10 f   NativeLib:ff.obj
 0001:000241d0       f_stat                     00000000100251d0 f   NativeLib:ff.obj
 0001:00024270       f_sync                     0000000010025270 f   NativeLib:ff.obj
 0001:000245c0       f_truncate                 00000000100255c0 f   NativeLib:ff.obj
 0001:00024770       f_unlink                   0000000010025770 f   NativeLib:ff.obj
 0001:000249b0       f_write                    00000000100259b0 f   NativeLib:ff.obj
 0001:000281e0       ff_oem2uni                 00000000100291e0 f   NativeLib:ffunicode.obj
 0001:000282f0       ff_uni2oem                 00000000100292f0 f   NativeLib:ffunicode.obj
 0001:00028400       ff_wtoupper                0000000010029400 f   NativeLib:ffunicode.obj
 0001:000285d0       disk_initialize            00000000100295d0 f   NativeLib:diskio.obj
 0001:00028600       disk_ioctl                 0000000010029600 f   NativeLib:diskio.obj
 0001:00028680       disk_read                  0000000010029680 f   NativeLib:diskio.obj
 0001:000286c0       disk_status                00000000100296c0 f   NativeLib:diskio.obj
 0001:000286f0       disk_write                 00000000100296f0 f   NativeLib:diskio.obj
 0001:00028730       mystrtoul                  0000000010029730 f   LibC:strtoul.obj
 0001:0002afd0       fctprintf                  000000001002bfd0 f   LibC:printf.obj
 0001:0002b050       printf_                    000000001002c050 f   LibC:printf.obj
 0001:0002b0c0       snprintf_                  000000001002c0c0 f   LibC:printf.obj
 0001:0002b120       sprintf_                   000000001002c120 f   LibC:printf.obj
 0001:0002b190       vprintf_                   000000001002c190 f   LibC:printf.obj
 0001:0002b1e0       vsnprintf_                 000000001002c1e0 f   LibC:printf.obj
 0001:0002b230       myisspace                  000000001002c230 f   LibC:isspace.obj
 0001:0002b280       myisdigit                  000000001002c280 f   LibC:isdigit.obj
 0001:0002b2c0       myisalpha                  000000001002c2c0 f   LibC:isalpha.obj
 0001:0002b300       myisupper                  000000001002c300 f   LibC:isupper.obj
 0002:00000000       unbox_Bool__ToString       000000001002d000     guideXOS.obj
 0002:0000000c       unbox_UInt8__ToString      000000001002d00c     guideXOS.obj
 0002:00000018       unbox_Int32__ToString      000000001002d018     guideXOS.obj
 0002:00000024       unbox_UInt16__ToString     000000001002d024     guideXOS.obj
 0002:00000030       unbox_UInt32__ToString     000000001002d030     guideXOS.obj
 0002:0000003c       unbox_UInt64__ToString     000000001002d03c     guideXOS.obj
 0003:00000000       KMain                      000000001002e000     guideXOS.obj
 0003:00000000       guideXOS_Program__KMain    000000001002e000     guideXOS.obj
 0003:00000498       guideXOS_Program__SMain    000000001002e498     guideXOS.obj
 0003:000007ec       guideXOS_Allocator__GetPageIndexStart 000000001002e7ec     guideXOS.obj
 0003:0000083c       guideXOS_Allocator__Free   000000001002e83c     guideXOS.obj
 0003:00000974       guideXOS_Allocator__get_MemoryInUse 000000001002e974     guideXOS.obj
 0003:0000098c       guideXOS_Allocator__Initialize 000000001002e98c     guideXOS.obj
 0003:00000a20       guideXOS_Allocator__Allocate 000000001002ea20     guideXOS.obj
 0003:00000cac       guideXOS_Allocator__Reallocate 000000001002ecac     guideXOS.obj
 0003:00000db8       guideXOS_Allocator__ClearAllocate_0 000000001002edb8     guideXOS.obj
 0003:00000e30       guideXOS_GDT__FillEntry    000000001002ee30     guideXOS.obj
 0003:00000e70       guideXOS_GDT__Initialise   000000001002ee70     guideXOS.obj
 0003:00000fb8       guideXOS_GDT__SetKernelStack 000000001002efb8     guideXOS.obj
 0003:00000fdc       guideXOS_IDT__Initialize   000000001002efdc     guideXOS.obj
 0003:000010d0       guideXOS_IDT__AllowUserSoftwareInterrupt 000000001002f0d0     guideXOS.obj
 0003:00001168       guideXOS_IDT__intr_handler 000000001002f168     guideXOS.obj
 0003:00001168       intr_handler               000000001002f168     guideXOS.obj
 0003:00002f48       guideXOS_Native__Load_GDT  0000000010030f48     guideXOS.obj
 0003:00002f9c       guideXOS_Native__Load_IDT  0000000010030f9c     guideXOS.obj
 0003:00002ff0       guideXOS_Internal_Runtime_EEType__get_IsArray 0000000010030ff0     guideXOS.obj
 0003:00003014       guideXOS_Internal_Runtime_EEType__get_ArrayRank 0000000010031014     guideXOS.obj
 0003:00003034       __imp_GetCurrentThreadId   0000000010031034     guideXOS.obj
 0003:00003034       guideXOS_Internal_Runtime_CompilerHelpers_StartupCodeHelpers____imp_GetCurrentThreadId 0000000010031034     guideXOS.obj
 0003:00003038       __CheckForDebuggerJustMyCode 0000000010031038     guideXOS.obj
 0003:00003038       guideXOS_Internal_Runtime_CompilerHelpers_StartupCodeHelpers____CheckForDebuggerJustMyCode 0000000010031038     guideXOS.obj
 0003:0000303c       __fail_fast                000000001003103c     guideXOS.obj
 0003:0000303c       guideXOS_Internal_Runtime_CompilerHelpers_StartupCodeHelpers__FailFast 000000001003103c     guideXOS.obj
 0003:00003040       guideXOS_Internal_Runtime_CompilerHelpers_StartupCodeHelpers__MemSet 0000000010031040     guideXOS.obj
 0003:00003040       memset                     0000000010031040     guideXOS.obj
 0003:0000305c       guideXOS_Internal_Runtime_CompilerHelpers_StartupCodeHelpers__MemCpy 000000001003105c     guideXOS.obj
 0003:0000305c       memcpy                     000000001003105c     guideXOS.obj
 0003:00003078       RhpFallbackFailFast        0000000010031078     guideXOS.obj
 0003:00003078       guideXOS_Internal_Runtime_CompilerHelpers_StartupCodeHelpers__RhpFallbackFailFast 0000000010031078     guideXOS.obj
 0003:0000307c       RhpReversePInvoke2         000000001003107c     guideXOS.obj
 0003:0000307c       guideXOS_Internal_Runtime_CompilerHelpers_StartupCodeHelpers__RhpReversePInvoke2 000000001003107c     guideXOS.obj
 0003:00003080       RhpReversePInvokeReturn2   0000000010031080     guideXOS.obj
 0003:00003080       guideXOS_Internal_Runtime_CompilerHelpers_StartupCodeHelpers__RhpReversePInvokeReturn2 0000000010031080     guideXOS.obj
 0003:00003084       RhpReversePInvoke          0000000010031084     guideXOS.obj
 0003:00003084       guideXOS_Internal_Runtime_CompilerHelpers_StartupCodeHelpers__RhpReversePInvoke 0000000010031084     guideXOS.obj
 0003:00003088       RhpReversePInvokeReturn    0000000010031088     guideXOS.obj
 0003:00003088       guideXOS_Internal_Runtime_CompilerHelpers_StartupCodeHelpers__RhpReversePInvokeReturn 0000000010031088     guideXOS.obj
 0003:0000308c       RhpPInvoke                 000000001003108c     guideXOS.obj
 0003:0000308c       guideXOS_Internal_Runtime_CompilerHelpers_StartupCodeHelpers__RhpPinvoke 000000001003108c     guideXOS.obj
 0003:00003090       RhpPInvokeReturn           0000000010031090     guideXOS.obj
 0003:00003090       guideXOS_Internal_Runtime_CompilerHelpers_StartupCodeHelpers__RhpPinvokeReturn 0000000010031090     guideXOS.obj
 0003:00003094       RhpNewFast                 0000000010031094     guideXOS.obj
 0003:00003094       guideXOS_Internal_Runtime_CompilerHelpers_StartupCodeHelpers__RhpNewFast 0000000010031094     guideXOS.obj
 0003:00003120       RhpNewArray                0000000010031120     guideXOS.obj
 0003:00003120       guideXOS_Internal_Runtime_CompilerHelpers_StartupCodeHelpers__RhpNewArray 0000000010031120     guideXOS.obj
 0003:000031e4       RhpAssignRef               00000000100311e4     guideXOS.obj
 0003:000031e4       guideXOS_Internal_Runtime_CompilerHelpers_StartupCodeHelpers__RhpAssignRef 00000000100311e4     guideXOS.obj
 0003:000031e8       RhpByRefAssignRef          00000000100311e8     guideXOS.obj
 0003:000031e8       guideXOS_Internal_Runtime_CompilerHelpers_StartupCodeHelpers__RhpByRefAssignRef 00000000100311e8     guideXOS.obj
 0003:000031ec       RhpCheckedAssignRef        00000000100311ec     guideXOS.obj
 0003:000031ec       guideXOS_Internal_Runtime_CompilerHelpers_StartupCodeHelpers__RhpCheckedAssignRef 00000000100311ec     guideXOS.obj
 0003:000031f0       RhpStelemRef               00000000100311f0     guideXOS.obj
 0003:000031f0       guideXOS_Internal_Runtime_CompilerHelpers_StartupCodeHelpers__RhpStelemRef 00000000100311f0     guideXOS.obj
 0003:00003228       RhTypeCast_IsInstanceOfClass 0000000010031228     guideXOS.obj
 0003:00003228       guideXOS_Internal_Runtime_CompilerHelpers_StartupCodeHelpers__RhTypeCast_IsInstanceOfClass 0000000010031228     guideXOS.obj
 0003:00003254       guideXOS_Internal_Runtime_CompilerHelpers_StartupCodeHelpers__InitializeModules 0000000010031254     guideXOS.obj
 0003:00003410       guideXOS_Internal_Runtime_CompilerHelpers_StartupCodeHelpers__InitializeStatics 0000000010031410     guideXOS.obj
 0003:000034f8       guideXOS_Internal_Runtime_CompilerHelpers_SynchronizedMethodHelpers__MonitorEnterStatic 00000000100314f8     guideXOS.obj
 0003:000034fc       guideXOS_Internal_Runtime_CompilerHelpers_SynchronizedMethodHelpers__MonitorExitStatic 00000000100314fc     guideXOS.obj
 0003:00003500       guideXOS_Internal_Runtime_CompilerHelpers_ThrowHelpers__Error 0000000010031500     guideXOS.obj
 0003:000035b0       guideXOS_Internal_Runtime_CompilerHelpers_ThrowHelpers__ThrowOverflowException 00000000100315b0     guideXOS.obj
 0003:000035c8       guideXOS_Internal_Runtime_CompilerHelpers_ThrowHelpers__ThrowIndexOutOfRangeException 00000000100315c8     guideXOS.obj
 0003:000035e0       Bool__ToString             00000000100315e0     guideXOS.obj
 0003:000035f8       UInt8__ToString            00000000100315f8     guideXOS.obj
 0003:00003614       guideXOS_System_Delegate__InitializeOpenStaticThunk 0000000010031614     guideXOS.obj
 0003:00003638       guideXOS_System_Delegate__InitializeClosedInstance 0000000010031638     guideXOS.obj
 0003:00003664       Int32__ToString            0000000010031664     guideXOS.obj
 0003:00003684       Int64__ToString            0000000010031684     guideXOS.obj
 0003:00003774       guideXOS_System_MathF__Floor 0000000010031774     guideXOS.obj
 0003:000037d4       Object___ctor              00000000100317d4     guideXOS.obj
 0003:000037d8       Object__ToString           00000000100317d8     guideXOS.obj
 0003:000037e0       Object__Dispose            00000000100317e0     guideXOS.obj
 0003:00003830       String__FromASCII          0000000010031830     guideXOS.obj
 0003:000038c8       String__Ctor               00000000100318c8     guideXOS.obj
 0003:000038e8       String__Ctor_1             00000000100318e8     guideXOS.obj
 0003:00003934       String__Ctor_2             0000000010031934     guideXOS.obj
 0003:000039f0       String__LastIndexOf        00000000100319f0     guideXOS.obj
 0003:00003a18       String__Ctor_3             0000000010031a18     guideXOS.obj
 0003:00003a5c       String__ToString           0000000010031a5c     guideXOS.obj
 0003:00003a60       String__Equals_0           0000000010031a60     guideXOS.obj
 0003:00003a9c       String__Concat             0000000010031a9c     guideXOS.obj
 0003:00003b88       String__IndexOf            0000000010031b88     guideXOS.obj
 0003:00003bb8       String__Concat_0           0000000010031bb8     guideXOS.obj
 0003:00003c2c       String__Concat_1           0000000010031c2c     guideXOS.obj
 0003:00003cf0       String__Concat_2           0000000010031cf0     guideXOS.obj
 0003:00003dd8       String__Format             0000000010031dd8     guideXOS.obj
 0003:00003fdc       String__Split              0000000010031fdc     guideXOS.obj
 0003:000040f0       String__Substring          00000000100320f0     guideXOS.obj
 0003:00004130       String__Substring_0        0000000010032130     guideXOS.obj
 0003:0000416c       String__EndsWith_0         000000001003216c     guideXOS.obj
 0003:000041ec       String__ToUpper            00000000100321ec     guideXOS.obj
 0003:00004280       UInt16__ToString           0000000010032280     guideXOS.obj
 0003:0000429c       UInt32__ToString           000000001003229c     guideXOS.obj
 0003:000042b8       UInt64__ToString           00000000100322b8     guideXOS.obj
 0003:00004380       UInt64__ToStringHex        0000000010032380     guideXOS.obj
 0003:00004428       guideXOS_System_Threading_Monitor__Unlock 0000000010032428     guideXOS.obj
 0003:0000446c       RhTypeCast_CheckCastClass  000000001003246c     guideXOS.obj
 0003:0000446c       guideXOS_System_Runtime_TypeCast__CheckCastClass 000000001003246c     guideXOS.obj
 0003:00004494       RhTypeCast_CheckCastArray  0000000010032494     guideXOS.obj
 0003:00004494       guideXOS_System_Runtime_TypeCast__CheckCastArray 0000000010032494     guideXOS.obj
 0003:000044bc       RhTypeCast_IsInstanceOfArray 00000000100324bc     guideXOS.obj
 0003:000044bc       guideXOS_System_Runtime_TypeCast__IsInstanceOfArray 00000000100324bc     guideXOS.obj
 0003:00004518       guideXOS_System_Runtime_CompilerServices_ClassConstructorRunner__CheckStaticClassConstructionReturnNonGCStaticBase 0000000010032518     guideXOS.obj
 0003:00004530       guideXOS_System_Runtime_CompilerServices_ClassConstructorRunner__CheckStaticClassConstructionReturnGCStaticBase 0000000010032530     guideXOS.obj
 0003:00004548       guideXOS_System_Runtime_CompilerServices_ClassConstructorRunner__CheckStaticClassConstruction 0000000010032548     guideXOS.obj
 0003:0000457c       guideXOS_System_Drawing_Image___ctor 000000001003257c     guideXOS.obj
 0003:000045b8       guideXOS_System_Drawing_Image___ctor_0 00000000100325b8     guideXOS.obj
 0003:000045bc       guideXOS_System_Drawing_Image__Resample 00000000100325bc     guideXOS.obj
 0003:00004960       guideXOS_System_Drawing_Image__ResizeImage 0000000010032960     guideXOS.obj
 0003:00004ad4       guideXOS_System_Drawing_Image__Dispose 0000000010032ad4     guideXOS.obj
 0003:00004b5c       guideXOS_guideXOS_Animation___ctor 0000000010032b5c     guideXOS.obj
 0003:00004b6c       guideXOS_guideXOS_Animator__Initialize 0000000010032b6c     guideXOS.obj
 0003:00004bc4       guideXOS_guideXOS_Animator__OnInterrupt 0000000010032bc4     guideXOS.obj
 0003:00004c50       guideXOS_guideXOS_API__HandleSystemCall 0000000010032c50     guideXOS.obj
 0003:00004fec       guideXOS_guideXOS_API__API_SndWrite 0000000010032fec     guideXOS.obj
 0003:00004ff4       guideXOS_guideXOS_API__API_Calloc 0000000010032ff4     guideXOS.obj
 0003:00004ffc       guideXOS_guideXOS_API__API_StartThread 0000000010032ffc     guideXOS.obj
 0003:00005038       guideXOS_guideXOS_API__API_Error 0000000010033038     guideXOS.obj
 0003:00005040       guideXOS_guideXOS_API__API_GetTime 0000000010033040     guideXOS.obj
 0003:000050c0       guideXOS_guideXOS_API__API_DrawImage 00000000100330c0     guideXOS.obj
 0003:000050f4       guideXOS_guideXOS_API__API_WriteString 00000000100330f4     guideXOS.obj
 0003:00005154       guideXOS_guideXOS_API__API_Width 0000000010033154     guideXOS.obj
 0003:00005168       guideXOS_guideXOS_API__API_Height 0000000010033168     guideXOS.obj
 0003:0000517c       guideXOS_guideXOS_API__API_Update 000000001003317c     guideXOS.obj
 0003:00005184       guideXOS_guideXOS_API__API_Clear 0000000010033184     guideXOS.obj
 0003:000051a4       DebugWrite                 00000000100331a4     guideXOS.obj
 0003:000051a4       guideXOS_guideXOS_API__API_DebugWrite 00000000100331a4     guideXOS.obj
 0003:000051ac       DebugWriteLine             00000000100331ac     guideXOS.obj
 0003:000051ac       guideXOS_guideXOS_API__API_DebugWriteLine 00000000100331ac     guideXOS.obj
 0003:000051c8       Lock                       00000000100331c8     guideXOS.obj
 0003:000051c8       guideXOS_guideXOS_API__API_Lock 00000000100331c8     guideXOS.obj
 0003:000051f0       Unlock                     00000000100331f0     guideXOS.obj
 0003:000051f0       guideXOS_guideXOS_API__API_Unlock 00000000100331f0     guideXOS.obj
 0003:00005230       guideXOS_guideXOS_API__API_DrawPoint 0000000010033230     guideXOS.obj
 0003:00005264       guideXOS_guideXOS_API__API_SwitchToConsoleMode 0000000010033264     guideXOS.obj
 0003:0000526c       guideXOS_guideXOS_API__API_ReadAllBytes 000000001003326c     guideXOS.obj
 0003:00005374       guideXOS_guideXOS_API__API_Sleep 0000000010033374     guideXOS.obj
 0003:0000537c       guideXOS_guideXOS_API__API_GetTick 000000001003337c     guideXOS.obj
 0003:00005390       guideXOS_guideXOS_API__API_Write 0000000010033390     guideXOS.obj
 0003:0000539c       guideXOS_guideXOS_API__API_WriteLine 000000001003339c     guideXOS.obj
 0003:000053a4       guideXOS_guideXOS_API__API_Allocate 00000000100333a4     guideXOS.obj
 0003:000053ac       guideXOS_guideXOS_API__API_Free 00000000100333ac     guideXOS.obj
 0003:000053b4       guideXOS_guideXOS_API__API_Reallocate 00000000100333b4     guideXOS.obj
 0003:000053bc       guideXOS_guideXOS_API__SayHello 00000000100333bc     guideXOS.obj
 0003:000053c8       guideXOS_guideXOS_Kbd2Mouse__OnKeyChanged 00000000100333c8     guideXOS.obj
 0003:00005554       guideXOS_guideXOS_ASC16__DrawString 0000000010033554     guideXOS.obj
 0003:000055a4       guideXOS_guideXOS_ASC16__DrawChar 00000000100335a4     guideXOS.obj
 0003:00005638       guideXOS_guideXOS_Console__add_OnWrite 0000000010033638     guideXOS.obj
 0003:000056c4       guideXOS_guideXOS_Console__Setup 00000000100336c4     guideXOS.obj
 0003:0000577c       guideXOS_guideXOS_Console__Write 000000001003377c     guideXOS.obj
 0003:00005828       guideXOS_guideXOS_Console__Write_0 0000000010033828     guideXOS.obj
 0003:000058ac       guideXOS_guideXOS_Console__WriteFramebuffer 00000000100338ac     guideXOS.obj
 0003:000059b8       guideXOS_guideXOS_Console__MoveUp 00000000100339b8     guideXOS.obj
 0003:000059ec       guideXOS_guideXOS_Console__MoveUpFramebuffer 00000000100339ec     guideXOS.obj
 0003:00005a98       guideXOS_guideXOS_Console__UpdateCursorFramebuffer 0000000010033a98     guideXOS.obj
 0003:00005b48       guideXOS_guideXOS_Console__WriteLine 0000000010033b48     guideXOS.obj
 0003:00005be4       guideXOS_guideXOS_Console__WriteLine_0 0000000010033be4     guideXOS.obj
 0003:00005c28       guideXOS_guideXOS_Console__Clear 0000000010033c28     guideXOS.obj
 0003:00005c44       guideXOS_guideXOS_Console__ClearFramebuffer 0000000010033c44     guideXOS.obj
 0003:00005d00       guideXOS_guideXOS_PageTable__Initialise 0000000010033d00     guideXOS.obj
 0003:00005dd4       guideXOS_guideXOS_PageTable__GetPageInternal 0000000010033dd4     guideXOS.obj
 0003:00005e90       guideXOS_guideXOS_PageTable__MapOnRoot 0000000010033e90     guideXOS.obj
 0003:00005f20       guideXOS_guideXOS_PageTable__Next_0 0000000010033f20     guideXOS.obj
 0003:00005ff0       guideXOS_guideXOS_Intel825xx__Initialize 0000000010033ff0     guideXOS.obj
 0003:00006688       guideXOS_guideXOS_Intel825xx__Reset 0000000010034688     guideXOS.obj
 0003:000066b8       guideXOS_guideXOS_Intel825xx__TXsetup 00000000100346b8     guideXOS.obj
 0003:00006728       guideXOS_guideXOS_Intel825xx__RXsetup 0000000010034728     guideXOS.obj
 0003:000067c0       guideXOS_guideXOS_Intel825xx__ReadROM 00000000100347c0     guideXOS.obj
 0003:000067f4       guideXOS_guideXOS_Intel825xx__OnInterrupt 00000000100347f4     guideXOS.obj
 0003:00006868       guideXOS_guideXOS_Intel825xx__Linkup 0000000010034868     guideXOS.obj
 0003:000068a0       guideXOS_guideXOS_Intel825xx__Send 00000000100348a0     guideXOS.obj
 0003:00006900       guideXOS_guideXOS_NETv4__Initialize 0000000010034900     guideXOS.obj
 0003:000069e8       guideXOS_guideXOS_NETv4__SwapLeftRight 00000000100349e8     guideXOS.obj
 0003:00006a04       guideXOS_guideXOS_NETv4__SwapLeftRight_0 0000000010034a04     guideXOS.obj
 0003:00006a34       guideXOS_guideXOS_NETv4__SwapLeftRight_1 0000000010034a34     guideXOS.obj
 0003:00006a50       guideXOS_guideXOS_NETv4__SwapLeftRight_2 0000000010034a50     guideXOS.obj
 0003:00006a8c       guideXOS_guideXOS_NETv4__OnData 0000000010034a8c     guideXOS.obj
 0003:00006ae0       guideXOS_guideXOS_NETv4__DNSQuery 0000000010034ae0     guideXOS.obj
 0003:00006fdc       guideXOS_guideXOS_NETv4__DHCPDiscover 0000000010034fdc     guideXOS.obj
 0003:000074fc       guideXOS_guideXOS_NETv4__MakeDHCPRequestPacket 00000000100354fc     guideXOS.obj
 0003:000075cc       guideXOS_guideXOS_NETv4__UDPBind 00000000100355cc     guideXOS.obj
 0003:00007628       guideXOS_guideXOS_NETv4__UDPSend 0000000010035628     guideXOS.obj
 0003:0000778c       guideXOS_guideXOS_NETv4__MakeUDPPacket 000000001003578c     guideXOS.obj
 0003:0000789c       guideXOS_guideXOS_NETv4__UDPOnData 000000001003589c     guideXOS.obj
 0003:000079ac       guideXOS_guideXOS_NETv4__TCPOnData 00000000100359ac     guideXOS.obj
 0003:00007fd0       guideXOS_guideXOS_NETv4__TCPConnect 0000000010035fd0     guideXOS.obj
 0003:00008070       guideXOS_guideXOS_NETv4__TCPClose 0000000010036070     guideXOS.obj
 0003:000080a8       guideXOS_guideXOS_NETv4__TCPSendData 00000000100360a8     guideXOS.obj
 0003:00008138       guideXOS_guideXOS_NETv4__TCPSend 0000000010036138     guideXOS.obj
 0003:00008290       guideXOS_guideXOS_NETv4__MakeTCPPacket 0000000010036290     guideXOS.obj
 0003:00008454       guideXOS_guideXOS_NETv4__IPOnData 0000000010036454     guideXOS.obj
 0003:00008588       guideXOS_guideXOS_NETv4__MakeIPPacket 0000000010036588     guideXOS.obj
 0003:000085f0       guideXOS_guideXOS_NETv4__IPChecksum 00000000100365f0     guideXOS.obj
 0003:00008640       guideXOS_guideXOS_NETv4__ICMPOnData 0000000010036640     guideXOS.obj
 0003:000087b4       guideXOS_guideXOS_NETv4__ICMPPing 00000000100367b4     guideXOS.obj
 0003:00008920       guideXOS_guideXOS_NETv4__ARPLookup 0000000010036920     guideXOS.obj
 0003:00008aac       guideXOS_guideXOS_NETv4__ARPOnData 0000000010036aac     guideXOS.obj
 0003:00008ccc       guideXOS_guideXOS_NETv4__MakeARPPacket 0000000010036ccc     guideXOS.obj
 0003:00008d44       guideXOS_guideXOS_NETv4__ARPRequire 0000000010036d44     guideXOS.obj
 0003:00008e48       guideXOS_guideXOS_NETv4__MakeEthernetPacket 0000000010036e48     guideXOS.obj
 0003:00008e88       guideXOS_guideXOS_RTL8111__Initialize 0000000010036e88     guideXOS.obj
 0003:000094e8       guideXOS_guideXOS_RTL8111__ResetRXDesc 00000000100374e8     guideXOS.obj
 0003:00009520       guideXOS_guideXOS_RTL8111__Send 0000000010037520     guideXOS.obj
 0003:000095e0       guideXOS_guideXOS_RTL8111__OnInterrupt 00000000100375e0     guideXOS.obj
 0003:000096b0       guideXOS_guideXOS_SMP__ApplicationProcessorMain 00000000100376b0     guideXOS.obj
 0003:0000974c       guideXOS_guideXOS_SMP__Initialize 000000001003774c     guideXOS.obj
 0003:000098dc       guideXOS_guideXOS_Network_Http__NextEphemeralPort 00000000100378dc     guideXOS.obj
 0003:00009910       guideXOS_guideXOS_Network_Http__PostJson 0000000010037910     guideXOS.obj
 0003:000099a0       guideXOS_guideXOS_Network_Http__BuildPost 00000000100379a0     guideXOS.obj
 0003:00009b84       guideXOS_guideXOS_Network_Http__Send 0000000010037b84     guideXOS.obj
 0003:0000a108       guideXOS_guideXOS_Network_Http__Resolve 0000000010038108     guideXOS.obj
 0003:0000a200       guideXOS_guideXOS_Network_Http__IsZero 0000000010038200     guideXOS.obj
 0003:0000a220       guideXOS_guideXOS_Network_Http__EqualsIp 0000000010038220     guideXOS.obj
 0003:0000a260       guideXOS_guideXOS_Network_Http__ReceiveAll 0000000010038260     guideXOS.obj
 0003:0000a3a0       guideXOS_guideXOS_Network_Http__IsHttpComplete 00000000100383a0     guideXOS.obj
 0003:0000a514       guideXOS_guideXOS_Network_Http__HeaderContentLengthBytes 0000000010038514     guideXOS.obj
 0003:0000a5b4       guideXOS_guideXOS_Network_Http__HeaderChunkedBytes 00000000100385b4     guideXOS.obj
 0003:0000a5fc       guideXOS_guideXOS_Network_Http__ParseHttp 00000000100385fc     guideXOS.obj
 0003:0000aa30       guideXOS_guideXOS_Network_Http__DecodeChunked 0000000010038a30     guideXOS.obj
 0003:0000ab8c       guideXOS_guideXOS_Network_Http__IndexOf 0000000010038b8c     guideXOS.obj
 0003:0000abf4       guideXOS_guideXOS_Network_Http__Match 0000000010038bf4     guideXOS.obj
 0003:0000aca8       guideXOS_guideXOS_Network_Http__ToAsciiBytes 0000000010038ca8     guideXOS.obj
 0003:0000ad30       guideXOS_guideXOS_Network_Http__BytesToAscii_0 0000000010038d30     guideXOS.obj
 0003:0000ade4       guideXOS_guideXOS_Network_Http__SetHeader 0000000010038de4     guideXOS.obj
 0003:0000aea8       guideXOS_guideXOS_Network_Http__GetHeader 0000000010038ea8     guideXOS.obj
 0003:0000af10       guideXOS_guideXOS_Network_Http__EqualsIgnoreCase 0000000010038f10     guideXOS.obj
 0003:0000af80       guideXOS_guideXOS_Network_Http__IndexOfIgnoreCase 0000000010038f80     guideXOS.obj
 0003:0000b000       guideXOS_guideXOS_Network_Http__IndexOf_0 0000000010039000     guideXOS.obj
 0003:0000b02c       guideXOS_guideXOS_Network_Http__HasPrefix 000000001003902c     guideXOS.obj
 0003:0000b064       guideXOS_guideXOS_Network_Http__TrimSpaces 0000000010039064     guideXOS.obj
 0003:0000b0c0       guideXOS_guideXOS_Network_Http__ParseInt 00000000100390c0     guideXOS.obj
 0003:0000b0f4       guideXOS_guideXOS_Network_Http__ParseIntToString 00000000100390f4     guideXOS.obj
 0003:0000b224       guideXOS_guideXOS_Network_Http__ParseHex 0000000010039224     guideXOS.obj
 0003:0000b27c       guideXOS_guideXOS_Misc_Audio__Initialize 000000001003927c     guideXOS.obj
 0003:0000b2ac       guideXOS_guideXOS_Misc_Audio__snd_write 00000000100392ac     guideXOS.obj
 0003:0000b2ac       snd_write                  00000000100392ac     guideXOS.obj
 0003:0000b394       guideXOS_guideXOS_Misc_Audio__snd_clear 0000000010039394     guideXOS.obj
 0003:0000b394       snd_clear                  0000000010039394     guideXOS.obj
 0003:0000b3a8       guideXOS_guideXOS_Misc_Audio__require 00000000100393a8     guideXOS.obj
 0003:0000b4a4       guideXOS_guideXOS_Misc_Bitmap___ctor 00000000100394a4     guideXOS.obj
[...]
 0008:00000262       __E2E33A61_corecrt_wstdlib@h 00000000101e9262     NativeLib:ffunicode.obj
 0008:00000263       __10D4A829_limits@h        00000000101e9263     NativeLib:ffunicode.obj
 0008:00000264       __6E5ACABA_stdlib@h        00000000101e9264     NativeLib:ffunicode.obj
 0008:00000265       __30B1AFDA_unknwnbase@h    00000000101e9265     NativeLib:ffunicode.obj
 0008:00000266       __328C1996_objidlbase@h    00000000101e9266     NativeLib:ffunicode.obj
 0008:00000267       __C4E06B6A_cguid@h         00000000101e9267     NativeLib:ffunicode.obj
 0008:00000268       __434718C5_combaseapi@h    00000000101e9268     NativeLib:ffunicode.obj
 0008:00000269       __DE6FDEF1_unknwn@h        00000000101e9269     NativeLib:ffunicode.obj
 0008:0000026a       __CCE0BACC_objidl@h        00000000101e926a     NativeLib:ffunicode.obj
 0008:0000026b       __8C7011E5_oaidl@h         00000000101e926b     NativeLib:ffunicode.obj
 0008:0000026c       __2E0B7863_propidlbase@h   00000000101e926c     NativeLib:ffunicode.obj
 0008:0000026d       __BF4CF2EC_coml2api@h      00000000101e926d     NativeLib:ffunicode.obj
 0008:0000026e       __6D897344_oleidl@h        00000000101e926e     NativeLib:ffunicode.obj
 0008:0000026f       __1129FC2C_servprov@h      00000000101e926f     NativeLib:ffunicode.obj
 0008:00000270       __757952E4_msxml@h         00000000101e9270     NativeLib:ffunicode.obj
 0008:00000271       __B1191D53_urlmon@h        00000000101e9271     NativeLib:ffunicode.obj
 0008:00000272       __404D1A47_propidl@h       00000000101e9272     NativeLib:ffunicode.obj
 0008:00000273       __A1C63593_objbase@h       00000000101e9273     NativeLib:ffunicode.obj
 0008:00000274       __C1B0A9CB_oleauto@h       00000000101e9274     NativeLib:ffunicode.obj
 0008:00000275       __24EAF61F_ole2@h          00000000101e9275     NativeLib:ffunicode.obj
 0008:00000276       __2B1843DA_commdlg@h       00000000101e9276     NativeLib:ffunicode.obj
 0008:00000277       __81DDEDE3_stralign@h      00000000101e9277     NativeLib:ffunicode.obj
 0008:00000278       __2134D1B4_winsvc@h        00000000101e9278     NativeLib:ffunicode.obj
 0008:00000279       __11C07376_mcx@h           00000000101e9279     NativeLib:ffunicode.obj
 0008:0000027a       __577CE3E7_ime_cmodes@h    00000000101e927a     NativeLib:ffunicode.obj
 0008:0000027b       __1E72C31E_imm@h           00000000101e927b     NativeLib:ffunicode.obj
 0008:0000027c       __E15BF856_windows@h       00000000101e927c     NativeLib:ffunicode.obj
 0008:0000027d       __44420885_corecrt_stdio_config@h 00000000101e927d     NativeLib:ffunicode.obj
 0008:0000027e       __EF1F6BBA_corecrt_wconio@h 00000000101e927e     NativeLib:ffunicode.obj
 0008:0000027f       __3D1D430C_corecrt_wdirect@h 00000000101e927f     NativeLib:ffunicode.obj
 0008:00000280       __8ECB7138_corecrt_share@h 00000000101e9280     NativeLib:ffunicode.obj
 0008:00000281       __DB7FEBA6_corecrt_wio@h   00000000101e9281     NativeLib:ffunicode.obj
 0008:00000282       __9A9F0068_corecrt_wprocess@h 00000000101e9282     NativeLib:ffunicode.obj
 0008:00000283       __AB601D8D_corecrt_wstdio@h 00000000101e9283     NativeLib:ffunicode.obj
 0008:00000284       __369A9BC3_corecrt_wtime@h 00000000101e9284     NativeLib:ffunicode.obj
 0008:00000285       __CE789B9D_types@h         00000000101e9285     NativeLib:ffunicode.obj
 0008:00000286       __9901C817_stat@h          00000000101e9286     NativeLib:ffunicode.obj
 0008:00000287       __3FCAD62E_wchar@h         00000000101e9287     NativeLib:ffunicode.obj
 0008:00000288       __0E22CCB3_tchar@h         00000000101e9288     NativeLib:ffunicode.obj
 0008:00000289       __4CCC6929_integer@h       00000000101e9289     NativeLib:ffunicode.obj
 0008:0000028a       __ED2A062E_ffconf@h        00000000101e928a     NativeLib:ffunicode.obj
 0008:0000028b       __A5A085C2_ff@h            00000000101e928b     NativeLib:ffunicode.obj
 0008:0000028c       __87CD6F4B_ffunicode@c     00000000101e928c     NativeLib:ffunicode.obj
 0008:0000028d       __0ED14FEE_winpackagefamily@h 00000000101e928d     NativeLib:diskio.obj
 0008:0000028e       __F92EF742_winapifamily@h  00000000101e928e     NativeLib:diskio.obj
 0008:0000028f       __22E515EB_sdkddkver@h     00000000101e928f     NativeLib:diskio.obj
 0008:00000290       __FE09AF47_concurrencysal@h 00000000101e9290     NativeLib:diskio.obj
 0008:00000291       __C073CA79_sal@h           00000000101e9291     NativeLib:diskio.obj
 0008:00000292       __D6AFE870_vadefs@h        00000000101e9292     NativeLib:diskio.obj
 0008:00000293       __D63E96CF_vcruntime@h     00000000101e9293     NativeLib:diskio.obj
 0008:00000294       __514B86D7_excpt@h         00000000101e9294     NativeLib:diskio.obj
 0008:00000295       __9A7D38D9_stdarg@h        00000000101e9295     NativeLib:diskio.obj
 0008:00000296       __29F49F40_specstrings_undef@h 00000000101e9296     NativeLib:diskio.obj
 0008:00000297       __D0F42932_specstrings_strict@h 00000000101e9297     NativeLib:diskio.obj
 0008:00000298       __F00405FD_sdv_driverspecs@h 00000000101e9298     NativeLib:diskio.obj
 0008:00000299       __173E09CA_driverspecs@h   00000000101e9299     NativeLib:diskio.obj
 0008:0000029a       __9A452361_specstrings@h   00000000101e929a     NativeLib:diskio.obj
 0008:0000029b       __1B0272D9_corecrt@h       00000000101e929b     NativeLib:diskio.obj
 0008:0000029c       __74484FB3_corecrt_wctype@h 00000000101e929c     NativeLib:diskio.obj
 0008:0000029d       __1EC467ED_ctype@h         00000000101e929d     NativeLib:diskio.obj
 0008:0000029e       __98517906_kernelspecs@h   00000000101e929e     NativeLib:diskio.obj
 0008:0000029f       __D3497022_basetsd@h       00000000101e929f     NativeLib:diskio.obj
 0008:000002a0       __61CC25A1_errno@h         00000000101e92a0     NativeLib:diskio.obj
 0008:000002a1       __3EADF068_vcruntime_string@h 00000000101e92a1     NativeLib:diskio.obj
 0008:000002a2       __E4C945B4_corecrt_memcpy_s@h 00000000101e92a2     NativeLib:diskio.obj
 0008:000002a3       __8EAFF484_corecrt_memory@h 00000000101e92a3     NativeLib:diskio.obj
 0008:000002a4       __6490AEC5_corecrt_wstring@h 00000000101e92a4     NativeLib:diskio.obj
 0008:000002a5       __E8295E1E_string@h        00000000101e92a5     NativeLib:diskio.obj
 0008:000002a6       __7FCB5136_guiddef@h       00000000101e92a6     NativeLib:diskio.obj
 0008:000002a7       __FF8A9E11_pshpack4@h      00000000101e92a7     NativeLib:diskio.obj
 0008:000002a8       __D5438902_poppack@h       00000000101e92a8     NativeLib:diskio.obj
 0008:000002a9       __FB07E2A3_pshpack2@h      00000000101e92a9     NativeLib:diskio.obj
 0008:000002aa       __F6906775_pshpack8@h      00000000101e92aa     NativeLib:diskio.obj
 0008:000002ab       __F9415CFA_pshpack1@h      00000000101e92ab     NativeLib:diskio.obj
 0008:000002ac       __E58C6F1C_apiset@h        00000000101e92ac     NativeLib:diskio.obj
 0008:000002ad       __A5C52262_ktmtypes@h      00000000101e92ad     NativeLib:diskio.obj
 0008:000002ae       __FBBA8F9D_winnt@h         00000000101e92ae     NativeLib:diskio.obj
 0008:000002af       __A32D3D2C_minwindef@h     00000000101e92af     NativeLib:diskio.obj
 0008:000002b0       __7D798299_windef@h        00000000101e92b0     NativeLib:diskio.obj
 0008:000002b1       __9AE108E9_apisetcconv@h   00000000101e92b1     NativeLib:diskio.obj
 0008:000002b2       __9CE53D2C_minwinbase@h    00000000101e92b2     NativeLib:diskio.obj
 0008:000002b3       __5D0AA210_apiquery2@h     00000000101e92b3     NativeLib:diskio.obj
 0008:000002b4       __4DD4E726_processenv@h    00000000101e92b4     NativeLib:diskio.obj
 0008:000002b5       __3575CC96_fileapi@h       00000000101e92b5     NativeLib:diskio.obj
 0008:000002b6       __8EA220E6_fileapifromapp@h 00000000101e92b6     NativeLib:diskio.obj
 0008:000002b7       __BF9B31FE_debugapi@h      00000000101e92b7     NativeLib:diskio.obj
 0008:000002b8       __C3AFE134_utilapiset@h    00000000101e92b8     NativeLib:diskio.obj
 0008:000002b9       __76F69E51_handleapi@h     00000000101e92b9     NativeLib:diskio.obj
 0008:000002ba       __7E63D784_errhandlingapi@h 00000000101e92ba     NativeLib:diskio.obj
 0008:000002bb       __FFA7003C_fibersapi@h     00000000101e92bb     NativeLib:diskio.obj
 0008:000002bc       __8971CECF_namedpipeapi@h  00000000101e92bc     NativeLib:diskio.obj
 0008:000002bd       __46C9D8A6_profileapi@h    00000000101e92bd     NativeLib:diskio.obj
 0008:000002be       __98D4F0A3_heapapi@h       00000000101e92be     NativeLib:diskio.obj
 0008:000002bf       __50EF2A88_ioapiset@h      00000000101e92bf     NativeLib:diskio.obj
 0008:000002c0       __92EA1464_synchapi@h      00000000101e92c0     NativeLib:diskio.obj
 0008:000002c1       __A53D8AED_interlockedapi@h 00000000101e92c1     NativeLib:diskio.obj
 0008:000002c2       __B506CAAF_processthreadsapi@h 00000000101e92c2     NativeLib:diskio.obj
 0008:000002c3       __FF735694_sysinfoapi@h    00000000101e92c3     NativeLib:diskio.obj
 0008:000002c4       __29589789_memoryapi@h     00000000101e92c4     NativeLib:diskio.obj
 0008:000002c5       __E9C7A663_enclaveapi@h    00000000101e92c5     NativeLib:diskio.obj
 0008:000002c6       __D035F9F7_threadpoollegacyapiset@h 00000000101e92c6     NativeLib:diskio.obj
 0008:000002c7       __C899130C_threadpoolapiset@h 00000000101e92c7     NativeLib:diskio.obj
 0008:000002c8       __E0441EE7_jobapi@h        00000000101e92c8     NativeLib:diskio.obj
 0008:000002c9       __CEF86838_jobapi2@h       00000000101e92c9     NativeLib:diskio.obj
 0008:000002ca       __35AC6B9A_wow64apiset@h   00000000101e92ca     NativeLib:diskio.obj
 0008:000002cb       __C8AE41A5_libloaderapi@h  00000000101e92cb     NativeLib:diskio.obj
 0008:000002cc       __CC9E232D_securitybaseapi@h 00000000101e92cc     NativeLib:diskio.obj
 0008:000002cd       __C9D0C9B8_namespaceapi@h  00000000101e92cd     NativeLib:diskio.obj
 0008:000002ce       __30FF9CAD_systemtopologyapi@h 00000000101e92ce     NativeLib:diskio.obj
 0008:000002cf       __4D358795_processtopologyapi@h 00000000101e92cf     NativeLib:diskio.obj
 0008:000002d0       __40446D10_securityappcontainer@h 00000000101e92d0     NativeLib:diskio.obj
 0008:000002d1       __3A952EDF_realtimeapiset@h 00000000101e92d1     NativeLib:diskio.obj
 0008:000002d2       __F4865F4B_winerror@h      00000000101e92d2     NativeLib:diskio.obj
 0008:000002d3       __53C1BD93_timezoneapi@h   00000000101e92d3     NativeLib:diskio.obj
 0008:000002d4       __1FFBEDBF_winbase@h       00000000101e92d4     NativeLib:diskio.obj
 0008:000002d5       __43D3FA34_wingdi@h        00000000101e92d5     NativeLib:diskio.obj
 0008:000002d6       __D24A7391_tvout@h         00000000101e92d6     NativeLib:diskio.obj
 0008:000002d7       __7713A6C8_winuser@h       00000000101e92d7     NativeLib:diskio.obj
 0008:000002d8       __0B345F71_datetimeapi@h   00000000101e92d8     NativeLib:diskio.obj
 0008:000002d9       __9AC6960C_winnls@h        00000000101e92d9     NativeLib:diskio.obj
 0008:000002da       __973A40A8_stringapiset@h  00000000101e92da     NativeLib:diskio.obj
 0008:000002db       __CC46FEE2_wincontypes@h   00000000101e92db     NativeLib:diskio.obj
 0008:000002dc       __97D70BE1_consoleapi@h    00000000101e92dc     NativeLib:diskio.obj
 0008:000002dd       __27EC5E18_consoleapi2@h   00000000101e92dd     NativeLib:diskio.obj
 0008:000002de       __262E342F_consoleapi3@h   00000000101e92de     NativeLib:diskio.obj
 0008:000002df       __641DCD70_wincon@h        00000000101e92df     NativeLib:diskio.obj
 0008:000002e0       __5A96C7A7_verrsrc@h       00000000101e92e0     NativeLib:diskio.obj
 0008:000002e1       __B69C6FF2_winver@h        00000000101e92e1     NativeLib:diskio.obj
 0008:000002e2       __7AEB8C37_reason@h        00000000101e92e2     NativeLib:diskio.obj
 0008:000002e3       __59F1A8A9_winreg@h        00000000101e92e3     NativeLib:diskio.obj
 0008:000002e4       __EE0E2B7F_wnnc@h          00000000101e92e4     NativeLib:diskio.obj
 0008:000002e5       __DCDB7054_winnetwk@h      00000000101e92e5     NativeLib:diskio.obj
 0008:000002e6       __EDC72EEB_cderr@h         00000000101e92e6     NativeLib:diskio.obj
 0008:000002e7       __95F9199D_dde@h           00000000101e92e7     NativeLib:diskio.obj
 0008:000002e8       __66427627_ddeml@h         00000000101e92e8     NativeLib:diskio.obj
 0008:000002e9       __957C29A0_dlgs@h          00000000101e92e9     NativeLib:diskio.obj
 0008:000002ea       __12EA15AF_lzexpand@h      00000000101e92ea     NativeLib:diskio.obj
 0008:000002eb       __62131F15_mmsyscom@h      00000000101e92eb     NativeLib:diskio.obj
 0008:000002ec       __47E68D49_mciapi@h        00000000101e92ec     NativeLib:diskio.obj
 0008:000002ed       __5D7DD356_mmiscapi@h      00000000101e92ed     NativeLib:diskio.obj
 0008:000002ee       __7223D2EF_mmiscapi2@h     00000000101e92ee     NativeLib:diskio.obj
 0008:000002ef       __A330DBB3_playsoundapi@h  00000000101e92ef     NativeLib:diskio.obj
 0008:000002f0       __601B366F_mmeapi@h        00000000101e92f0     NativeLib:diskio.obj
 0008:000002f1       __1134ADD5_timeapi@h       00000000101e92f1     NativeLib:diskio.obj
 0008:000002f2       __93F2265A_joystickapi@h   00000000101e92f2     NativeLib:diskio.obj
 0008:000002f3       __DF6EB4E3_mmsystem@h      00000000101e92f3     NativeLib:diskio.obj
 0008:000002f4       __BD641FCB_nb30@h          00000000101e92f4     NativeLib:diskio.obj
 0008:000002f5       __DF8704F0_rpcdcep@h       00000000101e92f5     NativeLib:diskio.obj
 0008:000002f6       __5C6CA7BB_rpcdce@h        00000000101e92f6     NativeLib:diskio.obj
 0008:000002f7       __853533C4_rpcnsi@h        00000000101e92f7     NativeLib:diskio.obj
 0008:000002f8       __2D2406C3_rpcnterr@h      00000000101e92f8     NativeLib:diskio.obj
 0008:000002f9       __64521D71_rpcasync@h      00000000101e92f9     NativeLib:diskio.obj
 0008:000002fa       __AADCBA08_rpc@h           00000000101e92fa     NativeLib:diskio.obj
 0008:000002fb       __19E26CFF_shellapi@h      00000000101e92fb     NativeLib:diskio.obj
 0008:000002fc       __1E9F31D3_winperf@h       00000000101e92fc     NativeLib:diskio.obj
 0008:000002fd       __832A4112_inaddr@h        00000000101e92fd     NativeLib:diskio.obj
 0008:000002fe       __32C6F875_winsock@h       00000000101e92fe     NativeLib:diskio.obj
 0008:000002ff       __7953A3F8_bcrypt@h        00000000101e92ff     NativeLib:diskio.obj
 0008:00000300       __E4169492_ncrypt@h        00000000101e9300     NativeLib:diskio.obj
 0008:00000301       __AF3DDDC3_dpapi@h         00000000101e9301     NativeLib:diskio.obj
 0008:00000302       __D1E23BF2_wincrypt@h      00000000101e9302     NativeLib:diskio.obj
 0008:00000303       __82AB4779_winefs@h        00000000101e9303     NativeLib:diskio.obj
 0008:00000304       __1FE431C9_rpcnsip@h       00000000101e9304     NativeLib:diskio.obj
 0008:00000305       __2B741F2D_rpcsal@h        00000000101e9305     NativeLib:diskio.obj
 0008:00000306       __92623256_rpcndr@h        00000000101e9306     NativeLib:diskio.obj
 0008:00000307       __9C18532E_wtypesbase@h    00000000101e9307     NativeLib:diskio.obj
 0008:00000308       __EA2E1D6D_wtypes@h        00000000101e9308     NativeLib:diskio.obj
 0008:00000309       __7DDD9F45_winioctl@h      00000000101e9309     NativeLib:diskio.obj
 0008:0000030a       __E550A843_winsmcrd@h      00000000101e930a     NativeLib:diskio.obj
 0008:0000030b       __9809C1BA_winscard@h      00000000101e930b     NativeLib:diskio.obj
 0008:0000030c       __EA174FA4_prsht@h         00000000101e930c     NativeLib:diskio.obj
 0008:0000030d       __0E1BD114_winspool@h      00000000101e930d     NativeLib:diskio.obj
 0008:0000030e       __45DED006_corecrt_malloc@h 00000000101e930e     NativeLib:diskio.obj
 0008:0000030f       __13F5961F_stddef@h        00000000101e930f     NativeLib:diskio.obj
 0008:00000310       __FD6DBD68_corecrt_search@h 00000000101e9310     NativeLib:diskio.obj
 0008:00000311       __E2E33A61_corecrt_wstdlib@h 00000000101e9311     NativeLib:diskio.obj
 0008:00000312       __10D4A829_limits@h        00000000101e9312     NativeLib:diskio.obj
 0008:00000313       __6E5ACABA_stdlib@h        00000000101e9313     NativeLib:diskio.obj
 0008:00000314       __30B1AFDA_unknwnbase@h    00000000101e9314     NativeLib:diskio.obj
 0008:00000315       __328C1996_objidlbase@h    00000000101e9315     NativeLib:diskio.obj
 0008:00000316       __C4E06B6A_cguid@h         00000000101e9316     NativeLib:diskio.obj
 0008:00000317       __434718C5_combaseapi@h    00000000101e9317     NativeLib:diskio.obj
 0008:00000318       __DE6FDEF1_unknwn@h        00000000101e9318     NativeLib:diskio.obj
 0008:00000319       __CCE0BACC_objidl@h        00000000101e9319     NativeLib:diskio.obj
 0008:0000031a       __8C7011E5_oaidl@h         00000000101e931a     NativeLib:diskio.obj
 0008:0000031b       __2E0B7863_propidlbase@h   00000000101e931b     NativeLib:diskio.obj
 0008:0000031c       __BF4CF2EC_coml2api@h      00000000101e931c     NativeLib:diskio.obj
 0008:0000031d       __6D897344_oleidl@h        00000000101e931d     NativeLib:diskio.obj
 0008:0000031e       __1129FC2C_servprov@h      00000000101e931e     NativeLib:diskio.obj
 0008:0000031f       __757952E4_msxml@h         00000000101e931f     NativeLib:diskio.obj
 0008:00000320       __B1191D53_urlmon@h        00000000101e9320     NativeLib:diskio.obj
 0008:00000321       __404D1A47_propidl@h       00000000101e9321     NativeLib:diskio.obj
 0008:00000322       __A1C63593_objbase@h       00000000101e9322     NativeLib:diskio.obj
 0008:00000323       __C1B0A9CB_oleauto@h       00000000101e9323     NativeLib:diskio.obj
 0008:00000324       __24EAF61F_ole2@h          00000000101e9324     NativeLib:diskio.obj
 0008:00000325       __2B1843DA_commdlg@h       00000000101e9325     NativeLib:diskio.obj
 0008:00000326       __81DDEDE3_stralign@h      00000000101e9326     NativeLib:diskio.obj
 0008:00000327       __2134D1B4_winsvc@h        00000000101e9327     NativeLib:diskio.obj
 0008:00000328       __11C07376_mcx@h           00000000101e9328     NativeLib:diskio.obj
 0008:00000329       __577CE3E7_ime_cmodes@h    00000000101e9329     NativeLib:diskio.obj
 0008:0000032a       __1E72C31E_imm@h           00000000101e932a     NativeLib:diskio.obj
 0008:0000032b       __E15BF856_windows@h       00000000101e932b     NativeLib:diskio.obj
 0008:0000032c       __44420885_corecrt_stdio_config@h 00000000101e932c     NativeLib:diskio.obj
 0008:0000032d       __EF1F6BBA_corecrt_wconio@h 00000000101e932d     NativeLib:diskio.obj
 0008:0000032e       __3D1D430C_corecrt_wdirect@h 00000000101e932e     NativeLib:diskio.obj
 0008:0000032f       __8ECB7138_corecrt_share@h 00000000101e932f     NativeLib:diskio.obj
 0008:00000330       __DB7FEBA6_corecrt_wio@h   00000000101e9330     NativeLib:diskio.obj
 0008:00000331       __9A9F0068_corecrt_wprocess@h 00000000101e9331     NativeLib:diskio.obj
 0008:00000332       __AB601D8D_corecrt_wstdio@h 00000000101e9332     NativeLib:diskio.obj
 0008:00000333       __369A9BC3_corecrt_wtime@h 00000000101e9333     NativeLib:diskio.obj
 0008:00000334       __CE789B9D_types@h         00000000101e9334     NativeLib:diskio.obj
 0008:00000335       __9901C817_stat@h          00000000101e9335     NativeLib:diskio.obj
 0008:00000336       __3FCAD62E_wchar@h         00000000101e9336     NativeLib:diskio.obj
 0008:00000337       __0E22CCB3_tchar@h         00000000101e9337     NativeLib:diskio.obj
 0008:00000338       __4CCC6929_integer@h       00000000101e9338     NativeLib:diskio.obj
 0008:00000339       __3D17D6D7_diskio@h        00000000101e9339     NativeLib:diskio.obj
 0008:0000033a       __AAC50F5F_diskio@c        00000000101e933a     NativeLib:diskio.obj
 0009:000000a0       $R000000                   00000000101ea0a0     guideXOS.res
 0009:000002f0       $R000250                   00000000101ea2f0     guideXOS.res
