 guideXOS

 Timestamp is 6919ee9e (Sun Nov 16 07:32:46 2025)

 Preferred load address is 0000000010000000

 Start         Length     Name                   Class
 0001:00000000 00000540H .text                   CODE
 0001:00000540 0002ae31H .text$mn                CODE
 0002:00000000 00000045H .unbox$M                CODE
 0003:00000000 000593b8H .managedcode$I          CODE
 0004:00000000 0003c8f0H .rdata                  DATA
 0004:0003c8f0 00000018H .rdata$voltmd           DATA
 0004:0003c908 0000019cH .rdata$zzzdbg           DATA
 0004:0003caa4 00010368H .xdata                  DATA
 0004:0004ce0c 00000000H .edata                  DATA
 0005:00000000 001c6460H .data                   DATA
 0005:001c6460 000018c0H .bss                    DATA
 0006:00000000 00004590H .pdata                  DATA
 0007:00000000 00000008H .modules$I              DATA
 0008:00000000 0000033bH .msvcjmc                DATA
 0009:00000000 000000a0H .rsrc$01                DATA
 0009:000000a0 00000440H .rsrc$02                DATA

  Address         Publics by Value              Rva+Base               Lib:Object

 0000:00000000       __AbsoluteZero             0000000000000000     <absolute>
 0000:00000000       ___safe_se_handler_count   0000000000000000     <absolute>
 0000:00000000       ___safe_se_handler_table   0000000000000000     <absolute>
 0000:00000000       __arm64x_extra_rfe_table   0000000000000000     <absolute>
 0000:00000000       __arm64x_extra_rfe_table_size 0000000000000000     <absolute>
 0000:00000000       __arm64x_native_entrypoint 0000000000000000     <absolute>
 0000:00000000       __arm64x_redirection_metadata 0000000000000000     <absolute>
 0000:00000000       __arm64x_redirection_metadata_count 0000000000000000     <absolute>
 0000:00000000       __dynamic_value_reloc_table 0000000000000000     <absolute>
 0000:00000000       __enclave_config           0000000000000000     <absolute>
 0000:00000000       __guard_check_icall_a64n_fptr 0000000000000000     <absolute>
 0000:00000000       __guard_eh_cont_count      0000000000000000     <absolute>
 0000:00000000       __guard_eh_cont_table      0000000000000000     <absolute>
 0000:00000000       __guard_fids_count         0000000000000000     <absolute>
 0000:00000000       __guard_fids_table         0000000000000000     <absolute>
 0000:00000000       __guard_iat_count          0000000000000000     <absolute>
 0000:00000000       __guard_iat_table          0000000000000000     <absolute>
 0000:00000000       __guard_longjmp_count      0000000000000000     <absolute>
 0000:00000000       __guard_longjmp_table      0000000000000000     <absolute>
 0000:00000000       __hybrid_auxiliary_delayload_iat 0000000000000000     <absolute>
 0000:00000000       __hybrid_auxiliary_delayload_iat_copy 0000000000000000     <absolute>
 0000:00000000       __hybrid_auxiliary_iat     0000000000000000     <absolute>
 0000:00000000       __hybrid_auxiliary_iat_copy 0000000000000000     <absolute>
 0000:00000000       __hybrid_code_map          0000000000000000     <absolute>
 0000:00000000       __hybrid_code_map_count    0000000000000000     <absolute>
 0000:00000000       __hybrid_image_info_bitfield 0000000000000000     <absolute>
 0000:00000000       __x64_code_ranges_to_entry_points 0000000000000000     <absolute>
 0000:00000000       __x64_code_ranges_to_entry_points_count 0000000000000000     <absolute>
 0000:00000100       __guard_flags              0000000000000100     <absolute>
 0000:00000000       __ImageBase                0000000010000000     <linker-defined>
 0001:00000000       __GetNonGCStaticBase_guideXOS_Program 0000000010001000     guideXOS.obj
 0001:00000008       __GetNonGCStaticBase_guideXOS_Allocator 0000000010001008     guideXOS.obj
 0001:00000010       __GetNonGCStaticBase_guideXOS_GDT 0000000010001010     guideXOS.obj
 0001:00000018       __GetNonGCStaticBase_guideXOS_IDT 0000000010001018     guideXOS.obj
 0001:00000020       __GetNonGCStaticBase_guideXOS_System_Windows_Forms_Control 0000000010001020     guideXOS.obj
 0001:00000028       __GetNonGCStaticBase_guideXOS_guideXOS_Kbd2Mouse 0000000010001028     guideXOS.obj
 0001:00000030       __GetNonGCStaticBase_guideXOS_guideXOS_Console 0000000010001030     guideXOS.obj
 0001:00000038       __GetNonGCStaticBase_guideXOS_guideXOS_PageTable 0000000010001038     guideXOS.obj
 0001:00000040       __GetNonGCStaticBase_guideXOS_guideXOS_Intel825xx 0000000010001040     guideXOS.obj
 0001:00000048       __GetNonGCStaticBase_guideXOS_guideXOS_NETv4 0000000010001048     guideXOS.obj
 0001:00000050       __GetNonGCStaticBase_guideXOS_guideXOS_RTL8111 0000000010001050     guideXOS.obj
 0001:00000058       __GetNonGCStaticBase_guideXOS_guideXOS_SMP 0000000010001058     guideXOS.obj
 0001:00000060       __GetNonGCStaticBase_guideXOS_guideXOS_Network_Http 0000000010001060     guideXOS.obj
 0001:00000068       __GetNonGCStaticBase_guideXOS_guideXOS_Misc_Audio 0000000010001068     guideXOS.obj
 0001:00000070       __GetNonGCStaticBase_guideXOS_guideXOS_Misc_BootSplash 0000000010001070     guideXOS.obj
 0001:00000078       __GetNonGCStaticBase_guideXOS_guideXOS_Misc_ThreadPool 0000000010001078     guideXOS.obj
 0001:00000080       __GetNonGCStaticBase_guideXOS_guideXOS_Misc_USB 0000000010001080     guideXOS.obj
 0001:00000088       __GetNonGCStaticBase_guideXOS_guideXOS_Kernel_Drivers_AC97 0000000010001088     guideXOS.obj
 0001:00000090       __GetNonGCStaticBase_guideXOS_guideXOS_Kernel_Drivers_ACPI 0000000010001090     guideXOS.obj
 0001:00000098       __GetNonGCStaticBase_guideXOS_guideXOS_Kernel_Drivers_DisplayManager 0000000010001098     guideXOS.obj
 0001:000000a0       __GetNonGCStaticBase_guideXOS_guideXOS_Kernel_Drivers_EHCI 00000000100010a0     guideXOS.obj
 0001:000000a8       __GetNonGCStaticBase_guideXOS_guideXOS_Kernel_Drivers_ES1371 00000000100010a8     guideXOS.obj
 0001:000000b0       __GetNonGCStaticBase_guideXOS_guideXOS_Kernel_Drivers_Framebuffer 00000000100010b0     guideXOS.obj
 0001:000000b8       __GetNonGCStaticBase_guideXOS_guideXOS_Kernel_Drivers_HID 00000000100010b8     guideXOS.obj
 0001:000000c0       __GetNonGCStaticBase_guideXOS_guideXOS_Kernel_Drivers_HPET 00000000100010c0     guideXOS.obj
 0001:000000c8       __GetNonGCStaticBase_guideXOS_guideXOS_Kernel_Drivers_Hub 00000000100010c8     guideXOS.obj
 0001:000000d0       __GetNonGCStaticBase_guideXOS_guideXOS_Kernel_Drivers_Keyboard 00000000100010d0     guideXOS.obj
 0001:000000d8       __GetNonGCStaticBase_guideXOS_guideXOS_Kernel_Drivers_PS2Keyboard 00000000100010d8     guideXOS.obj
 0001:000000e0       __GetNonGCStaticBase_guideXOS_guideXOS_Kernel_Drivers_PS2Mouse 00000000100010e0     guideXOS.obj
 0001:000000e8       __GetNonGCStaticBase_guideXOS_guideXOS_Kernel_Drivers_RTC 00000000100010e8     guideXOS.obj
 0001:000000f0       __GetNonGCStaticBase_guideXOS_guideXOS_Kernel_Drivers_SATA 00000000100010f0     guideXOS.obj
 0001:000000f8       __GetNonGCStaticBase_guideXOS_guideXOS_Kernel_Drivers_Timer 00000000100010f8     guideXOS.obj
 0001:00000100       __GetNonGCStaticBase_guideXOS_guideXOS_Kernel_Drivers_VMwareTools 0000000010001100     guideXOS.obj
 0001:00000108       __GetNonGCStaticBase_guideXOS_guideXOS_Kernel_Drivers_USBStorage 0000000010001108     guideXOS.obj
 0001:00000125       __GetNonGCStaticBase_guideXOS_guideXOS_OS_Firewall 0000000010001125     guideXOS.obj
 0001:00000142       __GetNonGCStaticBase_guideXOS_guideXOS_GUI_Busy 0000000010001142     guideXOS.obj
 0001:0000014a       __GetNonGCStaticBase_guideXOS_guideXOS_GUI_Desktop 000000001000114a     guideXOS.obj
 0001:00000152       __GetNonGCStaticBase_guideXOS_guideXOS_GUI_StartMenu 0000000010001152     guideXOS.obj
 0001:0000015a       __GetNonGCStaticBase_guideXOS_guideXOS_GUI_UISettings 000000001000115a     guideXOS.obj
 0001:00000162       __GetNonGCStaticBase_guideXOS_guideXOS_GUI_WindowManager 0000000010001162     guideXOS.obj
 0001:0000016a       __GetNonGCStaticBase_guideXOS_guideXOS_GUI_WorkspaceManager 000000001000116a     guideXOS.obj
 0001:00000187       __GetNonGCStaticBase_guideXOS_guideXOS_DefaultApps_nexIRC 0000000010001187     guideXOS.obj
 0001:0000018f       __GetNonGCStaticBase_guideXOS_guideXOS_DefaultApps_WAVPlayer 000000001000118f     guideXOS.obj
 0001:00000197       __GetNonGCStaticBase_guideXOS_guideXOS_DefaultApps_WebBrowser 0000000010001197     guideXOS.obj
 0001:0000019f       __GetGCStaticBase_guideXOS_Program 000000001000119f     guideXOS.obj
 0001:000001aa       __GetGCStaticBase_guideXOS_Allocator 00000000100011aa     guideXOS.obj
 0001:000001b5       __GetGCStaticBase_guideXOS_IDT 00000000100011b5     guideXOS.obj
 0001:000001c0       __GetGCStaticBase_guideXOS_System_DateTime 00000000100011c0     guideXOS.obj
 0001:000001cb       __GetGCStaticBase_guideXOS_guideXOS_Animator 00000000100011cb     guideXOS.obj
 0001:000001d6       __GetGCStaticBase_guideXOS_guideXOS_ASC16 00000000100011d6     guideXOS.obj
 0001:000001e1       __GetGCStaticBase_guideXOS_guideXOS_Console 00000000100011e1     guideXOS.obj
 0001:000001ec       __GetGCStaticBase_guideXOS_guideXOS_NETv4 00000000100011ec     guideXOS.obj
 0001:000001f7       __GetGCStaticBase_guideXOS_guideXOS_Misc_BitFont 00000000100011f7     guideXOS.obj
 0001:00000202       __GetGCStaticBase_guideXOS_guideXOS_Misc_BootSplash 0000000010001202     guideXOS.obj
 0001:0000020d       __GetGCStaticBase_guideXOS_guideXOS_Misc_Interrupts 000000001000120d     guideXOS.obj
 0001:00000218       __GetGCStaticBase_guideXOS_guideXOS_Misc_ThreadPool 0000000010001218     guideXOS.obj
 0001:00000223       __GetGCStaticBase_guideXOS_guideXOS_FS_Disk 0000000010001223     guideXOS.obj
 0001:0000022e       __GetGCStaticBase_guideXOS_guideXOS_FS_File 000000001000122e     guideXOS.obj
 0001:00000239       __GetGCStaticBase_guideXOS_guideXOS_Kernel_Drivers_AC97 0000000010001239     guideXOS.obj
 0001:00000244       __GetGCStaticBase_guideXOS_guideXOS_Kernel_Drivers_ACPI 0000000010001244     guideXOS.obj
 0001:0000024f       __GetGCStaticBase_guideXOS_guideXOS_Kernel_Drivers_DisplayManager 000000001000124f     guideXOS.obj
 0001:0000025a       __GetGCStaticBase_guideXOS_guideXOS_Kernel_Drivers_Framebuffer 000000001000125a     guideXOS.obj
 0001:00000265       __GetGCStaticBase_guideXOS_guideXOS_Kernel_Drivers_HID 0000000010001265     guideXOS.obj
 0001:00000270       __GetGCStaticBase_guideXOS_guideXOS_Kernel_Drivers_IDE 0000000010001270     guideXOS.obj
 0001:0000027b       __GetGCStaticBase_guideXOS_guideXOS_Kernel_Drivers_Keyboard 000000001000127b     guideXOS.obj
 0001:00000286       __GetGCStaticBase_guideXOS_guideXOS_Kernel_Drivers_PCI 0000000010001286     guideXOS.obj
 0001:00000291       __GetGCStaticBase_guideXOS_guideXOS_Kernel_Drivers_PS2Mouse 0000000010001291     guideXOS.obj
 0001:0000029c       __GetGCStaticBase_guideXOS_guideXOS_Kernel_Drivers_SATA 000000001000129c     guideXOS.obj
 0001:000002a7       __GetGCStaticBase_guideXOS_guideXOS_Kernel_Drivers_USBStorage 00000000100012a7     guideXOS.obj
 0001:000002c7       __GetGCStaticBase_guideXOS_guideXOS_OS_Firewall 00000000100012c7     guideXOS.obj
 0001:000002e7       __GetGCStaticBase_guideXOS_guideXOS_OS_Session 00000000100012e7     guideXOS.obj
 0001:000002f2       __GetGCStaticBase_guideXOS_guideXOS_GUI_Desktop 00000000100012f2     guideXOS.obj
 0001:000002fd       __GetGCStaticBase_guideXOS_guideXOS_GUI_Icons 00000000100012fd     guideXOS.obj
 0001:0000031d       __GetGCStaticBase_guideXOS_guideXOS_GUI_Lockscreen 000000001000131d     guideXOS.obj
 0001:00000328       __GetGCStaticBase_guideXOS_guideXOS_GUI_NotificationManager 0000000010001328     guideXOS.obj
 0001:00000333       __GetGCStaticBase_guideXOS_guideXOS_GUI_PinnedManager 0000000010001333     guideXOS.obj
 0001:00000353       __GetGCStaticBase_guideXOS_guideXOS_GUI_RecentManager 0000000010001353     guideXOS.obj
 0001:00000373       __GetGCStaticBase_guideXOS_guideXOS_GUI_WindowManager 0000000010001373     guideXOS.obj
 0001:0000037e       __GetGCStaticBase_guideXOS_guideXOS_GUI_WorkspaceManager 000000001000137e     guideXOS.obj
 0001:0000039e       __GetGCStaticBase_guideXOS_guideXOS_DefaultApps_Clock 000000001000139e     guideXOS.obj
 0001:000003a9       __GetGCStaticBase_guideXOS_guideXOS_DefaultApps_OnScreenKeyboard 00000000100013a9     guideXOS.obj
 0001:000003c9       __GetGCStaticBase_guideXOS_guideXOS_DefaultApps_WAVPlayer 00000000100013c9     guideXOS.obj
 0001:000003d4       __GetGCStaticBase_guideXOS_guideXOS_GUI_SaveDialog___O 00000000100013d4     guideXOS.obj
 0001:000003df       __GetGCStaticBase_guideXOS_guideXOS_DefaultApps_DisplayOptions___c 00000000100013df     guideXOS.obj
 0001:000003ea       __GetGCStaticBase_guideXOS_System_Array_EmptyArray_1<String> 00000000100013ea     guideXOS.obj
 0001:0000040a       __DelegateCtor_guideXOS_System_Delegate__InitializeClosedInstance__guideXOS_guideXOS_GUI_OpenDialog__Keyboard_OnKeyChanged 000000001000140a     guideXOS.obj
 0001:00000416       __DelegateCtor_guideXOS_System_Delegate__InitializeClosedInstance__guideXOS_guideXOS_GUI_SaveDialog__Keyboard_OnKeyChanged 0000000010001416     guideXOS.obj
 0001:00000422       __DelegateCtor_guideXOS_System_Delegate__InitializeClosedInstance__guideXOS_guideXOS_DefaultApps_ComputerFiles__Keyboard_OnKeyChanged 0000000010001422     guideXOS.obj
 0001:0000042e       __DelegateCtor_guideXOS_System_Delegate__InitializeClosedInstance__guideXOS_guideXOS_DefaultApps_FConsole__Keyboard_OnKeyChanged 000000001000142e     guideXOS.obj
 0001:0000043a       __DelegateCtor_guideXOS_System_Delegate__InitializeClosedInstance__guideXOS_guideXOS_DefaultApps_FConsole__Console_OnWrite 000000001000143a     guideXOS.obj
 0001:00000446       __DelegateCtor_guideXOS_System_Delegate__InitializeClosedInstance__guideXOS_guideXOS_DefaultApps_nexIRC__Keyboard_OnKeyChanged 0000000010001446     guideXOS.obj
 0001:00000452       __DelegateCtor_guideXOS_System_Delegate__InitializeClosedInstance__guideXOS_guideXOS_DefaultApps_Notepad__Keyboard_OnKeyChanged 0000000010001452     guideXOS.obj
 0001:0000045e       __DelegateCtor_guideXOS_System_Delegate__InitializeClosedInstance__guideXOS_guideXOS_DefaultApps_Notepad___OnSetVisible_b__19_0 000000001000145e     guideXOS.obj
 0001:0000046a       __DelegateCtor_guideXOS_System_Delegate__InitializeClosedInstance__guideXOS_guideXOS_DefaultApps_Notepad___OnSetVisible_b__19_3 000000001000146a     guideXOS.obj
 0001:00000476       __DelegateCtor_guideXOS_System_Delegate__InitializeClosedInstance__guideXOS_guideXOS_DefaultApps_Notepad___OnSetVisible_b__19_1 0000000010001476     guideXOS.obj
 0001:00000482       __DelegateCtor_guideXOS_System_Delegate__InitializeClosedInstance__guideXOS_guideXOS_DefaultApps_Notepad___OnSetVisible_b__19_2 0000000010001482     guideXOS.obj
 0001:0000048e       __DelegateCtor_guideXOS_System_Delegate__InitializeClosedInstance__guideXOS_guideXOS_DefaultApps_WebBrowser__OnKey 000000001000148e     guideXOS.obj
 0001:0000049a       __DelegateCtor_guideXOS_System_Delegate__InitializeClosedInstance__guideXOS_guideXOS_FS_FAT___c__DisplayClass46_0___FindPath_b__0 000000001000149a     guideXOS.obj
 0001:000004a6       __DelegateCtor_guideXOS_System_Delegate__InitializeClosedInstance__guideXOS_guideXOS_FS_FAT___c__DisplayClass46_1___FindPath_b__1 00000000100014a6     guideXOS.obj
 0001:000004b2       __DelegateCtor_guideXOS_System_Delegate__InitializeClosedInstance__guideXOS_guideXOS_FS_FAT___c__DisplayClass56_0___GetFiles_b__0 00000000100014b2     guideXOS.obj
 0001:000004be       __DelegateCtor_guideXOS_System_Delegate__InitializeClosedInstance__guideXOS_guideXOS_DefaultApps_DiskManager___c__DisplayClass38_0___ReadMBRForEntry_b__0 00000000100014be     guideXOS.obj
 0001:000004ca       __DelegateCtor_guideXOS_System_Delegate__InitializeClosedInstance__guideXOS_guideXOS_DefaultApps_DiskManager___c__DisplayClass54_0___TryCreatePartitionLargestFree_b__0 00000000100014ca     guideXOS.obj
 0001:000004d6       __DelegateCtor_guideXOS_System_Delegate__InitializeClosedInstance__guideXOS_guideXOS_DefaultApps_DiskManager___c__DisplayClass54_0___TryCreatePartitionLargestFree_b__1 00000000100014d6     guideXOS.obj
 0001:000004e2       __DelegateCtor_guideXOS_System_Delegate__InitializeClosedInstance__guideXOS_guideXOS_DefaultApps_DisplayOptions___c___OnInput_b__30_0 00000000100014e2     guideXOS.obj
 0001:000004ee       __DelegateCtor_guideXOS_System_Delegate__InitializeClosedInstance__guideXOS_guideXOS_DefaultApps_DisplayOptions___c___OnInput_b__30_1 00000000100014ee     guideXOS.obj
 0001:000004fa       __DelegateCtor_guideXOS_System_Delegate__InitializeClosedInstance__guideXOS_guideXOS_DefaultApps_Notepad___c__DisplayClass24_0___OpenSaveAs_b__0 00000000100014fa     guideXOS.obj
 0001:00000506       __DelegateCtor_guideXOS_System_Delegate__InitializeOpenStaticThunk__guideXOS_guideXOS_GUI_Icons__DocumentIcon__guideXOS_System_Func_2<Int32__System___Canon>__InvokeOpenStaticThunk 0000000010001506     guideXOS.obj
 0001:00000519       __GenericLookupFromType_guideXOS_System_Array_EmptyArray_1<System___Canon>_GCStaticBase_guideXOS_System_Array_EmptyArray_1<T_System___Canon> 0000000010001519     guideXOS.obj
 0001:00000540       CPUID                      0000000010001540 f   NativeLib:native.obj
 0001:00000590       Cli                        0000000010001590 f   NativeLib:native.obj
 0001:000005c0       Fxrstor64                  00000000100015c0 f   NativeLib:native.obj
 0001:000005f0       Fxsave64                   00000000100015f0 f   NativeLib:native.obj
 0001:00000620       Hlt                        0000000010001620 f   NativeLib:native.obj
 0001:00000650       Invlpg                     0000000010001650 f   NativeLib:native.obj
 0001:00000680       Nop                        0000000010001680 f   NativeLib:native.obj
 0001:000006a0       Rdmsr                      00000000100016a0 f   NativeLib:native.obj
 0001:000006d0       Rdtsc                      00000000100016d0 f   NativeLib:native.obj
 0001:00000700       ReadCR2                    0000000010001700 f   NativeLib:native.obj
 0001:00000720       Sti                        0000000010001720 f   NativeLib:native.obj
 0001:00000750       WriteCR3                   0000000010001750 f   NativeLib:native.obj
 0001:00000780       Wrmsr                      0000000010001780 f   NativeLib:native.obj
 0001:000007c0       __JustMyCode_Default       00000000100017c0 f i NativeLib:native.obj
 0001:000007d0       Movsb                      00000000100017d0 f   NativeLib:mem.obj
 0001:00000810       Movsd                      0000000010001810 f   NativeLib:mem.obj
 0001:00000850       Stosb                      0000000010001850 f   NativeLib:mem.obj
 0001:000008a0       Stosd                      00000000100018a0 f   NativeLib:mem.obj
 0001:000008f0       avx_memcpy                 00000000100018f0 f   NativeLib:mem.obj
 0001:000009f0       Load_GDT                   00000000100019f0 f   NativeLib:interrupts.obj
 0001:00000a20       idt_set                    0000000010001a20 f   NativeLib:interrupts.obj
 0001:00000b00       set_idt_entries            0000000010001b00 f   NativeLib:interrupts.obj
 0001:00002a20       intr0                      0000000010003a20 f   NativeLib:interrupts_asm.obj
 0001:00002a62       intr1                      0000000010003a62 f   NativeLib:interrupts_asm.obj
 0001:00002aa4       intr2                      0000000010003aa4 f   NativeLib:interrupts_asm.obj
 0001:00002ae6       intr3                      0000000010003ae6 f   NativeLib:interrupts_asm.obj
 0001:00002b28       intr4                      0000000010003b28 f   NativeLib:interrupts_asm.obj
 0001:00002b6a       intr5                      0000000010003b6a f   NativeLib:interrupts_asm.obj
 0001:00002bac       intr6                      0000000010003bac f   NativeLib:interrupts_asm.obj
 0001:00002bee       intr7                      0000000010003bee f   NativeLib:interrupts_asm.obj
 0001:00002c30       intr8                      0000000010003c30 f   NativeLib:interrupts_asm.obj
 0001:00002c72       intr9                      0000000010003c72 f   NativeLib:interrupts_asm.obj
 0001:00002cb4       intr10                     0000000010003cb4 f   NativeLib:interrupts_asm.obj
 0001:00002cf6       intr11                     0000000010003cf6 f   NativeLib:interrupts_asm.obj
 0001:00002d38       intr12                     0000000010003d38 f   NativeLib:interrupts_asm.obj
 0001:00002d7a       intr13                     0000000010003d7a f   NativeLib:interrupts_asm.obj
 0001:00002dbc       intr14                     0000000010003dbc f   NativeLib:interrupts_asm.obj
 0001:00002dfe       intr15                     0000000010003dfe f   NativeLib:interrupts_asm.obj
 0001:00002e40       intr16                     0000000010003e40 f   NativeLib:interrupts_asm.obj
 0001:00002e82       intr17                     0000000010003e82 f   NativeLib:interrupts_asm.obj
 0001:00002ec4       intr18                     0000000010003ec4 f   NativeLib:interrupts_asm.obj
 0001:00002f06       intr19                     0000000010003f06 f   NativeLib:interrupts_asm.obj
 0001:00002f48       intr20                     0000000010003f48 f   NativeLib:interrupts_asm.obj
 0001:00002f8a       intr21                     0000000010003f8a f   NativeLib:interrupts_asm.obj
 0001:00002fcc       intr22                     0000000010003fcc f   NativeLib:interrupts_asm.obj
 0001:0000300e       intr23                     000000001000400e f   NativeLib:interrupts_asm.obj
 0001:00003050       intr24                     0000000010004050 f   NativeLib:interrupts_asm.obj
 0001:00003092       intr25                     0000000010004092 f   NativeLib:interrupts_asm.obj
 0001:000030d4       intr26                     00000000100040d4 f   NativeLib:interrupts_asm.obj
 0001:00003116       intr27                     0000000010004116 f   NativeLib:interrupts_asm.obj
 0001:00003158       intr28                     0000000010004158 f   NativeLib:interrupts_asm.obj
 0001:0000319a       intr29                     000000001000419a f   NativeLib:interrupts_asm.obj
 0001:000031dc       intr30                     00000000100041dc f   NativeLib:interrupts_asm.obj
 0001:0000321e       intr31                     000000001000421e f   NativeLib:interrupts_asm.obj
 0001:00003260       intr32                     0000000010004260 f   NativeLib:interrupts_asm.obj
 0001:000032a2       intr33                     00000000100042a2 f   NativeLib:interrupts_asm.obj
 0001:000032e4       intr34                     00000000100042e4 f   NativeLib:interrupts_asm.obj
 0001:00003326       intr35                     0000000010004326 f   NativeLib:interrupts_asm.obj
 0001:00003368       intr36                     0000000010004368 f   NativeLib:interrupts_asm.obj
 0001:000033aa       intr37                     00000000100043aa f   NativeLib:interrupts_asm.obj
 0001:000033ec       intr38                     00000000100043ec f   NativeLib:interrupts_asm.obj
 0001:0000342e       intr39                     000000001000442e f   NativeLib:interrupts_asm.obj
 0001:00003470       intr40                     0000000010004470 f   NativeLib:interrupts_asm.obj
 0001:000034b2       intr41                     00000000100044b2 f   NativeLib:interrupts_asm.obj
 0001:000034f4       intr42                     00000000100044f4 f   NativeLib:interrupts_asm.obj
 0001:00003536       intr43                     0000000010004536 f   NativeLib:interrupts_asm.obj
 0001:00003578       intr44                     0000000010004578 f   NativeLib:interrupts_asm.obj
 0001:000035ba       intr45                     00000000100045ba f   NativeLib:interrupts_asm.obj
 0001:000035fc       intr46                     00000000100045fc f   NativeLib:interrupts_asm.obj
 0001:0000363e       intr47                     000000001000463e f   NativeLib:interrupts_asm.obj
 0001:00003680       intr48                     0000000010004680 f   NativeLib:interrupts_asm.obj
 0001:000036c2       intr49                     00000000100046c2 f   NativeLib:interrupts_asm.obj
 0001:00003704       intr50                     0000000010004704 f   NativeLib:interrupts_asm.obj
 0001:00003746       intr51                     0000000010004746 f   NativeLib:interrupts_asm.obj
 0001:00003788       intr52                     0000000010004788 f   NativeLib:interrupts_asm.obj
 0001:000037ca       intr53                     00000000100047ca f   NativeLib:interrupts_asm.obj
 0001:0000380c       intr54                     000000001000480c f   NativeLib:interrupts_asm.obj
 0001:0000384e       intr55                     000000001000484e f   NativeLib:interrupts_asm.obj
 0001:00003890       intr56                     0000000010004890 f   NativeLib:interrupts_asm.obj
 0001:000038d2       intr57                     00000000100048d2 f   NativeLib:interrupts_asm.obj
 0001:00003914       intr58                     0000000010004914 f   NativeLib:interrupts_asm.obj
 0001:00003956       intr59                     0000000010004956 f   NativeLib:interrupts_asm.obj
 0001:00003998       intr60                     0000000010004998 f   NativeLib:interrupts_asm.obj
 0001:000039da       intr61                     00000000100049da f   NativeLib:interrupts_asm.obj
 0001:00003a1c       intr62                     0000000010004a1c f   NativeLib:interrupts_asm.obj
 0001:00003a5e       intr63                     0000000010004a5e f   NativeLib:interrupts_asm.obj
 0001:00003aa0       intr64                     0000000010004aa0 f   NativeLib:interrupts_asm.obj
 0001:00003ae2       intr65                     0000000010004ae2 f   NativeLib:interrupts_asm.obj
 0001:00003b24       intr66                     0000000010004b24 f   NativeLib:interrupts_asm.obj
 0001:00003b66       intr67                     0000000010004b66 f   NativeLib:interrupts_asm.obj
 0001:00003ba8       intr68                     0000000010004ba8 f   NativeLib:interrupts_asm.obj
 0001:00003bea       intr69                     0000000010004bea f   NativeLib:interrupts_asm.obj
 0001:00003c2c       intr70                     0000000010004c2c f   NativeLib:interrupts_asm.obj
 0001:00003c6e       intr71                     0000000010004c6e f   NativeLib:interrupts_asm.obj
 0001:00003cb0       intr72                     0000000010004cb0 f   NativeLib:interrupts_asm.obj
 0001:00003cf2       intr73                     0000000010004cf2 f   NativeLib:interrupts_asm.obj
 0001:00003d34       intr74                     0000000010004d34 f   NativeLib:interrupts_asm.obj
 0001:00003d76       intr75                     0000000010004d76 f   NativeLib:interrupts_asm.obj
 0001:00003db8       intr76                     0000000010004db8 f   NativeLib:interrupts_asm.obj
 0001:00003dfa       intr77                     0000000010004dfa f   NativeLib:interrupts_asm.obj
 0001:00003e3c       intr78                     0000000010004e3c f   NativeLib:interrupts_asm.obj
 0001:00003e7e       intr79                     0000000010004e7e f   NativeLib:interrupts_asm.obj
 0001:00003ec0       intr80                     0000000010004ec0 f   NativeLib:interrupts_asm.obj
 0001:00003f02       intr81                     0000000010004f02 f   NativeLib:interrupts_asm.obj
 0001:00003f44       intr82                     0000000010004f44 f   NativeLib:interrupts_asm.obj
 0001:00003f86       intr83                     0000000010004f86 f   NativeLib:interrupts_asm.obj
 0001:00003fc8       intr84                     0000000010004fc8 f   NativeLib:interrupts_asm.obj
 0001:0000400a       intr85                     000000001000500a f   NativeLib:interrupts_asm.obj
 0001:0000404c       intr86                     000000001000504c f   NativeLib:interrupts_asm.obj
 0001:0000408e       intr87                     000000001000508e f   NativeLib:interrupts_asm.obj
 0001:000040d0       intr88                     00000000100050d0 f   NativeLib:interrupts_asm.obj
 0001:00004112       intr89                     0000000010005112 f   NativeLib:interrupts_asm.obj
 0001:00004154       intr90                     0000000010005154 f   NativeLib:interrupts_asm.obj
 0001:00004196       intr91                     0000000010005196 f   NativeLib:interrupts_asm.obj
 0001:000041d8       intr92                     00000000100051d8 f   NativeLib:interrupts_asm.obj
 0001:0000421a       intr93                     000000001000521a f   NativeLib:interrupts_asm.obj
 0001:0000425c       intr94                     000000001000525c f   NativeLib:interrupts_asm.obj
 0001:0000429e       intr95                     000000001000529e f   NativeLib:interrupts_asm.obj
 0001:000042e0       intr96                     00000000100052e0 f   NativeLib:interrupts_asm.obj
 0001:00004322       intr97                     0000000010005322 f   NativeLib:interrupts_asm.obj
 0001:00004364       intr98                     0000000010005364 f   NativeLib:interrupts_asm.obj
 0001:000043a6       intr99                     00000000100053a6 f   NativeLib:interrupts_asm.obj
 0001:000043e8       intr100                    00000000100053e8 f   NativeLib:interrupts_asm.obj
 0001:0000442a       intr101                    000000001000542a f   NativeLib:interrupts_asm.obj
 0001:0000446c       intr102                    000000001000546c f   NativeLib:interrupts_asm.obj
 0001:000044ae       intr103                    00000000100054ae f   NativeLib:interrupts_asm.obj
 0001:000044f0       intr104                    00000000100054f0 f   NativeLib:interrupts_asm.obj
 0001:00004532       intr105                    0000000010005532 f   NativeLib:interrupts_asm.obj
 0001:00004574       intr106                    0000000010005574 f   NativeLib:interrupts_asm.obj
 0001:000045b6       intr107                    00000000100055b6 f   NativeLib:interrupts_asm.obj
 0001:000045f8       intr108                    00000000100055f8 f   NativeLib:interrupts_asm.obj
 0001:0000463a       intr109                    000000001000563a f   NativeLib:interrupts_asm.obj
 0001:0000467c       intr110                    000000001000567c f   NativeLib:interrupts_asm.obj
 0001:000046be       intr111                    00000000100056be f   NativeLib:interrupts_asm.obj
 0001:00004700       intr112                    0000000010005700 f   NativeLib:interrupts_asm.obj
 0001:00004742       intr113                    0000000010005742 f   NativeLib:interrupts_asm.obj
 0001:00004784       intr114                    0000000010005784 f   NativeLib:interrupts_asm.obj
 0001:000047c6       intr115                    00000000100057c6 f   NativeLib:interrupts_asm.obj
 0001:00004808       intr116                    0000000010005808 f   NativeLib:interrupts_asm.obj
 0001:0000484a       intr117                    000000001000584a f   NativeLib:interrupts_asm.obj
 0001:0000488c       intr118                    000000001000588c f   NativeLib:interrupts_asm.obj
 0001:000048ce       intr119                    00000000100058ce f   NativeLib:interrupts_asm.obj
 0001:00004910       intr120                    0000000010005910 f   NativeLib:interrupts_asm.obj
 0001:00004952       intr121                    0000000010005952 f   NativeLib:interrupts_asm.obj
 0001:00004994       intr122                    0000000010005994 f   NativeLib:interrupts_asm.obj
 0001:000049d6       intr123                    00000000100059d6 f   NativeLib:interrupts_asm.obj
 0001:00004a18       intr124                    0000000010005a18 f   NativeLib:interrupts_asm.obj
 0001:00004a5a       intr125                    0000000010005a5a f   NativeLib:interrupts_asm.obj
 0001:00004a9c       intr126                    0000000010005a9c f   NativeLib:interrupts_asm.obj
 0001:00004ade       intr127                    0000000010005ade f   NativeLib:interrupts_asm.obj
 0001:00004b20       intr128                    0000000010005b20 f   NativeLib:interrupts_asm.obj
 0001:00004b62       intr129                    0000000010005b62 f   NativeLib:interrupts_asm.obj
 0001:00004ba4       intr130                    0000000010005ba4 f   NativeLib:interrupts_asm.obj
 0001:00004be6       intr131                    0000000010005be6 f   NativeLib:interrupts_asm.obj
 0001:00004c28       intr132                    0000000010005c28 f   NativeLib:interrupts_asm.obj
 0001:00004c6a       intr133                    0000000010005c6a f   NativeLib:interrupts_asm.obj
 0001:00004cac       intr134                    0000000010005cac f   NativeLib:interrupts_asm.obj
 0001:00004cee       intr135                    0000000010005cee f   NativeLib:interrupts_asm.obj
 0001:00004d30       intr136                    0000000010005d30 f   NativeLib:interrupts_asm.obj
 0001:00004d72       intr137                    0000000010005d72 f   NativeLib:interrupts_asm.obj
 0001:00004db4       intr138                    0000000010005db4 f   NativeLib:interrupts_asm.obj
 0001:00004df6       intr139                    0000000010005df6 f   NativeLib:interrupts_asm.obj
 0001:00004e38       intr140                    0000000010005e38 f   NativeLib:interrupts_asm.obj
 0001:00004e7a       intr141                    0000000010005e7a f   NativeLib:interrupts_asm.obj
 0001:00004ebc       intr142                    0000000010005ebc f   NativeLib:interrupts_asm.obj
 0001:00004efe       intr143                    0000000010005efe f   NativeLib:interrupts_asm.obj
 0001:00004f40       intr144                    0000000010005f40 f   NativeLib:interrupts_asm.obj
 0001:00004f82       intr145                    0000000010005f82 f   NativeLib:interrupts_asm.obj
 0001:00004fc4       intr146                    0000000010005fc4 f   NativeLib:interrupts_asm.obj
 0001:00005006       intr147                    0000000010006006 f   NativeLib:interrupts_asm.obj
 0001:00005048       intr148                    0000000010006048 f   NativeLib:interrupts_asm.obj
 0001:0000508a       intr149                    000000001000608a f   NativeLib:interrupts_asm.obj
 0001:000050cc       intr150                    00000000100060cc f   NativeLib:interrupts_asm.obj
 0001:0000510e       intr151                    000000001000610e f   NativeLib:interrupts_asm.obj
 0001:00005150       intr152                    0000000010006150 f   NativeLib:interrupts_asm.obj
 0001:00005192       intr153                    0000000010006192 f   NativeLib:interrupts_asm.obj
 0001:000051d4       intr154                    00000000100061d4 f   NativeLib:interrupts_asm.obj
 0001:00005216       intr155                    0000000010006216 f   NativeLib:interrupts_asm.obj
 0001:00005258       intr156                    0000000010006258 f   NativeLib:interrupts_asm.obj
 0001:0000529a       intr157                    000000001000629a f   NativeLib:interrupts_asm.obj
 0001:000052dc       intr158                    00000000100062dc f   NativeLib:interrupts_asm.obj
 0001:0000531e       intr159                    000000001000631e f   NativeLib:interrupts_asm.obj
 0001:00005360       intr160                    0000000010006360 f   NativeLib:interrupts_asm.obj
 0001:000053a2       intr161                    00000000100063a2 f   NativeLib:interrupts_asm.obj
 0001:000053e4       intr162                    00000000100063e4 f   NativeLib:interrupts_asm.obj
 0001:00005426       intr163                    0000000010006426 f   NativeLib:interrupts_asm.obj
 0001:00005468       intr164                    0000000010006468 f   NativeLib:interrupts_asm.obj
 0001:000054aa       intr165                    00000000100064aa f   NativeLib:interrupts_asm.obj
 0001:000054ec       intr166                    00000000100064ec f   NativeLib:interrupts_asm.obj
 0001:0000552e       intr167                    000000001000652e f   NativeLib:interrupts_asm.obj
 0001:00005570       intr168                    0000000010006570 f   NativeLib:interrupts_asm.obj
 0001:000055b2       intr169                    00000000100065b2 f   NativeLib:interrupts_asm.obj
 0001:000055f4       intr170                    00000000100065f4 f   NativeLib:interrupts_asm.obj
 0001:00005636       intr171                    0000000010006636 f   NativeLib:interrupts_asm.obj
 0001:00005678       intr172                    0000000010006678 f   NativeLib:interrupts_asm.obj
 0001:000056ba       intr173                    00000000100066ba f   NativeLib:interrupts_asm.obj
 0001:000056fc       intr174                    00000000100066fc f   NativeLib:interrupts_asm.obj
 0001:0000573e       intr175                    000000001000673e f   NativeLib:interrupts_asm.obj
 0001:00005780       intr176                    0000000010006780 f   NativeLib:interrupts_asm.obj
 0001:000057c2       intr177                    00000000100067c2 f   NativeLib:interrupts_asm.obj
 0001:00005804       intr178                    0000000010006804 f   NativeLib:interrupts_asm.obj
 0001:00005846       intr179                    0000000010006846 f   NativeLib:interrupts_asm.obj
 0001:00005888       intr180                    0000000010006888 f   NativeLib:interrupts_asm.obj
 0001:000058ca       intr181                    00000000100068ca f   NativeLib:interrupts_asm.obj
 0001:0000590c       intr182                    000000001000690c f   NativeLib:interrupts_asm.obj
 0001:0000594e       intr183                    000000001000694e f   NativeLib:interrupts_asm.obj
 0001:00005990       intr184                    0000000010006990 f   NativeLib:interrupts_asm.obj
 0001:000059d2       intr185                    00000000100069d2 f   NativeLib:interrupts_asm.obj
 0001:00005a14       intr186                    0000000010006a14 f   NativeLib:interrupts_asm.obj
 0001:00005a56       intr187                    0000000010006a56 f   NativeLib:interrupts_asm.obj
 0001:00005a98       intr188                    0000000010006a98 f   NativeLib:interrupts_asm.obj
 0001:00005ada       intr189                    0000000010006ada f   NativeLib:interrupts_asm.obj
 0001:00005b1c       intr190                    0000000010006b1c f   NativeLib:interrupts_asm.obj
 0001:00005b5e       intr191                    0000000010006b5e f   NativeLib:interrupts_asm.obj
 0001:00005ba0       intr192                    0000000010006ba0 f   NativeLib:interrupts_asm.obj
 0001:00005be2       intr193                    0000000010006be2 f   NativeLib:interrupts_asm.obj
 0001:00005c24       intr194                    0000000010006c24 f   NativeLib:interrupts_asm.obj
 0001:00005c66       intr195                    0000000010006c66 f   NativeLib:interrupts_asm.obj
 0001:00005ca8       intr196                    0000000010006ca8 f   NativeLib:interrupts_asm.obj
 0001:00005cea       intr197                    0000000010006cea f   NativeLib:interrupts_asm.obj
 0001:00005d2c       intr198                    0000000010006d2c f   NativeLib:interrupts_asm.obj
 0001:00005d6e       intr199                    0000000010006d6e f   NativeLib:interrupts_asm.obj
 0001:00005db0       intr200                    0000000010006db0 f   NativeLib:interrupts_asm.obj
 0001:00005df2       intr201                    0000000010006df2 f   NativeLib:interrupts_asm.obj
 0001:00005e34       intr202                    0000000010006e34 f   NativeLib:interrupts_asm.obj
 0001:00005e76       intr203                    0000000010006e76 f   NativeLib:interrupts_asm.obj
 0001:00005eb8       intr204                    0000000010006eb8 f   NativeLib:interrupts_asm.obj
 0001:00005efa       intr205                    0000000010006efa f   NativeLib:interrupts_asm.obj
 0001:00005f3c       intr206                    0000000010006f3c f   NativeLib:interrupts_asm.obj
 0001:00005f7e       intr207                    0000000010006f7e f   NativeLib:interrupts_asm.obj
 0001:00005fc0       intr208                    0000000010006fc0 f   NativeLib:interrupts_asm.obj
 0001:00006002       intr209                    0000000010007002 f   NativeLib:interrupts_asm.obj
 0001:00006044       intr210                    0000000010007044 f   NativeLib:interrupts_asm.obj
 0001:00006086       intr211                    0000000010007086 f   NativeLib:interrupts_asm.obj
 0001:000060c8       intr212                    00000000100070c8 f   NativeLib:interrupts_asm.obj
 0001:0000610a       intr213                    000000001000710a f   NativeLib:interrupts_asm.obj
 0001:0000614c       intr214                    000000001000714c f   NativeLib:interrupts_asm.obj
 0001:0000618e       intr215                    000000001000718e f   NativeLib:interrupts_asm.obj
 0001:000061d0       intr216                    00000000100071d0 f   NativeLib:interrupts_asm.obj
 0001:00006212       intr217                    0000000010007212 f   NativeLib:interrupts_asm.obj
 0001:00006254       intr218                    0000000010007254 f   NativeLib:interrupts_asm.obj
 0001:00006296       intr219                    0000000010007296 f   NativeLib:interrupts_asm.obj
 0001:000062d8       intr220                    00000000100072d8 f   NativeLib:interrupts_asm.obj
 0001:0000631a       intr221                    000000001000731a f   NativeLib:interrupts_asm.obj
 0001:0000635c       intr222                    000000001000735c f   NativeLib:interrupts_asm.obj
 0001:0000639e       intr223                    000000001000739e f   NativeLib:interrupts_asm.obj
 0001:000063e0       intr224                    00000000100073e0 f   NativeLib:interrupts_asm.obj
 0001:00006422       intr225                    0000000010007422 f   NativeLib:interrupts_asm.obj
 0001:00006464       intr226                    0000000010007464 f   NativeLib:interrupts_asm.obj
 0001:000064a6       intr227                    00000000100074a6 f   NativeLib:interrupts_asm.obj
 0001:000064e8       intr228                    00000000100074e8 f   NativeLib:interrupts_asm.obj
 0001:0000652a       intr229                    000000001000752a f   NativeLib:interrupts_asm.obj
 0001:0000656c       intr230                    000000001000756c f   NativeLib:interrupts_asm.obj
 0001:000065ae       intr231                    00000000100075ae f   NativeLib:interrupts_asm.obj
 0001:000065f0       intr232                    00000000100075f0 f   NativeLib:interrupts_asm.obj
 0001:00006632       intr233                    0000000010007632 f   NativeLib:interrupts_asm.obj
 0001:00006674       intr234                    0000000010007674 f   NativeLib:interrupts_asm.obj
 0001:000066b6       intr235                    00000000100076b6 f   NativeLib:interrupts_asm.obj
 0001:000066f8       intr236                    00000000100076f8 f   NativeLib:interrupts_asm.obj
 0001:0000673a       intr237                    000000001000773a f   NativeLib:interrupts_asm.obj
 0001:0000677c       intr238                    000000001000777c f   NativeLib:interrupts_asm.obj
 0001:000067be       intr239                    00000000100077be f   NativeLib:interrupts_asm.obj
 0001:00006800       intr240                    0000000010007800 f   NativeLib:interrupts_asm.obj
 0001:00006842       intr241                    0000000010007842 f   NativeLib:interrupts_asm.obj
 0001:00006884       intr242                    0000000010007884 f   NativeLib:interrupts_asm.obj
 0001:000068c6       intr243                    00000000100078c6 f   NativeLib:interrupts_asm.obj
 0001:00006908       intr244                    0000000010007908 f   NativeLib:interrupts_asm.obj
 0001:0000694a       intr245                    000000001000794a f   NativeLib:interrupts_asm.obj
 0001:0000698c       intr246                    000000001000798c f   NativeLib:interrupts_asm.obj
 0001:000069ce       intr247                    00000000100079ce f   NativeLib:interrupts_asm.obj
 0001:00006a10       intr248                    0000000010007a10 f   NativeLib:interrupts_asm.obj
 0001:00006a52       intr249                    0000000010007a52 f   NativeLib:interrupts_asm.obj
 0001:00006a94       intr250                    0000000010007a94 f   NativeLib:interrupts_asm.obj
 0001:00006ad6       intr251                    0000000010007ad6 f   NativeLib:interrupts_asm.obj
 0001:00006b18       intr252                    0000000010007b18 f   NativeLib:interrupts_asm.obj
 0001:00006b5a       intr253                    0000000010007b5a f   NativeLib:interrupts_asm.obj
 0001:00006b9c       intr254                    0000000010007b9c f   NativeLib:interrupts_asm.obj
 0001:00006bde       intr255                    0000000010007bde f   NativeLib:interrupts_asm.obj
 0001:00006c20       _reload_segreg             0000000010007c20 f   NativeLib:interrupts_asm.obj
 0001:00006c47       Load_IDT                   0000000010007c47 f   NativeLib:interrupts_asm.obj
 0001:00006c4b       _cli                       0000000010007c4b f   NativeLib:interrupts_asm.obj
 0001:00006c4d       _sti                       0000000010007c4d f   NativeLib:interrupts_asm.obj
 0001:00006c4f       _hlt                       0000000010007c4f f   NativeLib:interrupts_asm.obj
 0001:00006c51       _inttest                   0000000010007c51 f   NativeLib:interrupts_asm.obj
 0001:00006c5b       _iretq                     0000000010007c5b f   NativeLib:interrupts_asm.obj
 0001:00006c76       _int20h                    0000000010007c76 f   NativeLib:interrupts_asm.obj
 0001:00006c80       In16                       0000000010007c80 f   NativeLib:io.obj
 0001:00006cb0       In32                       0000000010007cb0 f   NativeLib:io.obj
 0001:00006ce0       In8                        0000000010007ce0 f   NativeLib:io.obj
 0001:00006d10       Insb                       0000000010007d10 f   NativeLib:io.obj
 0001:00006d50       Insd                       0000000010007d50 f   NativeLib:io.obj
 0001:00006d90       Insw                       0000000010007d90 f   NativeLib:io.obj
 0001:00006dd0       Out16                      0000000010007dd0 f   NativeLib:io.obj
 0001:00006e00       Out32                      0000000010007e00 f   NativeLib:io.obj
 0001:00006e30       Out8                       0000000010007e30 f   NativeLib:io.obj
 0001:00006e60       Outsb                      0000000010007e60 f   NativeLib:io.obj
 0001:00006ea0       Outsd                      0000000010007ea0 f   NativeLib:io.obj
 0001:00006ee0       Outsw                      0000000010007ee0 f   NativeLib:io.obj
 0001:00006f20       enable_avx                 0000000010007f20 f   NativeLib:misc.obj
 0001:00006f33       enable_sse                 0000000010007f33 f   NativeLib:misc.obj
 0001:00006f46       Schedule_Next              0000000010007f46 f   NativeLib:misc.obj
 0001:000123b0       lodepng_add_itext          00000000100133b0 f   NativeLib:lodepng.obj
 0001:000125f0       lodepng_add_text           00000000100135f0 f   NativeLib:lodepng.obj
 0001:000128b0       lodepng_can_have_alpha     00000000100138b0 f   NativeLib:lodepng.obj
 0001:00012910       lodepng_chunk_ancillary    0000000010013910 f   NativeLib:lodepng.obj
 0001:00012960       lodepng_chunk_append       0000000010013960 f   NativeLib:lodepng.obj
 0001:00012a80       lodepng_chunk_check_crc    0000000010013a80 f   NativeLib:lodepng.obj
 0001:00012b10       lodepng_chunk_create       0000000010013b10 f   NativeLib:lodepng.obj
 0001:00012c40       lodepng_chunk_data         0000000010013c40 f   NativeLib:lodepng.obj
 0001:00012c80       lodepng_chunk_data_const   0000000010013c80 f   NativeLib:lodepng.obj
 0001:00012cc0       lodepng_chunk_find         0000000010013cc0 f   NativeLib:lodepng.obj
 0001:00012d40       lodepng_chunk_find_const   0000000010013d40 f   NativeLib:lodepng.obj
 0001:00012dc0       lodepng_chunk_generate_crc 0000000010013dc0 f   NativeLib:lodepng.obj
 0001:00012f10       lodepng_chunk_length       0000000010013f10 f   NativeLib:lodepng.obj
 0001:00012f50       lodepng_chunk_next         0000000010013f50 f   NativeLib:lodepng.obj
 0001:000130b0       lodepng_chunk_next_const   00000000100140b0 f   NativeLib:lodepng.obj
 0001:00013210       lodepng_chunk_private      0000000010014210 f   NativeLib:lodepng.obj
 0001:00013260       lodepng_chunk_safetocopy   0000000010014260 f   NativeLib:lodepng.obj
 0001:000132b0       lodepng_chunk_type         00000000100142b0 f   NativeLib:lodepng.obj
 0001:00013320       lodepng_chunk_type_equals  0000000010014320 f   NativeLib:lodepng.obj
 0001:00013410       lodepng_clear_icc          0000000010014410 f   NativeLib:lodepng.obj
 0001:00013480       lodepng_clear_itext        0000000010014480 f   NativeLib:lodepng.obj
 0001:000134b0       lodepng_clear_text         00000000100144b0 f   NativeLib:lodepng.obj
 0001:00013590       lodepng_color_mode_cleanup 0000000010014590 f   NativeLib:lodepng.obj
 0001:000135c0       lodepng_color_mode_copy    00000000100145c0 f   NativeLib:lodepng.obj
 0001:000137a0       lodepng_color_mode_init    00000000100147a0 f   NativeLib:lodepng.obj
 0001:00013820       lodepng_color_mode_make    0000000010014820 f   NativeLib:lodepng.obj
 0001:000139b0       lodepng_color_stats_init   00000000100149b0 f   NativeLib:lodepng.obj
 0001:00013a60       lodepng_compress_settings_init 0000000010014a60 f   NativeLib:lodepng.obj
 0001:00013af0       lodepng_compute_color_stats 0000000010014af0 f   NativeLib:lodepng.obj
 0001:000149c0       lodepng_convert            00000000100159c0 f   NativeLib:lodepng.obj
 0001:00014f00       lodepng_convert_rgb        0000000010015f00 f   NativeLib:lodepng.obj
 0001:00015240       lodepng_crc32              0000000010016240 f   NativeLib:lodepng.obj
 0001:000152d0       lodepng_decode             00000000100162d0 f   NativeLib:lodepng.obj
 0001:000154c0       lodepng_decode24           00000000100164c0 f   NativeLib:lodepng.obj
 0001:00015530       lodepng_decode32           0000000010016530 f   NativeLib:lodepng.obj
 0001:000155a0       lodepng_decode_memory      00000000100165a0 f   NativeLib:lodepng.obj
 0001:00015670       lodepng_decoder_settings_init 0000000010016670 f   NativeLib:lodepng.obj
 0001:00015700       lodepng_decompress_settings_init 0000000010016700 f   NativeLib:lodepng.obj
 0001:00015770       lodepng_deflate            0000000010016770 f   NativeLib:lodepng.obj
 0001:00015a80       lodepng_encode             0000000010016a80 f   NativeLib:lodepng.obj
 0001:00016a80       lodepng_encode24           0000000010017a80 f   NativeLib:lodepng.obj
 0001:00016ae0       lodepng_encode32           0000000010017ae0 f   NativeLib:lodepng.obj
 0001:00016b40       lodepng_encode_memory      0000000010017b40 f   NativeLib:lodepng.obj
 0001:00016c00       lodepng_encoder_settings_init 0000000010017c00 f   NativeLib:lodepng.obj
 0001:00016c80       lodepng_error_text         0000000010017c80 f   NativeLib:lodepng.obj
 0001:00017350       lodepng_get_bpp            0000000010018350 f   NativeLib:lodepng.obj
 0001:000173c0       lodepng_get_channels       00000000100183c0 f   NativeLib:lodepng.obj
 0001:000173f0       lodepng_get_raw_size       00000000100183f0 f   NativeLib:lodepng.obj
 0001:000175d0       lodepng_has_palette_alpha  00000000100185d0 f   NativeLib:lodepng.obj
 0001:00017640       lodepng_huffman_code_lengths 0000000010018640 f   NativeLib:lodepng.obj
 0001:00017a90       lodepng_inflate            0000000010018a90 f   NativeLib:lodepng.obj
 0001:00017ca0       lodepng_info_cleanup       0000000010018ca0 f   NativeLib:lodepng.obj
 0001:00017d00       lodepng_info_copy          0000000010018d00 f   NativeLib:lodepng.obj
 0001:00017e30       lodepng_info_init          0000000010018e30 f   NativeLib:lodepng.obj
 0001:00017f40       lodepng_inspect            0000000010018f40 f   NativeLib:lodepng.obj
 0001:00018390       lodepng_inspect_chunk      0000000010019390 f   NativeLib:lodepng.obj
 0001:000187b0       lodepng_is_alpha_type      00000000100197b0 f   NativeLib:lodepng.obj
 0001:00018800       lodepng_is_greyscale_type  0000000010019800 f   NativeLib:lodepng.obj
 0001:00018850       lodepng_is_palette_type    0000000010019850 f   NativeLib:lodepng.obj
 0001:00018a00       lodepng_palette_add        0000000010019a00 f   NativeLib:lodepng.obj
 0001:00018af0       lodepng_palette_clear      0000000010019af0 f   NativeLib:lodepng.obj
 0001:00018e10       lodepng_set_icc            0000000010019e10 f   NativeLib:lodepng.obj
 0001:00018e80       lodepng_state_cleanup      0000000010019e80 f   NativeLib:lodepng.obj
 0001:00018ed0       lodepng_state_copy         0000000010019ed0 f   NativeLib:lodepng.obj
 0001:00018fa0       lodepng_state_init         0000000010019fa0 f   NativeLib:lodepng.obj
 0001:00019060       lodepng_zlib_compress      000000001001a060 f   NativeLib:lodepng.obj
 0001:00019250       lodepng_zlib_decompress    000000001001a250 f   NativeLib:lodepng.obj
 0001:0001df00       fatfs_init                 000000001001ef00 f   NativeLib:fatfs.obj
 0001:0001df80       format_exfat               000000001001ef80 f   NativeLib:fatfs.obj
 0001:0001e000       get_files                  000000001001f000 f   NativeLib:fatfs.obj
 0001:0001e140       read_all_bytes             000000001001f140 f   NativeLib:fatfs.obj
 0001:0001e200       write_all_bytes            000000001001f200 f   NativeLib:fatfs.obj
 0001:0001e2a0       vmware_send                000000001001f2a0 f   NativeLib:vmware.obj
 0001:0001e324       vmware_send_hb             000000001001f324 f   NativeLib:vmware.obj
 0001:0001e3aa       vmware_get_hb              000000001001f3aa f   NativeLib:vmware.obj
 0001:00020740       f_close                    0000000010021740 f   NativeLib:ff.obj
 0001:000207a0       f_closedir                 00000000100217a0 f   NativeLib:ff.obj
 0001:000207f0       f_getfree                  00000000100217f0 f   NativeLib:ff.obj
 0001:00020ad0       f_lseek                    0000000010021ad0 f   NativeLib:ff.obj
 0001:00021010       f_mkdir                    0000000010022010 f   NativeLib:ff.obj
 0001:00021350       f_mkfs                     0000000010022350 f   NativeLib:ff.obj
 0001:00022f00       f_mount                    0000000010023f00 f   NativeLib:ff.obj
 0001:00022fc0       f_open                     0000000010023fc0 f   NativeLib:ff.obj
 0001:00023680       f_opendir                  0000000010024680 f   NativeLib:ff.obj
 0001:00023840       f_read                     0000000010024840 f   NativeLib:ff.obj
 0001:00023ca0       f_readdir                  0000000010024ca0 f   NativeLib:ff.obj
 0001:00023d50       f_rename                   0000000010024d50 f   NativeLib:ff.obj
 0001:00024210       f_stat                     0000000010025210 f   NativeLib:ff.obj
 0001:000242b0       f_sync                     00000000100252b0 f   NativeLib:ff.obj
 0001:00024600       f_truncate                 0000000010025600 f   NativeLib:ff.obj
 0001:000247b0       f_unlink                   00000000100257b0 f   NativeLib:ff.obj
 0001:000249f0       f_write                    00000000100259f0 f   NativeLib:ff.obj
 0001:00028220       ff_oem2uni                 0000000010029220 f   NativeLib:ffunicode.obj
 0001:00028330       ff_uni2oem                 0000000010029330 f   NativeLib:ffunicode.obj
 0001:00028440       ff_wtoupper                0000000010029440 f   NativeLib:ffunicode.obj
 0001:00028610       disk_initialize            0000000010029610 f   NativeLib:diskio.obj
 0001:00028640       disk_ioctl                 0000000010029640 f   NativeLib:diskio.obj
 0001:000286c0       disk_read                  00000000100296c0 f   NativeLib:diskio.obj
 0001:00028700       disk_status                0000000010029700 f   NativeLib:diskio.obj
 0001:00028730       disk_write                 0000000010029730 f   NativeLib:diskio.obj
 0001:00028770       mystrtoul                  0000000010029770 f   LibC:strtoul.obj
 0001:0002b010       fctprintf                  000000001002c010 f   LibC:printf.obj
 0001:0002b090       printf_                    000000001002c090 f   LibC:printf.obj
 0001:0002b100       snprintf_                  000000001002c100 f   LibC:printf.obj
 0001:0002b160       sprintf_                   000000001002c160 f   LibC:printf.obj
 0001:0002b1d0       vprintf_                   000000001002c1d0 f   LibC:printf.obj
 0001:0002b220       vsnprintf_                 000000001002c220 f   LibC:printf.obj
 0001:0002b270       myisspace                  000000001002c270 f   LibC:isspace.obj
 0001:0002b2c0       myisdigit                  000000001002c2c0 f   LibC:isdigit.obj
 0001:0002b300       myisalpha                  000000001002c300 f   LibC:isalpha.obj
 0001:0002b340       myisupper                  000000001002c340 f   LibC:isupper.obj
 0002:00000000       unbox_Bool__ToString       000000001002d000     guideXOS.obj
 0002:0000000c       unbox_UInt8__ToString      000000001002d00c     guideXOS.obj
 0002:00000018       unbox_Int32__ToString      000000001002d018     guideXOS.obj
 0002:00000024       unbox_UInt16__ToString     000000001002d024     guideXOS.obj
 0002:00000030       unbox_UInt32__ToString     000000001002d030     guideXOS.obj
 0002:0000003c       unbox_UInt64__ToString     000000001002d03c     guideXOS.obj
 0003:00000000       KMain                      000000001002e000     guideXOS.obj
 0003:00000000       guideXOS_Program__KMain    000000001002e000     guideXOS.obj
 0003:00000464       guideXOS_Program__SMain    000000001002e464     guideXOS.obj
 0003:000009b8       guideXOS_Allocator__Initialize 000000001002e9b8     guideXOS.obj
 0003:00000a78       guideXOS_Allocator__get_MemoryInUse 000000001002ea78     guideXOS.obj
 0003:00000a90       guideXOS_Allocator__GetPageIndexStart 000000001002ea90     guideXOS.obj
 0003:00000ae0       guideXOS_Allocator__Free   000000001002eae0     guideXOS.obj
 0003:00000cfc       guideXOS_Allocator__SuspiciousSize 000000001002ecfc     guideXOS.obj
 0003:00000d18       guideXOS_Allocator__Allocate_0 000000001002ed18     guideXOS.obj
 0003:000010f8       guideXOS_Allocator__Reallocate 000000001002f0f8     guideXOS.obj
 0003:00001220       guideXOS_Allocator__ClearAllocate_0 000000001002f220     guideXOS.obj
 0003:000012c8       guideXOS_Allocator__GetTagBytes 000000001002f2c8     guideXOS.obj
 0003:000012f0       guideXOS_Allocator__GetOwnerBytes 000000001002f2f0     guideXOS.obj
 0003:00001420       guideXOS_Allocator__GetOwnerListSnapshot 000000001002f420     guideXOS.obj
 0003:00001570       guideXOS_GDT__FillEntry    000000001002f570     guideXOS.obj
 0003:000015b0       guideXOS_GDT__Initialise   000000001002f5b0     guideXOS.obj
 0003:000016f8       guideXOS_GDT__SetKernelStack 000000001002f6f8     guideXOS.obj
 0003:0000171c       guideXOS_IDT__Initialize   000000001002f71c     guideXOS.obj
 0003:00001810       guideXOS_IDT__AllowUserSoftwareInterrupt 000000001002f810     guideXOS.obj
 0003:000018a8       guideXOS_IDT__intr_handler 000000001002f8a8     guideXOS.obj
 0003:000018a8       intr_handler               000000001002f8a8     guideXOS.obj
 0003:00003bc4       guideXOS_Native__Load_GDT  0000000010031bc4     guideXOS.obj
 0003:00003c18       guideXOS_Native__Load_IDT  0000000010031c18     guideXOS.obj
 0003:00003c6c       guideXOS_Internal_Runtime_EEType__get_IsArray 0000000010031c6c     guideXOS.obj
 0003:00003c90       guideXOS_Internal_Runtime_EEType__get_ArrayRank 0000000010031c90     guideXOS.obj
 0003:00003cb0       __imp_GetCurrentThreadId   0000000010031cb0     guideXOS.obj
 0003:00003cb0       guideXOS_Internal_Runtime_CompilerHelpers_StartupCodeHelpers____imp_GetCurrentThreadId 0000000010031cb0     guideXOS.obj
 0003:00003cb4       __CheckForDebuggerJustMyCode 0000000010031cb4     guideXOS.obj
 0003:00003cb4       guideXOS_Internal_Runtime_CompilerHelpers_StartupCodeHelpers____CheckForDebuggerJustMyCode 0000000010031cb4     guideXOS.obj
 0003:00003cb8       __fail_fast                0000000010031cb8     guideXOS.obj
 0003:00003cb8       guideXOS_Internal_Runtime_CompilerHelpers_StartupCodeHelpers__FailFast 0000000010031cb8     guideXOS.obj
 0003:00003cbc       guideXOS_Internal_Runtime_CompilerHelpers_StartupCodeHelpers__MemSet 0000000010031cbc     guideXOS.obj
 0003:00003cbc       memset                     0000000010031cbc     guideXOS.obj
 0003:00003cd8       guideXOS_Internal_Runtime_CompilerHelpers_StartupCodeHelpers__MemCpy 0000000010031cd8     guideXOS.obj
 0003:00003cd8       memcpy                     0000000010031cd8     guideXOS.obj
 0003:00003cf4       RhpFallbackFailFast        0000000010031cf4     guideXOS.obj
 0003:00003cf4       guideXOS_Internal_Runtime_CompilerHelpers_StartupCodeHelpers__RhpFallbackFailFast 0000000010031cf4     guideXOS.obj
 0003:00003cf8       RhpReversePInvoke2         0000000010031cf8     guideXOS.obj
 0003:00003cf8       guideXOS_Internal_Runtime_CompilerHelpers_StartupCodeHelpers__RhpReversePInvoke2 0000000010031cf8     guideXOS.obj
 0003:00003cfc       RhpReversePInvokeReturn2   0000000010031cfc     guideXOS.obj
 0003:00003cfc       guideXOS_Internal_Runtime_CompilerHelpers_StartupCodeHelpers__RhpReversePInvokeReturn2 0000000010031cfc     guideXOS.obj
 0003:00003d00       RhpReversePInvoke          0000000010031d00     guideXOS.obj
 0003:00003d00       guideXOS_Internal_Runtime_CompilerHelpers_StartupCodeHelpers__RhpReversePInvoke 0000000010031d00     guideXOS.obj
 0003:00003d04       RhpReversePInvokeReturn    0000000010031d04     guideXOS.obj
 0003:00003d04       guideXOS_Internal_Runtime_CompilerHelpers_StartupCodeHelpers__RhpReversePInvokeReturn 0000000010031d04     guideXOS.obj
 0003:00003d08       RhpPInvoke                 0000000010031d08     guideXOS.obj
 0003:00003d08       guideXOS_Internal_Runtime_CompilerHelpers_StartupCodeHelpers__RhpPinvoke 0000000010031d08     guideXOS.obj
 0003:00003d0c       RhpPInvokeReturn           0000000010031d0c     guideXOS.obj
 0003:00003d0c       guideXOS_Internal_Runtime_CompilerHelpers_StartupCodeHelpers__RhpPinvokeReturn 0000000010031d0c     guideXOS.obj
 0003:00003d10       RhpNewFast                 0000000010031d10     guideXOS.obj
 0003:00003d10       guideXOS_Internal_Runtime_CompilerHelpers_StartupCodeHelpers__RhpNewFast 0000000010031d10     guideXOS.obj
 0003:00003d9c       RhpNewArray                0000000010031d9c     guideXOS.obj
 0003:00003d9c       guideXOS_Internal_Runtime_CompilerHelpers_StartupCodeHelpers__RhpNewArray 0000000010031d9c     guideXOS.obj
 0003:00003e60       RhpAssignRef               0000000010031e60     guideXOS.obj
 0003:00003e60       guideXOS_Internal_Runtime_CompilerHelpers_StartupCodeHelpers__RhpAssignRef 0000000010031e60     guideXOS.obj
 0003:00003e64       RhpByRefAssignRef          0000000010031e64     guideXOS.obj
 0003:00003e64       guideXOS_Internal_Runtime_CompilerHelpers_StartupCodeHelpers__RhpByRefAssignRef 0000000010031e64     guideXOS.obj
 0003:00003e68       RhpCheckedAssignRef        0000000010031e68     guideXOS.obj
 0003:00003e68       guideXOS_Internal_Runtime_CompilerHelpers_StartupCodeHelpers__RhpCheckedAssignRef 0000000010031e68     guideXOS.obj
 0003:00003e6c       RhpStelemRef               0000000010031e6c     guideXOS.obj
 0003:00003e6c       guideXOS_Internal_Runtime_CompilerHelpers_StartupCodeHelpers__RhpStelemRef 0000000010031e6c     guideXOS.obj
 0003:00003ea4       RhTypeCast_IsInstanceOfClass 0000000010031ea4     guideXOS.obj
 0003:00003ea4       guideXOS_Internal_Runtime_CompilerHelpers_StartupCodeHelpers__RhTypeCast_IsInstanceOfClass 0000000010031ea4     guideXOS.obj
 0003:00003ed0       guideXOS_Internal_Runtime_CompilerHelpers_StartupCodeHelpers__InitializeModules 0000000010031ed0     guideXOS.obj
 0003:0000408c       guideXOS_Internal_Runtime_CompilerHelpers_StartupCodeHelpers__InitializeStatics 000000001003208c     guideXOS.obj
 0003:00004174       guideXOS_Internal_Runtime_CompilerHelpers_SynchronizedMethodHelpers__MonitorEnterStatic 0000000010032174     guideXOS.obj
 0003:00004178       guideXOS_Internal_Runtime_CompilerHelpers_SynchronizedMethodHelpers__MonitorExitStatic 0000000010032178     guideXOS.obj
 0003:0000417c       guideXOS_Internal_Runtime_CompilerHelpers_ThrowHelpers__Error 000000001003217c     guideXOS.obj
 0003:0000422c       guideXOS_Internal_Runtime_CompilerHelpers_ThrowHelpers__ThrowOverflowException 000000001003222c     guideXOS.obj
 0003:00004244       guideXOS_Internal_Runtime_CompilerHelpers_ThrowHelpers__ThrowIndexOutOfRangeException 0000000010032244     guideXOS.obj
 0003:0000425c       Bool__ToString             000000001003225c     guideXOS.obj
 0003:00004274       UInt8__ToString            0000000010032274     guideXOS.obj
 0003:00004290       guideXOS_System_Delegate__InitializeOpenStaticThunk 0000000010032290     guideXOS.obj
 0003:000042b4       guideXOS_System_Delegate__InitializeClosedInstance 00000000100322b4     guideXOS.obj
 0003:000042e0       Int32__ToString            00000000100322e0     guideXOS.obj
 0003:00004300       Int64__ToString            0000000010032300     guideXOS.obj
 0003:000043f0       guideXOS_System_MathF__Floor 00000000100323f0     guideXOS.obj
 0003:00004450       Object___ctor              0000000010032450     guideXOS.obj
 0003:00004454       Object__ToString           0000000010032454     guideXOS.obj
 0003:0000445c       Object__Dispose            000000001003245c     guideXOS.obj
 0003:000044ac       String__FromASCII          00000000100324ac     guideXOS.obj
 0003:00004544       String__Ctor               0000000010032544     guideXOS.obj
 0003:00004564       String__Ctor_1             0000000010032564     guideXOS.obj
 0003:000045b0       String__Ctor_2             00000000100325b0     guideXOS.obj
 0003:0000466c       String__LastIndexOf        000000001003266c     guideXOS.obj
 0003:00004694       String__Ctor_3             0000000010032694     guideXOS.obj
 0003:000046d8       String__ToString           00000000100326d8     guideXOS.obj
 0003:000046dc       String__Equals_0           00000000100326dc     guideXOS.obj
 0003:00004718       String__Concat             0000000010032718     guideXOS.obj
 0003:00004804       String__IndexOf            0000000010032804     guideXOS.obj
 0003:00004834       String__Concat_0           0000000010032834     guideXOS.obj
 0003:000048a8       String__Concat_1           00000000100328a8     guideXOS.obj
 0003:0000496c       String__Concat_2           000000001003296c     guideXOS.obj
 0003:00004a54       String__Format             0000000010032a54     guideXOS.obj
 0003:00004c58       String__Split              0000000010032c58     guideXOS.obj
 0003:00004d6c       String__Substring          0000000010032d6c     guideXOS.obj
 0003:00004dac       String__Substring_0        0000000010032dac     guideXOS.obj
 0003:00004de8       String__EndsWith_0         0000000010032de8     guideXOS.obj
 0003:00004e68       String__ToUpper            0000000010032e68     guideXOS.obj
 0003:00004efc       UInt16__ToString           0000000010032efc     guideXOS.obj
 0003:00004f18       UInt32__ToString           0000000010032f18     guideXOS.obj
 0003:00004f34       UInt32__ToString_0         0000000010032f34     guideXOS.obj
 0003:00004f50       UInt64__ToString           0000000010032f50     guideXOS.obj
 0003:00005018       UInt64__ToString_0         0000000010033018     guideXOS.obj
 0003:000050c0       UInt64__ToStringHex        00000000100330c0     guideXOS.obj
 0003:00005168       guideXOS_System_Threading_Monitor__Unlock 0000000010033168     guideXOS.obj
 0003:000051ac       RhTypeCast_CheckCastClass  00000000100331ac     guideXOS.obj
 0003:000051ac       guideXOS_System_Runtime_TypeCast__CheckCastClass 00000000100331ac     guideXOS.obj
 0003:000051d4       RhTypeCast_CheckCastArray  00000000100331d4     guideXOS.obj
 0003:000051d4       guideXOS_System_Runtime_TypeCast__CheckCastArray 00000000100331d4     guideXOS.obj
 0003:000051fc       RhTypeCast_IsInstanceOfArray 00000000100331fc     guideXOS.obj
 0003:000051fc       guideXOS_System_Runtime_TypeCast__IsInstanceOfArray 00000000100331fc     guideXOS.obj
 0003:00005258       guideXOS_System_Runtime_CompilerServices_ClassConstructorRunner__CheckStaticClassConstructionReturnNonGCStaticBase 0000000010033258     guideXOS.obj
 0003:00005270       guideXOS_System_Runtime_CompilerServices_ClassConstructorRunner__CheckStaticClassConstructionReturnGCStaticBase 0000000010033270     guideXOS.obj
 0003:00005288       guideXOS_System_Runtime_CompilerServices_ClassConstructorRunner__CheckStaticClassConstruction 0000000010033288     guideXOS.obj
 0003:000052bc       guideXOS_System_Drawing_Image___ctor 00000000100332bc     guideXOS.obj
 0003:000052f8       guideXOS_System_Drawing_Image___ctor_0 00000000100332f8     guideXOS.obj
 0003:000052fc       guideXOS_System_Drawing_Image__Resample 00000000100332fc     guideXOS.obj
 0003:000056a0       guideXOS_System_Drawing_Image__ResizeImage 00000000100336a0     guideXOS.obj
 0003:00005814       guideXOS_System_Drawing_Image__Dispose 0000000010033814     guideXOS.obj
 0003:0000589c       guideXOS_guideXOS_Animation___ctor 000000001003389c     guideXOS.obj
 0003:000058ac       guideXOS_guideXOS_Animator__Initialize 00000000100338ac     guideXOS.obj
 0003:00005904       guideXOS_guideXOS_Animator__OnInterrupt 0000000010033904     guideXOS.obj
 0003:00005990       guideXOS_guideXOS_API__HandleSystemCall 0000000010033990     guideXOS.obj
 0003:00005d2c       guideXOS_guideXOS_API__API_SndWrite 0000000010033d2c     guideXOS.obj
 0003:00005d34       guideXOS_guideXOS_API__API_Calloc 0000000010033d34     guideXOS.obj
 0003:00005d3c       guideXOS_guideXOS_API__API_StartThread 0000000010033d3c     guideXOS.obj
 0003:00005d78       guideXOS_guideXOS_API__API_Error 0000000010033d78     guideXOS.obj
 0003:00005d80       guideXOS_guideXOS_API__API_GetTime 0000000010033d80     guideXOS.obj
 0003:00005e00       guideXOS_guideXOS_API__API_DrawImage 0000000010033e00     guideXOS.obj
 0003:00005e34       guideXOS_guideXOS_API__API_WriteString 0000000010033e34     guideXOS.obj
 0003:00005e94       guideXOS_guideXOS_API__API_Width 0000000010033e94     guideXOS.obj
 0003:00005ea8       guideXOS_guideXOS_API__API_Height 0000000010033ea8     guideXOS.obj
 0003:00005ebc       guideXOS_guideXOS_API__API_Update 0000000010033ebc     guideXOS.obj
 0003:00005ec4       guideXOS_guideXOS_API__API_Clear 0000000010033ec4     guideXOS.obj
 0003:00005ee4       DebugWrite                 0000000010033ee4     guideXOS.obj
 0003:00005ee4       guideXOS_guideXOS_API__API_DebugWrite 0000000010033ee4     guideXOS.obj
 0003:00005eec       DebugWriteLine             0000000010033eec     guideXOS.obj
 0003:00005eec       guideXOS_guideXOS_API__API_DebugWriteLine 0000000010033eec     guideXOS.obj
 0003:00005f08       Lock                       0000000010033f08     guideXOS.obj
 0003:00005f08       guideXOS_guideXOS_API__API_Lock 0000000010033f08     guideXOS.obj
 0003:00005f30       Unlock                     0000000010033f30     guideXOS.obj
 0003:00005f30       guideXOS_guideXOS_API__API_Unlock 0000000010033f30     guideXOS.obj
 0003:00005f70       guideXOS_guideXOS_API__API_DrawPoint 0000000010033f70     guideXOS.obj
 0003:00005fa4       guideXOS_guideXOS_API__API_SwitchToConsoleMode 0000000010033fa4     guideXOS.obj
 0003:00005fac       guideXOS_guideXOS_API__API_ReadAllBytes 0000000010033fac     guideXOS.obj
 0003:000060b4       guideXOS_guideXOS_API__API_Sleep 00000000100340b4     guideXOS.obj
 0003:000060bc       guideXOS_guideXOS_API__API_GetTick 00000000100340bc     guideXOS.obj
 0003:000060d0       guideXOS_guideXOS_API__API_Write 00000000100340d0     guideXOS.obj
 0003:000060dc       guideXOS_guideXOS_API__API_WriteLine 00000000100340dc     guideXOS.obj
 0003:000060e4       guideXOS_guideXOS_API__API_Allocate 00000000100340e4     guideXOS.obj
 0003:000060ec       guideXOS_guideXOS_API__API_Free 00000000100340ec     guideXOS.obj
 0003:000060f4       guideXOS_guideXOS_API__API_Reallocate 00000000100340f4     guideXOS.obj
 0003:000060fc       guideXOS_guideXOS_API__SayHello 00000000100340fc     guideXOS.obj
 0003:00006108       guideXOS_guideXOS_Kbd2Mouse__OnKeyChanged 0000000010034108     guideXOS.obj
 0003:00006294       guideXOS_guideXOS_ASC16__DrawString 0000000010034294     guideXOS.obj
 0003:000062e4       guideXOS_guideXOS_ASC16__DrawChar 00000000100342e4     guideXOS.obj
 0003:00006378       guideXOS_guideXOS_Console__add_OnWrite 0000000010034378     guideXOS.obj
 0003:00006404       guideXOS_guideXOS_Console__Setup 0000000010034404     guideXOS.obj
 0003:000064bc       guideXOS_guideXOS_Console__Write 00000000100344bc     guideXOS.obj
 0003:00006568       guideXOS_guideXOS_Console__Write_0 0000000010034568     guideXOS.obj
 0003:000065ec       guideXOS_guideXOS_Console__WriteFramebuffer 00000000100345ec     guideXOS.obj
 0003:000066f8       guideXOS_guideXOS_Console__MoveUp 00000000100346f8     guideXOS.obj
 0003:0000672c       guideXOS_guideXOS_Console__MoveUpFramebuffer 000000001003472c     guideXOS.obj
 0003:000067d8       guideXOS_guideXOS_Console__UpdateCursorFramebuffer 00000000100347d8     guideXOS.obj
 0003:00006888       guideXOS_guideXOS_Console__WriteLine 0000000010034888     guideXOS.obj
 0003:00006924       guideXOS_guideXOS_Console__WriteLine_0 0000000010034924     guideXOS.obj
 0003:00006968       guideXOS_guideXOS_Console__Clear 0000000010034968     guideXOS.obj
 0003:00006984       guideXOS_guideXOS_Console__ClearFramebuffer 0000000010034984     guideXOS.obj
 0003:00006a40       guideXOS_guideXOS_PageTable__Initialise 0000000010034a40     guideXOS.obj
 0003:00006b14       guideXOS_guideXOS_PageTable__GetPageInternal 0000000010034b14     guideXOS.obj
 0003:00006bd0       guideXOS_guideXOS_PageTable__MapOnRoot 0000000010034bd0     guideXOS.obj
 0003:00006c60       guideXOS_guideXOS_PageTable__Next_0 0000000010034c60     guideXOS.obj
 0003:00006d30       guideXOS_guideXOS_Intel825xx__Initialize 0000000010034d30     guideXOS.obj
 0003:0000773c       guideXOS_guideXOS_Intel825xx__Reset 000000001003573c     guideXOS.obj
 0003:0000776c       guideXOS_guideXOS_Intel825xx__TXsetup 000000001003576c     guideXOS.obj
 0003:000077dc       guideXOS_guideXOS_Intel825xx__RXsetup 00000000100357dc     guideXOS.obj
 0003:00007874       guideXOS_guideXOS_Intel825xx__ReadROM 0000000010035874     guideXOS.obj
 0003:000078a8       guideXOS_guideXOS_Intel825xx__OnInterrupt 00000000100358a8     guideXOS.obj
 0003:0000792c       guideXOS_guideXOS_Intel825xx__Linkup 000000001003592c     guideXOS.obj
 0003:00007964       guideXOS_guideXOS_Intel825xx__Send 0000000010035964     guideXOS.obj
 0003:000079c4       guideXOS_guideXOS_NETv4__Initialize 00000000100359c4     guideXOS.obj
 0003:00007aac       guideXOS_guideXOS_NETv4__SwapLeftRight 0000000010035aac     guideXOS.obj
 0003:00007ac8       guideXOS_guideXOS_NETv4__SwapLeftRight_0 0000000010035ac8     guideXOS.obj
 0003:00007af8       guideXOS_guideXOS_NETv4__SwapLeftRight_1 0000000010035af8     guideXOS.obj
 0003:00007b14       guideXOS_guideXOS_NETv4__SwapLeftRight_2 0000000010035b14     guideXOS.obj
 0003:00007b50       guideXOS_guideXOS_NETv4__OnData_0 0000000010035b50     guideXOS.obj
 0003:00007bc8       guideXOS_guideXOS_NETv4__DNSQuery 0000000010035bc8     guideXOS.obj
 0003:000080c4       guideXOS_guideXOS_NETv4__DHCPDiscover 00000000100360c4     guideXOS.obj
 0003:000085e4       guideXOS_guideXOS_NETv4__MakeDHCPRequestPacket 00000000100365e4     guideXOS.obj
 0003:000086b4       guideXOS_guideXOS_NETv4__UDPBind 00000000100366b4     guideXOS.obj
 0003:00008710       guideXOS_guideXOS_NETv4__UDPSend 0000000010036710     guideXOS.obj
 0003:00008874       guideXOS_guideXOS_NETv4__MakeUDPPacket 0000000010036874     guideXOS.obj
 0003:00008984       guideXOS_guideXOS_NETv4__UDPOnData_0 0000000010036984     guideXOS.obj
 0003:00008ae0       guideXOS_guideXOS_NETv4__TCPOnData 0000000010036ae0     guideXOS.obj
 0003:00009104       guideXOS_guideXOS_NETv4__TCPConnect 0000000010037104     guideXOS.obj
 0003:000091a4       guideXOS_guideXOS_NETv4__TCPClose 00000000100371a4     guideXOS.obj
 0003:000091dc       guideXOS_guideXOS_NETv4__TCPSendData 00000000100371dc     guideXOS.obj
 0003:0000926c       guideXOS_guideXOS_NETv4__TCPSend 000000001003726c     guideXOS.obj
 0003:000093c4       guideXOS_guideXOS_NETv4__MakeTCPPacket 00000000100373c4     guideXOS.obj
 0003:00009588       guideXOS_guideXOS_NETv4__IPOnData 0000000010037588     guideXOS.obj
 0003:000096b4       guideXOS_guideXOS_NETv4__MakeIPPacket 00000000100376b4     guideXOS.obj
 0003:0000971c       guideXOS_guideXOS_NETv4__IPChecksum 000000001003771c     guideXOS.obj
 0003:0000976c       guideXOS_guideXOS_NETv4__ICMPOnData 000000001003776c     guideXOS.obj
 0003:000098e0       guideXOS_guideXOS_NETv4__ICMPPing 00000000100378e0     guideXOS.obj
 0003:00009a4c       guideXOS_guideXOS_NETv4__ARPLookup 0000000010037a4c     guideXOS.obj
 0003:00009bd8       guideXOS_guideXOS_NETv4__ARPOnData 0000000010037bd8     guideXOS.obj
 0003:00009df8       guideXOS_guideXOS_NETv4__MakeARPPacket 0000000010037df8     guideXOS.obj
 0003:00009e70       guideXOS_guideXOS_NETv4__ARPRequire 0000000010037e70     guideXOS.obj
 0003:00009f74       guideXOS_guideXOS_NETv4__MakeEthernetPacket 0000000010037f74     guideXOS.obj
 0003:00009fb4       guideXOS_guideXOS_RTL8111__Initialize 0000000010037fb4     guideXOS.obj
 0003:0000aa68       guideXOS_guideXOS_RTL8111__ResetRXDesc 0000000010038a68     guideXOS.obj
 0003:0000aaa0       guideXOS_guideXOS_RTL8111__Send 0000000010038aa0     guideXOS.obj
 0003:0000ab60       guideXOS_guideXOS_RTL8111__OnInterrupt 0000000010038b60     guideXOS.obj
 0003:0000ac44       guideXOS_guideXOS_SMP__ApplicationProcessorMain 0000000010038c44     guideXOS.obj
 0003:0000ace0       guideXOS_guideXOS_SMP__Initialize 0000000010038ce0     guideXOS.obj
 0003:0000ae70       guideXOS_guideXOS_Network_Http__NextEphemeralPort 0000000010038e70     guideXOS.obj
 0003:0000aea4       guideXOS_guideXOS_Network_Http__PostJson 0000000010038ea4     guideXOS.obj
 0003:0000af34       guideXOS_guideXOS_Network_Http__BuildPost 0000000010038f34     guideXOS.obj
 0003:0000b118       guideXOS_guideXOS_Network_Http__Send 0000000010039118     guideXOS.obj
 0003:0000b69c       guideXOS_guideXOS_Network_Http__Resolve 000000001003969c     guideXOS.obj
 0003:0000b794       guideXOS_guideXOS_Network_Http__IsZero 0000000010039794     guideXOS.obj
 0003:0000b7b4       guideXOS_guideXOS_Network_Http__EqualsIp 00000000100397b4     guideXOS.obj
 0003:0000b7f4       guideXOS_guideXOS_Network_Http__ReceiveAll 00000000100397f4     guideXOS.obj
 0003:0000b934       guideXOS_guideXOS_Network_Http__IsHttpComplete 0000000010039934     guideXOS.obj
 0003:0000baa8       guideXOS_guideXOS_Network_Http__HeaderContentLengthBytes 0000000010039aa8     guideXOS.obj
 0003:0000bb48       guideXOS_guideXOS_Network_Http__HeaderChunkedBytes 0000000010039b48     guideXOS.obj
 0003:0000bb90       guideXOS_guideXOS_Network_Http__ParseHttp 0000000010039b90     guideXOS.obj
 0003:0000bfc4       guideXOS_guideXOS_Network_Http__DecodeChunked 0000000010039fc4     guideXOS.obj
 0003:0000c120       guideXOS_guideXOS_Network_Http__IndexOf 000000001003a120     guideXOS.obj
 0003:0000c188       guideXOS_guideXOS_Network_Http__Match 000000001003a188     guideXOS.obj
 0003:0000c23c       guideXOS_guideXOS_Network_Http__ToAsciiBytes 000000001003a23c     guideXOS.obj
 0003:0000c2c4       guideXOS_guideXOS_Network_Http__BytesToAscii_0 000000001003a2c4     guideXOS.obj
 0003:0000c378       guideXOS_guideXOS_Network_Http__SetHeader 000000001003a378     guideXOS.obj
 0003:0000c43c       guideXOS_guideXOS_Network_Http__GetHeader 000000001003a43c     guideXOS.obj
 0003:0000c4a4       guideXOS_guideXOS_Network_Http__EqualsIgnoreCase 000000001003a4a4     guideXOS.obj
 0003:0000c514       guideXOS_guideXOS_Network_Http__IndexOfIgnoreCase 000000001003a514     guideXOS.obj
 0003:0000c594       guideXOS_guideXOS_Network_Http__IndexOf_0 000000001003a594     guideXOS.obj
 0003:0000c5c0       guideXOS_guideXOS_Network_Http__HasPrefix 000000001003a5c0     guideXOS.obj
 0003:0000c5f8       guideXOS_guideXOS_Network_Http__TrimSpaces 000000001003a5f8     guideXOS.obj
 0003:0000c654       guideXOS_guideXOS_Network_Http__ParseInt 000000001003a654     guideXOS.obj
 0003:0000c688       guideXOS_guideXOS_Network_Http__ParseIntToString 000000001003a688     guideXOS.obj
[...]
 0008:00000262       __E2E33A61_corecrt_wstdlib@h 00000000102a3262     NativeLib:ffunicode.obj
 0008:00000263       __10D4A829_limits@h        00000000102a3263     NativeLib:ffunicode.obj
 0008:00000264       __6E5ACABA_stdlib@h        00000000102a3264     NativeLib:ffunicode.obj
 0008:00000265       __30B1AFDA_unknwnbase@h    00000000102a3265     NativeLib:ffunicode.obj
 0008:00000266       __328C1996_objidlbase@h    00000000102a3266     NativeLib:ffunicode.obj
 0008:00000267       __C4E06B6A_cguid@h         00000000102a3267     NativeLib:ffunicode.obj
 0008:00000268       __434718C5_combaseapi@h    00000000102a3268     NativeLib:ffunicode.obj
 0008:00000269       __DE6FDEF1_unknwn@h        00000000102a3269     NativeLib:ffunicode.obj
 0008:0000026a       __CCE0BACC_objidl@h        00000000102a326a     NativeLib:ffunicode.obj
 0008:0000026b       __8C7011E5_oaidl@h         00000000102a326b     NativeLib:ffunicode.obj
 0008:0000026c       __2E0B7863_propidlbase@h   00000000102a326c     NativeLib:ffunicode.obj
 0008:0000026d       __BF4CF2EC_coml2api@h      00000000102a326d     NativeLib:ffunicode.obj
 0008:0000026e       __6D897344_oleidl@h        00000000102a326e     NativeLib:ffunicode.obj
 0008:0000026f       __1129FC2C_servprov@h      00000000102a326f     NativeLib:ffunicode.obj
 0008:00000270       __757952E4_msxml@h         00000000102a3270     NativeLib:ffunicode.obj
 0008:00000271       __B1191D53_urlmon@h        00000000102a3271     NativeLib:ffunicode.obj
 0008:00000272       __404D1A47_propidl@h       00000000102a3272     NativeLib:ffunicode.obj
 0008:00000273       __A1C63593_objbase@h       00000000102a3273     NativeLib:ffunicode.obj
 0008:00000274       __C1B0A9CB_oleauto@h       00000000102a3274     NativeLib:ffunicode.obj
 0008:00000275       __24EAF61F_ole2@h          00000000102a3275     NativeLib:ffunicode.obj
 0008:00000276       __2B1843DA_commdlg@h       00000000102a3276     NativeLib:ffunicode.obj
 0008:00000277       __81DDEDE3_stralign@h      00000000102a3277     NativeLib:ffunicode.obj
 0008:00000278       __2134D1B4_winsvc@h        00000000102a3278     NativeLib:ffunicode.obj
 0008:00000279       __11C07376_mcx@h           00000000102a3279     NativeLib:ffunicode.obj
 0008:0000027a       __577CE3E7_ime_cmodes@h    00000000102a327a     NativeLib:ffunicode.obj
 0008:0000027b       __1E72C31E_imm@h           00000000102a327b     NativeLib:ffunicode.obj
 0008:0000027c       __E15BF856_windows@h       00000000102a327c     NativeLib:ffunicode.obj
 0008:0000027d       __44420885_corecrt_stdio_config@h 00000000102a327d     NativeLib:ffunicode.obj
 0008:0000027e       __EF1F6BBA_corecrt_wconio@h 00000000102a327e     NativeLib:ffunicode.obj
 0008:0000027f       __3D1D430C_corecrt_wdirect@h 00000000102a327f     NativeLib:ffunicode.obj
 0008:00000280       __8ECB7138_corecrt_share@h 00000000102a3280     NativeLib:ffunicode.obj
 0008:00000281       __DB7FEBA6_corecrt_wio@h   00000000102a3281     NativeLib:ffunicode.obj
 0008:00000282       __9A9F0068_corecrt_wprocess@h 00000000102a3282     NativeLib:ffunicode.obj
 0008:00000283       __AB601D8D_corecrt_wstdio@h 00000000102a3283     NativeLib:ffunicode.obj
 0008:00000284       __369A9BC3_corecrt_wtime@h 00000000102a3284     NativeLib:ffunicode.obj
 0008:00000285       __CE789B9D_types@h         00000000102a3285     NativeLib:ffunicode.obj
 0008:00000286       __9901C817_stat@h          00000000102a3286     NativeLib:ffunicode.obj
 0008:00000287       __3FCAD62E_wchar@h         00000000102a3287     NativeLib:ffunicode.obj
 0008:00000288       __0E22CCB3_tchar@h         00000000102a3288     NativeLib:ffunicode.obj
 0008:00000289       __4CCC6929_integer@h       00000000102a3289     NativeLib:ffunicode.obj
 0008:0000028a       __ED2A062E_ffconf@h        00000000102a328a     NativeLib:ffunicode.obj
 0008:0000028b       __A5A085C2_ff@h            00000000102a328b     NativeLib:ffunicode.obj
 0008:0000028c       __87CD6F4B_ffunicode@c     00000000102a328c     NativeLib:ffunicode.obj
 0008:0000028d       __0ED14FEE_winpackagefamily@h 00000000102a328d     NativeLib:diskio.obj
 0008:0000028e       __F92EF742_winapifamily@h  00000000102a328e     NativeLib:diskio.obj
 0008:0000028f       __22E515EB_sdkddkver@h     00000000102a328f     NativeLib:diskio.obj
 0008:00000290       __FE09AF47_concurrencysal@h 00000000102a3290     NativeLib:diskio.obj
 0008:00000291       __C073CA79_sal@h           00000000102a3291     NativeLib:diskio.obj
 0008:00000292       __D6AFE870_vadefs@h        00000000102a3292     NativeLib:diskio.obj
 0008:00000293       __D63E96CF_vcruntime@h     00000000102a3293     NativeLib:diskio.obj
 0008:00000294       __514B86D7_excpt@h         00000000102a3294     NativeLib:diskio.obj
 0008:00000295       __9A7D38D9_stdarg@h        00000000102a3295     NativeLib:diskio.obj
 0008:00000296       __29F49F40_specstrings_undef@h 00000000102a3296     NativeLib:diskio.obj
 0008:00000297       __D0F42932_specstrings_strict@h 00000000102a3297     NativeLib:diskio.obj
 0008:00000298       __F00405FD_sdv_driverspecs@h 00000000102a3298     NativeLib:diskio.obj
 0008:00000299       __173E09CA_driverspecs@h   00000000102a3299     NativeLib:diskio.obj
 0008:0000029a       __9A452361_specstrings@h   00000000102a329a     NativeLib:diskio.obj
 0008:0000029b       __1B0272D9_corecrt@h       00000000102a329b     NativeLib:diskio.obj
 0008:0000029c       __74484FB3_corecrt_wctype@h 00000000102a329c     NativeLib:diskio.obj
 0008:0000029d       __1EC467ED_ctype@h         00000000102a329d     NativeLib:diskio.obj
 0008:0000029e       __98517906_kernelspecs@h   00000000102a329e     NativeLib:diskio.obj
 0008:0000029f       __D3497022_basetsd@h       00000000102a329f     NativeLib:diskio.obj
 0008:000002a0       __61CC25A1_errno@h         00000000102a32a0     NativeLib:diskio.obj
 0008:000002a1       __3EADF068_vcruntime_string@h 00000000102a32a1     NativeLib:diskio.obj
 0008:000002a2       __E4C945B4_corecrt_memcpy_s@h 00000000102a32a2     NativeLib:diskio.obj
 0008:000002a3       __8EAFF484_corecrt_memory@h 00000000102a32a3     NativeLib:diskio.obj
 0008:000002a4       __6490AEC5_corecrt_wstring@h 00000000102a32a4     NativeLib:diskio.obj
 0008:000002a5       __E8295E1E_string@h        00000000102a32a5     NativeLib:diskio.obj
 0008:000002a6       __7FCB5136_guiddef@h       00000000102a32a6     NativeLib:diskio.obj
 0008:000002a7       __FF8A9E11_pshpack4@h      00000000102a32a7     NativeLib:diskio.obj
 0008:000002a8       __D5438902_poppack@h       00000000102a32a8     NativeLib:diskio.obj
 0008:000002a9       __FB07E2A3_pshpack2@h      00000000102a32a9     NativeLib:diskio.obj
 0008:000002aa       __F6906775_pshpack8@h      00000000102a32aa     NativeLib:diskio.obj
 0008:000002ab       __F9415CFA_pshpack1@h      00000000102a32ab     NativeLib:diskio.obj
 0008:000002ac       __E58C6F1C_apiset@h        00000000102a32ac     NativeLib:diskio.obj
 0008:000002ad       __A5C52262_ktmtypes@h      00000000102a32ad     NativeLib:diskio.obj
 0008:000002ae       __FBBA8F9D_winnt@h         00000000102a32ae     NativeLib:diskio.obj
 0008:000002af       __A32D3D2C_minwindef@h     00000000102a32af     NativeLib:diskio.obj
 0008:000002b0       __7D798299_windef@h        00000000102a32b0     NativeLib:diskio.obj
 0008:000002b1       __9AE108E9_apisetcconv@h   00000000102a32b1     NativeLib:diskio.obj
 0008:000002b2       __9CE53D2C_minwinbase@h    00000000102a32b2     NativeLib:diskio.obj
 0008:000002b3       __5D0AA210_apiquery2@h     00000000102a32b3     NativeLib:diskio.obj
 0008:000002b4       __4DD4E726_processenv@h    00000000102a32b4     NativeLib:diskio.obj
 0008:000002b5       __3575CC96_fileapi@h       00000000102a32b5     NativeLib:diskio.obj
 0008:000002b6       __8EA220E6_fileapifromapp@h 00000000102a32b6     NativeLib:diskio.obj
 0008:000002b7       __BF9B31FE_debugapi@h      00000000102a32b7     NativeLib:diskio.obj
 0008:000002b8       __C3AFE134_utilapiset@h    00000000102a32b8     NativeLib:diskio.obj
 0008:000002b9       __76F69E51_handleapi@h     00000000102a32b9     NativeLib:diskio.obj
 0008:000002ba       __7E63D784_errhandlingapi@h 00000000102a32ba     NativeLib:diskio.obj
 0008:000002bb       __FFA7003C_fibersapi@h     00000000102a32bb     NativeLib:diskio.obj
 0008:000002bc       __8971CECF_namedpipeapi@h  00000000102a32bc     NativeLib:diskio.obj
 0008:000002bd       __46C9D8A6_profileapi@h    00000000102a32bd     NativeLib:diskio.obj
 0008:000002be       __98D4F0A3_heapapi@h       00000000102a32be     NativeLib:diskio.obj
 0008:000002bf       __50EF2A88_ioapiset@h      00000000102a32bf     NativeLib:diskio.obj
 0008:000002c0       __92EA1464_synchapi@h      00000000102a32c0     NativeLib:diskio.obj
 0008:000002c1       __A53D8AED_interlockedapi@h 00000000102a32c1     NativeLib:diskio.obj
 0008:000002c2       __B506CAAF_processthreadsapi@h 00000000102a32c2     NativeLib:diskio.obj
 0008:000002c3       __FF735694_sysinfoapi@h    00000000102a32c3     NativeLib:diskio.obj
 0008:000002c4       __29589789_memoryapi@h     00000000102a32c4     NativeLib:diskio.obj
 0008:000002c5       __E9C7A663_enclaveapi@h    00000000102a32c5     NativeLib:diskio.obj
 0008:000002c6       __D035F9F7_threadpoollegacyapiset@h 00000000102a32c6     NativeLib:diskio.obj
 0008:000002c7       __C899130C_threadpoolapiset@h 00000000102a32c7     NativeLib:diskio.obj
 0008:000002c8       __E0441EE7_jobapi@h        00000000102a32c8     NativeLib:diskio.obj
 0008:000002c9       __CEF86838_jobapi2@h       00000000102a32c9     NativeLib:diskio.obj
 0008:000002ca       __35AC6B9A_wow64apiset@h   00000000102a32ca     NativeLib:diskio.obj
 0008:000002cb       __C8AE41A5_libloaderapi@h  00000000102a32cb     NativeLib:diskio.obj
 0008:000002cc       __CC9E232D_securitybaseapi@h 00000000102a32cc     NativeLib:diskio.obj
 0008:000002cd       __C9D0C9B8_namespaceapi@h  00000000102a32cd     NativeLib:diskio.obj
 0008:000002ce       __30FF9CAD_systemtopologyapi@h 00000000102a32ce     NativeLib:diskio.obj
 0008:000002cf       __4D358795_processtopologyapi@h 00000000102a32cf     NativeLib:diskio.obj
 0008:000002d0       __40446D10_securityappcontainer@h 00000000102a32d0     NativeLib:diskio.obj
 0008:000002d1       __3A952EDF_realtimeapiset@h 00000000102a32d1     NativeLib:diskio.obj
 0008:000002d2       __F4865F4B_winerror@h      00000000102a32d2     NativeLib:diskio.obj
 0008:000002d3       __53C1BD93_timezoneapi@h   00000000102a32d3     NativeLib:diskio.obj
 0008:000002d4       __1FFBEDBF_winbase@h       00000000102a32d4     NativeLib:diskio.obj
 0008:000002d5       __43D3FA34_wingdi@h        00000000102a32d5     NativeLib:diskio.obj
 0008:000002d6       __D24A7391_tvout@h         00000000102a32d6     NativeLib:diskio.obj
 0008:000002d7       __7713A6C8_winuser@h       00000000102a32d7     NativeLib:diskio.obj
 0008:000002d8       __0B345F71_datetimeapi@h   00000000102a32d8     NativeLib:diskio.obj
 0008:000002d9       __9AC6960C_winnls@h        00000000102a32d9     NativeLib:diskio.obj
 0008:000002da       __973A40A8_stringapiset@h  00000000102a32da     NativeLib:diskio.obj
 0008:000002db       __CC46FEE2_wincontypes@h   00000000102a32db     NativeLib:diskio.obj
 0008:000002dc       __97D70BE1_consoleapi@h    00000000102a32dc     NativeLib:diskio.obj
 0008:000002dd       __27EC5E18_consoleapi2@h   00000000102a32dd     NativeLib:diskio.obj
 0008:000002de       __262E342F_consoleapi3@h   00000000102a32de     NativeLib:diskio.obj
 0008:000002df       __641DCD70_wincon@h        00000000102a32df     NativeLib:diskio.obj
 0008:000002e0       __5A96C7A7_verrsrc@h       00000000102a32e0     NativeLib:diskio.obj
 0008:000002e1       __B69C6FF2_winver@h        00000000102a32e1     NativeLib:diskio.obj
 0008:000002e2       __7AEB8C37_reason@h        00000000102a32e2     NativeLib:diskio.obj
 0008:000002e3       __59F1A8A9_winreg@h        00000000102a32e3     NativeLib:diskio.obj
 0008:000002e4       __EE0E2B7F_wnnc@h          00000000102a32e4     NativeLib:diskio.obj
 0008:000002e5       __DCDB7054_winnetwk@h      00000000102a32e5     NativeLib:diskio.obj
 0008:000002e6       __EDC72EEB_cderr@h         00000000102a32e6     NativeLib:diskio.obj
 0008:000002e7       __95F9199D_dde@h           00000000102a32e7     NativeLib:diskio.obj
 0008:000002e8       __66427627_ddeml@h         00000000102a32e8     NativeLib:diskio.obj
 0008:000002e9       __957C29A0_dlgs@h          00000000102a32e9     NativeLib:diskio.obj
 0008:000002ea       __12EA15AF_lzexpand@h      00000000102a32ea     NativeLib:diskio.obj
 0008:000002eb       __62131F15_mmsyscom@h      00000000102a32eb     NativeLib:diskio.obj
 0008:000002ec       __47E68D49_mciapi@h        00000000102a32ec     NativeLib:diskio.obj
 0008:000002ed       __5D7DD356_mmiscapi@h      00000000102a32ed     NativeLib:diskio.obj
 0008:000002ee       __7223D2EF_mmiscapi2@h     00000000102a32ee     NativeLib:diskio.obj
 0008:000002ef       __A330DBB3_playsoundapi@h  00000000102a32ef     NativeLib:diskio.obj
 0008:000002f0       __601B366F_mmeapi@h        00000000102a32f0     NativeLib:diskio.obj
 0008:000002f1       __1134ADD5_timeapi@h       00000000102a32f1     NativeLib:diskio.obj
 0008:000002f2       __93F2265A_joystickapi@h   00000000102a32f2     NativeLib:diskio.obj
 0008:000002f3       __DF6EB4E3_mmsystem@h      00000000102a32f3     NativeLib:diskio.obj
 0008:000002f4       __BD641FCB_nb30@h          00000000102a32f4     NativeLib:diskio.obj
 0008:000002f5       __DF8704F0_rpcdcep@h       00000000102a32f5     NativeLib:diskio.obj
 0008:000002f6       __5C6CA7BB_rpcdce@h        00000000102a32f6     NativeLib:diskio.obj
 0008:000002f7       __853533C4_rpcnsi@h        00000000102a32f7     NativeLib:diskio.obj
 0008:000002f8       __2D2406C3_rpcnterr@h      00000000102a32f8     NativeLib:diskio.obj
 0008:000002f9       __64521D71_rpcasync@h      00000000102a32f9     NativeLib:diskio.obj
 0008:000002fa       __AADCBA08_rpc@h           00000000102a32fa     NativeLib:diskio.obj
 0008:000002fb       __19E26CFF_shellapi@h      00000000102a32fb     NativeLib:diskio.obj
 0008:000002fc       __1E9F31D3_winperf@h       00000000102a32fc     NativeLib:diskio.obj
 0008:000002fd       __832A4112_inaddr@h        00000000102a32fd     NativeLib:diskio.obj
 0008:000002fe       __32C6F875_winsock@h       00000000102a32fe     NativeLib:diskio.obj
 0008:000002ff       __7953A3F8_bcrypt@h        00000000102a32ff     NativeLib:diskio.obj
 0008:00000300       __E4169492_ncrypt@h        00000000102a3300     NativeLib:diskio.obj
 0008:00000301       __AF3DDDC3_dpapi@h         00000000102a3301     NativeLib:diskio.obj
 0008:00000302       __D1E23BF2_wincrypt@h      00000000102a3302     NativeLib:diskio.obj
 0008:00000303       __82AB4779_winefs@h        00000000102a3303     NativeLib:diskio.obj
 0008:00000304       __1FE431C9_rpcnsip@h       00000000102a3304     NativeLib:diskio.obj
 0008:00000305       __2B741F2D_rpcsal@h        00000000102a3305     NativeLib:diskio.obj
 0008:00000306       __92623256_rpcndr@h        00000000102a3306     NativeLib:diskio.obj
 0008:00000307       __9C18532E_wtypesbase@h    00000000102a3307     NativeLib:diskio.obj
 0008:00000308       __EA2E1D6D_wtypes@h        00000000102a3308     NativeLib:diskio.obj
 0008:00000309       __7DDD9F45_winioctl@h      00000000102a3309     NativeLib:diskio.obj
 0008:0000030a       __E550A843_winsmcrd@h      00000000102a330a     NativeLib:diskio.obj
 0008:0000030b       __9809C1BA_winscard@h      00000000102a330b     NativeLib:diskio.obj
 0008:0000030c       __EA174FA4_prsht@h         00000000102a330c     NativeLib:diskio.obj
 0008:0000030d       __0E1BD114_winspool@h      00000000102a330d     NativeLib:diskio.obj
 0008:0000030e       __45DED006_corecrt_malloc@h 00000000102a330e     NativeLib:diskio.obj
 0008:0000030f       __13F5961F_stddef@h        00000000102a330f     NativeLib:diskio.obj
 0008:00000310       __FD6DBD68_corecrt_search@h 00000000102a3310     NativeLib:diskio.obj
 0008:00000311       __E2E33A61_corecrt_wstdlib@h 00000000102a3311     NativeLib:diskio.obj
 0008:00000312       __10D4A829_limits@h        00000000102a3312     NativeLib:diskio.obj
 0008:00000313       __6E5ACABA_stdlib@h        00000000102a3313     NativeLib:diskio.obj
 0008:00000314       __30B1AFDA_unknwnbase@h    00000000102a3314     NativeLib:diskio.obj
 0008:00000315       __328C1996_objidlbase@h    00000000102a3315     NativeLib:diskio.obj
 0008:00000316       __C4E06B6A_cguid@h         00000000102a3316     NativeLib:diskio.obj
 0008:00000317       __434718C5_combaseapi@h    00000000102a3317     NativeLib:diskio.obj
 0008:00000318       __DE6FDEF1_unknwn@h        00000000102a3318     NativeLib:diskio.obj
 0008:00000319       __CCE0BACC_objidl@h        00000000102a3319     NativeLib:diskio.obj
 0008:0000031a       __8C7011E5_oaidl@h         00000000102a331a     NativeLib:diskio.obj
 0008:0000031b       __2E0B7863_propidlbase@h   00000000102a331b     NativeLib:diskio.obj
 0008:0000031c       __BF4CF2EC_coml2api@h      00000000102a331c     NativeLib:diskio.obj
 0008:0000031d       __6D897344_oleidl@h        00000000102a331d     NativeLib:diskio.obj
 0008:0000031e       __1129FC2C_servprov@h      00000000102a331e     NativeLib:diskio.obj
 0008:0000031f       __757952E4_msxml@h         00000000102a331f     NativeLib:diskio.obj
 0008:00000320       __B1191D53_urlmon@h        00000000102a3320     NativeLib:diskio.obj
 0008:00000321       __404D1A47_propidl@h       00000000102a3321     NativeLib:diskio.obj
 0008:00000322       __A1C63593_objbase@h       00000000102a3322     NativeLib:diskio.obj
 0008:00000323       __C1B0A9CB_oleauto@h       00000000102a3323     NativeLib:diskio.obj
 0008:00000324       __24EAF61F_ole2@h          00000000102a3324     NativeLib:diskio.obj
 0008:00000325       __2B1843DA_commdlg@h       00000000102a3325     NativeLib:diskio.obj
 0008:00000326       __81DDEDE3_stralign@h      00000000102a3326     NativeLib:diskio.obj
 0008:00000327       __2134D1B4_winsvc@h        00000000102a3327     NativeLib:diskio.obj
 0008:00000328       __11C07376_mcx@h           00000000102a3328     NativeLib:diskio.obj
 0008:00000329       __577CE3E7_ime_cmodes@h    00000000102a3329     NativeLib:diskio.obj
 0008:0000032a       __1E72C31E_imm@h           00000000102a332a     NativeLib:diskio.obj
 0008:0000032b       __E15BF856_windows@h       00000000102a332b     NativeLib:diskio.obj
 0008:0000032c       __44420885_corecrt_stdio_config@h 00000000102a332c     NativeLib:diskio.obj
 0008:0000032d       __EF1F6BBA_corecrt_wconio@h 00000000102a332d     NativeLib:diskio.obj
 0008:0000032e       __3D1D430C_corecrt_wdirect@h 00000000102a332e     NativeLib:diskio.obj
 0008:0000032f       __8ECB7138_corecrt_share@h 00000000102a332f     NativeLib:diskio.obj
 0008:00000330       __DB7FEBA6_corecrt_wio@h   00000000102a3330     NativeLib:diskio.obj
 0008:00000331       __9A9F0068_corecrt_wprocess@h 00000000102a3331     NativeLib:diskio.obj
 0008:00000332       __AB601D8D_corecrt_wstdio@h 00000000102a3332     NativeLib:diskio.obj
 0008:00000333       __369A9BC3_corecrt_wtime@h 00000000102a3333     NativeLib:diskio.obj
 0008:00000334       __CE789B9D_types@h         00000000102a3334     NativeLib:diskio.obj
 0008:00000335       __9901C817_stat@h          00000000102a3335     NativeLib:diskio.obj
 0008:00000336       __3FCAD62E_wchar@h         00000000102a3336     NativeLib:diskio.obj
 0008:00000337       __0E22CCB3_tchar@h         00000000102a3337     NativeLib:diskio.obj
 0008:00000338       __4CCC6929_integer@h       00000000102a3338     NativeLib:diskio.obj
 0008:00000339       __3D17D6D7_diskio@h        00000000102a3339     NativeLib:diskio.obj
 0008:0000033a       __AAC50F5F_diskio@c        00000000102a333a     NativeLib:diskio.obj
 0009:000000a0       $R000000                   00000000102a40a0     guideXOS.res
 0009:000002f0       $R000250                   00000000102a42f0     guideXOS.res
