 guideXOS

 Timestamp is 69116eb1 (Sun Nov  9 20:48:49 2025)

 Preferred load address is 0000000010000000

 Start         Length     Name                   Class
 0001:00000000 00000510H .text                   CODE
 0001:00000510 0002ae31H .text$mn                CODE
 0002:00000000 00000045H .unbox$M                CODE
 0003:00000000 0004a6ccH .managedcode$I          CODE
 0004:00000000 0003ac80H .rdata                  DATA
 0004:0003ac80 00000018H .rdata$voltmd           DATA
 0004:0003ac98 0000019cH .rdata$zzzdbg           DATA
 0004:0003ae34 0000d978H .xdata                  DATA
 0004:000487ac 00000000H .edata                  DATA
 0005:00000000 00023580H .data                   DATA
 0005:00023580 001218a0H .bss                    DATA
 0006:00000000 00004020H .pdata                  DATA
 0007:00000000 00000008H .modules$I              DATA
 0008:00000000 0000033bH .msvcjmc                DATA
 0009:00000000 000000a0H .rsrc$01                DATA
 0009:000000a0 00000440H .rsrc$02                DATA

  Address         Publics by Value              Rva+Base               Lib:Object

 0000:00000000       __AbsoluteZero             0000000000000000     <absolute>
 0000:00000000       ___safe_se_handler_count   0000000000000000     <absolute>
 0000:00000000       ___safe_se_handler_table   0000000000000000     <absolute>
 0000:00000000       __arm64x_extra_rfe_table   0000000000000000     <absolute>
 0000:00000000       __arm64x_extra_rfe_table_size 0000000000000000     <absolute>
 0000:00000000       __arm64x_native_entrypoint 0000000000000000     <absolute>
 0000:00000000       __arm64x_redirection_metadata 0000000000000000     <absolute>
 0000:00000000       __arm64x_redirection_metadata_count 0000000000000000     <absolute>
 0000:00000000       __dynamic_value_reloc_table 0000000000000000     <absolute>
 0000:00000000       __enclave_config           0000000000000000     <absolute>
 0000:00000000       __guard_check_icall_a64n_fptr 0000000000000000     <absolute>
 0000:00000000       __guard_eh_cont_count      0000000000000000     <absolute>
 0000:00000000       __guard_eh_cont_table      0000000000000000     <absolute>
 0000:00000000       __guard_fids_count         0000000000000000     <absolute>
 0000:00000000       __guard_fids_table         0000000000000000     <absolute>
 0000:00000000       __guard_iat_count          0000000000000000     <absolute>
 0000:00000000       __guard_iat_table          0000000000000000     <absolute>
 0000:00000000       __guard_longjmp_count      0000000000000000     <absolute>
 0000:00000000       __guard_longjmp_table      0000000000000000     <absolute>
 0000:00000000       __hybrid_auxiliary_delayload_iat 0000000000000000     <absolute>
 0000:00000000       __hybrid_auxiliary_delayload_iat_copy 0000000000000000     <absolute>
 0000:00000000       __hybrid_auxiliary_iat     0000000000000000     <absolute>
 0000:00000000       __hybrid_auxiliary_iat_copy 0000000000000000     <absolute>
 0000:00000000       __hybrid_code_map          0000000000000000     <absolute>
 0000:00000000       __hybrid_code_map_count    0000000000000000     <absolute>
 0000:00000000       __hybrid_image_info_bitfield 0000000000000000     <absolute>
 0000:00000000       __x64_code_ranges_to_entry_points 0000000000000000     <absolute>
 0000:00000000       __x64_code_ranges_to_entry_points_count 0000000000000000     <absolute>
 0000:00000100       __guard_flags              0000000000000100     <absolute>
 0000:00000000       __ImageBase                0000000010000000     <linker-defined>
 0001:00000000       __GetNonGCStaticBase_guideXOS_Program 0000000010001000     guideXOS.obj
 0001:00000008       __GetNonGCStaticBase_guideXOS_Allocator 0000000010001008     guideXOS.obj
 0001:00000010       __GetNonGCStaticBase_guideXOS_GDT 0000000010001010     guideXOS.obj
 0001:00000018       __GetNonGCStaticBase_guideXOS_IDT 0000000010001018     guideXOS.obj
 0001:00000020       __GetNonGCStaticBase_guideXOS_System_Windows_Forms_Control 0000000010001020     guideXOS.obj
 0001:00000028       __GetNonGCStaticBase_guideXOS_guideXOS_Kbd2Mouse 0000000010001028     guideXOS.obj
 0001:00000030       __GetNonGCStaticBase_guideXOS_guideXOS_Console 0000000010001030     guideXOS.obj
 0001:00000038       __GetNonGCStaticBase_guideXOS_guideXOS_PageTable 0000000010001038     guideXOS.obj
 0001:00000040       __GetNonGCStaticBase_guideXOS_guideXOS_Intel825xx 0000000010001040     guideXOS.obj
 0001:00000048       __GetNonGCStaticBase_guideXOS_guideXOS_NETv4 0000000010001048     guideXOS.obj
 0001:00000050       __GetNonGCStaticBase_guideXOS_guideXOS_RTL8111 0000000010001050     guideXOS.obj
 0001:00000058       __GetNonGCStaticBase_guideXOS_guideXOS_SMP 0000000010001058     guideXOS.obj
 0001:00000060       __GetNonGCStaticBase_guideXOS_guideXOS_Network_Http 0000000010001060     guideXOS.obj
 0001:00000068       __GetNonGCStaticBase_guideXOS_guideXOS_Misc_Audio 0000000010001068     guideXOS.obj
 0001:00000070       __GetNonGCStaticBase_guideXOS_guideXOS_Misc_BootSplash 0000000010001070     guideXOS.obj
 0001:00000078       __GetNonGCStaticBase_guideXOS_guideXOS_Misc_ThreadPool 0000000010001078     guideXOS.obj
 0001:00000080       __GetNonGCStaticBase_guideXOS_guideXOS_Misc_USB 0000000010001080     guideXOS.obj
 0001:00000088       __GetNonGCStaticBase_guideXOS_guideXOS_Kernel_Drivers_AC97 0000000010001088     guideXOS.obj
 0001:00000090       __GetNonGCStaticBase_guideXOS_guideXOS_Kernel_Drivers_ACPI 0000000010001090     guideXOS.obj
 0001:00000098       __GetNonGCStaticBase_guideXOS_guideXOS_Kernel_Drivers_DisplayManager 0000000010001098     guideXOS.obj
 0001:000000a0       __GetNonGCStaticBase_guideXOS_guideXOS_Kernel_Drivers_EHCI 00000000100010a0     guideXOS.obj
 0001:000000a8       __GetNonGCStaticBase_guideXOS_guideXOS_Kernel_Drivers_ES1371 00000000100010a8     guideXOS.obj
 0001:000000b0       __GetNonGCStaticBase_guideXOS_guideXOS_Kernel_Drivers_Framebuffer 00000000100010b0     guideXOS.obj
 0001:000000b8       __GetNonGCStaticBase_guideXOS_guideXOS_Kernel_Drivers_HID 00000000100010b8     guideXOS.obj
 0001:000000c0       __GetNonGCStaticBase_guideXOS_guideXOS_Kernel_Drivers_HPET 00000000100010c0     guideXOS.obj
 0001:000000c8       __GetNonGCStaticBase_guideXOS_guideXOS_Kernel_Drivers_Hub 00000000100010c8     guideXOS.obj
 0001:000000d0       __GetNonGCStaticBase_guideXOS_guideXOS_Kernel_Drivers_Keyboard 00000000100010d0     guideXOS.obj
 0001:000000d8       __GetNonGCStaticBase_guideXOS_guideXOS_Kernel_Drivers_PS2Keyboard 00000000100010d8     guideXOS.obj
 0001:000000e0       __GetNonGCStaticBase_guideXOS_guideXOS_Kernel_Drivers_PS2Mouse 00000000100010e0     guideXOS.obj
 0001:000000e8       __GetNonGCStaticBase_guideXOS_guideXOS_Kernel_Drivers_RTC 00000000100010e8     guideXOS.obj
 0001:000000f0       __GetNonGCStaticBase_guideXOS_guideXOS_Kernel_Drivers_SATA 00000000100010f0     guideXOS.obj
 0001:000000f8       __GetNonGCStaticBase_guideXOS_guideXOS_Kernel_Drivers_Timer 00000000100010f8     guideXOS.obj
 0001:00000100       __GetNonGCStaticBase_guideXOS_guideXOS_Kernel_Drivers_VMwareTools 0000000010001100     guideXOS.obj
 0001:00000108       __GetNonGCStaticBase_guideXOS_guideXOS_Kernel_Drivers_USBStorage 0000000010001108     guideXOS.obj
 0001:00000125       __GetNonGCStaticBase_guideXOS_guideXOS_OS_Firewall 0000000010001125     guideXOS.obj
 0001:00000142       __GetNonGCStaticBase_guideXOS_guideXOS_GUI_Busy 0000000010001142     guideXOS.obj
 0001:0000014a       __GetNonGCStaticBase_guideXOS_guideXOS_GUI_Desktop 000000001000114a     guideXOS.obj
 0001:00000152       __GetNonGCStaticBase_guideXOS_guideXOS_GUI_StartMenu 0000000010001152     guideXOS.obj
 0001:0000015a       __GetNonGCStaticBase_guideXOS_guideXOS_GUI_UISettings 000000001000115a     guideXOS.obj
 0001:00000162       __GetNonGCStaticBase_guideXOS_guideXOS_GUI_WindowManager 0000000010001162     guideXOS.obj
 0001:0000016a       __GetNonGCStaticBase_guideXOS_guideXOS_GUI_WorkspaceManager 000000001000116a     guideXOS.obj
 0001:00000187       __GetNonGCStaticBase_guideXOS_guideXOS_DefaultApps_nexIRC 0000000010001187     guideXOS.obj
 0001:0000018f       __GetNonGCStaticBase_guideXOS_guideXOS_DefaultApps_WAVPlayer 000000001000118f     guideXOS.obj
 0001:00000197       __GetGCStaticBase_guideXOS_Program 0000000010001197     guideXOS.obj
 0001:000001a2       __GetGCStaticBase_guideXOS_IDT 00000000100011a2     guideXOS.obj
 0001:000001ad       __GetGCStaticBase_guideXOS_System_DateTime 00000000100011ad     guideXOS.obj
 0001:000001b8       __GetGCStaticBase_guideXOS_guideXOS_Animator 00000000100011b8     guideXOS.obj
 0001:000001c3       __GetGCStaticBase_guideXOS_guideXOS_ASC16 00000000100011c3     guideXOS.obj
 0001:000001ce       __GetGCStaticBase_guideXOS_guideXOS_Console 00000000100011ce     guideXOS.obj
 0001:000001d9       __GetGCStaticBase_guideXOS_guideXOS_NETv4 00000000100011d9     guideXOS.obj
 0001:000001e4       __GetGCStaticBase_guideXOS_guideXOS_Misc_BitFont 00000000100011e4     guideXOS.obj
 0001:000001ef       __GetGCStaticBase_guideXOS_guideXOS_Misc_BootSplash 00000000100011ef     guideXOS.obj
 0001:000001fa       __GetGCStaticBase_guideXOS_guideXOS_Misc_Interrupts 00000000100011fa     guideXOS.obj
 0001:00000205       __GetGCStaticBase_guideXOS_guideXOS_Misc_ThreadPool 0000000010001205     guideXOS.obj
 0001:00000210       __GetGCStaticBase_guideXOS_guideXOS_FS_Disk 0000000010001210     guideXOS.obj
 0001:0000021b       __GetGCStaticBase_guideXOS_guideXOS_FS_File 000000001000121b     guideXOS.obj
 0001:00000226       __GetGCStaticBase_guideXOS_guideXOS_Kernel_Drivers_AC97 0000000010001226     guideXOS.obj
 0001:00000231       __GetGCStaticBase_guideXOS_guideXOS_Kernel_Drivers_ACPI 0000000010001231     guideXOS.obj
 0001:0000023c       __GetGCStaticBase_guideXOS_guideXOS_Kernel_Drivers_DisplayManager 000000001000123c     guideXOS.obj
 0001:00000247       __GetGCStaticBase_guideXOS_guideXOS_Kernel_Drivers_Framebuffer 0000000010001247     guideXOS.obj
 0001:00000252       __GetGCStaticBase_guideXOS_guideXOS_Kernel_Drivers_HID 0000000010001252     guideXOS.obj
 0001:0000025d       __GetGCStaticBase_guideXOS_guideXOS_Kernel_Drivers_IDE 000000001000125d     guideXOS.obj
 0001:00000268       __GetGCStaticBase_guideXOS_guideXOS_Kernel_Drivers_Keyboard 0000000010001268     guideXOS.obj
 0001:00000273       __GetGCStaticBase_guideXOS_guideXOS_Kernel_Drivers_PCI 0000000010001273     guideXOS.obj
 0001:0000027e       __GetGCStaticBase_guideXOS_guideXOS_Kernel_Drivers_PS2Keyboard 000000001000127e     guideXOS.obj
 0001:00000289       __GetGCStaticBase_guideXOS_guideXOS_Kernel_Drivers_PS2Mouse 0000000010001289     guideXOS.obj
 0001:00000294       __GetGCStaticBase_guideXOS_guideXOS_Kernel_Drivers_SATA 0000000010001294     guideXOS.obj
 0001:0000029f       __GetGCStaticBase_guideXOS_guideXOS_Kernel_Drivers_USBStorage 000000001000129f     guideXOS.obj
 0001:000002bf       __GetGCStaticBase_guideXOS_guideXOS_OS_Firewall 00000000100012bf     guideXOS.obj
 0001:000002df       __GetGCStaticBase_guideXOS_guideXOS_OS_Session 00000000100012df     guideXOS.obj
 0001:000002ea       __GetGCStaticBase_guideXOS_guideXOS_GUI_Desktop 00000000100012ea     guideXOS.obj
 0001:000002f5       __GetGCStaticBase_guideXOS_guideXOS_GUI_Icons 00000000100012f5     guideXOS.obj
 0001:00000315       __GetGCStaticBase_guideXOS_guideXOS_GUI_Lockscreen 0000000010001315     guideXOS.obj
 0001:00000320       __GetGCStaticBase_guideXOS_guideXOS_GUI_NotificationManager 0000000010001320     guideXOS.obj
 0001:0000032b       __GetGCStaticBase_guideXOS_guideXOS_GUI_PinnedManager 000000001000132b     guideXOS.obj
 0001:0000034b       __GetGCStaticBase_guideXOS_guideXOS_GUI_RecentManager 000000001000134b     guideXOS.obj
 0001:0000036b       __GetGCStaticBase_guideXOS_guideXOS_GUI_WindowManager 000000001000136b     guideXOS.obj
 0001:00000376       __GetGCStaticBase_guideXOS_guideXOS_GUI_WorkspaceManager 0000000010001376     guideXOS.obj
 0001:00000396       __GetGCStaticBase_guideXOS_guideXOS_DefaultApps_Clock 0000000010001396     guideXOS.obj
 0001:000003a1       __GetGCStaticBase_guideXOS_guideXOS_DefaultApps_WAVPlayer 00000000100013a1     guideXOS.obj
 0001:000003ac       __GetGCStaticBase_guideXOS_guideXOS_GUI_SaveDialog___O 00000000100013ac     guideXOS.obj
 0001:000003b7       __GetGCStaticBase_guideXOS_guideXOS_DefaultApps_DisplayOptions___c 00000000100013b7     guideXOS.obj
 0001:000003c2       __GetGCStaticBase_guideXOS_System_Array_EmptyArray_1<String> 00000000100013c2     guideXOS.obj
 0001:000003e2       __DelegateCtor_guideXOS_System_Delegate__InitializeClosedInstance__guideXOS_guideXOS_GUI_OpenDialog__Keyboard_OnKeyChanged 00000000100013e2     guideXOS.obj
 0001:000003ee       __DelegateCtor_guideXOS_System_Delegate__InitializeClosedInstance__guideXOS_guideXOS_GUI_SaveDialog__Keyboard_OnKeyChanged 00000000100013ee     guideXOS.obj
 0001:000003fa       __DelegateCtor_guideXOS_System_Delegate__InitializeClosedInstance__guideXOS_guideXOS_DefaultApps_ComputerFiles__Keyboard_OnKeyChanged 00000000100013fa     guideXOS.obj
 0001:00000406       __DelegateCtor_guideXOS_System_Delegate__InitializeClosedInstance__guideXOS_guideXOS_DefaultApps_FConsole__Keyboard_OnKeyChanged 0000000010001406     guideXOS.obj
 0001:00000412       __DelegateCtor_guideXOS_System_Delegate__InitializeClosedInstance__guideXOS_guideXOS_DefaultApps_FConsole__Console_OnWrite 0000000010001412     guideXOS.obj
 0001:0000041e       __DelegateCtor_guideXOS_System_Delegate__InitializeClosedInstance__guideXOS_guideXOS_DefaultApps_nexIRC__Keyboard_OnKeyChanged 000000001000141e     guideXOS.obj
 0001:0000042a       __DelegateCtor_guideXOS_System_Delegate__InitializeClosedInstance__guideXOS_guideXOS_DefaultApps_Notepad__Keyboard_OnKeyChanged 000000001000142a     guideXOS.obj
 0001:00000436       __DelegateCtor_guideXOS_System_Delegate__InitializeClosedInstance__guideXOS_guideXOS_DefaultApps_Notepad___OnSetVisible_b__19_0 0000000010001436     guideXOS.obj
 0001:00000442       __DelegateCtor_guideXOS_System_Delegate__InitializeClosedInstance__guideXOS_guideXOS_DefaultApps_Notepad___OnSetVisible_b__19_3 0000000010001442     guideXOS.obj
 0001:0000044e       __DelegateCtor_guideXOS_System_Delegate__InitializeClosedInstance__guideXOS_guideXOS_DefaultApps_Notepad___OnSetVisible_b__19_1 000000001000144e     guideXOS.obj
 0001:0000045a       __DelegateCtor_guideXOS_System_Delegate__InitializeClosedInstance__guideXOS_guideXOS_DefaultApps_Notepad___OnSetVisible_b__19_2 000000001000145a     guideXOS.obj
 0001:00000466       __DelegateCtor_guideXOS_System_Delegate__InitializeClosedInstance__guideXOS_guideXOS_FS_FAT___c__DisplayClass46_0___FindPath_b__0 0000000010001466     guideXOS.obj
 0001:00000472       __DelegateCtor_guideXOS_System_Delegate__InitializeClosedInstance__guideXOS_guideXOS_FS_FAT___c__DisplayClass46_1___FindPath_b__1 0000000010001472     guideXOS.obj
 0001:0000047e       __DelegateCtor_guideXOS_System_Delegate__InitializeClosedInstance__guideXOS_guideXOS_FS_FAT___c__DisplayClass56_0___GetFiles_b__0 000000001000147e     guideXOS.obj
 0001:0000048a       __DelegateCtor_guideXOS_System_Delegate__InitializeClosedInstance__guideXOS_guideXOS_DefaultApps_DiskManager___c__DisplayClass38_0___ReadMBRForEntry_b__0 000000001000148a     guideXOS.obj
 0001:00000496       __DelegateCtor_guideXOS_System_Delegate__InitializeClosedInstance__guideXOS_guideXOS_DefaultApps_DiskManager___c__DisplayClass54_0___TryCreatePartitionLargestFree_b__0 0000000010001496     guideXOS.obj
 0001:000004a2       __DelegateCtor_guideXOS_System_Delegate__InitializeClosedInstance__guideXOS_guideXOS_DefaultApps_DiskManager___c__DisplayClass54_0___TryCreatePartitionLargestFree_b__1 00000000100014a2     guideXOS.obj
 0001:000004ae       __DelegateCtor_guideXOS_System_Delegate__InitializeClosedInstance__guideXOS_guideXOS_DefaultApps_DisplayOptions___c___OnInput_b__17_0 00000000100014ae     guideXOS.obj
 0001:000004ba       __DelegateCtor_guideXOS_System_Delegate__InitializeClosedInstance__guideXOS_guideXOS_DefaultApps_DisplayOptions___c___OnInput_b__17_1 00000000100014ba     guideXOS.obj
 0001:000004c6       __DelegateCtor_guideXOS_System_Delegate__InitializeClosedInstance__guideXOS_guideXOS_DefaultApps_Notepad___c__DisplayClass24_0___OpenSaveAs_b__0 00000000100014c6     guideXOS.obj
 0001:000004d2       __DelegateCtor_guideXOS_System_Delegate__InitializeOpenStaticThunk__guideXOS_guideXOS_GUI_Icons__DocumentIcon__guideXOS_System_Func_2<Int32__System___Canon>__InvokeOpenStaticThunk 00000000100014d2     guideXOS.obj
 0001:000004e5       __GenericLookupFromType_guideXOS_System_Array_EmptyArray_1<System___Canon>_GCStaticBase_guideXOS_System_Array_EmptyArray_1<T_System___Canon> 00000000100014e5     guideXOS.obj
 0001:00000510       CPUID                      0000000010001510 f   NativeLib:native.obj
 0001:00000560       Cli                        0000000010001560 f   NativeLib:native.obj
 0001:00000590       Fxrstor64                  0000000010001590 f   NativeLib:native.obj
 0001:000005c0       Fxsave64                   00000000100015c0 f   NativeLib:native.obj
 0001:000005f0       Hlt                        00000000100015f0 f   NativeLib:native.obj
 0001:00000620       Invlpg                     0000000010001620 f   NativeLib:native.obj
 0001:00000650       Nop                        0000000010001650 f   NativeLib:native.obj
 0001:00000670       Rdmsr                      0000000010001670 f   NativeLib:native.obj
 0001:000006a0       Rdtsc                      00000000100016a0 f   NativeLib:native.obj
 0001:000006d0       ReadCR2                    00000000100016d0 f   NativeLib:native.obj
 0001:000006f0       Sti                        00000000100016f0 f   NativeLib:native.obj
 0001:00000720       WriteCR3                   0000000010001720 f   NativeLib:native.obj
 0001:00000750       Wrmsr                      0000000010001750 f   NativeLib:native.obj
 0001:00000790       __JustMyCode_Default       0000000010001790 f i NativeLib:native.obj
 0001:000007a0       Movsb                      00000000100017a0 f   NativeLib:mem.obj
 0001:000007e0       Movsd                      00000000100017e0 f   NativeLib:mem.obj
 0001:00000820       Stosb                      0000000010001820 f   NativeLib:mem.obj
 0001:00000870       Stosd                      0000000010001870 f   NativeLib:mem.obj
 0001:000008c0       avx_memcpy                 00000000100018c0 f   NativeLib:mem.obj
 0001:000009c0       Load_GDT                   00000000100019c0 f   NativeLib:interrupts.obj
 0001:000009f0       idt_set                    00000000100019f0 f   NativeLib:interrupts.obj
 0001:00000ad0       set_idt_entries            0000000010001ad0 f   NativeLib:interrupts.obj
 0001:000029f0       intr0                      00000000100039f0 f   NativeLib:interrupts_asm.obj
 0001:00002a32       intr1                      0000000010003a32 f   NativeLib:interrupts_asm.obj
 0001:00002a74       intr2                      0000000010003a74 f   NativeLib:interrupts_asm.obj
 0001:00002ab6       intr3                      0000000010003ab6 f   NativeLib:interrupts_asm.obj
 0001:00002af8       intr4                      0000000010003af8 f   NativeLib:interrupts_asm.obj
 0001:00002b3a       intr5                      0000000010003b3a f   NativeLib:interrupts_asm.obj
 0001:00002b7c       intr6                      0000000010003b7c f   NativeLib:interrupts_asm.obj
 0001:00002bbe       intr7                      0000000010003bbe f   NativeLib:interrupts_asm.obj
 0001:00002c00       intr8                      0000000010003c00 f   NativeLib:interrupts_asm.obj
 0001:00002c42       intr9                      0000000010003c42 f   NativeLib:interrupts_asm.obj
 0001:00002c84       intr10                     0000000010003c84 f   NativeLib:interrupts_asm.obj
 0001:00002cc6       intr11                     0000000010003cc6 f   NativeLib:interrupts_asm.obj
 0001:00002d08       intr12                     0000000010003d08 f   NativeLib:interrupts_asm.obj
 0001:00002d4a       intr13                     0000000010003d4a f   NativeLib:interrupts_asm.obj
 0001:00002d8c       intr14                     0000000010003d8c f   NativeLib:interrupts_asm.obj
 0001:00002dce       intr15                     0000000010003dce f   NativeLib:interrupts_asm.obj
 0001:00002e10       intr16                     0000000010003e10 f   NativeLib:interrupts_asm.obj
 0001:00002e52       intr17                     0000000010003e52 f   NativeLib:interrupts_asm.obj
 0001:00002e94       intr18                     0000000010003e94 f   NativeLib:interrupts_asm.obj
 0001:00002ed6       intr19                     0000000010003ed6 f   NativeLib:interrupts_asm.obj
 0001:00002f18       intr20                     0000000010003f18 f   NativeLib:interrupts_asm.obj
 0001:00002f5a       intr21                     0000000010003f5a f   NativeLib:interrupts_asm.obj
 0001:00002f9c       intr22                     0000000010003f9c f   NativeLib:interrupts_asm.obj
 0001:00002fde       intr23                     0000000010003fde f   NativeLib:interrupts_asm.obj
 0001:00003020       intr24                     0000000010004020 f   NativeLib:interrupts_asm.obj
 0001:00003062       intr25                     0000000010004062 f   NativeLib:interrupts_asm.obj
 0001:000030a4       intr26                     00000000100040a4 f   NativeLib:interrupts_asm.obj
 0001:000030e6       intr27                     00000000100040e6 f   NativeLib:interrupts_asm.obj
 0001:00003128       intr28                     0000000010004128 f   NativeLib:interrupts_asm.obj
 0001:0000316a       intr29                     000000001000416a f   NativeLib:interrupts_asm.obj
 0001:000031ac       intr30                     00000000100041ac f   NativeLib:interrupts_asm.obj
 0001:000031ee       intr31                     00000000100041ee f   NativeLib:interrupts_asm.obj
 0001:00003230       intr32                     0000000010004230 f   NativeLib:interrupts_asm.obj
 0001:00003272       intr33                     0000000010004272 f   NativeLib:interrupts_asm.obj
 0001:000032b4       intr34                     00000000100042b4 f   NativeLib:interrupts_asm.obj
 0001:000032f6       intr35                     00000000100042f6 f   NativeLib:interrupts_asm.obj
 0001:00003338       intr36                     0000000010004338 f   NativeLib:interrupts_asm.obj
 0001:0000337a       intr37                     000000001000437a f   NativeLib:interrupts_asm.obj
 0001:000033bc       intr38                     00000000100043bc f   NativeLib:interrupts_asm.obj
 0001:000033fe       intr39                     00000000100043fe f   NativeLib:interrupts_asm.obj
 0001:00003440       intr40                     0000000010004440 f   NativeLib:interrupts_asm.obj
 0001:00003482       intr41                     0000000010004482 f   NativeLib:interrupts_asm.obj
 0001:000034c4       intr42                     00000000100044c4 f   NativeLib:interrupts_asm.obj
 0001:00003506       intr43                     0000000010004506 f   NativeLib:interrupts_asm.obj
 0001:00003548       intr44                     0000000010004548 f   NativeLib:interrupts_asm.obj
 0001:0000358a       intr45                     000000001000458a f   NativeLib:interrupts_asm.obj
 0001:000035cc       intr46                     00000000100045cc f   NativeLib:interrupts_asm.obj
 0001:0000360e       intr47                     000000001000460e f   NativeLib:interrupts_asm.obj
 0001:00003650       intr48                     0000000010004650 f   NativeLib:interrupts_asm.obj
 0001:00003692       intr49                     0000000010004692 f   NativeLib:interrupts_asm.obj
 0001:000036d4       intr50                     00000000100046d4 f   NativeLib:interrupts_asm.obj
 0001:00003716       intr51                     0000000010004716 f   NativeLib:interrupts_asm.obj
 0001:00003758       intr52                     0000000010004758 f   NativeLib:interrupts_asm.obj
 0001:0000379a       intr53                     000000001000479a f   NativeLib:interrupts_asm.obj
 0001:000037dc       intr54                     00000000100047dc f   NativeLib:interrupts_asm.obj
 0001:0000381e       intr55                     000000001000481e f   NativeLib:interrupts_asm.obj
 0001:00003860       intr56                     0000000010004860 f   NativeLib:interrupts_asm.obj
 0001:000038a2       intr57                     00000000100048a2 f   NativeLib:interrupts_asm.obj
 0001:000038e4       intr58                     00000000100048e4 f   NativeLib:interrupts_asm.obj
 0001:00003926       intr59                     0000000010004926 f   NativeLib:interrupts_asm.obj
 0001:00003968       intr60                     0000000010004968 f   NativeLib:interrupts_asm.obj
 0001:000039aa       intr61                     00000000100049aa f   NativeLib:interrupts_asm.obj
 0001:000039ec       intr62                     00000000100049ec f   NativeLib:interrupts_asm.obj
 0001:00003a2e       intr63                     0000000010004a2e f   NativeLib:interrupts_asm.obj
 0001:00003a70       intr64                     0000000010004a70 f   NativeLib:interrupts_asm.obj
 0001:00003ab2       intr65                     0000000010004ab2 f   NativeLib:interrupts_asm.obj
 0001:00003af4       intr66                     0000000010004af4 f   NativeLib:interrupts_asm.obj
 0001:00003b36       intr67                     0000000010004b36 f   NativeLib:interrupts_asm.obj
 0001:00003b78       intr68                     0000000010004b78 f   NativeLib:interrupts_asm.obj
 0001:00003bba       intr69                     0000000010004bba f   NativeLib:interrupts_asm.obj
 0001:00003bfc       intr70                     0000000010004bfc f   NativeLib:interrupts_asm.obj
 0001:00003c3e       intr71                     0000000010004c3e f   NativeLib:interrupts_asm.obj
 0001:00003c80       intr72                     0000000010004c80 f   NativeLib:interrupts_asm.obj
 0001:00003cc2       intr73                     0000000010004cc2 f   NativeLib:interrupts_asm.obj
 0001:00003d04       intr74                     0000000010004d04 f   NativeLib:interrupts_asm.obj
 0001:00003d46       intr75                     0000000010004d46 f   NativeLib:interrupts_asm.obj
 0001:00003d88       intr76                     0000000010004d88 f   NativeLib:interrupts_asm.obj
 0001:00003dca       intr77                     0000000010004dca f   NativeLib:interrupts_asm.obj
 0001:00003e0c       intr78                     0000000010004e0c f   NativeLib:interrupts_asm.obj
 0001:00003e4e       intr79                     0000000010004e4e f   NativeLib:interrupts_asm.obj
 0001:00003e90       intr80                     0000000010004e90 f   NativeLib:interrupts_asm.obj
 0001:00003ed2       intr81                     0000000010004ed2 f   NativeLib:interrupts_asm.obj
 0001:00003f14       intr82                     0000000010004f14 f   NativeLib:interrupts_asm.obj
 0001:00003f56       intr83                     0000000010004f56 f   NativeLib:interrupts_asm.obj
 0001:00003f98       intr84                     0000000010004f98 f   NativeLib:interrupts_asm.obj
 0001:00003fda       intr85                     0000000010004fda f   NativeLib:interrupts_asm.obj
 0001:0000401c       intr86                     000000001000501c f   NativeLib:interrupts_asm.obj
 0001:0000405e       intr87                     000000001000505e f   NativeLib:interrupts_asm.obj
 0001:000040a0       intr88                     00000000100050a0 f   NativeLib:interrupts_asm.obj
 0001:000040e2       intr89                     00000000100050e2 f   NativeLib:interrupts_asm.obj
 0001:00004124       intr90                     0000000010005124 f   NativeLib:interrupts_asm.obj
 0001:00004166       intr91                     0000000010005166 f   NativeLib:interrupts_asm.obj
 0001:000041a8       intr92                     00000000100051a8 f   NativeLib:interrupts_asm.obj
 0001:000041ea       intr93                     00000000100051ea f   NativeLib:interrupts_asm.obj
 0001:0000422c       intr94                     000000001000522c f   NativeLib:interrupts_asm.obj
 0001:0000426e       intr95                     000000001000526e f   NativeLib:interrupts_asm.obj
 0001:000042b0       intr96                     00000000100052b0 f   NativeLib:interrupts_asm.obj
 0001:000042f2       intr97                     00000000100052f2 f   NativeLib:interrupts_asm.obj
 0001:00004334       intr98                     0000000010005334 f   NativeLib:interrupts_asm.obj
 0001:00004376       intr99                     0000000010005376 f   NativeLib:interrupts_asm.obj
 0001:000043b8       intr100                    00000000100053b8 f   NativeLib:interrupts_asm.obj
 0001:000043fa       intr101                    00000000100053fa f   NativeLib:interrupts_asm.obj
 0001:0000443c       intr102                    000000001000543c f   NativeLib:interrupts_asm.obj
 0001:0000447e       intr103                    000000001000547e f   NativeLib:interrupts_asm.obj
 0001:000044c0       intr104                    00000000100054c0 f   NativeLib:interrupts_asm.obj
 0001:00004502       intr105                    0000000010005502 f   NativeLib:interrupts_asm.obj
 0001:00004544       intr106                    0000000010005544 f   NativeLib:interrupts_asm.obj
 0001:00004586       intr107                    0000000010005586 f   NativeLib:interrupts_asm.obj
 0001:000045c8       intr108                    00000000100055c8 f   NativeLib:interrupts_asm.obj
 0001:0000460a       intr109                    000000001000560a f   NativeLib:interrupts_asm.obj
 0001:0000464c       intr110                    000000001000564c f   NativeLib:interrupts_asm.obj
 0001:0000468e       intr111                    000000001000568e f   NativeLib:interrupts_asm.obj
 0001:000046d0       intr112                    00000000100056d0 f   NativeLib:interrupts_asm.obj
 0001:00004712       intr113                    0000000010005712 f   NativeLib:interrupts_asm.obj
 0001:00004754       intr114                    0000000010005754 f   NativeLib:interrupts_asm.obj
 0001:00004796       intr115                    0000000010005796 f   NativeLib:interrupts_asm.obj
 0001:000047d8       intr116                    00000000100057d8 f   NativeLib:interrupts_asm.obj
 0001:0000481a       intr117                    000000001000581a f   NativeLib:interrupts_asm.obj
 0001:0000485c       intr118                    000000001000585c f   NativeLib:interrupts_asm.obj
 0001:0000489e       intr119                    000000001000589e f   NativeLib:interrupts_asm.obj
 0001:000048e0       intr120                    00000000100058e0 f   NativeLib:interrupts_asm.obj
 0001:00004922       intr121                    0000000010005922 f   NativeLib:interrupts_asm.obj
 0001:00004964       intr122                    0000000010005964 f   NativeLib:interrupts_asm.obj
 0001:000049a6       intr123                    00000000100059a6 f   NativeLib:interrupts_asm.obj
 0001:000049e8       intr124                    00000000100059e8 f   NativeLib:interrupts_asm.obj
 0001:00004a2a       intr125                    0000000010005a2a f   NativeLib:interrupts_asm.obj
 0001:00004a6c       intr126                    0000000010005a6c f   NativeLib:interrupts_asm.obj
 0001:00004aae       intr127                    0000000010005aae f   NativeLib:interrupts_asm.obj
 0001:00004af0       intr128                    0000000010005af0 f   NativeLib:interrupts_asm.obj
 0001:00004b32       intr129                    0000000010005b32 f   NativeLib:interrupts_asm.obj
 0001:00004b74       intr130                    0000000010005b74 f   NativeLib:interrupts_asm.obj
 0001:00004bb6       intr131                    0000000010005bb6 f   NativeLib:interrupts_asm.obj
 0001:00004bf8       intr132                    0000000010005bf8 f   NativeLib:interrupts_asm.obj
 0001:00004c3a       intr133                    0000000010005c3a f   NativeLib:interrupts_asm.obj
 0001:00004c7c       intr134                    0000000010005c7c f   NativeLib:interrupts_asm.obj
 0001:00004cbe       intr135                    0000000010005cbe f   NativeLib:interrupts_asm.obj
 0001:00004d00       intr136                    0000000010005d00 f   NativeLib:interrupts_asm.obj
 0001:00004d42       intr137                    0000000010005d42 f   NativeLib:interrupts_asm.obj
 0001:00004d84       intr138                    0000000010005d84 f   NativeLib:interrupts_asm.obj
 0001:00004dc6       intr139                    0000000010005dc6 f   NativeLib:interrupts_asm.obj
 0001:00004e08       intr140                    0000000010005e08 f   NativeLib:interrupts_asm.obj
 0001:00004e4a       intr141                    0000000010005e4a f   NativeLib:interrupts_asm.obj
 0001:00004e8c       intr142                    0000000010005e8c f   NativeLib:interrupts_asm.obj
 0001:00004ece       intr143                    0000000010005ece f   NativeLib:interrupts_asm.obj
 0001:00004f10       intr144                    0000000010005f10 f   NativeLib:interrupts_asm.obj
 0001:00004f52       intr145                    0000000010005f52 f   NativeLib:interrupts_asm.obj
 0001:00004f94       intr146                    0000000010005f94 f   NativeLib:interrupts_asm.obj
 0001:00004fd6       intr147                    0000000010005fd6 f   NativeLib:interrupts_asm.obj
 0001:00005018       intr148                    0000000010006018 f   NativeLib:interrupts_asm.obj
 0001:0000505a       intr149                    000000001000605a f   NativeLib:interrupts_asm.obj
 0001:0000509c       intr150                    000000001000609c f   NativeLib:interrupts_asm.obj
 0001:000050de       intr151                    00000000100060de f   NativeLib:interrupts_asm.obj
 0001:00005120       intr152                    0000000010006120 f   NativeLib:interrupts_asm.obj
 0001:00005162       intr153                    0000000010006162 f   NativeLib:interrupts_asm.obj
 0001:000051a4       intr154                    00000000100061a4 f   NativeLib:interrupts_asm.obj
 0001:000051e6       intr155                    00000000100061e6 f   NativeLib:interrupts_asm.obj
 0001:00005228       intr156                    0000000010006228 f   NativeLib:interrupts_asm.obj
 0001:0000526a       intr157                    000000001000626a f   NativeLib:interrupts_asm.obj
 0001:000052ac       intr158                    00000000100062ac f   NativeLib:interrupts_asm.obj
 0001:000052ee       intr159                    00000000100062ee f   NativeLib:interrupts_asm.obj
 0001:00005330       intr160                    0000000010006330 f   NativeLib:interrupts_asm.obj
 0001:00005372       intr161                    0000000010006372 f   NativeLib:interrupts_asm.obj
 0001:000053b4       intr162                    00000000100063b4 f   NativeLib:interrupts_asm.obj
 0001:000053f6       intr163                    00000000100063f6 f   NativeLib:interrupts_asm.obj
 0001:00005438       intr164                    0000000010006438 f   NativeLib:interrupts_asm.obj
 0001:0000547a       intr165                    000000001000647a f   NativeLib:interrupts_asm.obj
 0001:000054bc       intr166                    00000000100064bc f   NativeLib:interrupts_asm.obj
 0001:000054fe       intr167                    00000000100064fe f   NativeLib:interrupts_asm.obj
 0001:00005540       intr168                    0000000010006540 f   NativeLib:interrupts_asm.obj
 0001:00005582       intr169                    0000000010006582 f   NativeLib:interrupts_asm.obj
 0001:000055c4       intr170                    00000000100065c4 f   NativeLib:interrupts_asm.obj
 0001:00005606       intr171                    0000000010006606 f   NativeLib:interrupts_asm.obj
 0001:00005648       intr172                    0000000010006648 f   NativeLib:interrupts_asm.obj
 0001:0000568a       intr173                    000000001000668a f   NativeLib:interrupts_asm.obj
 0001:000056cc       intr174                    00000000100066cc f   NativeLib:interrupts_asm.obj
 0001:0000570e       intr175                    000000001000670e f   NativeLib:interrupts_asm.obj
 0001:00005750       intr176                    0000000010006750 f   NativeLib:interrupts_asm.obj
 0001:00005792       intr177                    0000000010006792 f   NativeLib:interrupts_asm.obj
 0001:000057d4       intr178                    00000000100067d4 f   NativeLib:interrupts_asm.obj
 0001:00005816       intr179                    0000000010006816 f   NativeLib:interrupts_asm.obj
 0001:00005858       intr180                    0000000010006858 f   NativeLib:interrupts_asm.obj
 0001:0000589a       intr181                    000000001000689a f   NativeLib:interrupts_asm.obj
 0001:000058dc       intr182                    00000000100068dc f   NativeLib:interrupts_asm.obj
 0001:0000591e       intr183                    000000001000691e f   NativeLib:interrupts_asm.obj
 0001:00005960       intr184                    0000000010006960 f   NativeLib:interrupts_asm.obj
 0001:000059a2       intr185                    00000000100069a2 f   NativeLib:interrupts_asm.obj
 0001:000059e4       intr186                    00000000100069e4 f   NativeLib:interrupts_asm.obj
 0001:00005a26       intr187                    0000000010006a26 f   NativeLib:interrupts_asm.obj
 0001:00005a68       intr188                    0000000010006a68 f   NativeLib:interrupts_asm.obj
 0001:00005aaa       intr189                    0000000010006aaa f   NativeLib:interrupts_asm.obj
 0001:00005aec       intr190                    0000000010006aec f   NativeLib:interrupts_asm.obj
 0001:00005b2e       intr191                    0000000010006b2e f   NativeLib:interrupts_asm.obj
 0001:00005b70       intr192                    0000000010006b70 f   NativeLib:interrupts_asm.obj
 0001:00005bb2       intr193                    0000000010006bb2 f   NativeLib:interrupts_asm.obj
 0001:00005bf4       intr194                    0000000010006bf4 f   NativeLib:interrupts_asm.obj
 0001:00005c36       intr195                    0000000010006c36 f   NativeLib:interrupts_asm.obj
 0001:00005c78       intr196                    0000000010006c78 f   NativeLib:interrupts_asm.obj
 0001:00005cba       intr197                    0000000010006cba f   NativeLib:interrupts_asm.obj
 0001:00005cfc       intr198                    0000000010006cfc f   NativeLib:interrupts_asm.obj
 0001:00005d3e       intr199                    0000000010006d3e f   NativeLib:interrupts_asm.obj
 0001:00005d80       intr200                    0000000010006d80 f   NativeLib:interrupts_asm.obj
 0001:00005dc2       intr201                    0000000010006dc2 f   NativeLib:interrupts_asm.obj
 0001:00005e04       intr202                    0000000010006e04 f   NativeLib:interrupts_asm.obj
 0001:00005e46       intr203                    0000000010006e46 f   NativeLib:interrupts_asm.obj
 0001:00005e88       intr204                    0000000010006e88 f   NativeLib:interrupts_asm.obj
 0001:00005eca       intr205                    0000000010006eca f   NativeLib:interrupts_asm.obj
 0001:00005f0c       intr206                    0000000010006f0c f   NativeLib:interrupts_asm.obj
 0001:00005f4e       intr207                    0000000010006f4e f   NativeLib:interrupts_asm.obj
 0001:00005f90       intr208                    0000000010006f90 f   NativeLib:interrupts_asm.obj
 0001:00005fd2       intr209                    0000000010006fd2 f   NativeLib:interrupts_asm.obj
 0001:00006014       intr210                    0000000010007014 f   NativeLib:interrupts_asm.obj
 0001:00006056       intr211                    0000000010007056 f   NativeLib:interrupts_asm.obj
 0001:00006098       intr212                    0000000010007098 f   NativeLib:interrupts_asm.obj
 0001:000060da       intr213                    00000000100070da f   NativeLib:interrupts_asm.obj
 0001:0000611c       intr214                    000000001000711c f   NativeLib:interrupts_asm.obj
 0001:0000615e       intr215                    000000001000715e f   NativeLib:interrupts_asm.obj
 0001:000061a0       intr216                    00000000100071a0 f   NativeLib:interrupts_asm.obj
 0001:000061e2       intr217                    00000000100071e2 f   NativeLib:interrupts_asm.obj
 0001:00006224       intr218                    0000000010007224 f   NativeLib:interrupts_asm.obj
 0001:00006266       intr219                    0000000010007266 f   NativeLib:interrupts_asm.obj
 0001:000062a8       intr220                    00000000100072a8 f   NativeLib:interrupts_asm.obj
 0001:000062ea       intr221                    00000000100072ea f   NativeLib:interrupts_asm.obj
 0001:0000632c       intr222                    000000001000732c f   NativeLib:interrupts_asm.obj
 0001:0000636e       intr223                    000000001000736e f   NativeLib:interrupts_asm.obj
 0001:000063b0       intr224                    00000000100073b0 f   NativeLib:interrupts_asm.obj
 0001:000063f2       intr225                    00000000100073f2 f   NativeLib:interrupts_asm.obj
 0001:00006434       intr226                    0000000010007434 f   NativeLib:interrupts_asm.obj
 0001:00006476       intr227                    0000000010007476 f   NativeLib:interrupts_asm.obj
 0001:000064b8       intr228                    00000000100074b8 f   NativeLib:interrupts_asm.obj
 0001:000064fa       intr229                    00000000100074fa f   NativeLib:interrupts_asm.obj
 0001:0000653c       intr230                    000000001000753c f   NativeLib:interrupts_asm.obj
 0001:0000657e       intr231                    000000001000757e f   NativeLib:interrupts_asm.obj
 0001:000065c0       intr232                    00000000100075c0 f   NativeLib:interrupts_asm.obj
 0001:00006602       intr233                    0000000010007602 f   NativeLib:interrupts_asm.obj
 0001:00006644       intr234                    0000000010007644 f   NativeLib:interrupts_asm.obj
 0001:00006686       intr235                    0000000010007686 f   NativeLib:interrupts_asm.obj
 0001:000066c8       intr236                    00000000100076c8 f   NativeLib:interrupts_asm.obj
 0001:0000670a       intr237                    000000001000770a f   NativeLib:interrupts_asm.obj
 0001:0000674c       intr238                    000000001000774c f   NativeLib:interrupts_asm.obj
 0001:0000678e       intr239                    000000001000778e f   NativeLib:interrupts_asm.obj
 0001:000067d0       intr240                    00000000100077d0 f   NativeLib:interrupts_asm.obj
 0001:00006812       intr241                    0000000010007812 f   NativeLib:interrupts_asm.obj
 0001:00006854       intr242                    0000000010007854 f   NativeLib:interrupts_asm.obj
 0001:00006896       intr243                    0000000010007896 f   NativeLib:interrupts_asm.obj
 0001:000068d8       intr244                    00000000100078d8 f   NativeLib:interrupts_asm.obj
 0001:0000691a       intr245                    000000001000791a f   NativeLib:interrupts_asm.obj
 0001:0000695c       intr246                    000000001000795c f   NativeLib:interrupts_asm.obj
 0001:0000699e       intr247                    000000001000799e f   NativeLib:interrupts_asm.obj
 0001:000069e0       intr248                    00000000100079e0 f   NativeLib:interrupts_asm.obj
 0001:00006a22       intr249                    0000000010007a22 f   NativeLib:interrupts_asm.obj
 0001:00006a64       intr250                    0000000010007a64 f   NativeLib:interrupts_asm.obj
 0001:00006aa6       intr251                    0000000010007aa6 f   NativeLib:interrupts_asm.obj
 0001:00006ae8       intr252                    0000000010007ae8 f   NativeLib:interrupts_asm.obj
 0001:00006b2a       intr253                    0000000010007b2a f   NativeLib:interrupts_asm.obj
 0001:00006b6c       intr254                    0000000010007b6c f   NativeLib:interrupts_asm.obj
 0001:00006bae       intr255                    0000000010007bae f   NativeLib:interrupts_asm.obj
 0001:00006bf0       _reload_segreg             0000000010007bf0 f   NativeLib:interrupts_asm.obj
 0001:00006c17       Load_IDT                   0000000010007c17 f   NativeLib:interrupts_asm.obj
 0001:00006c1b       _cli                       0000000010007c1b f   NativeLib:interrupts_asm.obj
 0001:00006c1d       _sti                       0000000010007c1d f   NativeLib:interrupts_asm.obj
 0001:00006c1f       _hlt                       0000000010007c1f f   NativeLib:interrupts_asm.obj
 0001:00006c21       _inttest                   0000000010007c21 f   NativeLib:interrupts_asm.obj
 0001:00006c2b       _iretq                     0000000010007c2b f   NativeLib:interrupts_asm.obj
 0001:00006c46       _int20h                    0000000010007c46 f   NativeLib:interrupts_asm.obj
 0001:00006c50       In16                       0000000010007c50 f   NativeLib:io.obj
 0001:00006c80       In32                       0000000010007c80 f   NativeLib:io.obj
 0001:00006cb0       In8                        0000000010007cb0 f   NativeLib:io.obj
 0001:00006ce0       Insb                       0000000010007ce0 f   NativeLib:io.obj
 0001:00006d20       Insd                       0000000010007d20 f   NativeLib:io.obj
 0001:00006d60       Insw                       0000000010007d60 f   NativeLib:io.obj
 0001:00006da0       Out16                      0000000010007da0 f   NativeLib:io.obj
 0001:00006dd0       Out32                      0000000010007dd0 f   NativeLib:io.obj
 0001:00006e00       Out8                       0000000010007e00 f   NativeLib:io.obj
 0001:00006e30       Outsb                      0000000010007e30 f   NativeLib:io.obj
 0001:00006e70       Outsd                      0000000010007e70 f   NativeLib:io.obj
 0001:00006eb0       Outsw                      0000000010007eb0 f   NativeLib:io.obj
 0001:00006ef0       enable_avx                 0000000010007ef0 f   NativeLib:misc.obj
 0001:00006f03       enable_sse                 0000000010007f03 f   NativeLib:misc.obj
 0001:00006f16       Schedule_Next              0000000010007f16 f   NativeLib:misc.obj
 0001:00012380       lodepng_add_itext          0000000010013380 f   NativeLib:lodepng.obj
 0001:000125c0       lodepng_add_text           00000000100135c0 f   NativeLib:lodepng.obj
 0001:00012880       lodepng_can_have_alpha     0000000010013880 f   NativeLib:lodepng.obj
 0001:000128e0       lodepng_chunk_ancillary    00000000100138e0 f   NativeLib:lodepng.obj
 0001:00012930       lodepng_chunk_append       0000000010013930 f   NativeLib:lodepng.obj
 0001:00012a50       lodepng_chunk_check_crc    0000000010013a50 f   NativeLib:lodepng.obj
 0001:00012ae0       lodepng_chunk_create       0000000010013ae0 f   NativeLib:lodepng.obj
 0001:00012c10       lodepng_chunk_data         0000000010013c10 f   NativeLib:lodepng.obj
 0001:00012c50       lodepng_chunk_data_const   0000000010013c50 f   NativeLib:lodepng.obj
 0001:00012c90       lodepng_chunk_find         0000000010013c90 f   NativeLib:lodepng.obj
 0001:00012d10       lodepng_chunk_find_const   0000000010013d10 f   NativeLib:lodepng.obj
 0001:00012d90       lodepng_chunk_generate_crc 0000000010013d90 f   NativeLib:lodepng.obj
 0001:00012ee0       lodepng_chunk_length       0000000010013ee0 f   NativeLib:lodepng.obj
 0001:00012f20       lodepng_chunk_next         0000000010013f20 f   NativeLib:lodepng.obj
 0001:00013080       lodepng_chunk_next_const   0000000010014080 f   NativeLib:lodepng.obj
 0001:000131e0       lodepng_chunk_private      00000000100141e0 f   NativeLib:lodepng.obj
 0001:00013230       lodepng_chunk_safetocopy   0000000010014230 f   NativeLib:lodepng.obj
 0001:00013280       lodepng_chunk_type         0000000010014280 f   NativeLib:lodepng.obj
 0001:000132f0       lodepng_chunk_type_equals  00000000100142f0 f   NativeLib:lodepng.obj
 0001:000133e0       lodepng_clear_icc          00000000100143e0 f   NativeLib:lodepng.obj
 0001:00013450       lodepng_clear_itext        0000000010014450 f   NativeLib:lodepng.obj
 0001:00013480       lodepng_clear_text         0000000010014480 f   NativeLib:lodepng.obj
 0001:00013560       lodepng_color_mode_cleanup 0000000010014560 f   NativeLib:lodepng.obj
 0001:00013590       lodepng_color_mode_copy    0000000010014590 f   NativeLib:lodepng.obj
 0001:00013770       lodepng_color_mode_init    0000000010014770 f   NativeLib:lodepng.obj
 0001:000137f0       lodepng_color_mode_make    00000000100147f0 f   NativeLib:lodepng.obj
 0001:00013980       lodepng_color_stats_init   0000000010014980 f   NativeLib:lodepng.obj
 0001:00013a30       lodepng_compress_settings_init 0000000010014a30 f   NativeLib:lodepng.obj
 0001:00013ac0       lodepng_compute_color_stats 0000000010014ac0 f   NativeLib:lodepng.obj
 0001:00014990       lodepng_convert            0000000010015990 f   NativeLib:lodepng.obj
 0001:00014ed0       lodepng_convert_rgb        0000000010015ed0 f   NativeLib:lodepng.obj
 0001:00015210       lodepng_crc32              0000000010016210 f   NativeLib:lodepng.obj
 0001:000152a0       lodepng_decode             00000000100162a0 f   NativeLib:lodepng.obj
 0001:00015490       lodepng_decode24           0000000010016490 f   NativeLib:lodepng.obj
 0001:00015500       lodepng_decode32           0000000010016500 f   NativeLib:lodepng.obj
 0001:00015570       lodepng_decode_memory      0000000010016570 f   NativeLib:lodepng.obj
 0001:00015640       lodepng_decoder_settings_init 0000000010016640 f   NativeLib:lodepng.obj
 0001:000156d0       lodepng_decompress_settings_init 00000000100166d0 f   NativeLib:lodepng.obj
 0001:00015740       lodepng_deflate            0000000010016740 f   NativeLib:lodepng.obj
 0001:00015a50       lodepng_encode             0000000010016a50 f   NativeLib:lodepng.obj
 0001:00016a50       lodepng_encode24           0000000010017a50 f   NativeLib:lodepng.obj
 0001:00016ab0       lodepng_encode32           0000000010017ab0 f   NativeLib:lodepng.obj
 0001:00016b10       lodepng_encode_memory      0000000010017b10 f   NativeLib:lodepng.obj
 0001:00016bd0       lodepng_encoder_settings_init 0000000010017bd0 f   NativeLib:lodepng.obj
 0001:00016c50       lodepng_error_text         0000000010017c50 f   NativeLib:lodepng.obj
 0001:00017320       lodepng_get_bpp            0000000010018320 f   NativeLib:lodepng.obj
 0001:00017390       lodepng_get_channels       0000000010018390 f   NativeLib:lodepng.obj
 0001:000173c0       lodepng_get_raw_size       00000000100183c0 f   NativeLib:lodepng.obj
 0001:000175a0       lodepng_has_palette_alpha  00000000100185a0 f   NativeLib:lodepng.obj
 0001:00017610       lodepng_huffman_code_lengths 0000000010018610 f   NativeLib:lodepng.obj
 0001:00017a60       lodepng_inflate            0000000010018a60 f   NativeLib:lodepng.obj
 0001:00017c70       lodepng_info_cleanup       0000000010018c70 f   NativeLib:lodepng.obj
 0001:00017cd0       lodepng_info_copy          0000000010018cd0 f   NativeLib:lodepng.obj
 0001:00017e00       lodepng_info_init          0000000010018e00 f   NativeLib:lodepng.obj
 0001:00017f10       lodepng_inspect            0000000010018f10 f   NativeLib:lodepng.obj
 0001:00018360       lodepng_inspect_chunk      0000000010019360 f   NativeLib:lodepng.obj
 0001:00018780       lodepng_is_alpha_type      0000000010019780 f   NativeLib:lodepng.obj
 0001:000187d0       lodepng_is_greyscale_type  00000000100197d0 f   NativeLib:lodepng.obj
 0001:00018820       lodepng_is_palette_type    0000000010019820 f   NativeLib:lodepng.obj
 0001:000189d0       lodepng_palette_add        00000000100199d0 f   NativeLib:lodepng.obj
 0001:00018ac0       lodepng_palette_clear      0000000010019ac0 f   NativeLib:lodepng.obj
 0001:00018de0       lodepng_set_icc            0000000010019de0 f   NativeLib:lodepng.obj
 0001:00018e50       lodepng_state_cleanup      0000000010019e50 f   NativeLib:lodepng.obj
 0001:00018ea0       lodepng_state_copy         0000000010019ea0 f   NativeLib:lodepng.obj
 0001:00018f70       lodepng_state_init         0000000010019f70 f   NativeLib:lodepng.obj
 0001:00019030       lodepng_zlib_compress      000000001001a030 f   NativeLib:lodepng.obj
 0001:00019220       lodepng_zlib_decompress    000000001001a220 f   NativeLib:lodepng.obj
 0001:0001ded0       fatfs_init                 000000001001eed0 f   NativeLib:fatfs.obj
 0001:0001df50       format_exfat               000000001001ef50 f   NativeLib:fatfs.obj
 0001:0001dfd0       get_files                  000000001001efd0 f   NativeLib:fatfs.obj
 0001:0001e110       read_all_bytes             000000001001f110 f   NativeLib:fatfs.obj
 0001:0001e1d0       write_all_bytes            000000001001f1d0 f   NativeLib:fatfs.obj
 0001:0001e270       vmware_send                000000001001f270 f   NativeLib:vmware.obj
 0001:0001e2f4       vmware_send_hb             000000001001f2f4 f   NativeLib:vmware.obj
 0001:0001e37a       vmware_get_hb              000000001001f37a f   NativeLib:vmware.obj
 0001:00020710       f_close                    0000000010021710 f   NativeLib:ff.obj
 0001:00020770       f_closedir                 0000000010021770 f   NativeLib:ff.obj
 0001:000207c0       f_getfree                  00000000100217c0 f   NativeLib:ff.obj
 0001:00020aa0       f_lseek                    0000000010021aa0 f   NativeLib:ff.obj
 0001:00020fe0       f_mkdir                    0000000010021fe0 f   NativeLib:ff.obj
 0001:00021320       f_mkfs                     0000000010022320 f   NativeLib:ff.obj
 0001:00022ed0       f_mount                    0000000010023ed0 f   NativeLib:ff.obj
 0001:00022f90       f_open                     0000000010023f90 f   NativeLib:ff.obj
 0001:00023650       f_opendir                  0000000010024650 f   NativeLib:ff.obj
 0001:00023810       f_read                     0000000010024810 f   NativeLib:ff.obj
 0001:00023c70       f_readdir                  0000000010024c70 f   NativeLib:ff.obj
 0001:00023d20       f_rename                   0000000010024d20 f   NativeLib:ff.obj
 0001:000241e0       f_stat                     00000000100251e0 f   NativeLib:ff.obj
 0001:00024280       f_sync                     0000000010025280 f   NativeLib:ff.obj
 0001:000245d0       f_truncate                 00000000100255d0 f   NativeLib:ff.obj
 0001:00024780       f_unlink                   0000000010025780 f   NativeLib:ff.obj
 0001:000249c0       f_write                    00000000100259c0 f   NativeLib:ff.obj
 0001:000281f0       ff_oem2uni                 00000000100291f0 f   NativeLib:ffunicode.obj
 0001:00028300       ff_uni2oem                 0000000010029300 f   NativeLib:ffunicode.obj
 0001:00028410       ff_wtoupper                0000000010029410 f   NativeLib:ffunicode.obj
 0001:000285e0       disk_initialize            00000000100295e0 f   NativeLib:diskio.obj
 0001:00028610       disk_ioctl                 0000000010029610 f   NativeLib:diskio.obj
 0001:00028690       disk_read                  0000000010029690 f   NativeLib:diskio.obj
 0001:000286d0       disk_status                00000000100296d0 f   NativeLib:diskio.obj
 0001:00028700       disk_write                 0000000010029700 f   NativeLib:diskio.obj
 0001:00028740       mystrtoul                  0000000010029740 f   LibC:strtoul.obj
 0001:0002afe0       fctprintf                  000000001002bfe0 f   LibC:printf.obj
 0001:0002b060       printf_                    000000001002c060 f   LibC:printf.obj
 0001:0002b0d0       snprintf_                  000000001002c0d0 f   LibC:printf.obj
 0001:0002b130       sprintf_                   000000001002c130 f   LibC:printf.obj
 0001:0002b1a0       vprintf_                   000000001002c1a0 f   LibC:printf.obj
 0001:0002b1f0       vsnprintf_                 000000001002c1f0 f   LibC:printf.obj
 0001:0002b240       myisspace                  000000001002c240 f   LibC:isspace.obj
 0001:0002b290       myisdigit                  000000001002c290 f   LibC:isdigit.obj
 0001:0002b2d0       myisalpha                  000000001002c2d0 f   LibC:isalpha.obj
 0001:0002b310       myisupper                  000000001002c310 f   LibC:isupper.obj
 0002:00000000       unbox_Bool__ToString       000000001002d000     guideXOS.obj
 0002:0000000c       unbox_UInt8__ToString      000000001002d00c     guideXOS.obj
 0002:00000018       unbox_Int32__ToString      000000001002d018     guideXOS.obj
 0002:00000024       unbox_UInt16__ToString     000000001002d024     guideXOS.obj
 0002:00000030       unbox_UInt32__ToString     000000001002d030     guideXOS.obj
 0002:0000003c       unbox_UInt64__ToString     000000001002d03c     guideXOS.obj
 0003:00000000       KMain                      000000001002e000     guideXOS.obj
 0003:00000000       guideXOS_Program__KMain    000000001002e000     guideXOS.obj
 0003:00000498       guideXOS_Program__SMain    000000001002e498     guideXOS.obj
 0003:000007e0       guideXOS_Allocator__GetPageIndexStart 000000001002e7e0     guideXOS.obj
 0003:00000830       guideXOS_Allocator__Free   000000001002e830     guideXOS.obj
 0003:00000994       guideXOS_Allocator__get_MemoryInUse 000000001002e994     guideXOS.obj
 0003:000009ac       guideXOS_Allocator__Initialize 000000001002e9ac     guideXOS.obj
 0003:00000a40       guideXOS_Allocator__Allocate_0 000000001002ea40     guideXOS.obj
 0003:00000cf4       guideXOS_Allocator__Reallocate 000000001002ecf4     guideXOS.obj
 0003:00000e10       guideXOS_Allocator__ClearAllocate_0 000000001002ee10     guideXOS.obj
 0003:00000e88       guideXOS_GDT__FillEntry    000000001002ee88     guideXOS.obj
 0003:00000ec8       guideXOS_GDT__Initialise   000000001002eec8     guideXOS.obj
 0003:00001010       guideXOS_GDT__SetKernelStack 000000001002f010     guideXOS.obj
 0003:00001034       guideXOS_IDT__Initialize   000000001002f034     guideXOS.obj
 0003:00001128       guideXOS_IDT__AllowUserSoftwareInterrupt 000000001002f128     guideXOS.obj
 0003:000011c0       guideXOS_IDT__intr_handler 000000001002f1c0     guideXOS.obj
 0003:000011c0       intr_handler               000000001002f1c0     guideXOS.obj
 0003:00002fa0       guideXOS_Native__Load_GDT  0000000010030fa0     guideXOS.obj
 0003:00002ff4       guideXOS_Native__Load_IDT  0000000010030ff4     guideXOS.obj
 0003:00003048       guideXOS_Internal_Runtime_EEType__get_IsArray 0000000010031048     guideXOS.obj
 0003:0000306c       guideXOS_Internal_Runtime_EEType__get_ArrayRank 000000001003106c     guideXOS.obj
 0003:0000308c       __imp_GetCurrentThreadId   000000001003108c     guideXOS.obj
 0003:0000308c       guideXOS_Internal_Runtime_CompilerHelpers_StartupCodeHelpers____imp_GetCurrentThreadId 000000001003108c     guideXOS.obj
 0003:00003090       __CheckForDebuggerJustMyCode 0000000010031090     guideXOS.obj
 0003:00003090       guideXOS_Internal_Runtime_CompilerHelpers_StartupCodeHelpers____CheckForDebuggerJustMyCode 0000000010031090     guideXOS.obj
 0003:00003094       __fail_fast                0000000010031094     guideXOS.obj
 0003:00003094       guideXOS_Internal_Runtime_CompilerHelpers_StartupCodeHelpers__FailFast 0000000010031094     guideXOS.obj
 0003:00003098       guideXOS_Internal_Runtime_CompilerHelpers_StartupCodeHelpers__MemSet 0000000010031098     guideXOS.obj
 0003:00003098       memset                     0000000010031098     guideXOS.obj
 0003:000030b4       guideXOS_Internal_Runtime_CompilerHelpers_StartupCodeHelpers__MemCpy 00000000100310b4     guideXOS.obj
 0003:000030b4       memcpy                     00000000100310b4     guideXOS.obj
 0003:000030d0       RhpFallbackFailFast        00000000100310d0     guideXOS.obj
 0003:000030d0       guideXOS_Internal_Runtime_CompilerHelpers_StartupCodeHelpers__RhpFallbackFailFast 00000000100310d0     guideXOS.obj
 0003:000030d4       RhpReversePInvoke2         00000000100310d4     guideXOS.obj
 0003:000030d4       guideXOS_Internal_Runtime_CompilerHelpers_StartupCodeHelpers__RhpReversePInvoke2 00000000100310d4     guideXOS.obj
 0003:000030d8       RhpReversePInvokeReturn2   00000000100310d8     guideXOS.obj
 0003:000030d8       guideXOS_Internal_Runtime_CompilerHelpers_StartupCodeHelpers__RhpReversePInvokeReturn2 00000000100310d8     guideXOS.obj
 0003:000030dc       RhpReversePInvoke          00000000100310dc     guideXOS.obj
 0003:000030dc       guideXOS_Internal_Runtime_CompilerHelpers_StartupCodeHelpers__RhpReversePInvoke 00000000100310dc     guideXOS.obj
 0003:000030e0       RhpReversePInvokeReturn    00000000100310e0     guideXOS.obj
 0003:000030e0       guideXOS_Internal_Runtime_CompilerHelpers_StartupCodeHelpers__RhpReversePInvokeReturn 00000000100310e0     guideXOS.obj
 0003:000030e4       RhpPInvoke                 00000000100310e4     guideXOS.obj
 0003:000030e4       guideXOS_Internal_Runtime_CompilerHelpers_StartupCodeHelpers__RhpPinvoke 00000000100310e4     guideXOS.obj
 0003:000030e8       RhpPInvokeReturn           00000000100310e8     guideXOS.obj
 0003:000030e8       guideXOS_Internal_Runtime_CompilerHelpers_StartupCodeHelpers__RhpPinvokeReturn 00000000100310e8     guideXOS.obj
 0003:000030ec       RhpNewFast                 00000000100310ec     guideXOS.obj
 0003:000030ec       guideXOS_Internal_Runtime_CompilerHelpers_StartupCodeHelpers__RhpNewFast 00000000100310ec     guideXOS.obj
 0003:00003178       RhpNewArray                0000000010031178     guideXOS.obj
 0003:00003178       guideXOS_Internal_Runtime_CompilerHelpers_StartupCodeHelpers__RhpNewArray 0000000010031178     guideXOS.obj
 0003:0000323c       RhpAssignRef               000000001003123c     guideXOS.obj
 0003:0000323c       guideXOS_Internal_Runtime_CompilerHelpers_StartupCodeHelpers__RhpAssignRef 000000001003123c     guideXOS.obj
 0003:00003240       RhpByRefAssignRef          0000000010031240     guideXOS.obj
 0003:00003240       guideXOS_Internal_Runtime_CompilerHelpers_StartupCodeHelpers__RhpByRefAssignRef 0000000010031240     guideXOS.obj
 0003:00003244       RhpCheckedAssignRef        0000000010031244     guideXOS.obj
 0003:00003244       guideXOS_Internal_Runtime_CompilerHelpers_StartupCodeHelpers__RhpCheckedAssignRef 0000000010031244     guideXOS.obj
 0003:00003248       RhpStelemRef               0000000010031248     guideXOS.obj
 0003:00003248       guideXOS_Internal_Runtime_CompilerHelpers_StartupCodeHelpers__RhpStelemRef 0000000010031248     guideXOS.obj
 0003:00003280       RhTypeCast_IsInstanceOfClass 0000000010031280     guideXOS.obj
 0003:00003280       guideXOS_Internal_Runtime_CompilerHelpers_StartupCodeHelpers__RhTypeCast_IsInstanceOfClass 0000000010031280     guideXOS.obj
 0003:000032ac       guideXOS_Internal_Runtime_CompilerHelpers_StartupCodeHelpers__InitializeModules 00000000100312ac     guideXOS.obj
 0003:00003468       guideXOS_Internal_Runtime_CompilerHelpers_StartupCodeHelpers__InitializeStatics 0000000010031468     guideXOS.obj
 0003:00003550       guideXOS_Internal_Runtime_CompilerHelpers_SynchronizedMethodHelpers__MonitorEnterStatic 0000000010031550     guideXOS.obj
 0003:00003554       guideXOS_Internal_Runtime_CompilerHelpers_SynchronizedMethodHelpers__MonitorExitStatic 0000000010031554     guideXOS.obj
 0003:00003558       guideXOS_Internal_Runtime_CompilerHelpers_ThrowHelpers__Error 0000000010031558     guideXOS.obj
 0003:00003608       guideXOS_Internal_Runtime_CompilerHelpers_ThrowHelpers__ThrowOverflowException 0000000010031608     guideXOS.obj
 0003:00003620       guideXOS_Internal_Runtime_CompilerHelpers_ThrowHelpers__ThrowIndexOutOfRangeException 0000000010031620     guideXOS.obj
 0003:00003638       Bool__ToString             0000000010031638     guideXOS.obj
 0003:00003650       UInt8__ToString            0000000010031650     guideXOS.obj
 0003:0000366c       guideXOS_System_Delegate__InitializeOpenStaticThunk 000000001003166c     guideXOS.obj
 0003:00003690       guideXOS_System_Delegate__InitializeClosedInstance 0000000010031690     guideXOS.obj
 0003:000036bc       Int32__ToString            00000000100316bc     guideXOS.obj
 0003:000036dc       Int64__ToString            00000000100316dc     guideXOS.obj
 0003:000037cc       guideXOS_System_MathF__Floor 00000000100317cc     guideXOS.obj
 0003:0000382c       Object___ctor              000000001003182c     guideXOS.obj
 0003:00003830       Object__ToString           0000000010031830     guideXOS.obj
 0003:00003838       Object__Dispose            0000000010031838     guideXOS.obj
 0003:00003888       String__FromASCII          0000000010031888     guideXOS.obj
 0003:00003920       String__Ctor               0000000010031920     guideXOS.obj
 0003:00003940       String__Ctor_1             0000000010031940     guideXOS.obj
 0003:0000398c       String__Ctor_2             000000001003198c     guideXOS.obj
 0003:00003a48       String__LastIndexOf        0000000010031a48     guideXOS.obj
 0003:00003a70       String__Ctor_3             0000000010031a70     guideXOS.obj
 0003:00003ab4       String__ToString           0000000010031ab4     guideXOS.obj
 0003:00003ab8       String__Equals_0           0000000010031ab8     guideXOS.obj
 0003:00003af4       String__Concat             0000000010031af4     guideXOS.obj
 0003:00003be0       String__IndexOf            0000000010031be0     guideXOS.obj
 0003:00003c10       String__Concat_0           0000000010031c10     guideXOS.obj
 0003:00003c84       String__Concat_1           0000000010031c84     guideXOS.obj
 0003:00003d48       String__Concat_2           0000000010031d48     guideXOS.obj
 0003:00003e30       String__Format             0000000010031e30     guideXOS.obj
 0003:00004034       String__Split              0000000010032034     guideXOS.obj
 0003:00004148       String__Substring          0000000010032148     guideXOS.obj
 0003:00004188       String__Substring_0        0000000010032188     guideXOS.obj
 0003:000041c4       String__EndsWith_0         00000000100321c4     guideXOS.obj
 0003:00004244       String__ToUpper            0000000010032244     guideXOS.obj
 0003:000042d8       UInt16__ToString           00000000100322d8     guideXOS.obj
 0003:000042f4       UInt32__ToString           00000000100322f4     guideXOS.obj
 0003:00004310       UInt64__ToString           0000000010032310     guideXOS.obj
 0003:000043d8       UInt64__ToStringHex        00000000100323d8     guideXOS.obj
 0003:00004480       guideXOS_System_Threading_Monitor__Unlock 0000000010032480     guideXOS.obj
 0003:000044c4       RhTypeCast_CheckCastClass  00000000100324c4     guideXOS.obj
 0003:000044c4       guideXOS_System_Runtime_TypeCast__CheckCastClass 00000000100324c4     guideXOS.obj
 0003:000044ec       RhTypeCast_CheckCastArray  00000000100324ec     guideXOS.obj
 0003:000044ec       guideXOS_System_Runtime_TypeCast__CheckCastArray 00000000100324ec     guideXOS.obj
 0003:00004514       RhTypeCast_IsInstanceOfArray 0000000010032514     guideXOS.obj
 0003:00004514       guideXOS_System_Runtime_TypeCast__IsInstanceOfArray 0000000010032514     guideXOS.obj
 0003:00004570       guideXOS_System_Runtime_CompilerServices_ClassConstructorRunner__CheckStaticClassConstructionReturnNonGCStaticBase 0000000010032570     guideXOS.obj
 0003:00004588       guideXOS_System_Runtime_CompilerServices_ClassConstructorRunner__CheckStaticClassConstructionReturnGCStaticBase 0000000010032588     guideXOS.obj
 0003:000045a0       guideXOS_System_Runtime_CompilerServices_ClassConstructorRunner__CheckStaticClassConstruction 00000000100325a0     guideXOS.obj
 0003:000045d4       guideXOS_System_Drawing_Image___ctor 00000000100325d4     guideXOS.obj
 0003:00004610       guideXOS_System_Drawing_Image___ctor_0 0000000010032610     guideXOS.obj
 0003:00004614       guideXOS_System_Drawing_Image__Resample 0000000010032614     guideXOS.obj
 0003:000049b8       guideXOS_System_Drawing_Image__ResizeImage 00000000100329b8     guideXOS.obj
 0003:00004b2c       guideXOS_System_Drawing_Image__Dispose 0000000010032b2c     guideXOS.obj
 0003:00004bb4       guideXOS_guideXOS_Animation___ctor 0000000010032bb4     guideXOS.obj
 0003:00004bc4       guideXOS_guideXOS_Animator__Initialize 0000000010032bc4     guideXOS.obj
 0003:00004c1c       guideXOS_guideXOS_Animator__OnInterrupt 0000000010032c1c     guideXOS.obj
 0003:00004ca8       guideXOS_guideXOS_API__HandleSystemCall 0000000010032ca8     guideXOS.obj
 0003:00005044       guideXOS_guideXOS_API__API_SndWrite 0000000010033044     guideXOS.obj
 0003:0000504c       guideXOS_guideXOS_API__API_Calloc 000000001003304c     guideXOS.obj
 0003:00005054       guideXOS_guideXOS_API__API_StartThread 0000000010033054     guideXOS.obj
 0003:00005090       guideXOS_guideXOS_API__API_Error 0000000010033090     guideXOS.obj
 0003:00005098       guideXOS_guideXOS_API__API_GetTime 0000000010033098     guideXOS.obj
 0003:00005118       guideXOS_guideXOS_API__API_DrawImage 0000000010033118     guideXOS.obj
 0003:0000514c       guideXOS_guideXOS_API__API_WriteString 000000001003314c     guideXOS.obj
 0003:000051ac       guideXOS_guideXOS_API__API_Width 00000000100331ac     guideXOS.obj
 0003:000051c0       guideXOS_guideXOS_API__API_Height 00000000100331c0     guideXOS.obj
 0003:000051d4       guideXOS_guideXOS_API__API_Update 00000000100331d4     guideXOS.obj
 0003:000051dc       guideXOS_guideXOS_API__API_Clear 00000000100331dc     guideXOS.obj
 0003:000051fc       DebugWrite                 00000000100331fc     guideXOS.obj
 0003:000051fc       guideXOS_guideXOS_API__API_DebugWrite 00000000100331fc     guideXOS.obj
 0003:00005204       DebugWriteLine             0000000010033204     guideXOS.obj
 0003:00005204       guideXOS_guideXOS_API__API_DebugWriteLine 0000000010033204     guideXOS.obj
 0003:00005220       Lock                       0000000010033220     guideXOS.obj
 0003:00005220       guideXOS_guideXOS_API__API_Lock 0000000010033220     guideXOS.obj
 0003:00005248       Unlock                     0000000010033248     guideXOS.obj
 0003:00005248       guideXOS_guideXOS_API__API_Unlock 0000000010033248     guideXOS.obj
 0003:00005288       guideXOS_guideXOS_API__API_DrawPoint 0000000010033288     guideXOS.obj
 0003:000052bc       guideXOS_guideXOS_API__API_SwitchToConsoleMode 00000000100332bc     guideXOS.obj
 0003:000052c4       guideXOS_guideXOS_API__API_ReadAllBytes 00000000100332c4     guideXOS.obj
 0003:000053cc       guideXOS_guideXOS_API__API_Sleep 00000000100333cc     guideXOS.obj
 0003:000053d4       guideXOS_guideXOS_API__API_GetTick 00000000100333d4     guideXOS.obj
 0003:000053e8       guideXOS_guideXOS_API__API_Write 00000000100333e8     guideXOS.obj
 0003:000053f4       guideXOS_guideXOS_API__API_WriteLine 00000000100333f4     guideXOS.obj
 0003:000053fc       guideXOS_guideXOS_API__API_Allocate 00000000100333fc     guideXOS.obj
 0003:00005404       guideXOS_guideXOS_API__API_Free 0000000010033404     guideXOS.obj
 0003:0000540c       guideXOS_guideXOS_API__API_Reallocate 000000001003340c     guideXOS.obj
 0003:00005414       guideXOS_guideXOS_API__SayHello 0000000010033414     guideXOS.obj
 0003:00005420       guideXOS_guideXOS_Kbd2Mouse__OnKeyChanged 0000000010033420     guideXOS.obj
 0003:000055ac       guideXOS_guideXOS_ASC16__DrawString 00000000100335ac     guideXOS.obj
 0003:000055fc       guideXOS_guideXOS_ASC16__DrawChar 00000000100335fc     guideXOS.obj
 0003:00005690       guideXOS_guideXOS_Console__add_OnWrite 0000000010033690     guideXOS.obj
 0003:0000571c       guideXOS_guideXOS_Console__Setup 000000001003371c     guideXOS.obj
 0003:000057d4       guideXOS_guideXOS_Console__Write 00000000100337d4     guideXOS.obj
 0003:00005880       guideXOS_guideXOS_Console__Write_0 0000000010033880     guideXOS.obj
 0003:00005904       guideXOS_guideXOS_Console__WriteFramebuffer 0000000010033904     guideXOS.obj
 0003:00005a10       guideXOS_guideXOS_Console__MoveUp 0000000010033a10     guideXOS.obj
 0003:00005a44       guideXOS_guideXOS_Console__MoveUpFramebuffer 0000000010033a44     guideXOS.obj
 0003:00005af0       guideXOS_guideXOS_Console__UpdateCursorFramebuffer 0000000010033af0     guideXOS.obj
 0003:00005ba0       guideXOS_guideXOS_Console__WriteLine 0000000010033ba0     guideXOS.obj
 0003:00005c3c       guideXOS_guideXOS_Console__WriteLine_0 0000000010033c3c     guideXOS.obj
 0003:00005c80       guideXOS_guideXOS_Console__Clear 0000000010033c80     guideXOS.obj
 0003:00005c9c       guideXOS_guideXOS_Console__ClearFramebuffer 0000000010033c9c     guideXOS.obj
 0003:00005d58       guideXOS_guideXOS_PageTable__Initialise 0000000010033d58     guideXOS.obj
 0003:00005e2c       guideXOS_guideXOS_PageTable__GetPageInternal 0000000010033e2c     guideXOS.obj
 0003:00005ee8       guideXOS_guideXOS_PageTable__MapOnRoot 0000000010033ee8     guideXOS.obj
 0003:00005f78       guideXOS_guideXOS_PageTable__Next_0 0000000010033f78     guideXOS.obj
 0003:00006048       guideXOS_guideXOS_Intel825xx__Initialize 0000000010034048     guideXOS.obj
 0003:000066e0       guideXOS_guideXOS_Intel825xx__Reset 00000000100346e0     guideXOS.obj
 0003:00006710       guideXOS_guideXOS_Intel825xx__TXsetup 0000000010034710     guideXOS.obj
 0003:00006780       guideXOS_guideXOS_Intel825xx__RXsetup 0000000010034780     guideXOS.obj
 0003:00006818       guideXOS_guideXOS_Intel825xx__ReadROM 0000000010034818     guideXOS.obj
 0003:0000684c       guideXOS_guideXOS_Intel825xx__OnInterrupt 000000001003484c     guideXOS.obj
 0003:000068c0       guideXOS_guideXOS_Intel825xx__Linkup 00000000100348c0     guideXOS.obj
 0003:000068f8       guideXOS_guideXOS_Intel825xx__Send 00000000100348f8     guideXOS.obj
 0003:00006958       guideXOS_guideXOS_NETv4__Initialize 0000000010034958     guideXOS.obj
 0003:00006a40       guideXOS_guideXOS_NETv4__SwapLeftRight 0000000010034a40     guideXOS.obj
 0003:00006a5c       guideXOS_guideXOS_NETv4__SwapLeftRight_0 0000000010034a5c     guideXOS.obj
 0003:00006a8c       guideXOS_guideXOS_NETv4__SwapLeftRight_1 0000000010034a8c     guideXOS.obj
 0003:00006aa8       guideXOS_guideXOS_NETv4__SwapLeftRight_2 0000000010034aa8     guideXOS.obj
 0003:00006ae4       guideXOS_guideXOS_NETv4__OnData 0000000010034ae4     guideXOS.obj
 0003:00006b38       guideXOS_guideXOS_NETv4__DNSQuery 0000000010034b38     guideXOS.obj
 0003:00007034       guideXOS_guideXOS_NETv4__DHCPDiscover 0000000010035034     guideXOS.obj
 0003:00007554       guideXOS_guideXOS_NETv4__MakeDHCPRequestPacket 0000000010035554     guideXOS.obj
 0003:00007624       guideXOS_guideXOS_NETv4__UDPBind 0000000010035624     guideXOS.obj
 0003:00007680       guideXOS_guideXOS_NETv4__UDPSend 0000000010035680     guideXOS.obj
 0003:000077e4       guideXOS_guideXOS_NETv4__MakeUDPPacket 00000000100357e4     guideXOS.obj
 0003:000078f4       guideXOS_guideXOS_NETv4__UDPOnData 00000000100358f4     guideXOS.obj
 0003:00007a04       guideXOS_guideXOS_NETv4__TCPOnData 0000000010035a04     guideXOS.obj
 0003:00008028       guideXOS_guideXOS_NETv4__TCPConnect 0000000010036028     guideXOS.obj
 0003:000080c8       guideXOS_guideXOS_NETv4__TCPClose 00000000100360c8     guideXOS.obj
 0003:00008100       guideXOS_guideXOS_NETv4__TCPSendData 0000000010036100     guideXOS.obj
 0003:00008190       guideXOS_guideXOS_NETv4__TCPSend 0000000010036190     guideXOS.obj
 0003:000082e8       guideXOS_guideXOS_NETv4__MakeTCPPacket 00000000100362e8     guideXOS.obj
 0003:000084ac       guideXOS_guideXOS_NETv4__IPOnData 00000000100364ac     guideXOS.obj
 0003:000085e0       guideXOS_guideXOS_NETv4__MakeIPPacket 00000000100365e0     guideXOS.obj
 0003:00008648       guideXOS_guideXOS_NETv4__IPChecksum 0000000010036648     guideXOS.obj
 0003:00008698       guideXOS_guideXOS_NETv4__ICMPOnData 0000000010036698     guideXOS.obj
 0003:0000880c       guideXOS_guideXOS_NETv4__ICMPPing 000000001003680c     guideXOS.obj
 0003:00008978       guideXOS_guideXOS_NETv4__ARPLookup 0000000010036978     guideXOS.obj
 0003:00008b04       guideXOS_guideXOS_NETv4__ARPOnData 0000000010036b04     guideXOS.obj
 0003:00008d24       guideXOS_guideXOS_NETv4__MakeARPPacket 0000000010036d24     guideXOS.obj
 0003:00008d9c       guideXOS_guideXOS_NETv4__ARPRequire 0000000010036d9c     guideXOS.obj
 0003:00008ea0       guideXOS_guideXOS_NETv4__MakeEthernetPacket 0000000010036ea0     guideXOS.obj
 0003:00008ee0       guideXOS_guideXOS_RTL8111__Initialize 0000000010036ee0     guideXOS.obj
 0003:00009544       guideXOS_guideXOS_RTL8111__ResetRXDesc 0000000010037544     guideXOS.obj
 0003:0000957c       guideXOS_guideXOS_RTL8111__Send 000000001003757c     guideXOS.obj
 0003:0000963c       guideXOS_guideXOS_RTL8111__OnInterrupt 000000001003763c     guideXOS.obj
 0003:0000970c       guideXOS_guideXOS_SMP__ApplicationProcessorMain 000000001003770c     guideXOS.obj
 0003:000097a8       guideXOS_guideXOS_SMP__Initialize 00000000100377a8     guideXOS.obj
 0003:00009938       guideXOS_guideXOS_Network_Http__NextEphemeralPort 0000000010037938     guideXOS.obj
 0003:0000996c       guideXOS_guideXOS_Network_Http__PostJson 000000001003796c     guideXOS.obj
 0003:000099fc       guideXOS_guideXOS_Network_Http__BuildPost 00000000100379fc     guideXOS.obj
 0003:00009be0       guideXOS_guideXOS_Network_Http__Send 0000000010037be0     guideXOS.obj
 0003:0000a164       guideXOS_guideXOS_Network_Http__Resolve 0000000010038164     guideXOS.obj
 0003:0000a25c       guideXOS_guideXOS_Network_Http__IsZero 000000001003825c     guideXOS.obj
 0003:0000a27c       guideXOS_guideXOS_Network_Http__EqualsIp 000000001003827c     guideXOS.obj
 0003:0000a2bc       guideXOS_guideXOS_Network_Http__ReceiveAll 00000000100382bc     guideXOS.obj
 0003:0000a3fc       guideXOS_guideXOS_Network_Http__IsHttpComplete 00000000100383fc     guideXOS.obj
 0003:0000a570       guideXOS_guideXOS_Network_Http__HeaderContentLengthBytes 0000000010038570     guideXOS.obj
 0003:0000a610       guideXOS_guideXOS_Network_Http__HeaderChunkedBytes 0000000010038610     guideXOS.obj
 0003:0000a658       guideXOS_guideXOS_Network_Http__ParseHttp 0000000010038658     guideXOS.obj
 0003:0000aa8c       guideXOS_guideXOS_Network_Http__DecodeChunked 0000000010038a8c     guideXOS.obj
 0003:0000abe8       guideXOS_guideXOS_Network_Http__IndexOf 0000000010038be8     guideXOS.obj
 0003:0000ac50       guideXOS_guideXOS_Network_Http__Match 0000000010038c50     guideXOS.obj
 0003:0000ad04       guideXOS_guideXOS_Network_Http__ToAsciiBytes 0000000010038d04     guideXOS.obj
 0003:0000ad8c       guideXOS_guideXOS_Network_Http__BytesToAscii_0 0000000010038d8c     guideXOS.obj
 0003:0000ae40       guideXOS_guideXOS_Network_Http__SetHeader 0000000010038e40     guideXOS.obj
 0003:0000af04       guideXOS_guideXOS_Network_Http__GetHeader 0000000010038f04     guideXOS.obj
 0003:0000af6c       guideXOS_guideXOS_Network_Http__EqualsIgnoreCase 0000000010038f6c     guideXOS.obj
 0003:0000afdc       guideXOS_guideXOS_Network_Http__IndexOfIgnoreCase 0000000010038fdc     guideXOS.obj
 0003:0000b05c       guideXOS_guideXOS_Network_Http__IndexOf_0 000000001003905c     guideXOS.obj
 0003:0000b088       guideXOS_guideXOS_Network_Http__HasPrefix 0000000010039088     guideXOS.obj
 0003:0000b0c0       guideXOS_guideXOS_Network_Http__TrimSpaces 00000000100390c0     guideXOS.obj
 0003:0000b11c       guideXOS_guideXOS_Network_Http__ParseInt 000000001003911c     guideXOS.obj
 0003:0000b150       guideXOS_guideXOS_Network_Http__ParseIntToString 0000000010039150     guideXOS.obj
 0003:0000b280       guideXOS_guideXOS_Network_Http__ParseHex 0000000010039280     guideXOS.obj
 0003:0000b2d8       guideXOS_guideXOS_Misc_Audio__Initialize 00000000100392d8     guideXOS.obj
 0003:0000b308       guideXOS_guideXOS_Misc_Audio__snd_write 0000000010039308     guideXOS.obj
 0003:0000b308       snd_write                  0000000010039308     guideXOS.obj
 0003:0000b3f0       guideXOS_guideXOS_Misc_Audio__snd_clear 00000000100393f0     guideXOS.obj
 0003:0000b3f0       snd_clear                  00000000100393f0     guideXOS.obj
 0003:0000b404       guideXOS_guideXOS_Misc_Audio__require 0000000010039404     guideXOS.obj
 0003:0000b500       guideXOS_guideXOS_Misc_Bitmap___ctor 0000000010039500     guideXOS.obj
 0003:0000b748       guideXOS_guideXOS_Misc_BootSplash__Initialize 0000000010039748     guideXOS.obj
 0003:0000b7b4       guideXOS_guideXOS_Misc_BootSplash__Tick 00000000100397b4     guideXOS.obj
[...]
 0008:00000262       __E2E33A61_corecrt_wstdlib@h 000000001020d262     NativeLib:ffunicode.obj
 0008:00000263       __10D4A829_limits@h        000000001020d263     NativeLib:ffunicode.obj
 0008:00000264       __6E5ACABA_stdlib@h        000000001020d264     NativeLib:ffunicode.obj
 0008:00000265       __30B1AFDA_unknwnbase@h    000000001020d265     NativeLib:ffunicode.obj
 0008:00000266       __328C1996_objidlbase@h    000000001020d266     NativeLib:ffunicode.obj
 0008:00000267       __C4E06B6A_cguid@h         000000001020d267     NativeLib:ffunicode.obj
 0008:00000268       __434718C5_combaseapi@h    000000001020d268     NativeLib:ffunicode.obj
 0008:00000269       __DE6FDEF1_unknwn@h        000000001020d269     NativeLib:ffunicode.obj
 0008:0000026a       __CCE0BACC_objidl@h        000000001020d26a     NativeLib:ffunicode.obj
 0008:0000026b       __8C7011E5_oaidl@h         000000001020d26b     NativeLib:ffunicode.obj
 0008:0000026c       __2E0B7863_propidlbase@h   000000001020d26c     NativeLib:ffunicode.obj
 0008:0000026d       __BF4CF2EC_coml2api@h      000000001020d26d     NativeLib:ffunicode.obj
 0008:0000026e       __6D897344_oleidl@h        000000001020d26e     NativeLib:ffunicode.obj
 0008:0000026f       __1129FC2C_servprov@h      000000001020d26f     NativeLib:ffunicode.obj
 0008:00000270       __757952E4_msxml@h         000000001020d270     NativeLib:ffunicode.obj
 0008:00000271       __B1191D53_urlmon@h        000000001020d271     NativeLib:ffunicode.obj
 0008:00000272       __404D1A47_propidl@h       000000001020d272     NativeLib:ffunicode.obj
 0008:00000273       __A1C63593_objbase@h       000000001020d273     NativeLib:ffunicode.obj
 0008:00000274       __C1B0A9CB_oleauto@h       000000001020d274     NativeLib:ffunicode.obj
 0008:00000275       __24EAF61F_ole2@h          000000001020d275     NativeLib:ffunicode.obj
 0008:00000276       __2B1843DA_commdlg@h       000000001020d276     NativeLib:ffunicode.obj
 0008:00000277       __81DDEDE3_stralign@h      000000001020d277     NativeLib:ffunicode.obj
 0008:00000278       __2134D1B4_winsvc@h        000000001020d278     NativeLib:ffunicode.obj
 0008:00000279       __11C07376_mcx@h           000000001020d279     NativeLib:ffunicode.obj
 0008:0000027a       __577CE3E7_ime_cmodes@h    000000001020d27a     NativeLib:ffunicode.obj
 0008:0000027b       __1E72C31E_imm@h           000000001020d27b     NativeLib:ffunicode.obj
 0008:0000027c       __E15BF856_windows@h       000000001020d27c     NativeLib:ffunicode.obj
 0008:0000027d       __44420885_corecrt_stdio_config@h 000000001020d27d     NativeLib:ffunicode.obj
 0008:0000027e       __EF1F6BBA_corecrt_wconio@h 000000001020d27e     NativeLib:ffunicode.obj
 0008:0000027f       __3D1D430C_corecrt_wdirect@h 000000001020d27f     NativeLib:ffunicode.obj
 0008:00000280       __8ECB7138_corecrt_share@h 000000001020d280     NativeLib:ffunicode.obj
 0008:00000281       __DB7FEBA6_corecrt_wio@h   000000001020d281     NativeLib:ffunicode.obj
 0008:00000282       __9A9F0068_corecrt_wprocess@h 000000001020d282     NativeLib:ffunicode.obj
 0008:00000283       __AB601D8D_corecrt_wstdio@h 000000001020d283     NativeLib:ffunicode.obj
 0008:00000284       __369A9BC3_corecrt_wtime@h 000000001020d284     NativeLib:ffunicode.obj
 0008:00000285       __CE789B9D_types@h         000000001020d285     NativeLib:ffunicode.obj
 0008:00000286       __9901C817_stat@h          000000001020d286     NativeLib:ffunicode.obj
 0008:00000287       __3FCAD62E_wchar@h         000000001020d287     NativeLib:ffunicode.obj
 0008:00000288       __0E22CCB3_tchar@h         000000001020d288     NativeLib:ffunicode.obj
 0008:00000289       __4CCC6929_integer@h       000000001020d289     NativeLib:ffunicode.obj
 0008:0000028a       __ED2A062E_ffconf@h        000000001020d28a     NativeLib:ffunicode.obj
 0008:0000028b       __A5A085C2_ff@h            000000001020d28b     NativeLib:ffunicode.obj
 0008:0000028c       __87CD6F4B_ffunicode@c     000000001020d28c     NativeLib:ffunicode.obj
 0008:0000028d       __0ED14FEE_winpackagefamily@h 000000001020d28d     NativeLib:diskio.obj
 0008:0000028e       __F92EF742_winapifamily@h  000000001020d28e     NativeLib:diskio.obj
 0008:0000028f       __22E515EB_sdkddkver@h     000000001020d28f     NativeLib:diskio.obj
 0008:00000290       __FE09AF47_concurrencysal@h 000000001020d290     NativeLib:diskio.obj
 0008:00000291       __C073CA79_sal@h           000000001020d291     NativeLib:diskio.obj
 0008:00000292       __D6AFE870_vadefs@h        000000001020d292     NativeLib:diskio.obj
 0008:00000293       __D63E96CF_vcruntime@h     000000001020d293     NativeLib:diskio.obj
 0008:00000294       __514B86D7_excpt@h         000000001020d294     NativeLib:diskio.obj
 0008:00000295       __9A7D38D9_stdarg@h        000000001020d295     NativeLib:diskio.obj
 0008:00000296       __29F49F40_specstrings_undef@h 000000001020d296     NativeLib:diskio.obj
 0008:00000297       __D0F42932_specstrings_strict@h 000000001020d297     NativeLib:diskio.obj
 0008:00000298       __F00405FD_sdv_driverspecs@h 000000001020d298     NativeLib:diskio.obj
 0008:00000299       __173E09CA_driverspecs@h   000000001020d299     NativeLib:diskio.obj
 0008:0000029a       __9A452361_specstrings@h   000000001020d29a     NativeLib:diskio.obj
 0008:0000029b       __1B0272D9_corecrt@h       000000001020d29b     NativeLib:diskio.obj
 0008:0000029c       __74484FB3_corecrt_wctype@h 000000001020d29c     NativeLib:diskio.obj
 0008:0000029d       __1EC467ED_ctype@h         000000001020d29d     NativeLib:diskio.obj
 0008:0000029e       __98517906_kernelspecs@h   000000001020d29e     NativeLib:diskio.obj
 0008:0000029f       __D3497022_basetsd@h       000000001020d29f     NativeLib:diskio.obj
 0008:000002a0       __61CC25A1_errno@h         000000001020d2a0     NativeLib:diskio.obj
 0008:000002a1       __3EADF068_vcruntime_string@h 000000001020d2a1     NativeLib:diskio.obj
 0008:000002a2       __E4C945B4_corecrt_memcpy_s@h 000000001020d2a2     NativeLib:diskio.obj
 0008:000002a3       __8EAFF484_corecrt_memory@h 000000001020d2a3     NativeLib:diskio.obj
 0008:000002a4       __6490AEC5_corecrt_wstring@h 000000001020d2a4     NativeLib:diskio.obj
 0008:000002a5       __E8295E1E_string@h        000000001020d2a5     NativeLib:diskio.obj
 0008:000002a6       __7FCB5136_guiddef@h       000000001020d2a6     NativeLib:diskio.obj
 0008:000002a7       __FF8A9E11_pshpack4@h      000000001020d2a7     NativeLib:diskio.obj
 0008:000002a8       __D5438902_poppack@h       000000001020d2a8     NativeLib:diskio.obj
 0008:000002a9       __FB07E2A3_pshpack2@h      000000001020d2a9     NativeLib:diskio.obj
 0008:000002aa       __F6906775_pshpack8@h      000000001020d2aa     NativeLib:diskio.obj
 0008:000002ab       __F9415CFA_pshpack1@h      000000001020d2ab     NativeLib:diskio.obj
 0008:000002ac       __E58C6F1C_apiset@h        000000001020d2ac     NativeLib:diskio.obj
 0008:000002ad       __A5C52262_ktmtypes@h      000000001020d2ad     NativeLib:diskio.obj
 0008:000002ae       __FBBA8F9D_winnt@h         000000001020d2ae     NativeLib:diskio.obj
 0008:000002af       __A32D3D2C_minwindef@h     000000001020d2af     NativeLib:diskio.obj
 0008:000002b0       __7D798299_windef@h        000000001020d2b0     NativeLib:diskio.obj
 0008:000002b1       __9AE108E9_apisetcconv@h   000000001020d2b1     NativeLib:diskio.obj
 0008:000002b2       __9CE53D2C_minwinbase@h    000000001020d2b2     NativeLib:diskio.obj
 0008:000002b3       __5D0AA210_apiquery2@h     000000001020d2b3     NativeLib:diskio.obj
 0008:000002b4       __4DD4E726_processenv@h    000000001020d2b4     NativeLib:diskio.obj
 0008:000002b5       __3575CC96_fileapi@h       000000001020d2b5     NativeLib:diskio.obj
 0008:000002b6       __8EA220E6_fileapifromapp@h 000000001020d2b6     NativeLib:diskio.obj
 0008:000002b7       __BF9B31FE_debugapi@h      000000001020d2b7     NativeLib:diskio.obj
 0008:000002b8       __C3AFE134_utilapiset@h    000000001020d2b8     NativeLib:diskio.obj
 0008:000002b9       __76F69E51_handleapi@h     000000001020d2b9     NativeLib:diskio.obj
 0008:000002ba       __7E63D784_errhandlingapi@h 000000001020d2ba     NativeLib:diskio.obj
 0008:000002bb       __FFA7003C_fibersapi@h     000000001020d2bb     NativeLib:diskio.obj
 0008:000002bc       __8971CECF_namedpipeapi@h  000000001020d2bc     NativeLib:diskio.obj
 0008:000002bd       __46C9D8A6_profileapi@h    000000001020d2bd     NativeLib:diskio.obj
 0008:000002be       __98D4F0A3_heapapi@h       000000001020d2be     NativeLib:diskio.obj
 0008:000002bf       __50EF2A88_ioapiset@h      000000001020d2bf     NativeLib:diskio.obj
 0008:000002c0       __92EA1464_synchapi@h      000000001020d2c0     NativeLib:diskio.obj
 0008:000002c1       __A53D8AED_interlockedapi@h 000000001020d2c1     NativeLib:diskio.obj
 0008:000002c2       __B506CAAF_processthreadsapi@h 000000001020d2c2     NativeLib:diskio.obj
 0008:000002c3       __FF735694_sysinfoapi@h    000000001020d2c3     NativeLib:diskio.obj
 0008:000002c4       __29589789_memoryapi@h     000000001020d2c4     NativeLib:diskio.obj
 0008:000002c5       __E9C7A663_enclaveapi@h    000000001020d2c5     NativeLib:diskio.obj
 0008:000002c6       __D035F9F7_threadpoollegacyapiset@h 000000001020d2c6     NativeLib:diskio.obj
 0008:000002c7       __C899130C_threadpoolapiset@h 000000001020d2c7     NativeLib:diskio.obj
 0008:000002c8       __E0441EE7_jobapi@h        000000001020d2c8     NativeLib:diskio.obj
 0008:000002c9       __CEF86838_jobapi2@h       000000001020d2c9     NativeLib:diskio.obj
 0008:000002ca       __35AC6B9A_wow64apiset@h   000000001020d2ca     NativeLib:diskio.obj
 0008:000002cb       __C8AE41A5_libloaderapi@h  000000001020d2cb     NativeLib:diskio.obj
 0008:000002cc       __CC9E232D_securitybaseapi@h 000000001020d2cc     NativeLib:diskio.obj
 0008:000002cd       __C9D0C9B8_namespaceapi@h  000000001020d2cd     NativeLib:diskio.obj
 0008:000002ce       __30FF9CAD_systemtopologyapi@h 000000001020d2ce     NativeLib:diskio.obj
 0008:000002cf       __4D358795_processtopologyapi@h 000000001020d2cf     NativeLib:diskio.obj
 0008:000002d0       __40446D10_securityappcontainer@h 000000001020d2d0     NativeLib:diskio.obj
 0008:000002d1       __3A952EDF_realtimeapiset@h 000000001020d2d1     NativeLib:diskio.obj
 0008:000002d2       __F4865F4B_winerror@h      000000001020d2d2     NativeLib:diskio.obj
 0008:000002d3       __53C1BD93_timezoneapi@h   000000001020d2d3     NativeLib:diskio.obj
 0008:000002d4       __1FFBEDBF_winbase@h       000000001020d2d4     NativeLib:diskio.obj
 0008:000002d5       __43D3FA34_wingdi@h        000000001020d2d5     NativeLib:diskio.obj
 0008:000002d6       __D24A7391_tvout@h         000000001020d2d6     NativeLib:diskio.obj
 0008:000002d7       __7713A6C8_winuser@h       000000001020d2d7     NativeLib:diskio.obj
 0008:000002d8       __0B345F71_datetimeapi@h   000000001020d2d8     NativeLib:diskio.obj
 0008:000002d9       __9AC6960C_winnls@h        000000001020d2d9     NativeLib:diskio.obj
 0008:000002da       __973A40A8_stringapiset@h  000000001020d2da     NativeLib:diskio.obj
 0008:000002db       __CC46FEE2_wincontypes@h   000000001020d2db     NativeLib:diskio.obj
 0008:000002dc       __97D70BE1_consoleapi@h    000000001020d2dc     NativeLib:diskio.obj
 0008:000002dd       __27EC5E18_consoleapi2@h   000000001020d2dd     NativeLib:diskio.obj
 0008:000002de       __262E342F_consoleapi3@h   000000001020d2de     NativeLib:diskio.obj
 0008:000002df       __641DCD70_wincon@h        000000001020d2df     NativeLib:diskio.obj
 0008:000002e0       __5A96C7A7_verrsrc@h       000000001020d2e0     NativeLib:diskio.obj
 0008:000002e1       __B69C6FF2_winver@h        000000001020d2e1     NativeLib:diskio.obj
 0008:000002e2       __7AEB8C37_reason@h        000000001020d2e2     NativeLib:diskio.obj
 0008:000002e3       __59F1A8A9_winreg@h        000000001020d2e3     NativeLib:diskio.obj
 0008:000002e4       __EE0E2B7F_wnnc@h          000000001020d2e4     NativeLib:diskio.obj
 0008:000002e5       __DCDB7054_winnetwk@h      000000001020d2e5     NativeLib:diskio.obj
 0008:000002e6       __EDC72EEB_cderr@h         000000001020d2e6     NativeLib:diskio.obj
 0008:000002e7       __95F9199D_dde@h           000000001020d2e7     NativeLib:diskio.obj
 0008:000002e8       __66427627_ddeml@h         000000001020d2e8     NativeLib:diskio.obj
 0008:000002e9       __957C29A0_dlgs@h          000000001020d2e9     NativeLib:diskio.obj
 0008:000002ea       __12EA15AF_lzexpand@h      000000001020d2ea     NativeLib:diskio.obj
 0008:000002eb       __62131F15_mmsyscom@h      000000001020d2eb     NativeLib:diskio.obj
 0008:000002ec       __47E68D49_mciapi@h        000000001020d2ec     NativeLib:diskio.obj
 0008:000002ed       __5D7DD356_mmiscapi@h      000000001020d2ed     NativeLib:diskio.obj
 0008:000002ee       __7223D2EF_mmiscapi2@h     000000001020d2ee     NativeLib:diskio.obj
 0008:000002ef       __A330DBB3_playsoundapi@h  000000001020d2ef     NativeLib:diskio.obj
 0008:000002f0       __601B366F_mmeapi@h        000000001020d2f0     NativeLib:diskio.obj
 0008:000002f1       __1134ADD5_timeapi@h       000000001020d2f1     NativeLib:diskio.obj
 0008:000002f2       __93F2265A_joystickapi@h   000000001020d2f2     NativeLib:diskio.obj
 0008:000002f3       __DF6EB4E3_mmsystem@h      000000001020d2f3     NativeLib:diskio.obj
 0008:000002f4       __BD641FCB_nb30@h          000000001020d2f4     NativeLib:diskio.obj
 0008:000002f5       __DF8704F0_rpcdcep@h       000000001020d2f5     NativeLib:diskio.obj
 0008:000002f6       __5C6CA7BB_rpcdce@h        000000001020d2f6     NativeLib:diskio.obj
 0008:000002f7       __853533C4_rpcnsi@h        000000001020d2f7     NativeLib:diskio.obj
 0008:000002f8       __2D2406C3_rpcnterr@h      000000001020d2f8     NativeLib:diskio.obj
 0008:000002f9       __64521D71_rpcasync@h      000000001020d2f9     NativeLib:diskio.obj
 0008:000002fa       __AADCBA08_rpc@h           000000001020d2fa     NativeLib:diskio.obj
 0008:000002fb       __19E26CFF_shellapi@h      000000001020d2fb     NativeLib:diskio.obj
 0008:000002fc       __1E9F31D3_winperf@h       000000001020d2fc     NativeLib:diskio.obj
 0008:000002fd       __832A4112_inaddr@h        000000001020d2fd     NativeLib:diskio.obj
 0008:000002fe       __32C6F875_winsock@h       000000001020d2fe     NativeLib:diskio.obj
 0008:000002ff       __7953A3F8_bcrypt@h        000000001020d2ff     NativeLib:diskio.obj
 0008:00000300       __E4169492_ncrypt@h        000000001020d300     NativeLib:diskio.obj
 0008:00000301       __AF3DDDC3_dpapi@h         000000001020d301     NativeLib:diskio.obj
 0008:00000302       __D1E23BF2_wincrypt@h      000000001020d302     NativeLib:diskio.obj
 0008:00000303       __82AB4779_winefs@h        000000001020d303     NativeLib:diskio.obj
 0008:00000304       __1FE431C9_rpcnsip@h       000000001020d304     NativeLib:diskio.obj
 0008:00000305       __2B741F2D_rpcsal@h        000000001020d305     NativeLib:diskio.obj
 0008:00000306       __92623256_rpcndr@h        000000001020d306     NativeLib:diskio.obj
 0008:00000307       __9C18532E_wtypesbase@h    000000001020d307     NativeLib:diskio.obj
 0008:00000308       __EA2E1D6D_wtypes@h        000000001020d308     NativeLib:diskio.obj
 0008:00000309       __7DDD9F45_winioctl@h      000000001020d309     NativeLib:diskio.obj
 0008:0000030a       __E550A843_winsmcrd@h      000000001020d30a     NativeLib:diskio.obj
 0008:0000030b       __9809C1BA_winscard@h      000000001020d30b     NativeLib:diskio.obj
 0008:0000030c       __EA174FA4_prsht@h         000000001020d30c     NativeLib:diskio.obj
 0008:0000030d       __0E1BD114_winspool@h      000000001020d30d     NativeLib:diskio.obj
 0008:0000030e       __45DED006_corecrt_malloc@h 000000001020d30e     NativeLib:diskio.obj
 0008:0000030f       __13F5961F_stddef@h        000000001020d30f     NativeLib:diskio.obj
 0008:00000310       __FD6DBD68_corecrt_search@h 000000001020d310     NativeLib:diskio.obj
 0008:00000311       __E2E33A61_corecrt_wstdlib@h 000000001020d311     NativeLib:diskio.obj
 0008:00000312       __10D4A829_limits@h        000000001020d312     NativeLib:diskio.obj
 0008:00000313       __6E5ACABA_stdlib@h        000000001020d313     NativeLib:diskio.obj
 0008:00000314       __30B1AFDA_unknwnbase@h    000000001020d314     NativeLib:diskio.obj
 0008:00000315       __328C1996_objidlbase@h    000000001020d315     NativeLib:diskio.obj
 0008:00000316       __C4E06B6A_cguid@h         000000001020d316     NativeLib:diskio.obj
 0008:00000317       __434718C5_combaseapi@h    000000001020d317     NativeLib:diskio.obj
 0008:00000318       __DE6FDEF1_unknwn@h        000000001020d318     NativeLib:diskio.obj
 0008:00000319       __CCE0BACC_objidl@h        000000001020d319     NativeLib:diskio.obj
 0008:0000031a       __8C7011E5_oaidl@h         000000001020d31a     NativeLib:diskio.obj
 0008:0000031b       __2E0B7863_propidlbase@h   000000001020d31b     NativeLib:diskio.obj
 0008:0000031c       __BF4CF2EC_coml2api@h      000000001020d31c     NativeLib:diskio.obj
 0008:0000031d       __6D897344_oleidl@h        000000001020d31d     NativeLib:diskio.obj
 0008:0000031e       __1129FC2C_servprov@h      000000001020d31e     NativeLib:diskio.obj
 0008:0000031f       __757952E4_msxml@h         000000001020d31f     NativeLib:diskio.obj
 0008:00000320       __B1191D53_urlmon@h        000000001020d320     NativeLib:diskio.obj
 0008:00000321       __404D1A47_propidl@h       000000001020d321     NativeLib:diskio.obj
 0008:00000322       __A1C63593_objbase@h       000000001020d322     NativeLib:diskio.obj
 0008:00000323       __C1B0A9CB_oleauto@h       000000001020d323     NativeLib:diskio.obj
 0008:00000324       __24EAF61F_ole2@h          000000001020d324     NativeLib:diskio.obj
 0008:00000325       __2B1843DA_commdlg@h       000000001020d325     NativeLib:diskio.obj
 0008:00000326       __81DDEDE3_stralign@h      000000001020d326     NativeLib:diskio.obj
 0008:00000327       __2134D1B4_winsvc@h        000000001020d327     NativeLib:diskio.obj
 0008:00000328       __11C07376_mcx@h           000000001020d328     NativeLib:diskio.obj
 0008:00000329       __577CE3E7_ime_cmodes@h    000000001020d329     NativeLib:diskio.obj
 0008:0000032a       __1E72C31E_imm@h           000000001020d32a     NativeLib:diskio.obj
 0008:0000032b       __E15BF856_windows@h       000000001020d32b     NativeLib:diskio.obj
 0008:0000032c       __44420885_corecrt_stdio_config@h 000000001020d32c     NativeLib:diskio.obj
 0008:0000032d       __EF1F6BBA_corecrt_wconio@h 000000001020d32d     NativeLib:diskio.obj
 0008:0000032e       __3D1D430C_corecrt_wdirect@h 000000001020d32e     NativeLib:diskio.obj
 0008:0000032f       __8ECB7138_corecrt_share@h 000000001020d32f     NativeLib:diskio.obj
 0008:00000330       __DB7FEBA6_corecrt_wio@h   000000001020d330     NativeLib:diskio.obj
 0008:00000331       __9A9F0068_corecrt_wprocess@h 000000001020d331     NativeLib:diskio.obj
 0008:00000332       __AB601D8D_corecrt_wstdio@h 000000001020d332     NativeLib:diskio.obj
 0008:00000333       __369A9BC3_corecrt_wtime@h 000000001020d333     NativeLib:diskio.obj
 0008:00000334       __CE789B9D_types@h         000000001020d334     NativeLib:diskio.obj
 0008:00000335       __9901C817_stat@h          000000001020d335     NativeLib:diskio.obj
 0008:00000336       __3FCAD62E_wchar@h         000000001020d336     NativeLib:diskio.obj
 0008:00000337       __0E22CCB3_tchar@h         000000001020d337     NativeLib:diskio.obj
 0008:00000338       __4CCC6929_integer@h       000000001020d338     NativeLib:diskio.obj
 0008:00000339       __3D17D6D7_diskio@h        000000001020d339     NativeLib:diskio.obj
 0008:0000033a       __AAC50F5F_diskio@c        000000001020d33a     NativeLib:diskio.obj
 0009:000000a0       $R000000                   000000001020e0a0     guideXOS.res
 0009:000002f0       $R000250                   000000001020e2f0     guideXOS.res
