 guideXOS

 Timestamp is 690fcfb5 (Sat Nov  8 15:18:13 2025)

 Preferred load address is 0000000010000000

 Start         Length     Name                   Class
 0001:00000000 000004a0H .text                   CODE
 0001:000004a0 00020751H .text$mn                CODE
 0002:00000000 00000045H .unbox$M                CODE
 0003:00000000 0003fd48H .managedcode$I          CODE
 0004:00000000 0000e360H .rdata                  DATA
 0004:0000e360 00000018H .rdata$voltmd           DATA
 0004:0000e378 0000019cH .rdata$zzzdbg           DATA
 0004:0000e514 0000b18cH .xdata                  DATA
 0004:000196a0 00000000H .edata                  DATA
 0005:00000000 000222c0H .data                   DATA
 0005:000222c0 001008e0H .bss                    DATA
 0006:00000000 00003684H .pdata                  DATA
 0007:00000000 00000008H .modules$I              DATA
 0008:00000000 0000006eH .msvcjmc                DATA
 0009:00000000 000000a0H .rsrc$01                DATA
 0009:000000a0 00000440H .rsrc$02                DATA

  Address         Publics by Value              Rva+Base               Lib:Object

 0000:00000000       __AbsoluteZero             0000000000000000     <absolute>
 0000:00000000       ___safe_se_handler_count   0000000000000000     <absolute>
 0000:00000000       ___safe_se_handler_table   0000000000000000     <absolute>
 0000:00000000       __arm64x_extra_rfe_table   0000000000000000     <absolute>
 0000:00000000       __arm64x_extra_rfe_table_size 0000000000000000     <absolute>
 0000:00000000       __arm64x_native_entrypoint 0000000000000000     <absolute>
 0000:00000000       __arm64x_redirection_metadata 0000000000000000     <absolute>
 0000:00000000       __arm64x_redirection_metadata_count 0000000000000000     <absolute>
 0000:00000000       __dynamic_value_reloc_table 0000000000000000     <absolute>
 0000:00000000       __enclave_config           0000000000000000     <absolute>
 0000:00000000       __guard_check_icall_a64n_fptr 0000000000000000     <absolute>
 0000:00000000       __guard_eh_cont_count      0000000000000000     <absolute>
 0000:00000000       __guard_eh_cont_table      0000000000000000     <absolute>
 0000:00000000       __guard_fids_count         0000000000000000     <absolute>
 0000:00000000       __guard_fids_table         0000000000000000     <absolute>
 0000:00000000       __guard_iat_count          0000000000000000     <absolute>
 0000:00000000       __guard_iat_table          0000000000000000     <absolute>
 0000:00000000       __guard_longjmp_count      0000000000000000     <absolute>
 0000:00000000       __guard_longjmp_table      0000000000000000     <absolute>
 0000:00000000       __hybrid_auxiliary_delayload_iat 0000000000000000     <absolute>
 0000:00000000       __hybrid_auxiliary_delayload_iat_copy 0000000000000000     <absolute>
 0000:00000000       __hybrid_auxiliary_iat     0000000000000000     <absolute>
 0000:00000000       __hybrid_auxiliary_iat_copy 0000000000000000     <absolute>
 0000:00000000       __hybrid_code_map          0000000000000000     <absolute>
 0000:00000000       __hybrid_code_map_count    0000000000000000     <absolute>
 0000:00000000       __hybrid_image_info_bitfield 0000000000000000     <absolute>
 0000:00000000       __x64_code_ranges_to_entry_points 0000000000000000     <absolute>
 0000:00000000       __x64_code_ranges_to_entry_points_count 0000000000000000     <absolute>
 0000:00000100       __guard_flags              0000000000000100     <absolute>
 0000:00000000       __ImageBase                0000000010000000     <linker-defined>
 0001:00000000       __GetNonGCStaticBase_guideXOS_Program 0000000010001000     guideXOS.obj
 0001:00000008       __GetNonGCStaticBase_guideXOS_Allocator 0000000010001008     guideXOS.obj
 0001:00000010       __GetNonGCStaticBase_guideXOS_GDT 0000000010001010     guideXOS.obj
 0001:00000018       __GetNonGCStaticBase_guideXOS_IDT 0000000010001018     guideXOS.obj
 0001:00000020       __GetNonGCStaticBase_guideXOS_System_Windows_Forms_Control 0000000010001020     guideXOS.obj
 0001:00000028       __GetNonGCStaticBase_guideXOS_guideXOS_Kbd2Mouse 0000000010001028     guideXOS.obj
 0001:00000030       __GetNonGCStaticBase_guideXOS_guideXOS_Console 0000000010001030     guideXOS.obj
 0001:00000038       __GetNonGCStaticBase_guideXOS_guideXOS_PageTable 0000000010001038     guideXOS.obj
 0001:00000040       __GetNonGCStaticBase_guideXOS_guideXOS_Intel825xx 0000000010001040     guideXOS.obj
 0001:00000048       __GetNonGCStaticBase_guideXOS_guideXOS_NETv4 0000000010001048     guideXOS.obj
 0001:00000050       __GetNonGCStaticBase_guideXOS_guideXOS_RTL8111 0000000010001050     guideXOS.obj
 0001:00000058       __GetNonGCStaticBase_guideXOS_guideXOS_SMP 0000000010001058     guideXOS.obj
 0001:00000060       __GetNonGCStaticBase_guideXOS_guideXOS_Network_Http 0000000010001060     guideXOS.obj
 0001:00000068       __GetNonGCStaticBase_guideXOS_guideXOS_Misc_Audio 0000000010001068     guideXOS.obj
 0001:00000070       __GetNonGCStaticBase_guideXOS_guideXOS_Misc_BootSplash 0000000010001070     guideXOS.obj
 0001:00000078       __GetNonGCStaticBase_guideXOS_guideXOS_Misc_ThreadPool 0000000010001078     guideXOS.obj
 0001:00000080       __GetNonGCStaticBase_guideXOS_guideXOS_Misc_USB 0000000010001080     guideXOS.obj
 0001:00000088       __GetNonGCStaticBase_guideXOS_guideXOS_Kernel_Drivers_AC97 0000000010001088     guideXOS.obj
 0001:00000090       __GetNonGCStaticBase_guideXOS_guideXOS_Kernel_Drivers_ACPI 0000000010001090     guideXOS.obj
 0001:00000098       __GetNonGCStaticBase_guideXOS_guideXOS_Kernel_Drivers_DisplayManager 0000000010001098     guideXOS.obj
 0001:000000a0       __GetNonGCStaticBase_guideXOS_guideXOS_Kernel_Drivers_EHCI 00000000100010a0     guideXOS.obj
 0001:000000a8       __GetNonGCStaticBase_guideXOS_guideXOS_Kernel_Drivers_ES1371 00000000100010a8     guideXOS.obj
 0001:000000b0       __GetNonGCStaticBase_guideXOS_guideXOS_Kernel_Drivers_Framebuffer 00000000100010b0     guideXOS.obj
 0001:000000b8       __GetNonGCStaticBase_guideXOS_guideXOS_Kernel_Drivers_HID 00000000100010b8     guideXOS.obj
 0001:000000c0       __GetNonGCStaticBase_guideXOS_guideXOS_Kernel_Drivers_HPET 00000000100010c0     guideXOS.obj
 0001:000000c8       __GetNonGCStaticBase_guideXOS_guideXOS_Kernel_Drivers_Hub 00000000100010c8     guideXOS.obj
 0001:000000d0       __GetNonGCStaticBase_guideXOS_guideXOS_Kernel_Drivers_Keyboard 00000000100010d0     guideXOS.obj
 0001:000000d8       __GetNonGCStaticBase_guideXOS_guideXOS_Kernel_Drivers_PS2Keyboard 00000000100010d8     guideXOS.obj
 0001:000000e0       __GetNonGCStaticBase_guideXOS_guideXOS_Kernel_Drivers_PS2Mouse 00000000100010e0     guideXOS.obj
 0001:000000e8       __GetNonGCStaticBase_guideXOS_guideXOS_Kernel_Drivers_RTC 00000000100010e8     guideXOS.obj
 0001:000000f0       __GetNonGCStaticBase_guideXOS_guideXOS_Kernel_Drivers_SATA 00000000100010f0     guideXOS.obj
 0001:000000f8       __GetNonGCStaticBase_guideXOS_guideXOS_Kernel_Drivers_Timer 00000000100010f8     guideXOS.obj
 0001:00000100       __GetNonGCStaticBase_guideXOS_guideXOS_Kernel_Drivers_VMwareTools 0000000010001100     guideXOS.obj
 0001:00000108       __GetNonGCStaticBase_guideXOS_guideXOS_Kernel_Drivers_USBStorage 0000000010001108     guideXOS.obj
 0001:00000125       __GetNonGCStaticBase_guideXOS_guideXOS_OS_Firewall 0000000010001125     guideXOS.obj
 0001:00000142       __GetNonGCStaticBase_guideXOS_guideXOS_GUI_Busy 0000000010001142     guideXOS.obj
 0001:0000014a       __GetNonGCStaticBase_guideXOS_guideXOS_GUI_Desktop 000000001000114a     guideXOS.obj
 0001:00000152       __GetNonGCStaticBase_guideXOS_guideXOS_GUI_UISettings 0000000010001152     guideXOS.obj
 0001:0000015a       __GetNonGCStaticBase_guideXOS_guideXOS_GUI_WindowManager 000000001000115a     guideXOS.obj
 0001:00000162       __GetNonGCStaticBase_guideXOS_guideXOS_DefaultApps_Anomalocaris 0000000010001162     guideXOS.obj
 0001:0000016a       __GetNonGCStaticBase_guideXOS_guideXOS_DefaultApps_nexIRC 000000001000116a     guideXOS.obj
 0001:00000172       __GetNonGCStaticBase_guideXOS_guideXOS_DefaultApps_WAVPlayer 0000000010001172     guideXOS.obj
 0001:0000017a       __GetGCStaticBase_guideXOS_Program 000000001000117a     guideXOS.obj
 0001:00000185       __GetGCStaticBase_guideXOS_IDT 0000000010001185     guideXOS.obj
 0001:00000190       __GetGCStaticBase_guideXOS_System_DateTime 0000000010001190     guideXOS.obj
 0001:0000019b       __GetGCStaticBase_guideXOS_guideXOS_Animator 000000001000119b     guideXOS.obj
 0001:000001a6       __GetGCStaticBase_guideXOS_guideXOS_ASC16 00000000100011a6     guideXOS.obj
 0001:000001b1       __GetGCStaticBase_guideXOS_guideXOS_Console 00000000100011b1     guideXOS.obj
 0001:000001bc       __GetGCStaticBase_guideXOS_guideXOS_NETv4 00000000100011bc     guideXOS.obj
 0001:000001c7       __GetGCStaticBase_guideXOS_guideXOS_Misc_BitFont 00000000100011c7     guideXOS.obj
 0001:000001d2       __GetGCStaticBase_guideXOS_guideXOS_Misc_BootSplash 00000000100011d2     guideXOS.obj
 0001:000001dd       __GetGCStaticBase_guideXOS_guideXOS_Misc_Interrupts 00000000100011dd     guideXOS.obj
 0001:000001e8       __GetGCStaticBase_guideXOS_guideXOS_Misc_ThreadPool 00000000100011e8     guideXOS.obj
 0001:000001f3       __GetGCStaticBase_guideXOS_guideXOS_FS_Disk 00000000100011f3     guideXOS.obj
 0001:000001fe       __GetGCStaticBase_guideXOS_guideXOS_FS_File 00000000100011fe     guideXOS.obj
 0001:00000209       __GetGCStaticBase_guideXOS_guideXOS_Kernel_Drivers_AC97 0000000010001209     guideXOS.obj
 0001:00000214       __GetGCStaticBase_guideXOS_guideXOS_Kernel_Drivers_ACPI 0000000010001214     guideXOS.obj
 0001:0000021f       __GetGCStaticBase_guideXOS_guideXOS_Kernel_Drivers_DisplayManager 000000001000121f     guideXOS.obj
 0001:0000022a       __GetGCStaticBase_guideXOS_guideXOS_Kernel_Drivers_Framebuffer 000000001000122a     guideXOS.obj
 0001:00000235       __GetGCStaticBase_guideXOS_guideXOS_Kernel_Drivers_HID 0000000010001235     guideXOS.obj
 0001:00000240       __GetGCStaticBase_guideXOS_guideXOS_Kernel_Drivers_IDE 0000000010001240     guideXOS.obj
 0001:0000024b       __GetGCStaticBase_guideXOS_guideXOS_Kernel_Drivers_Keyboard 000000001000124b     guideXOS.obj
 0001:00000256       __GetGCStaticBase_guideXOS_guideXOS_Kernel_Drivers_PCI 0000000010001256     guideXOS.obj
 0001:00000261       __GetGCStaticBase_guideXOS_guideXOS_Kernel_Drivers_PS2Keyboard 0000000010001261     guideXOS.obj
 0001:0000026c       __GetGCStaticBase_guideXOS_guideXOS_Kernel_Drivers_PS2Mouse 000000001000126c     guideXOS.obj
 0001:00000277       __GetGCStaticBase_guideXOS_guideXOS_Kernel_Drivers_SATA 0000000010001277     guideXOS.obj
 0001:00000282       __GetGCStaticBase_guideXOS_guideXOS_Kernel_Drivers_USBStorage 0000000010001282     guideXOS.obj
 0001:000002a2       __GetGCStaticBase_guideXOS_guideXOS_OS_Firewall 00000000100012a2     guideXOS.obj
 0001:000002c2       __GetGCStaticBase_guideXOS_guideXOS_OS_Session 00000000100012c2     guideXOS.obj
 0001:000002cd       __GetGCStaticBase_guideXOS_guideXOS_GUI_Desktop 00000000100012cd     guideXOS.obj
 0001:000002d8       __GetGCStaticBase_guideXOS_guideXOS_GUI_Icons 00000000100012d8     guideXOS.obj
 0001:000002f8       __GetGCStaticBase_guideXOS_guideXOS_GUI_Lockscreen 00000000100012f8     guideXOS.obj
 0001:00000303       __GetGCStaticBase_guideXOS_guideXOS_GUI_NotificationManager 0000000010001303     guideXOS.obj
 0001:0000030e       __GetGCStaticBase_guideXOS_guideXOS_GUI_RecentManager 000000001000130e     guideXOS.obj
 0001:0000032e       __GetGCStaticBase_guideXOS_guideXOS_GUI_WindowManager 000000001000132e     guideXOS.obj
 0001:00000339       __GetGCStaticBase_guideXOS_guideXOS_DefaultApps_Clock 0000000010001339     guideXOS.obj
 0001:00000344       __GetGCStaticBase_guideXOS_guideXOS_DefaultApps_WAVPlayer 0000000010001344     guideXOS.obj
 0001:0000034f       __GetGCStaticBase_guideXOS_guideXOS_GUI_SaveDialog___O 000000001000134f     guideXOS.obj
 0001:0000035a       __GetGCStaticBase_guideXOS_guideXOS_DefaultApps_DisplayOptions___c 000000001000135a     guideXOS.obj
 0001:00000365       __GetGCStaticBase_guideXOS_System_Array_EmptyArray_1<String> 0000000010001365     guideXOS.obj
 0001:00000385       __DelegateCtor_guideXOS_System_Delegate__InitializeClosedInstance__guideXOS_guideXOS_GUI_OpenDialog__Keyboard_OnKeyChanged 0000000010001385     guideXOS.obj
 0001:00000391       __DelegateCtor_guideXOS_System_Delegate__InitializeClosedInstance__guideXOS_guideXOS_GUI_SaveDialog__Keyboard_OnKeyChanged 0000000010001391     guideXOS.obj
 0001:0000039d       __DelegateCtor_guideXOS_System_Delegate__InitializeClosedInstance__guideXOS_guideXOS_DefaultApps_Anomalocaris__OnKey 000000001000139d     guideXOS.obj
 0001:000003a9       __DelegateCtor_guideXOS_System_Delegate__InitializeClosedInstance__guideXOS_guideXOS_DefaultApps_ComputerFiles__Keyboard_OnKeyChanged 00000000100013a9     guideXOS.obj
 0001:000003b5       __DelegateCtor_guideXOS_System_Delegate__InitializeClosedInstance__guideXOS_guideXOS_DefaultApps_FConsole__Keyboard_OnKeyChanged 00000000100013b5     guideXOS.obj
 0001:000003c1       __DelegateCtor_guideXOS_System_Delegate__InitializeClosedInstance__guideXOS_guideXOS_DefaultApps_FConsole__Console_OnWrite 00000000100013c1     guideXOS.obj
 0001:000003cd       __DelegateCtor_guideXOS_System_Delegate__InitializeClosedInstance__guideXOS_guideXOS_DefaultApps_nexIRC__Keyboard_OnKeyChanged 00000000100013cd     guideXOS.obj
 0001:000003d9       __DelegateCtor_guideXOS_System_Delegate__InitializeClosedInstance__guideXOS_guideXOS_DefaultApps_Notepad__Keyboard_OnKeyChanged 00000000100013d9     guideXOS.obj
 0001:000003e5       __DelegateCtor_guideXOS_System_Delegate__InitializeClosedInstance__guideXOS_guideXOS_DefaultApps_Notepad___OnSetVisible_b__19_0 00000000100013e5     guideXOS.obj
 0001:000003f1       __DelegateCtor_guideXOS_System_Delegate__InitializeClosedInstance__guideXOS_guideXOS_DefaultApps_Notepad___OnSetVisible_b__19_3 00000000100013f1     guideXOS.obj
 0001:000003fd       __DelegateCtor_guideXOS_System_Delegate__InitializeClosedInstance__guideXOS_guideXOS_DefaultApps_Notepad___OnSetVisible_b__19_1 00000000100013fd     guideXOS.obj
 0001:00000409       __DelegateCtor_guideXOS_System_Delegate__InitializeClosedInstance__guideXOS_guideXOS_DefaultApps_Notepad___OnSetVisible_b__19_2 0000000010001409     guideXOS.obj
 0001:00000415       __DelegateCtor_guideXOS_System_Delegate__InitializeClosedInstance__guideXOS_guideXOS_FS_FAT___c__DisplayClass46_0___FindPath_b__0 0000000010001415     guideXOS.obj
 0001:00000421       __DelegateCtor_guideXOS_System_Delegate__InitializeClosedInstance__guideXOS_guideXOS_FS_FAT___c__DisplayClass46_1___FindPath_b__1 0000000010001421     guideXOS.obj
 0001:0000042d       __DelegateCtor_guideXOS_System_Delegate__InitializeClosedInstance__guideXOS_guideXOS_FS_FAT___c__DisplayClass56_0___GetFiles_b__0 000000001000142d     guideXOS.obj
 0001:00000439       __DelegateCtor_guideXOS_System_Delegate__InitializeClosedInstance__guideXOS_guideXOS_DefaultApps_DisplayOptions___c___OnInput_b__17_0 0000000010001439     guideXOS.obj
 0001:00000445       __DelegateCtor_guideXOS_System_Delegate__InitializeClosedInstance__guideXOS_guideXOS_DefaultApps_DisplayOptions___c___OnInput_b__17_1 0000000010001445     guideXOS.obj
 0001:00000451       __DelegateCtor_guideXOS_System_Delegate__InitializeClosedInstance__guideXOS_guideXOS_DefaultApps_Notepad___c__DisplayClass24_0___OpenSaveAs_b__0 0000000010001451     guideXOS.obj
 0001:0000045d       __DelegateCtor_guideXOS_System_Delegate__InitializeOpenStaticThunk__guideXOS_guideXOS_GUI_Icons__DocumentIcon__guideXOS_System_Func_2<Int32__System___Canon>__InvokeOpenStaticThunk 000000001000145d     guideXOS.obj
 0001:00000470       __GenericLookupFromType_guideXOS_System_Array_EmptyArray_1<System___Canon>_GCStaticBase_guideXOS_System_Array_EmptyArray_1<T_System___Canon> 0000000010001470     guideXOS.obj
 0001:000004a0       CPUID                      00000000100014a0 f   NativeLib:native.obj
 0001:000004f0       Cli                        00000000100014f0 f   NativeLib:native.obj
 0001:00000520       Fxrstor64                  0000000010001520 f   NativeLib:native.obj
 0001:00000550       Fxsave64                   0000000010001550 f   NativeLib:native.obj
 0001:00000580       Hlt                        0000000010001580 f   NativeLib:native.obj
 0001:000005b0       Invlpg                     00000000100015b0 f   NativeLib:native.obj
 0001:000005e0       Nop                        00000000100015e0 f   NativeLib:native.obj
 0001:00000600       Rdmsr                      0000000010001600 f   NativeLib:native.obj
 0001:00000630       Rdtsc                      0000000010001630 f   NativeLib:native.obj
 0001:00000660       ReadCR2                    0000000010001660 f   NativeLib:native.obj
 0001:00000680       Sti                        0000000010001680 f   NativeLib:native.obj
 0001:000006b0       WriteCR3                   00000000100016b0 f   NativeLib:native.obj
 0001:000006e0       Wrmsr                      00000000100016e0 f   NativeLib:native.obj
 0001:00000720       __JustMyCode_Default       0000000010001720 f i NativeLib:native.obj
 0001:00000730       Movsb                      0000000010001730 f   NativeLib:mem.obj
 0001:00000770       Movsd                      0000000010001770 f   NativeLib:mem.obj
 0001:000007b0       Stosb                      00000000100017b0 f   NativeLib:mem.obj
 0001:00000800       Stosd                      0000000010001800 f   NativeLib:mem.obj
 0001:00000850       avx_memcpy                 0000000010001850 f   NativeLib:mem.obj
 0001:00000950       Load_GDT                   0000000010001950 f   NativeLib:interrupts.obj
 0001:00000980       idt_set                    0000000010001980 f   NativeLib:interrupts.obj
 0001:00000a60       set_idt_entries            0000000010001a60 f   NativeLib:interrupts.obj
 0001:00002980       intr0                      0000000010003980 f   NativeLib:interrupts_asm.obj
 0001:000029c2       intr1                      00000000100039c2 f   NativeLib:interrupts_asm.obj
 0001:00002a04       intr2                      0000000010003a04 f   NativeLib:interrupts_asm.obj
 0001:00002a46       intr3                      0000000010003a46 f   NativeLib:interrupts_asm.obj
 0001:00002a88       intr4                      0000000010003a88 f   NativeLib:interrupts_asm.obj
 0001:00002aca       intr5                      0000000010003aca f   NativeLib:interrupts_asm.obj
 0001:00002b0c       intr6                      0000000010003b0c f   NativeLib:interrupts_asm.obj
 0001:00002b4e       intr7                      0000000010003b4e f   NativeLib:interrupts_asm.obj
 0001:00002b90       intr8                      0000000010003b90 f   NativeLib:interrupts_asm.obj
 0001:00002bd2       intr9                      0000000010003bd2 f   NativeLib:interrupts_asm.obj
 0001:00002c14       intr10                     0000000010003c14 f   NativeLib:interrupts_asm.obj
 0001:00002c56       intr11                     0000000010003c56 f   NativeLib:interrupts_asm.obj
 0001:00002c98       intr12                     0000000010003c98 f   NativeLib:interrupts_asm.obj
 0001:00002cda       intr13                     0000000010003cda f   NativeLib:interrupts_asm.obj
 0001:00002d1c       intr14                     0000000010003d1c f   NativeLib:interrupts_asm.obj
 0001:00002d5e       intr15                     0000000010003d5e f   NativeLib:interrupts_asm.obj
 0001:00002da0       intr16                     0000000010003da0 f   NativeLib:interrupts_asm.obj
 0001:00002de2       intr17                     0000000010003de2 f   NativeLib:interrupts_asm.obj
 0001:00002e24       intr18                     0000000010003e24 f   NativeLib:interrupts_asm.obj
 0001:00002e66       intr19                     0000000010003e66 f   NativeLib:interrupts_asm.obj
 0001:00002ea8       intr20                     0000000010003ea8 f   NativeLib:interrupts_asm.obj
 0001:00002eea       intr21                     0000000010003eea f   NativeLib:interrupts_asm.obj
 0001:00002f2c       intr22                     0000000010003f2c f   NativeLib:interrupts_asm.obj
 0001:00002f6e       intr23                     0000000010003f6e f   NativeLib:interrupts_asm.obj
 0001:00002fb0       intr24                     0000000010003fb0 f   NativeLib:interrupts_asm.obj
 0001:00002ff2       intr25                     0000000010003ff2 f   NativeLib:interrupts_asm.obj
 0001:00003034       intr26                     0000000010004034 f   NativeLib:interrupts_asm.obj
 0001:00003076       intr27                     0000000010004076 f   NativeLib:interrupts_asm.obj
 0001:000030b8       intr28                     00000000100040b8 f   NativeLib:interrupts_asm.obj
 0001:000030fa       intr29                     00000000100040fa f   NativeLib:interrupts_asm.obj
 0001:0000313c       intr30                     000000001000413c f   NativeLib:interrupts_asm.obj
 0001:0000317e       intr31                     000000001000417e f   NativeLib:interrupts_asm.obj
 0001:000031c0       intr32                     00000000100041c0 f   NativeLib:interrupts_asm.obj
 0001:00003202       intr33                     0000000010004202 f   NativeLib:interrupts_asm.obj
 0001:00003244       intr34                     0000000010004244 f   NativeLib:interrupts_asm.obj
 0001:00003286       intr35                     0000000010004286 f   NativeLib:interrupts_asm.obj
 0001:000032c8       intr36                     00000000100042c8 f   NativeLib:interrupts_asm.obj
 0001:0000330a       intr37                     000000001000430a f   NativeLib:interrupts_asm.obj
 0001:0000334c       intr38                     000000001000434c f   NativeLib:interrupts_asm.obj
 0001:0000338e       intr39                     000000001000438e f   NativeLib:interrupts_asm.obj
 0001:000033d0       intr40                     00000000100043d0 f   NativeLib:interrupts_asm.obj
 0001:00003412       intr41                     0000000010004412 f   NativeLib:interrupts_asm.obj
 0001:00003454       intr42                     0000000010004454 f   NativeLib:interrupts_asm.obj
 0001:00003496       intr43                     0000000010004496 f   NativeLib:interrupts_asm.obj
 0001:000034d8       intr44                     00000000100044d8 f   NativeLib:interrupts_asm.obj
 0001:0000351a       intr45                     000000001000451a f   NativeLib:interrupts_asm.obj
 0001:0000355c       intr46                     000000001000455c f   NativeLib:interrupts_asm.obj
 0001:0000359e       intr47                     000000001000459e f   NativeLib:interrupts_asm.obj
 0001:000035e0       intr48                     00000000100045e0 f   NativeLib:interrupts_asm.obj
 0001:00003622       intr49                     0000000010004622 f   NativeLib:interrupts_asm.obj
 0001:00003664       intr50                     0000000010004664 f   NativeLib:interrupts_asm.obj
 0001:000036a6       intr51                     00000000100046a6 f   NativeLib:interrupts_asm.obj
 0001:000036e8       intr52                     00000000100046e8 f   NativeLib:interrupts_asm.obj
 0001:0000372a       intr53                     000000001000472a f   NativeLib:interrupts_asm.obj
 0001:0000376c       intr54                     000000001000476c f   NativeLib:interrupts_asm.obj
 0001:000037ae       intr55                     00000000100047ae f   NativeLib:interrupts_asm.obj
 0001:000037f0       intr56                     00000000100047f0 f   NativeLib:interrupts_asm.obj
 0001:00003832       intr57                     0000000010004832 f   NativeLib:interrupts_asm.obj
 0001:00003874       intr58                     0000000010004874 f   NativeLib:interrupts_asm.obj
 0001:000038b6       intr59                     00000000100048b6 f   NativeLib:interrupts_asm.obj
 0001:000038f8       intr60                     00000000100048f8 f   NativeLib:interrupts_asm.obj
 0001:0000393a       intr61                     000000001000493a f   NativeLib:interrupts_asm.obj
 0001:0000397c       intr62                     000000001000497c f   NativeLib:interrupts_asm.obj
 0001:000039be       intr63                     00000000100049be f   NativeLib:interrupts_asm.obj
 0001:00003a00       intr64                     0000000010004a00 f   NativeLib:interrupts_asm.obj
 0001:00003a42       intr65                     0000000010004a42 f   NativeLib:interrupts_asm.obj
 0001:00003a84       intr66                     0000000010004a84 f   NativeLib:interrupts_asm.obj
 0001:00003ac6       intr67                     0000000010004ac6 f   NativeLib:interrupts_asm.obj
 0001:00003b08       intr68                     0000000010004b08 f   NativeLib:interrupts_asm.obj
 0001:00003b4a       intr69                     0000000010004b4a f   NativeLib:interrupts_asm.obj
 0001:00003b8c       intr70                     0000000010004b8c f   NativeLib:interrupts_asm.obj
 0001:00003bce       intr71                     0000000010004bce f   NativeLib:interrupts_asm.obj
 0001:00003c10       intr72                     0000000010004c10 f   NativeLib:interrupts_asm.obj
 0001:00003c52       intr73                     0000000010004c52 f   NativeLib:interrupts_asm.obj
 0001:00003c94       intr74                     0000000010004c94 f   NativeLib:interrupts_asm.obj
 0001:00003cd6       intr75                     0000000010004cd6 f   NativeLib:interrupts_asm.obj
 0001:00003d18       intr76                     0000000010004d18 f   NativeLib:interrupts_asm.obj
 0001:00003d5a       intr77                     0000000010004d5a f   NativeLib:interrupts_asm.obj
 0001:00003d9c       intr78                     0000000010004d9c f   NativeLib:interrupts_asm.obj
 0001:00003dde       intr79                     0000000010004dde f   NativeLib:interrupts_asm.obj
 0001:00003e20       intr80                     0000000010004e20 f   NativeLib:interrupts_asm.obj
 0001:00003e62       intr81                     0000000010004e62 f   NativeLib:interrupts_asm.obj
 0001:00003ea4       intr82                     0000000010004ea4 f   NativeLib:interrupts_asm.obj
 0001:00003ee6       intr83                     0000000010004ee6 f   NativeLib:interrupts_asm.obj
 0001:00003f28       intr84                     0000000010004f28 f   NativeLib:interrupts_asm.obj
 0001:00003f6a       intr85                     0000000010004f6a f   NativeLib:interrupts_asm.obj
 0001:00003fac       intr86                     0000000010004fac f   NativeLib:interrupts_asm.obj
 0001:00003fee       intr87                     0000000010004fee f   NativeLib:interrupts_asm.obj
 0001:00004030       intr88                     0000000010005030 f   NativeLib:interrupts_asm.obj
 0001:00004072       intr89                     0000000010005072 f   NativeLib:interrupts_asm.obj
 0001:000040b4       intr90                     00000000100050b4 f   NativeLib:interrupts_asm.obj
 0001:000040f6       intr91                     00000000100050f6 f   NativeLib:interrupts_asm.obj
 0001:00004138       intr92                     0000000010005138 f   NativeLib:interrupts_asm.obj
 0001:0000417a       intr93                     000000001000517a f   NativeLib:interrupts_asm.obj
 0001:000041bc       intr94                     00000000100051bc f   NativeLib:interrupts_asm.obj
 0001:000041fe       intr95                     00000000100051fe f   NativeLib:interrupts_asm.obj
 0001:00004240       intr96                     0000000010005240 f   NativeLib:interrupts_asm.obj
 0001:00004282       intr97                     0000000010005282 f   NativeLib:interrupts_asm.obj
 0001:000042c4       intr98                     00000000100052c4 f   NativeLib:interrupts_asm.obj
 0001:00004306       intr99                     0000000010005306 f   NativeLib:interrupts_asm.obj
 0001:00004348       intr100                    0000000010005348 f   NativeLib:interrupts_asm.obj
 0001:0000438a       intr101                    000000001000538a f   NativeLib:interrupts_asm.obj
 0001:000043cc       intr102                    00000000100053cc f   NativeLib:interrupts_asm.obj
 0001:0000440e       intr103                    000000001000540e f   NativeLib:interrupts_asm.obj
 0001:00004450       intr104                    0000000010005450 f   NativeLib:interrupts_asm.obj
 0001:00004492       intr105                    0000000010005492 f   NativeLib:interrupts_asm.obj
 0001:000044d4       intr106                    00000000100054d4 f   NativeLib:interrupts_asm.obj
 0001:00004516       intr107                    0000000010005516 f   NativeLib:interrupts_asm.obj
 0001:00004558       intr108                    0000000010005558 f   NativeLib:interrupts_asm.obj
 0001:0000459a       intr109                    000000001000559a f   NativeLib:interrupts_asm.obj
 0001:000045dc       intr110                    00000000100055dc f   NativeLib:interrupts_asm.obj
 0001:0000461e       intr111                    000000001000561e f   NativeLib:interrupts_asm.obj
 0001:00004660       intr112                    0000000010005660 f   NativeLib:interrupts_asm.obj
 0001:000046a2       intr113                    00000000100056a2 f   NativeLib:interrupts_asm.obj
 0001:000046e4       intr114                    00000000100056e4 f   NativeLib:interrupts_asm.obj
 0001:00004726       intr115                    0000000010005726 f   NativeLib:interrupts_asm.obj
 0001:00004768       intr116                    0000000010005768 f   NativeLib:interrupts_asm.obj
 0001:000047aa       intr117                    00000000100057aa f   NativeLib:interrupts_asm.obj
 0001:000047ec       intr118                    00000000100057ec f   NativeLib:interrupts_asm.obj
 0001:0000482e       intr119                    000000001000582e f   NativeLib:interrupts_asm.obj
 0001:00004870       intr120                    0000000010005870 f   NativeLib:interrupts_asm.obj
 0001:000048b2       intr121                    00000000100058b2 f   NativeLib:interrupts_asm.obj
 0001:000048f4       intr122                    00000000100058f4 f   NativeLib:interrupts_asm.obj
 0001:00004936       intr123                    0000000010005936 f   NativeLib:interrupts_asm.obj
 0001:00004978       intr124                    0000000010005978 f   NativeLib:interrupts_asm.obj
 0001:000049ba       intr125                    00000000100059ba f   NativeLib:interrupts_asm.obj
 0001:000049fc       intr126                    00000000100059fc f   NativeLib:interrupts_asm.obj
 0001:00004a3e       intr127                    0000000010005a3e f   NativeLib:interrupts_asm.obj
 0001:00004a80       intr128                    0000000010005a80 f   NativeLib:interrupts_asm.obj
 0001:00004ac2       intr129                    0000000010005ac2 f   NativeLib:interrupts_asm.obj
 0001:00004b04       intr130                    0000000010005b04 f   NativeLib:interrupts_asm.obj
 0001:00004b46       intr131                    0000000010005b46 f   NativeLib:interrupts_asm.obj
 0001:00004b88       intr132                    0000000010005b88 f   NativeLib:interrupts_asm.obj
 0001:00004bca       intr133                    0000000010005bca f   NativeLib:interrupts_asm.obj
 0001:00004c0c       intr134                    0000000010005c0c f   NativeLib:interrupts_asm.obj
 0001:00004c4e       intr135                    0000000010005c4e f   NativeLib:interrupts_asm.obj
 0001:00004c90       intr136                    0000000010005c90 f   NativeLib:interrupts_asm.obj
 0001:00004cd2       intr137                    0000000010005cd2 f   NativeLib:interrupts_asm.obj
 0001:00004d14       intr138                    0000000010005d14 f   NativeLib:interrupts_asm.obj
 0001:00004d56       intr139                    0000000010005d56 f   NativeLib:interrupts_asm.obj
 0001:00004d98       intr140                    0000000010005d98 f   NativeLib:interrupts_asm.obj
 0001:00004dda       intr141                    0000000010005dda f   NativeLib:interrupts_asm.obj
 0001:00004e1c       intr142                    0000000010005e1c f   NativeLib:interrupts_asm.obj
 0001:00004e5e       intr143                    0000000010005e5e f   NativeLib:interrupts_asm.obj
 0001:00004ea0       intr144                    0000000010005ea0 f   NativeLib:interrupts_asm.obj
 0001:00004ee2       intr145                    0000000010005ee2 f   NativeLib:interrupts_asm.obj
 0001:00004f24       intr146                    0000000010005f24 f   NativeLib:interrupts_asm.obj
 0001:00004f66       intr147                    0000000010005f66 f   NativeLib:interrupts_asm.obj
 0001:00004fa8       intr148                    0000000010005fa8 f   NativeLib:interrupts_asm.obj
 0001:00004fea       intr149                    0000000010005fea f   NativeLib:interrupts_asm.obj
 0001:0000502c       intr150                    000000001000602c f   NativeLib:interrupts_asm.obj
 0001:0000506e       intr151                    000000001000606e f   NativeLib:interrupts_asm.obj
 0001:000050b0       intr152                    00000000100060b0 f   NativeLib:interrupts_asm.obj
 0001:000050f2       intr153                    00000000100060f2 f   NativeLib:interrupts_asm.obj
 0001:00005134       intr154                    0000000010006134 f   NativeLib:interrupts_asm.obj
 0001:00005176       intr155                    0000000010006176 f   NativeLib:interrupts_asm.obj
 0001:000051b8       intr156                    00000000100061b8 f   NativeLib:interrupts_asm.obj
 0001:000051fa       intr157                    00000000100061fa f   NativeLib:interrupts_asm.obj
 0001:0000523c       intr158                    000000001000623c f   NativeLib:interrupts_asm.obj
 0001:0000527e       intr159                    000000001000627e f   NativeLib:interrupts_asm.obj
 0001:000052c0       intr160                    00000000100062c0 f   NativeLib:interrupts_asm.obj
 0001:00005302       intr161                    0000000010006302 f   NativeLib:interrupts_asm.obj
 0001:00005344       intr162                    0000000010006344 f   NativeLib:interrupts_asm.obj
 0001:00005386       intr163                    0000000010006386 f   NativeLib:interrupts_asm.obj
 0001:000053c8       intr164                    00000000100063c8 f   NativeLib:interrupts_asm.obj
 0001:0000540a       intr165                    000000001000640a f   NativeLib:interrupts_asm.obj
 0001:0000544c       intr166                    000000001000644c f   NativeLib:interrupts_asm.obj
 0001:0000548e       intr167                    000000001000648e f   NativeLib:interrupts_asm.obj
 0001:000054d0       intr168                    00000000100064d0 f   NativeLib:interrupts_asm.obj
 0001:00005512       intr169                    0000000010006512 f   NativeLib:interrupts_asm.obj
 0001:00005554       intr170                    0000000010006554 f   NativeLib:interrupts_asm.obj
 0001:00005596       intr171                    0000000010006596 f   NativeLib:interrupts_asm.obj
 0001:000055d8       intr172                    00000000100065d8 f   NativeLib:interrupts_asm.obj
 0001:0000561a       intr173                    000000001000661a f   NativeLib:interrupts_asm.obj
 0001:0000565c       intr174                    000000001000665c f   NativeLib:interrupts_asm.obj
 0001:0000569e       intr175                    000000001000669e f   NativeLib:interrupts_asm.obj
 0001:000056e0       intr176                    00000000100066e0 f   NativeLib:interrupts_asm.obj
 0001:00005722       intr177                    0000000010006722 f   NativeLib:interrupts_asm.obj
 0001:00005764       intr178                    0000000010006764 f   NativeLib:interrupts_asm.obj
 0001:000057a6       intr179                    00000000100067a6 f   NativeLib:interrupts_asm.obj
 0001:000057e8       intr180                    00000000100067e8 f   NativeLib:interrupts_asm.obj
 0001:0000582a       intr181                    000000001000682a f   NativeLib:interrupts_asm.obj
 0001:0000586c       intr182                    000000001000686c f   NativeLib:interrupts_asm.obj
 0001:000058ae       intr183                    00000000100068ae f   NativeLib:interrupts_asm.obj
 0001:000058f0       intr184                    00000000100068f0 f   NativeLib:interrupts_asm.obj
 0001:00005932       intr185                    0000000010006932 f   NativeLib:interrupts_asm.obj
 0001:00005974       intr186                    0000000010006974 f   NativeLib:interrupts_asm.obj
 0001:000059b6       intr187                    00000000100069b6 f   NativeLib:interrupts_asm.obj
 0001:000059f8       intr188                    00000000100069f8 f   NativeLib:interrupts_asm.obj
 0001:00005a3a       intr189                    0000000010006a3a f   NativeLib:interrupts_asm.obj
 0001:00005a7c       intr190                    0000000010006a7c f   NativeLib:interrupts_asm.obj
 0001:00005abe       intr191                    0000000010006abe f   NativeLib:interrupts_asm.obj
 0001:00005b00       intr192                    0000000010006b00 f   NativeLib:interrupts_asm.obj
 0001:00005b42       intr193                    0000000010006b42 f   NativeLib:interrupts_asm.obj
 0001:00005b84       intr194                    0000000010006b84 f   NativeLib:interrupts_asm.obj
 0001:00005bc6       intr195                    0000000010006bc6 f   NativeLib:interrupts_asm.obj
 0001:00005c08       intr196                    0000000010006c08 f   NativeLib:interrupts_asm.obj
 0001:00005c4a       intr197                    0000000010006c4a f   NativeLib:interrupts_asm.obj
 0001:00005c8c       intr198                    0000000010006c8c f   NativeLib:interrupts_asm.obj
 0001:00005cce       intr199                    0000000010006cce f   NativeLib:interrupts_asm.obj
 0001:00005d10       intr200                    0000000010006d10 f   NativeLib:interrupts_asm.obj
 0001:00005d52       intr201                    0000000010006d52 f   NativeLib:interrupts_asm.obj
 0001:00005d94       intr202                    0000000010006d94 f   NativeLib:interrupts_asm.obj
 0001:00005dd6       intr203                    0000000010006dd6 f   NativeLib:interrupts_asm.obj
 0001:00005e18       intr204                    0000000010006e18 f   NativeLib:interrupts_asm.obj
 0001:00005e5a       intr205                    0000000010006e5a f   NativeLib:interrupts_asm.obj
 0001:00005e9c       intr206                    0000000010006e9c f   NativeLib:interrupts_asm.obj
 0001:00005ede       intr207                    0000000010006ede f   NativeLib:interrupts_asm.obj
 0001:00005f20       intr208                    0000000010006f20 f   NativeLib:interrupts_asm.obj
 0001:00005f62       intr209                    0000000010006f62 f   NativeLib:interrupts_asm.obj
 0001:00005fa4       intr210                    0000000010006fa4 f   NativeLib:interrupts_asm.obj
 0001:00005fe6       intr211                    0000000010006fe6 f   NativeLib:interrupts_asm.obj
 0001:00006028       intr212                    0000000010007028 f   NativeLib:interrupts_asm.obj
 0001:0000606a       intr213                    000000001000706a f   NativeLib:interrupts_asm.obj
 0001:000060ac       intr214                    00000000100070ac f   NativeLib:interrupts_asm.obj
 0001:000060ee       intr215                    00000000100070ee f   NativeLib:interrupts_asm.obj
 0001:00006130       intr216                    0000000010007130 f   NativeLib:interrupts_asm.obj
 0001:00006172       intr217                    0000000010007172 f   NativeLib:interrupts_asm.obj
 0001:000061b4       intr218                    00000000100071b4 f   NativeLib:interrupts_asm.obj
 0001:000061f6       intr219                    00000000100071f6 f   NativeLib:interrupts_asm.obj
 0001:00006238       intr220                    0000000010007238 f   NativeLib:interrupts_asm.obj
 0001:0000627a       intr221                    000000001000727a f   NativeLib:interrupts_asm.obj
 0001:000062bc       intr222                    00000000100072bc f   NativeLib:interrupts_asm.obj
 0001:000062fe       intr223                    00000000100072fe f   NativeLib:interrupts_asm.obj
 0001:00006340       intr224                    0000000010007340 f   NativeLib:interrupts_asm.obj
 0001:00006382       intr225                    0000000010007382 f   NativeLib:interrupts_asm.obj
 0001:000063c4       intr226                    00000000100073c4 f   NativeLib:interrupts_asm.obj
 0001:00006406       intr227                    0000000010007406 f   NativeLib:interrupts_asm.obj
 0001:00006448       intr228                    0000000010007448 f   NativeLib:interrupts_asm.obj
 0001:0000648a       intr229                    000000001000748a f   NativeLib:interrupts_asm.obj
 0001:000064cc       intr230                    00000000100074cc f   NativeLib:interrupts_asm.obj
 0001:0000650e       intr231                    000000001000750e f   NativeLib:interrupts_asm.obj
 0001:00006550       intr232                    0000000010007550 f   NativeLib:interrupts_asm.obj
 0001:00006592       intr233                    0000000010007592 f   NativeLib:interrupts_asm.obj
 0001:000065d4       intr234                    00000000100075d4 f   NativeLib:interrupts_asm.obj
 0001:00006616       intr235                    0000000010007616 f   NativeLib:interrupts_asm.obj
 0001:00006658       intr236                    0000000010007658 f   NativeLib:interrupts_asm.obj
 0001:0000669a       intr237                    000000001000769a f   NativeLib:interrupts_asm.obj
 0001:000066dc       intr238                    00000000100076dc f   NativeLib:interrupts_asm.obj
 0001:0000671e       intr239                    000000001000771e f   NativeLib:interrupts_asm.obj
 0001:00006760       intr240                    0000000010007760 f   NativeLib:interrupts_asm.obj
 0001:000067a2       intr241                    00000000100077a2 f   NativeLib:interrupts_asm.obj
 0001:000067e4       intr242                    00000000100077e4 f   NativeLib:interrupts_asm.obj
 0001:00006826       intr243                    0000000010007826 f   NativeLib:interrupts_asm.obj
 0001:00006868       intr244                    0000000010007868 f   NativeLib:interrupts_asm.obj
 0001:000068aa       intr245                    00000000100078aa f   NativeLib:interrupts_asm.obj
 0001:000068ec       intr246                    00000000100078ec f   NativeLib:interrupts_asm.obj
 0001:0000692e       intr247                    000000001000792e f   NativeLib:interrupts_asm.obj
 0001:00006970       intr248                    0000000010007970 f   NativeLib:interrupts_asm.obj
 0001:000069b2       intr249                    00000000100079b2 f   NativeLib:interrupts_asm.obj
 0001:000069f4       intr250                    00000000100079f4 f   NativeLib:interrupts_asm.obj
 0001:00006a36       intr251                    0000000010007a36 f   NativeLib:interrupts_asm.obj
 0001:00006a78       intr252                    0000000010007a78 f   NativeLib:interrupts_asm.obj
 0001:00006aba       intr253                    0000000010007aba f   NativeLib:interrupts_asm.obj
 0001:00006afc       intr254                    0000000010007afc f   NativeLib:interrupts_asm.obj
 0001:00006b3e       intr255                    0000000010007b3e f   NativeLib:interrupts_asm.obj
 0001:00006b80       _reload_segreg             0000000010007b80 f   NativeLib:interrupts_asm.obj
 0001:00006ba7       Load_IDT                   0000000010007ba7 f   NativeLib:interrupts_asm.obj
 0001:00006bab       _cli                       0000000010007bab f   NativeLib:interrupts_asm.obj
 0001:00006bad       _sti                       0000000010007bad f   NativeLib:interrupts_asm.obj
 0001:00006baf       _hlt                       0000000010007baf f   NativeLib:interrupts_asm.obj
 0001:00006bb1       _inttest                   0000000010007bb1 f   NativeLib:interrupts_asm.obj
 0001:00006bbb       _iretq                     0000000010007bbb f   NativeLib:interrupts_asm.obj
 0001:00006bd6       _int20h                    0000000010007bd6 f   NativeLib:interrupts_asm.obj
 0001:00006be0       In16                       0000000010007be0 f   NativeLib:io.obj
 0001:00006c10       In32                       0000000010007c10 f   NativeLib:io.obj
 0001:00006c40       In8                        0000000010007c40 f   NativeLib:io.obj
 0001:00006c70       Insb                       0000000010007c70 f   NativeLib:io.obj
 0001:00006cb0       Insd                       0000000010007cb0 f   NativeLib:io.obj
 0001:00006cf0       Insw                       0000000010007cf0 f   NativeLib:io.obj
 0001:00006d30       Out16                      0000000010007d30 f   NativeLib:io.obj
 0001:00006d60       Out32                      0000000010007d60 f   NativeLib:io.obj
 0001:00006d90       Out8                       0000000010007d90 f   NativeLib:io.obj
 0001:00006dc0       Outsb                      0000000010007dc0 f   NativeLib:io.obj
 0001:00006e00       Outsd                      0000000010007e00 f   NativeLib:io.obj
 0001:00006e40       Outsw                      0000000010007e40 f   NativeLib:io.obj
 0001:00006e80       enable_avx                 0000000010007e80 f   NativeLib:misc.obj
 0001:00006e93       enable_sse                 0000000010007e93 f   NativeLib:misc.obj
 0001:00006ea6       Schedule_Next              0000000010007ea6 f   NativeLib:misc.obj
 0001:00012310       lodepng_add_itext          0000000010013310 f   NativeLib:lodepng.obj
 0001:00012550       lodepng_add_text           0000000010013550 f   NativeLib:lodepng.obj
 0001:00012810       lodepng_can_have_alpha     0000000010013810 f   NativeLib:lodepng.obj
 0001:00012870       lodepng_chunk_ancillary    0000000010013870 f   NativeLib:lodepng.obj
 0001:000128c0       lodepng_chunk_append       00000000100138c0 f   NativeLib:lodepng.obj
 0001:000129e0       lodepng_chunk_check_crc    00000000100139e0 f   NativeLib:lodepng.obj
 0001:00012a70       lodepng_chunk_create       0000000010013a70 f   NativeLib:lodepng.obj
 0001:00012ba0       lodepng_chunk_data         0000000010013ba0 f   NativeLib:lodepng.obj
 0001:00012be0       lodepng_chunk_data_const   0000000010013be0 f   NativeLib:lodepng.obj
 0001:00012c20       lodepng_chunk_find         0000000010013c20 f   NativeLib:lodepng.obj
 0001:00012ca0       lodepng_chunk_find_const   0000000010013ca0 f   NativeLib:lodepng.obj
 0001:00012d20       lodepng_chunk_generate_crc 0000000010013d20 f   NativeLib:lodepng.obj
 0001:00012e70       lodepng_chunk_length       0000000010013e70 f   NativeLib:lodepng.obj
 0001:00012eb0       lodepng_chunk_next         0000000010013eb0 f   NativeLib:lodepng.obj
 0001:00013010       lodepng_chunk_next_const   0000000010014010 f   NativeLib:lodepng.obj
 0001:00013170       lodepng_chunk_private      0000000010014170 f   NativeLib:lodepng.obj
 0001:000131c0       lodepng_chunk_safetocopy   00000000100141c0 f   NativeLib:lodepng.obj
 0001:00013210       lodepng_chunk_type         0000000010014210 f   NativeLib:lodepng.obj
 0001:00013280       lodepng_chunk_type_equals  0000000010014280 f   NativeLib:lodepng.obj
 0001:00013370       lodepng_clear_icc          0000000010014370 f   NativeLib:lodepng.obj
 0001:000133e0       lodepng_clear_itext        00000000100143e0 f   NativeLib:lodepng.obj
 0001:00013410       lodepng_clear_text         0000000010014410 f   NativeLib:lodepng.obj
 0001:000134f0       lodepng_color_mode_cleanup 00000000100144f0 f   NativeLib:lodepng.obj
 0001:00013520       lodepng_color_mode_copy    0000000010014520 f   NativeLib:lodepng.obj
 0001:00013700       lodepng_color_mode_init    0000000010014700 f   NativeLib:lodepng.obj
 0001:00013780       lodepng_color_mode_make    0000000010014780 f   NativeLib:lodepng.obj
 0001:00013910       lodepng_color_stats_init   0000000010014910 f   NativeLib:lodepng.obj
 0001:000139c0       lodepng_compress_settings_init 00000000100149c0 f   NativeLib:lodepng.obj
 0001:00013a50       lodepng_compute_color_stats 0000000010014a50 f   NativeLib:lodepng.obj
 0001:00014920       lodepng_convert            0000000010015920 f   NativeLib:lodepng.obj
 0001:00014e60       lodepng_convert_rgb        0000000010015e60 f   NativeLib:lodepng.obj
 0001:000151a0       lodepng_crc32              00000000100161a0 f   NativeLib:lodepng.obj
 0001:00015230       lodepng_decode             0000000010016230 f   NativeLib:lodepng.obj
 0001:00015420       lodepng_decode24           0000000010016420 f   NativeLib:lodepng.obj
 0001:00015490       lodepng_decode32           0000000010016490 f   NativeLib:lodepng.obj
 0001:00015500       lodepng_decode_memory      0000000010016500 f   NativeLib:lodepng.obj
 0001:000155d0       lodepng_decoder_settings_init 00000000100165d0 f   NativeLib:lodepng.obj
 0001:00015660       lodepng_decompress_settings_init 0000000010016660 f   NativeLib:lodepng.obj
 0001:000156d0       lodepng_deflate            00000000100166d0 f   NativeLib:lodepng.obj
 0001:000159e0       lodepng_encode             00000000100169e0 f   NativeLib:lodepng.obj
 0001:000169e0       lodepng_encode24           00000000100179e0 f   NativeLib:lodepng.obj
 0001:00016a40       lodepng_encode32           0000000010017a40 f   NativeLib:lodepng.obj
 0001:00016aa0       lodepng_encode_memory      0000000010017aa0 f   NativeLib:lodepng.obj
 0001:00016b60       lodepng_encoder_settings_init 0000000010017b60 f   NativeLib:lodepng.obj
 0001:00016be0       lodepng_error_text         0000000010017be0 f   NativeLib:lodepng.obj
 0001:000172b0       lodepng_get_bpp            00000000100182b0 f   NativeLib:lodepng.obj
 0001:00017320       lodepng_get_channels       0000000010018320 f   NativeLib:lodepng.obj
 0001:00017350       lodepng_get_raw_size       0000000010018350 f   NativeLib:lodepng.obj
 0001:00017530       lodepng_has_palette_alpha  0000000010018530 f   NativeLib:lodepng.obj
 0001:000175a0       lodepng_huffman_code_lengths 00000000100185a0 f   NativeLib:lodepng.obj
 0001:000179f0       lodepng_inflate            00000000100189f0 f   NativeLib:lodepng.obj
 0001:00017c00       lodepng_info_cleanup       0000000010018c00 f   NativeLib:lodepng.obj
 0001:00017c60       lodepng_info_copy          0000000010018c60 f   NativeLib:lodepng.obj
 0001:00017d90       lodepng_info_init          0000000010018d90 f   NativeLib:lodepng.obj
 0001:00017ea0       lodepng_inspect            0000000010018ea0 f   NativeLib:lodepng.obj
 0001:000182f0       lodepng_inspect_chunk      00000000100192f0 f   NativeLib:lodepng.obj
 0001:00018710       lodepng_is_alpha_type      0000000010019710 f   NativeLib:lodepng.obj
 0001:00018760       lodepng_is_greyscale_type  0000000010019760 f   NativeLib:lodepng.obj
 0001:000187b0       lodepng_is_palette_type    00000000100197b0 f   NativeLib:lodepng.obj
 0001:00018960       lodepng_palette_add        0000000010019960 f   NativeLib:lodepng.obj
 0001:00018a50       lodepng_palette_clear      0000000010019a50 f   NativeLib:lodepng.obj
 0001:00018d70       lodepng_set_icc            0000000010019d70 f   NativeLib:lodepng.obj
 0001:00018de0       lodepng_state_cleanup      0000000010019de0 f   NativeLib:lodepng.obj
 0001:00018e30       lodepng_state_copy         0000000010019e30 f   NativeLib:lodepng.obj
 0001:00018f00       lodepng_state_init         0000000010019f00 f   NativeLib:lodepng.obj
 0001:00018fc0       lodepng_zlib_compress      0000000010019fc0 f   NativeLib:lodepng.obj
 0001:000191b0       lodepng_zlib_decompress    000000001001a1b0 f   NativeLib:lodepng.obj
 0001:0001de60       vmware_send                000000001001ee60 f   NativeLib:vmware.obj
 0001:0001dee4       vmware_send_hb             000000001001eee4 f   NativeLib:vmware.obj
 0001:0001df6a       vmware_get_hb              000000001001ef6a f   NativeLib:vmware.obj
 0001:0001dff0       mystrtoul                  000000001001eff0 f   LibC:strtoul.obj
 0001:00020890       fctprintf                  0000000010021890 f   LibC:printf.obj
 0001:00020910       printf_                    0000000010021910 f   LibC:printf.obj
 0001:00020980       snprintf_                  0000000010021980 f   LibC:printf.obj
 0001:000209e0       sprintf_                   00000000100219e0 f   LibC:printf.obj
 0001:00020a50       vprintf_                   0000000010021a50 f   LibC:printf.obj
 0001:00020aa0       vsnprintf_                 0000000010021aa0 f   LibC:printf.obj
 0001:00020af0       myisspace                  0000000010021af0 f   LibC:isspace.obj
 0001:00020b40       myisdigit                  0000000010021b40 f   LibC:isdigit.obj
 0001:00020b80       myisalpha                  0000000010021b80 f   LibC:isalpha.obj
 0001:00020bc0       myisupper                  0000000010021bc0 f   LibC:isupper.obj
 0002:00000000       unbox_Bool__ToString       0000000010022000     guideXOS.obj
 0002:0000000c       unbox_UInt8__ToString      000000001002200c     guideXOS.obj
 0002:00000018       unbox_Int32__ToString      0000000010022018     guideXOS.obj
 0002:00000024       unbox_UInt16__ToString     0000000010022024     guideXOS.obj
 0002:00000030       unbox_UInt32__ToString     0000000010022030     guideXOS.obj
 0002:0000003c       unbox_UInt64__ToString     000000001002203c     guideXOS.obj
 0003:00000000       KMain                      0000000010023000     guideXOS.obj
 0003:00000000       guideXOS_Program__KMain    0000000010023000     guideXOS.obj
 0003:00000498       guideXOS_Program__SMain    0000000010023498     guideXOS.obj
 0003:000007ec       guideXOS_Allocator__GetPageIndexStart 00000000100237ec     guideXOS.obj
 0003:0000083c       guideXOS_Allocator__Free   000000001002383c     guideXOS.obj
 0003:00000974       guideXOS_Allocator__get_MemoryInUse 0000000010023974     guideXOS.obj
 0003:0000098c       guideXOS_Allocator__Initialize 000000001002398c     guideXOS.obj
 0003:00000a20       guideXOS_Allocator__Allocate 0000000010023a20     guideXOS.obj
 0003:00000cac       guideXOS_Allocator__Reallocate 0000000010023cac     guideXOS.obj
 0003:00000db8       guideXOS_Allocator__ClearAllocate_0 0000000010023db8     guideXOS.obj
 0003:00000e30       guideXOS_GDT__FillEntry    0000000010023e30     guideXOS.obj
 0003:00000e70       guideXOS_GDT__Initialise   0000000010023e70     guideXOS.obj
 0003:00000fb8       guideXOS_GDT__SetKernelStack 0000000010023fb8     guideXOS.obj
 0003:00000fdc       guideXOS_IDT__Initialize   0000000010023fdc     guideXOS.obj
 0003:000010d0       guideXOS_IDT__AllowUserSoftwareInterrupt 00000000100240d0     guideXOS.obj
 0003:00001168       guideXOS_IDT__intr_handler 0000000010024168     guideXOS.obj
 0003:00001168       intr_handler               0000000010024168     guideXOS.obj
 0003:00002f48       guideXOS_Native__Load_GDT  0000000010025f48     guideXOS.obj
 0003:00002f9c       guideXOS_Native__Load_IDT  0000000010025f9c     guideXOS.obj
 0003:00002ff0       guideXOS_Internal_Runtime_EEType__get_IsArray 0000000010025ff0     guideXOS.obj
 0003:00003014       guideXOS_Internal_Runtime_EEType__get_ArrayRank 0000000010026014     guideXOS.obj
 0003:00003034       __imp_GetCurrentThreadId   0000000010026034     guideXOS.obj
 0003:00003034       guideXOS_Internal_Runtime_CompilerHelpers_StartupCodeHelpers____imp_GetCurrentThreadId 0000000010026034     guideXOS.obj
 0003:00003038       __CheckForDebuggerJustMyCode 0000000010026038     guideXOS.obj
 0003:00003038       guideXOS_Internal_Runtime_CompilerHelpers_StartupCodeHelpers____CheckForDebuggerJustMyCode 0000000010026038     guideXOS.obj
 0003:0000303c       __fail_fast                000000001002603c     guideXOS.obj
 0003:0000303c       guideXOS_Internal_Runtime_CompilerHelpers_StartupCodeHelpers__FailFast 000000001002603c     guideXOS.obj
 0003:00003040       guideXOS_Internal_Runtime_CompilerHelpers_StartupCodeHelpers__MemSet 0000000010026040     guideXOS.obj
 0003:00003040       memset                     0000000010026040     guideXOS.obj
 0003:0000305c       guideXOS_Internal_Runtime_CompilerHelpers_StartupCodeHelpers__MemCpy 000000001002605c     guideXOS.obj
 0003:0000305c       memcpy                     000000001002605c     guideXOS.obj
 0003:00003078       RhpFallbackFailFast        0000000010026078     guideXOS.obj
 0003:00003078       guideXOS_Internal_Runtime_CompilerHelpers_StartupCodeHelpers__RhpFallbackFailFast 0000000010026078     guideXOS.obj
 0003:0000307c       RhpReversePInvoke2         000000001002607c     guideXOS.obj
 0003:0000307c       guideXOS_Internal_Runtime_CompilerHelpers_StartupCodeHelpers__RhpReversePInvoke2 000000001002607c     guideXOS.obj
 0003:00003080       RhpReversePInvokeReturn2   0000000010026080     guideXOS.obj
 0003:00003080       guideXOS_Internal_Runtime_CompilerHelpers_StartupCodeHelpers__RhpReversePInvokeReturn2 0000000010026080     guideXOS.obj
 0003:00003084       RhpReversePInvoke          0000000010026084     guideXOS.obj
 0003:00003084       guideXOS_Internal_Runtime_CompilerHelpers_StartupCodeHelpers__RhpReversePInvoke 0000000010026084     guideXOS.obj
 0003:00003088       RhpReversePInvokeReturn    0000000010026088     guideXOS.obj
 0003:00003088       guideXOS_Internal_Runtime_CompilerHelpers_StartupCodeHelpers__RhpReversePInvokeReturn 0000000010026088     guideXOS.obj
 0003:0000308c       RhpPInvoke                 000000001002608c     guideXOS.obj
 0003:0000308c       guideXOS_Internal_Runtime_CompilerHelpers_StartupCodeHelpers__RhpPinvoke 000000001002608c     guideXOS.obj
 0003:00003090       RhpPInvokeReturn           0000000010026090     guideXOS.obj
 0003:00003090       guideXOS_Internal_Runtime_CompilerHelpers_StartupCodeHelpers__RhpPinvokeReturn 0000000010026090     guideXOS.obj
 0003:00003094       RhpNewFast                 0000000010026094     guideXOS.obj
 0003:00003094       guideXOS_Internal_Runtime_CompilerHelpers_StartupCodeHelpers__RhpNewFast 0000000010026094     guideXOS.obj
 0003:00003120       RhpNewArray                0000000010026120     guideXOS.obj
 0003:00003120       guideXOS_Internal_Runtime_CompilerHelpers_StartupCodeHelpers__RhpNewArray 0000000010026120     guideXOS.obj
 0003:000031e4       RhpAssignRef               00000000100261e4     guideXOS.obj
 0003:000031e4       guideXOS_Internal_Runtime_CompilerHelpers_StartupCodeHelpers__RhpAssignRef 00000000100261e4     guideXOS.obj
 0003:000031e8       RhpByRefAssignRef          00000000100261e8     guideXOS.obj
 0003:000031e8       guideXOS_Internal_Runtime_CompilerHelpers_StartupCodeHelpers__RhpByRefAssignRef 00000000100261e8     guideXOS.obj
 0003:000031ec       RhpCheckedAssignRef        00000000100261ec     guideXOS.obj
 0003:000031ec       guideXOS_Internal_Runtime_CompilerHelpers_StartupCodeHelpers__RhpCheckedAssignRef 00000000100261ec     guideXOS.obj
 0003:000031f0       RhpStelemRef               00000000100261f0     guideXOS.obj
 0003:000031f0       guideXOS_Internal_Runtime_CompilerHelpers_StartupCodeHelpers__RhpStelemRef 00000000100261f0     guideXOS.obj
 0003:00003228       RhTypeCast_IsInstanceOfClass 0000000010026228     guideXOS.obj
 0003:00003228       guideXOS_Internal_Runtime_CompilerHelpers_StartupCodeHelpers__RhTypeCast_IsInstanceOfClass 0000000010026228     guideXOS.obj
 0003:00003254       guideXOS_Internal_Runtime_CompilerHelpers_StartupCodeHelpers__InitializeModules 0000000010026254     guideXOS.obj
 0003:00003410       guideXOS_Internal_Runtime_CompilerHelpers_StartupCodeHelpers__InitializeStatics 0000000010026410     guideXOS.obj
 0003:000034f8       guideXOS_Internal_Runtime_CompilerHelpers_SynchronizedMethodHelpers__MonitorEnterStatic 00000000100264f8     guideXOS.obj
 0003:000034fc       guideXOS_Internal_Runtime_CompilerHelpers_SynchronizedMethodHelpers__MonitorExitStatic 00000000100264fc     guideXOS.obj
 0003:00003500       guideXOS_Internal_Runtime_CompilerHelpers_ThrowHelpers__Error 0000000010026500     guideXOS.obj
 0003:000035b0       guideXOS_Internal_Runtime_CompilerHelpers_ThrowHelpers__ThrowOverflowException 00000000100265b0     guideXOS.obj
 0003:000035c8       guideXOS_Internal_Runtime_CompilerHelpers_ThrowHelpers__ThrowIndexOutOfRangeException 00000000100265c8     guideXOS.obj
 0003:000035e0       Bool__ToString             00000000100265e0     guideXOS.obj
 0003:000035f8       UInt8__ToString            00000000100265f8     guideXOS.obj
 0003:00003614       guideXOS_System_Delegate__InitializeOpenStaticThunk 0000000010026614     guideXOS.obj
 0003:00003638       guideXOS_System_Delegate__InitializeClosedInstance 0000000010026638     guideXOS.obj
 0003:00003664       Int32__ToString            0000000010026664     guideXOS.obj
 0003:00003684       Int64__ToString            0000000010026684     guideXOS.obj
 0003:00003774       guideXOS_System_MathF__Floor 0000000010026774     guideXOS.obj
 0003:000037d4       Object___ctor              00000000100267d4     guideXOS.obj
 0003:000037d8       Object__ToString           00000000100267d8     guideXOS.obj
 0003:000037e0       Object__Dispose            00000000100267e0     guideXOS.obj
 0003:00003830       String__FromASCII          0000000010026830     guideXOS.obj
 0003:000038c8       String__Ctor               00000000100268c8     guideXOS.obj
 0003:000038e8       String__Ctor_1             00000000100268e8     guideXOS.obj
 0003:00003934       String__Ctor_2             0000000010026934     guideXOS.obj
 0003:000039f0       String__LastIndexOf        00000000100269f0     guideXOS.obj
 0003:00003a18       String__Ctor_3             0000000010026a18     guideXOS.obj
 0003:00003a5c       String__ToString           0000000010026a5c     guideXOS.obj
 0003:00003a60       String__Equals_0           0000000010026a60     guideXOS.obj
 0003:00003a9c       String__Concat             0000000010026a9c     guideXOS.obj
 0003:00003b88       String__IndexOf            0000000010026b88     guideXOS.obj
 0003:00003bb8       String__Concat_0           0000000010026bb8     guideXOS.obj
 0003:00003c2c       String__Concat_1           0000000010026c2c     guideXOS.obj
 0003:00003cf0       String__Concat_2           0000000010026cf0     guideXOS.obj
 0003:00003dd8       String__Format             0000000010026dd8     guideXOS.obj
 0003:00003fdc       String__Split              0000000010026fdc     guideXOS.obj
 0003:000040f0       String__Substring          00000000100270f0     guideXOS.obj
 0003:00004130       String__Substring_0        0000000010027130     guideXOS.obj
 0003:0000416c       String__EndsWith_0         000000001002716c     guideXOS.obj
 0003:000041ec       String__ToUpper            00000000100271ec     guideXOS.obj
 0003:00004280       UInt16__ToString           0000000010027280     guideXOS.obj
 0003:0000429c       UInt32__ToString           000000001002729c     guideXOS.obj
 0003:000042b8       UInt64__ToString           00000000100272b8     guideXOS.obj
 0003:00004380       UInt64__ToStringHex        0000000010027380     guideXOS.obj
 0003:00004428       guideXOS_System_Threading_Monitor__Unlock 0000000010027428     guideXOS.obj
 0003:0000446c       RhTypeCast_CheckCastClass  000000001002746c     guideXOS.obj
 0003:0000446c       guideXOS_System_Runtime_TypeCast__CheckCastClass 000000001002746c     guideXOS.obj
 0003:00004494       RhTypeCast_CheckCastArray  0000000010027494     guideXOS.obj
 0003:00004494       guideXOS_System_Runtime_TypeCast__CheckCastArray 0000000010027494     guideXOS.obj
 0003:000044bc       RhTypeCast_IsInstanceOfArray 00000000100274bc     guideXOS.obj
 0003:000044bc       guideXOS_System_Runtime_TypeCast__IsInstanceOfArray 00000000100274bc     guideXOS.obj
 0003:00004518       guideXOS_System_Runtime_CompilerServices_ClassConstructorRunner__CheckStaticClassConstructionReturnNonGCStaticBase 0000000010027518     guideXOS.obj
 0003:00004530       guideXOS_System_Runtime_CompilerServices_ClassConstructorRunner__CheckStaticClassConstructionReturnGCStaticBase 0000000010027530     guideXOS.obj
 0003:00004548       guideXOS_System_Runtime_CompilerServices_ClassConstructorRunner__CheckStaticClassConstruction 0000000010027548     guideXOS.obj
 0003:0000457c       guideXOS_System_Drawing_Image___ctor 000000001002757c     guideXOS.obj
 0003:000045b8       guideXOS_System_Drawing_Image___ctor_0 00000000100275b8     guideXOS.obj
 0003:000045bc       guideXOS_System_Drawing_Image__Resample 00000000100275bc     guideXOS.obj
 0003:00004960       guideXOS_System_Drawing_Image__ResizeImage 0000000010027960     guideXOS.obj
 0003:00004ad4       guideXOS_System_Drawing_Image__Dispose 0000000010027ad4     guideXOS.obj
 0003:00004b5c       guideXOS_guideXOS_Animation___ctor 0000000010027b5c     guideXOS.obj
 0003:00004b6c       guideXOS_guideXOS_Animator__Initialize 0000000010027b6c     guideXOS.obj
 0003:00004bc4       guideXOS_guideXOS_Animator__OnInterrupt 0000000010027bc4     guideXOS.obj
 0003:00004c50       guideXOS_guideXOS_API__HandleSystemCall 0000000010027c50     guideXOS.obj
 0003:00004fec       guideXOS_guideXOS_API__API_SndWrite 0000000010027fec     guideXOS.obj
 0003:00004ff4       guideXOS_guideXOS_API__API_Calloc 0000000010027ff4     guideXOS.obj
 0003:00004ffc       guideXOS_guideXOS_API__API_StartThread 0000000010027ffc     guideXOS.obj
 0003:00005038       guideXOS_guideXOS_API__API_Error 0000000010028038     guideXOS.obj
 0003:00005040       guideXOS_guideXOS_API__API_GetTime 0000000010028040     guideXOS.obj
 0003:000050c0       guideXOS_guideXOS_API__API_DrawImage 00000000100280c0     guideXOS.obj
 0003:000050f4       guideXOS_guideXOS_API__API_WriteString 00000000100280f4     guideXOS.obj
 0003:00005154       guideXOS_guideXOS_API__API_Width 0000000010028154     guideXOS.obj
 0003:00005168       guideXOS_guideXOS_API__API_Height 0000000010028168     guideXOS.obj
 0003:0000517c       guideXOS_guideXOS_API__API_Update 000000001002817c     guideXOS.obj
 0003:00005184       guideXOS_guideXOS_API__API_Clear 0000000010028184     guideXOS.obj
 0003:000051a4       DebugWrite                 00000000100281a4     guideXOS.obj
 0003:000051a4       guideXOS_guideXOS_API__API_DebugWrite 00000000100281a4     guideXOS.obj
 0003:000051ac       DebugWriteLine             00000000100281ac     guideXOS.obj
 0003:000051ac       guideXOS_guideXOS_API__API_DebugWriteLine 00000000100281ac     guideXOS.obj
 0003:000051c8       Lock                       00000000100281c8     guideXOS.obj
 0003:000051c8       guideXOS_guideXOS_API__API_Lock 00000000100281c8     guideXOS.obj
 0003:000051f0       Unlock                     00000000100281f0     guideXOS.obj
 0003:000051f0       guideXOS_guideXOS_API__API_Unlock 00000000100281f0     guideXOS.obj
 0003:00005230       guideXOS_guideXOS_API__API_DrawPoint 0000000010028230     guideXOS.obj
 0003:00005264       guideXOS_guideXOS_API__API_SwitchToConsoleMode 0000000010028264     guideXOS.obj
 0003:0000526c       guideXOS_guideXOS_API__API_ReadAllBytes 000000001002826c     guideXOS.obj
 0003:00005374       guideXOS_guideXOS_API__API_Sleep 0000000010028374     guideXOS.obj
 0003:0000537c       guideXOS_guideXOS_API__API_GetTick 000000001002837c     guideXOS.obj
 0003:00005390       guideXOS_guideXOS_API__API_Write 0000000010028390     guideXOS.obj
 0003:0000539c       guideXOS_guideXOS_API__API_WriteLine 000000001002839c     guideXOS.obj
 0003:000053a4       guideXOS_guideXOS_API__API_Allocate 00000000100283a4     guideXOS.obj
 0003:000053ac       guideXOS_guideXOS_API__API_Free 00000000100283ac     guideXOS.obj
 0003:000053b4       guideXOS_guideXOS_API__API_Reallocate 00000000100283b4     guideXOS.obj
 0003:000053bc       guideXOS_guideXOS_API__SayHello 00000000100283bc     guideXOS.obj
 0003:000053c8       guideXOS_guideXOS_Kbd2Mouse__OnKeyChanged 00000000100283c8     guideXOS.obj
 0003:00005554       guideXOS_guideXOS_ASC16__DrawString 0000000010028554     guideXOS.obj
 0003:000055a4       guideXOS_guideXOS_ASC16__DrawChar 00000000100285a4     guideXOS.obj
 0003:00005638       guideXOS_guideXOS_Console__add_OnWrite 0000000010028638     guideXOS.obj
 0003:000056c4       guideXOS_guideXOS_Console__Setup 00000000100286c4     guideXOS.obj
 0003:0000577c       guideXOS_guideXOS_Console__Write 000000001002877c     guideXOS.obj
 0003:00005828       guideXOS_guideXOS_Console__Write_0 0000000010028828     guideXOS.obj
 0003:000058ac       guideXOS_guideXOS_Console__WriteFramebuffer 00000000100288ac     guideXOS.obj
 0003:000059b8       guideXOS_guideXOS_Console__MoveUp 00000000100289b8     guideXOS.obj
 0003:000059ec       guideXOS_guideXOS_Console__MoveUpFramebuffer 00000000100289ec     guideXOS.obj
 0003:00005a98       guideXOS_guideXOS_Console__UpdateCursorFramebuffer 0000000010028a98     guideXOS.obj
 0003:00005b48       guideXOS_guideXOS_Console__WriteLine 0000000010028b48     guideXOS.obj
 0003:00005be4       guideXOS_guideXOS_Console__WriteLine_0 0000000010028be4     guideXOS.obj
 0003:00005c28       guideXOS_guideXOS_Console__Clear 0000000010028c28     guideXOS.obj
 0003:00005c44       guideXOS_guideXOS_Console__ClearFramebuffer 0000000010028c44     guideXOS.obj
 0003:00005d00       guideXOS_guideXOS_PageTable__Initialise 0000000010028d00     guideXOS.obj
 0003:00005dd4       guideXOS_guideXOS_PageTable__GetPageInternal 0000000010028dd4     guideXOS.obj
 0003:00005e90       guideXOS_guideXOS_PageTable__MapOnRoot 0000000010028e90     guideXOS.obj
 0003:00005f20       guideXOS_guideXOS_PageTable__Next_0 0000000010028f20     guideXOS.obj
 0003:00005ff0       guideXOS_guideXOS_Intel825xx__Initialize 0000000010028ff0     guideXOS.obj
 0003:00006688       guideXOS_guideXOS_Intel825xx__Reset 0000000010029688     guideXOS.obj
 0003:000066b8       guideXOS_guideXOS_Intel825xx__TXsetup 00000000100296b8     guideXOS.obj
 0003:00006728       guideXOS_guideXOS_Intel825xx__RXsetup 0000000010029728     guideXOS.obj
 0003:000067c0       guideXOS_guideXOS_Intel825xx__ReadROM 00000000100297c0     guideXOS.obj
 0003:000067f4       guideXOS_guideXOS_Intel825xx__OnInterrupt 00000000100297f4     guideXOS.obj
 0003:00006868       guideXOS_guideXOS_Intel825xx__Linkup 0000000010029868     guideXOS.obj
 0003:000068a0       guideXOS_guideXOS_Intel825xx__Send 00000000100298a0     guideXOS.obj
 0003:00006900       guideXOS_guideXOS_NETv4__Initialize 0000000010029900     guideXOS.obj
 0003:000069e8       guideXOS_guideXOS_NETv4__SwapLeftRight 00000000100299e8     guideXOS.obj
 0003:00006a04       guideXOS_guideXOS_NETv4__SwapLeftRight_0 0000000010029a04     guideXOS.obj
 0003:00006a34       guideXOS_guideXOS_NETv4__SwapLeftRight_1 0000000010029a34     guideXOS.obj
 0003:00006a50       guideXOS_guideXOS_NETv4__SwapLeftRight_2 0000000010029a50     guideXOS.obj
 0003:00006a8c       guideXOS_guideXOS_NETv4__OnData 0000000010029a8c     guideXOS.obj
 0003:00006ae0       guideXOS_guideXOS_NETv4__DNSQuery 0000000010029ae0     guideXOS.obj
 0003:00006fdc       guideXOS_guideXOS_NETv4__DHCPDiscover 0000000010029fdc     guideXOS.obj
 0003:000074fc       guideXOS_guideXOS_NETv4__MakeDHCPRequestPacket 000000001002a4fc     guideXOS.obj
 0003:000075cc       guideXOS_guideXOS_NETv4__UDPBind 000000001002a5cc     guideXOS.obj
 0003:00007628       guideXOS_guideXOS_NETv4__UDPSend 000000001002a628     guideXOS.obj
 0003:0000778c       guideXOS_guideXOS_NETv4__MakeUDPPacket 000000001002a78c     guideXOS.obj
 0003:0000789c       guideXOS_guideXOS_NETv4__UDPOnData 000000001002a89c     guideXOS.obj
 0003:000079ac       guideXOS_guideXOS_NETv4__TCPOnData 000000001002a9ac     guideXOS.obj
 0003:00007fd0       guideXOS_guideXOS_NETv4__TCPConnect 000000001002afd0     guideXOS.obj
 0003:00008070       guideXOS_guideXOS_NETv4__TCPClose 000000001002b070     guideXOS.obj
 0003:000080a8       guideXOS_guideXOS_NETv4__TCPSendData 000000001002b0a8     guideXOS.obj
 0003:00008138       guideXOS_guideXOS_NETv4__TCPSend 000000001002b138     guideXOS.obj
 0003:00008290       guideXOS_guideXOS_NETv4__MakeTCPPacket 000000001002b290     guideXOS.obj
 0003:00008454       guideXOS_guideXOS_NETv4__IPOnData 000000001002b454     guideXOS.obj
 0003:00008588       guideXOS_guideXOS_NETv4__MakeIPPacket 000000001002b588     guideXOS.obj
 0003:000085f0       guideXOS_guideXOS_NETv4__IPChecksum 000000001002b5f0     guideXOS.obj
 0003:00008640       guideXOS_guideXOS_NETv4__ICMPOnData 000000001002b640     guideXOS.obj
 0003:000087b4       guideXOS_guideXOS_NETv4__ICMPPing 000000001002b7b4     guideXOS.obj
 0003:00008920       guideXOS_guideXOS_NETv4__ARPLookup 000000001002b920     guideXOS.obj
 0003:00008aac       guideXOS_guideXOS_NETv4__ARPOnData 000000001002baac     guideXOS.obj
 0003:00008ccc       guideXOS_guideXOS_NETv4__MakeARPPacket 000000001002bccc     guideXOS.obj
 0003:00008d44       guideXOS_guideXOS_NETv4__ARPRequire 000000001002bd44     guideXOS.obj
 0003:00008e48       guideXOS_guideXOS_NETv4__MakeEthernetPacket 000000001002be48     guideXOS.obj
 0003:00008e88       guideXOS_guideXOS_RTL8111__Initialize 000000001002be88     guideXOS.obj
 0003:000094e8       guideXOS_guideXOS_RTL8111__ResetRXDesc 000000001002c4e8     guideXOS.obj
 0003:00009520       guideXOS_guideXOS_RTL8111__Send 000000001002c520     guideXOS.obj
 0003:000095e0       guideXOS_guideXOS_RTL8111__OnInterrupt 000000001002c5e0     guideXOS.obj
 0003:000096b0       guideXOS_guideXOS_SMP__ApplicationProcessorMain 000000001002c6b0     guideXOS.obj
 0003:0000974c       guideXOS_guideXOS_SMP__Initialize 000000001002c74c     guideXOS.obj
 0003:000098dc       guideXOS_guideXOS_Network_Http__NextEphemeralPort 000000001002c8dc     guideXOS.obj
 0003:00009910       guideXOS_guideXOS_Network_Http__PostJson 000000001002c910     guideXOS.obj
 0003:000099a0       guideXOS_guideXOS_Network_Http__BuildPost 000000001002c9a0     guideXOS.obj
 0003:00009b84       guideXOS_guideXOS_Network_Http__Send 000000001002cb84     guideXOS.obj
 0003:0000a108       guideXOS_guideXOS_Network_Http__Resolve 000000001002d108     guideXOS.obj
 0003:0000a200       guideXOS_guideXOS_Network_Http__IsZero 000000001002d200     guideXOS.obj
 0003:0000a220       guideXOS_guideXOS_Network_Http__EqualsIp 000000001002d220     guideXOS.obj
 0003:0000a260       guideXOS_guideXOS_Network_Http__ReceiveAll 000000001002d260     guideXOS.obj
 0003:0000a3a0       guideXOS_guideXOS_Network_Http__IsHttpComplete 000000001002d3a0     guideXOS.obj
 0003:0000a514       guideXOS_guideXOS_Network_Http__HeaderContentLengthBytes 000000001002d514     guideXOS.obj
 0003:0000a5b4       guideXOS_guideXOS_Network_Http__HeaderChunkedBytes 000000001002d5b4     guideXOS.obj
 0003:0000a5fc       guideXOS_guideXOS_Network_Http__ParseHttp 000000001002d5fc     guideXOS.obj
 0003:0000aa30       guideXOS_guideXOS_Network_Http__DecodeChunked 000000001002da30     guideXOS.obj
 0003:0000ab8c       guideXOS_guideXOS_Network_Http__IndexOf 000000001002db8c     guideXOS.obj
 0003:0000abf4       guideXOS_guideXOS_Network_Http__Match 000000001002dbf4     guideXOS.obj
 0003:0000aca8       guideXOS_guideXOS_Network_Http__ToAsciiBytes 000000001002dca8     guideXOS.obj
 0003:0000ad30       guideXOS_guideXOS_Network_Http__BytesToAscii_0 000000001002dd30     guideXOS.obj
 0003:0000ade4       guideXOS_guideXOS_Network_Http__SetHeader 000000001002dde4     guideXOS.obj
 0003:0000aea8       guideXOS_guideXOS_Network_Http__GetHeader 000000001002dea8     guideXOS.obj
 0003:0000af10       guideXOS_guideXOS_Network_Http__EqualsIgnoreCase 000000001002df10     guideXOS.obj
 0003:0000af80       guideXOS_guideXOS_Network_Http__IndexOfIgnoreCase 000000001002df80     guideXOS.obj
 0003:0000b000       guideXOS_guideXOS_Network_Http__IndexOf_0 000000001002e000     guideXOS.obj
 0003:0000b02c       guideXOS_guideXOS_Network_Http__HasPrefix 000000001002e02c     guideXOS.obj
 0003:0000b064       guideXOS_guideXOS_Network_Http__TrimSpaces 000000001002e064     guideXOS.obj
 0003:0000b0c0       guideXOS_guideXOS_Network_Http__ParseInt 000000001002e0c0     guideXOS.obj
 0003:0000b0f4       guideXOS_guideXOS_Network_Http__ParseIntToString 000000001002e0f4     guideXOS.obj
 0003:0000b224       guideXOS_guideXOS_Network_Http__ParseHex 000000001002e224     guideXOS.obj
 0003:0000b27c       guideXOS_guideXOS_Misc_Audio__Initialize 000000001002e27c     guideXOS.obj
 0003:0000b2ac       guideXOS_guideXOS_Misc_Audio__snd_write 000000001002e2ac     guideXOS.obj
 0003:0000b2ac       snd_write                  000000001002e2ac     guideXOS.obj
 0003:0000b394       guideXOS_guideXOS_Misc_Audio__snd_clear 000000001002e394     guideXOS.obj
 0003:0000b394       snd_clear                  000000001002e394     guideXOS.obj
 0003:0000b3a8       guideXOS_guideXOS_Misc_Audio__require 000000001002e3a8     guideXOS.obj
 0003:0000b4a4       guideXOS_guideXOS_Misc_Bitmap___ctor 000000001002e4a4     guideXOS.obj
 0003:0000b6ec       guideXOS_guideXOS_Misc_BootSplash__Initialize 000000001002e6ec     guideXOS.obj
 0003:0000b758       guideXOS_guideXOS_Misc_BootSplash__Tick 000000001002e758     guideXOS.obj
 0003:0000b8fc       guideXOS_guideXOS_Misc_ClassID__GetName 000000001002e8fc     guideXOS.obj
 0003:0000ba64       Entry                      000000001002ea64     guideXOS.obj
 0003:0000ba64       guideXOS_guideXOS_Misc_EntryPoint__Entry 000000001002ea64     guideXOS.obj
 0003:0000be74       guideXOS_guideXOS_Misc_GXMLoader__TryExecute 000000001002ee74     guideXOS.obj
 0003:0000c130       guideXOS_guideXOS_Misc_GXMLoader__ReadU32 000000001002f130     guideXOS.obj
 0003:0000c198       guideXOS_guideXOS_Misc_IFont__DrawChar 000000001002f198     guideXOS.obj
 0003:0000c33c       guideXOS_guideXOS_Misc_IFont__DrawString 000000001002f33c     guideXOS.obj
 0003:0000c3b0       guideXOS_guideXOS_Misc_IFont__MeasureString 000000001002f3b0     guideXOS.obj
 0003:0000c41c       guideXOS_guideXOS_Misc_IFont__DrawString_0 000000001002f41c     guideXOS.obj
 0003:0000c530       guideXOS_guideXOS_Misc_Interrupts__EnableInterrupt_0 000000001002f530     guideXOS.obj
 0003:0000c598       guideXOS_guideXOS_Misc_Interrupts__HandleInterrupt 000000001002f598     guideXOS.obj
 0003:0000c600       guideXOS_guideXOS_Misc_Panic__Error 000000001002f600     guideXOS.obj
 0003:0000c69c       guideXOS_guideXOS_Misc_PNG___ctor 000000001002f69c     guideXOS.obj
 0003:0000c88c       guideXOS_guideXOS_Misc_PNG__lodepng_decode_memory 000000001002f88c     guideXOS.obj
 0003:0000c928       guideXOS_guideXOS_Misc_SchedulerExtensions__EnterUserMode 000000001002f928     guideXOS.obj
 0003:0000c9a0       guideXOS_guideXOS_Misc_Thread__NewThread 000000001002f9a0     guideXOS.obj
 0003:0000ca40       guideXOS_guideXOS_Misc_Thread__Start 000000001002fa40     guideXOS.obj
 0003:0000caf0       guideXOS_guideXOS_Misc_Thread__Start_0 000000001002faf0     guideXOS.obj
 0003:0000cbe0       guideXOS_guideXOS_Misc_ThreadPool__Initialize 000000001002fbe0     guideXOS.obj
 0003:0000cd94       guideXOS_guideXOS_Misc_ThreadPool__Terminate 000000001002fd94     guideXOS.obj
 0003:0000ce24       guideXOS_guideXOS_Misc_ThreadPool__IdleThread 000000001002fe24     guideXOS.obj
 0003:0000ce68       guideXOS_guideXOS_Misc_ThreadPool__get_CanLock 000000001002fe68     guideXOS.obj
 0003:0000ce80       guideXOS_guideXOS_Misc_ThreadPool__Lock 000000001002fe80     guideXOS.obj
 0003:0000ceb8       guideXOS_guideXOS_Misc_ThreadPool__UnLock 000000001002feb8     guideXOS.obj
 0003:0000cecc       guideXOS_guideXOS_Misc_ThreadPool__Schedule 000000001002fecc     guideXOS.obj
 0003:0000d23c       guideXOS_guideXOS_Misc_USBDevice___ctor 000000001003023c     guideXOS.obj
 0003:0000d240       guideXOS_guideXOS_Misc_USBRequest__Clean 0000000010030240     guideXOS.obj
 0003:0000d2b0       guideXOS_guideXOS_Misc_USB__OnInterrupt 00000000100302b0     guideXOS.obj
 0003:0000d3c8       guideXOS_guideXOS_Misc_USB__DriveDevice 00000000100303c8     guideXOS.obj
 0003:0000d3ec       guideXOS_guideXOS_Misc_USB__StartPolling 00000000100303ec     guideXOS.obj
 0003:0000d424       guideXOS_guideXOS_Misc_USB__LoopPoll 0000000010030424     guideXOS.obj
 0003:0000d47c       guideXOS_guideXOS_Misc_UserModeStub__iret_to_user 000000001003047c     guideXOS.obj
 0003:0000d47c       iret_to_user               000000001003047c     guideXOS.obj
 0003:0000d488       guideXOS_guideXOS_Misc_VendorID__GetName 0000000010030488     guideXOS.obj
 0003:000148d8       guideXOS_guideXOS_Misc_WAV__Decode 00000000100378d8     guideXOS.obj
[...]
 0004:00019184       $unwind$lodepng_chunk_createv 000000001007c184     NativeLib:lodepng.obj
 0004:00019190       $unwind$checkColorValidity 000000001007c190     NativeLib:lodepng.obj
 0004:0001919c       $unwind$getNumColorChannels 000000001007c19c     NativeLib:lodepng.obj
 0004:000191a8       $unwind$lodepng_get_bpp_lct 000000001007c1a8     NativeLib:lodepng.obj
 0004:000191b4       $unwind$lodepng_color_mode_alloc_palette 000000001007c1b4     NativeLib:lodepng.obj
 0004:000191c0       $unwind$lodepng_color_mode_equal 000000001007c1c0     NativeLib:lodepng.obj
 0004:000191cc       $unwind$lodepng_get_raw_size_lct 000000001007c1cc     NativeLib:lodepng.obj
 0004:000191d8       $unwind$lodepng_get_raw_size_idat 000000001007c1d8     NativeLib:lodepng.obj
 0004:000191e4       $unwind$lodepng_pixel_overflow 000000001007c1e4     NativeLib:lodepng.obj
 0004:000191f0       $unwind$LodePNGUnknownChunks_init 000000001007c1f0     NativeLib:lodepng.obj
 0004:000191fc       $unwind$LodePNGUnknownChunks_cleanup 000000001007c1fc     NativeLib:lodepng.obj
 0004:00019208       $unwind$LodePNGUnknownChunks_copy 000000001007c208     NativeLib:lodepng.obj
 0004:00019214       $unwind$LodePNGText_init   000000001007c214     NativeLib:lodepng.obj
 0004:00019220       $unwind$LodePNGText_cleanup 000000001007c220     NativeLib:lodepng.obj
 0004:0001922c       $unwind$LodePNGText_copy   000000001007c22c     NativeLib:lodepng.obj
 0004:00019238       $unwind$lodepng_add_text_sized 000000001007c238     NativeLib:lodepng.obj
 0004:00019244       $unwind$LodePNGIText_init  000000001007c244     NativeLib:lodepng.obj
 0004:00019250       $unwind$LodePNGIText_cleanup 000000001007c250     NativeLib:lodepng.obj
 0004:0001925c       $unwind$LodePNGIText_copy  000000001007c25c     NativeLib:lodepng.obj
 0004:00019268       $unwind$lodepng_add_itext_sized 000000001007c268     NativeLib:lodepng.obj
 0004:00019274       $unwind$lodepng_assign_icc 000000001007c274     NativeLib:lodepng.obj
 0004:00019280       $unwind$addColorBits       000000001007c280     NativeLib:lodepng.obj
 0004:0001928c       $unwind$color_tree_init    000000001007c28c     NativeLib:lodepng.obj
 0004:00019298       $unwind$color_tree_cleanup 000000001007c298     NativeLib:lodepng.obj
 0004:000192a4       $unwind$color_tree_get     000000001007c2a4     NativeLib:lodepng.obj
 0004:000192b0       $unwind$color_tree_has     000000001007c2b0     NativeLib:lodepng.obj
 0004:000192bc       $unwind$color_tree_add     000000001007c2bc     NativeLib:lodepng.obj
 0004:000192c8       $unwind$rgba8ToPixel       000000001007c2c8     NativeLib:lodepng.obj
 0004:000192d4       $unwind$rgba16ToPixel      000000001007c2d4     NativeLib:lodepng.obj
 0004:000192e0       $unwind$getPixelColorRGBA8 000000001007c2e0     NativeLib:lodepng.obj
 0004:000192ec       $unwind$getPixelColorsRGBA8 000000001007c2ec     NativeLib:lodepng.obj
 0004:000192f8       $unwind$getPixelColorsRGB8 000000001007c2f8     NativeLib:lodepng.obj
 0004:00019304       $unwind$getPixelColorRGBA16 000000001007c304     NativeLib:lodepng.obj
 0004:00019310       $unwind$lodepng_convert_rgb 000000001007c310     NativeLib:lodepng.obj
 0004:0001931c       $unwind$getValueRequiredBits 000000001007c31c     NativeLib:lodepng.obj
 0004:00019328       $unwind$lodepng_color_stats_add 000000001007c328     NativeLib:lodepng.obj
 0004:00019334       $unwind$auto_choose_color  000000001007c334     NativeLib:lodepng.obj
 0004:00019340       $unwind$paethPredictor     000000001007c340     NativeLib:lodepng.obj
 0004:0001934c       $unwind$Adam7_getpassvalues 000000001007c34c     NativeLib:lodepng.obj
 0004:00019358       $unwind$unfilterScanline   000000001007c358     NativeLib:lodepng.obj
 0004:00019364       $unwind$unfilter           000000001007c364     NativeLib:lodepng.obj
 0004:00019370       $unwind$Adam7_deinterlace  000000001007c370     NativeLib:lodepng.obj
 0004:0001937c       $unwind$removePaddingBits  000000001007c37c     NativeLib:lodepng.obj
 0004:00019388       $unwind$postProcessScanlines 000000001007c388     NativeLib:lodepng.obj
 0004:00019394       $unwind$readChunk_PLTE     000000001007c394     NativeLib:lodepng.obj
 0004:000193a0       $unwind$readChunk_tRNS     000000001007c3a0     NativeLib:lodepng.obj
 0004:000193ac       $unwind$readChunk_bKGD     000000001007c3ac     NativeLib:lodepng.obj
 0004:000193b8       $unwind$readChunk_tEXt     000000001007c3b8     NativeLib:lodepng.obj
 0004:000193c4       $unwind$readChunk_zTXt     000000001007c3c4     NativeLib:lodepng.obj
 0004:000193d4       $unwind$readChunk_iTXt     000000001007c3d4     NativeLib:lodepng.obj
 0004:000193e4       $unwind$readChunk_tIME     000000001007c3e4     NativeLib:lodepng.obj
 0004:000193f0       $unwind$readChunk_pHYs     000000001007c3f0     NativeLib:lodepng.obj
 0004:000193fc       $unwind$readChunk_gAMA     000000001007c3fc     NativeLib:lodepng.obj
 0004:00019408       $unwind$readChunk_cHRM     000000001007c408     NativeLib:lodepng.obj
 0004:00019414       $unwind$readChunk_sRGB     000000001007c414     NativeLib:lodepng.obj
 0004:00019420       $unwind$readChunk_iCCP     000000001007c420     NativeLib:lodepng.obj
 0004:00019430       $unwind$decodeGeneric      000000001007c430     NativeLib:lodepng.obj
 0004:0001943c       $unwind$writeSignature     000000001007c43c     NativeLib:lodepng.obj
 0004:00019448       $unwind$addChunk_IHDR      000000001007c448     NativeLib:lodepng.obj
 0004:00019454       $unwind$addChunk_PLTE      000000001007c454     NativeLib:lodepng.obj
 0004:00019460       $unwind$addChunk_tRNS      000000001007c460     NativeLib:lodepng.obj
 0004:0001946c       $unwind$addChunk_IDAT      000000001007c46c     NativeLib:lodepng.obj
 0004:00019478       $unwind$addChunk_IEND      000000001007c478     NativeLib:lodepng.obj
 0004:00019484       $unwind$addChunk_tEXt      000000001007c484     NativeLib:lodepng.obj
 0004:00019490       $unwind$addChunk_zTXt      000000001007c490     NativeLib:lodepng.obj
 0004:0001949c       $unwind$addChunk_iTXt      000000001007c49c     NativeLib:lodepng.obj
 0004:000194a8       $unwind$addChunk_bKGD      000000001007c4a8     NativeLib:lodepng.obj
 0004:000194b4       $unwind$addChunk_tIME      000000001007c4b4     NativeLib:lodepng.obj
 0004:000194c0       $unwind$addChunk_pHYs      000000001007c4c0     NativeLib:lodepng.obj
 0004:000194cc       $unwind$addChunk_gAMA      000000001007c4cc     NativeLib:lodepng.obj
 0004:000194d8       $unwind$addChunk_cHRM      000000001007c4d8     NativeLib:lodepng.obj
 0004:000194e4       $unwind$addChunk_sRGB      000000001007c4e4     NativeLib:lodepng.obj
 0004:000194f0       $unwind$addChunk_iCCP      000000001007c4f0     NativeLib:lodepng.obj
 0004:000194fc       $unwind$filterScanline     000000001007c4fc     NativeLib:lodepng.obj
 0004:00019508       $unwind$ilog2              000000001007c508     NativeLib:lodepng.obj
 0004:00019514       $unwind$ilog2i             000000001007c514     NativeLib:lodepng.obj
 0004:00019520       $unwind$filter             000000001007c520     NativeLib:lodepng.obj
 0004:0001952c       $unwind$addPaddingBits     000000001007c52c     NativeLib:lodepng.obj
 0004:00019538       $unwind$Adam7_interlace    000000001007c538     NativeLib:lodepng.obj
 0004:00019544       $unwind$preProcessScanlines 000000001007c544     NativeLib:lodepng.obj
 0004:00019550       $unwind$addUnknownChunks   000000001007c550     NativeLib:lodepng.obj
 0004:0001955c       $unwind$isGrayICCProfile   000000001007c55c     NativeLib:lodepng.obj
 0004:00019568       $unwind$isRGBICCProfile    000000001007c568     NativeLib:lodepng.obj
 0004:00019574       $unwind$mystrtoul          000000001007c574     LibC:strtoul.obj
 0004:00019580       $unwind$printf_            000000001007c580     LibC:printf.obj
 0004:0001958c       $unwind$sprintf_           000000001007c58c     LibC:printf.obj
 0004:00019598       $unwind$snprintf_          000000001007c598     LibC:printf.obj
 0004:000195a4       $unwind$vsnprintf_         000000001007c5a4     LibC:printf.obj
 0004:000195b0       $unwind$vprintf_           000000001007c5b0     LibC:printf.obj
 0004:000195bc       $unwind$fctprintf          000000001007c5bc     LibC:printf.obj
 0004:000195c8       $unwind$_out_buffer        000000001007c5c8     LibC:printf.obj
 0004:000195d4       $unwind$_out_null          000000001007c5d4     LibC:printf.obj
 0004:000195e0       $unwind$_out_char          000000001007c5e0     LibC:printf.obj
 0004:000195ec       $unwind$_out_fct           000000001007c5ec     LibC:printf.obj
 0004:000195f8       $unwind$_strnlen_s         000000001007c5f8     LibC:printf.obj
 0004:00019604       $unwind$_is_digit          000000001007c604     LibC:printf.obj
 0004:00019610       $unwind$_atoi              000000001007c610     LibC:printf.obj
 0004:0001961c       $unwind$_out_rev           000000001007c61c     LibC:printf.obj
 0004:00019628       $unwind$_ntoa_format       000000001007c628     LibC:printf.obj
 0004:00019634       $unwind$_ntoa_long         000000001007c634     LibC:printf.obj
 0004:00019640       $unwind$_ntoa_long_long    000000001007c640     LibC:printf.obj
 0004:0001964c       $unwind$_etoa              000000001007c64c     LibC:printf.obj
 0004:00019658       $unwind$_ftoa              000000001007c658     LibC:printf.obj
 0004:00019664       $unwind$_vsnprintf         000000001007c664     LibC:printf.obj
 0004:00019670       $unwind$myisspace          000000001007c670     LibC:isspace.obj
 0004:0001967c       $unwind$myisdigit          000000001007c67c     LibC:isdigit.obj
 0004:00019688       $unwind$myisalpha          000000001007c688     LibC:isalpha.obj
 0004:00019694       $unwind$myisupper          000000001007c694     LibC:isupper.obj
 0005:00021eb0       lodepng_crc32_table        000000001009eeb0     NativeLib:lodepng.obj
 0008:00000000       __FE09AF47_concurrencysal@h 00000000101a5000     NativeLib:native.obj
 0008:00000001       __C073CA79_sal@h           00000000101a5001     NativeLib:native.obj
 0008:00000002       __D6AFE870_vadefs@h        00000000101a5002     NativeLib:native.obj
 0008:00000003       __D63E96CF_vcruntime@h     00000000101a5003     NativeLib:native.obj
 0008:00000004       __F5A7E1DF_intrin0@inl@h   00000000101a5004     NativeLib:native.obj
 0008:00000005       __3EC16E15_setjmp@h        00000000101a5005     NativeLib:native.obj
 0008:00000006       __18C87B63_mmintrin@h      00000000101a5006     NativeLib:native.obj
 0008:00000007       __1B0272D9_corecrt@h       00000000101a5007     NativeLib:native.obj
 0008:00000008       __45DED006_corecrt_malloc@h 00000000101a5008     NativeLib:native.obj
 0008:00000009       __FA77ED4C_malloc@h        00000000101a5009     NativeLib:native.obj
 0008:0000000a       __56EBFA9B_xmmintrin@h     00000000101a500a     NativeLib:native.obj
 0008:0000000b       __33897357_emmintrin@h     00000000101a500b     NativeLib:native.obj
 0008:0000000c       __EC281BDE_pmmintrin@h     00000000101a500c     NativeLib:native.obj
 0008:0000000d       __5CF1685C_tmmintrin@h     00000000101a500d     NativeLib:native.obj
 0008:0000000e       __75CA7DDF_smmintrin@h     00000000101a500e     NativeLib:native.obj
 0008:0000000f       __10A8F413_nmmintrin@h     00000000101a500f     NativeLib:native.obj
 0008:00000010       __C5130E5D_wmmintrin@h     00000000101a5010     NativeLib:native.obj
 0008:00000011       __0E87435A_zmmintrin@h     00000000101a5011     NativeLib:native.obj
 0008:00000012       __3993E190_immintrin@h     00000000101a5012     NativeLib:native.obj
 0008:00000013       __835000D5_ammintrin@h     00000000101a5013     NativeLib:native.obj
 0008:00000014       __18F7D262_intrin@h        00000000101a5014     NativeLib:native.obj
 0008:00000015       __5B367C0B_native@cpp      00000000101a5015     NativeLib:native.obj
 0008:00000016       __FE09AF47_concurrencysal@h 00000000101a5016     NativeLib:mem.obj
 0008:00000017       __C073CA79_sal@h           00000000101a5017     NativeLib:mem.obj
 0008:00000018       __D6AFE870_vadefs@h        00000000101a5018     NativeLib:mem.obj
 0008:00000019       __D63E96CF_vcruntime@h     00000000101a5019     NativeLib:mem.obj
 0008:0000001a       __F5A7E1DF_intrin0@inl@h   00000000101a501a     NativeLib:mem.obj
 0008:0000001b       __3EC16E15_setjmp@h        00000000101a501b     NativeLib:mem.obj
 0008:0000001c       __18C87B63_mmintrin@h      00000000101a501c     NativeLib:mem.obj
 0008:0000001d       __1B0272D9_corecrt@h       00000000101a501d     NativeLib:mem.obj
 0008:0000001e       __45DED006_corecrt_malloc@h 00000000101a501e     NativeLib:mem.obj
 0008:0000001f       __FA77ED4C_malloc@h        00000000101a501f     NativeLib:mem.obj
 0008:00000020       __56EBFA9B_xmmintrin@h     00000000101a5020     NativeLib:mem.obj
 0008:00000021       __33897357_emmintrin@h     00000000101a5021     NativeLib:mem.obj
 0008:00000022       __EC281BDE_pmmintrin@h     00000000101a5022     NativeLib:mem.obj
 0008:00000023       __5CF1685C_tmmintrin@h     00000000101a5023     NativeLib:mem.obj
 0008:00000024       __75CA7DDF_smmintrin@h     00000000101a5024     NativeLib:mem.obj
 0008:00000025       __10A8F413_nmmintrin@h     00000000101a5025     NativeLib:mem.obj
 0008:00000026       __C5130E5D_wmmintrin@h     00000000101a5026     NativeLib:mem.obj
 0008:00000027       __0E87435A_zmmintrin@h     00000000101a5027     NativeLib:mem.obj
 0008:00000028       __3993E190_immintrin@h     00000000101a5028     NativeLib:mem.obj
 0008:00000029       __835000D5_ammintrin@h     00000000101a5029     NativeLib:mem.obj
 0008:0000002a       __18F7D262_intrin@h        00000000101a502a     NativeLib:mem.obj
 0008:0000002b       __121DF3F2_mem@cpp         00000000101a502b     NativeLib:mem.obj
 0008:0000002c       __FE09AF47_concurrencysal@h 00000000101a502c     NativeLib:interrupts.obj
 0008:0000002d       __C073CA79_sal@h           00000000101a502d     NativeLib:interrupts.obj
 0008:0000002e       __D6AFE870_vadefs@h        00000000101a502e     NativeLib:interrupts.obj
 0008:0000002f       __D63E96CF_vcruntime@h     00000000101a502f     NativeLib:interrupts.obj
 0008:00000030       __AEA28616_stdint@h        00000000101a5030     NativeLib:interrupts.obj
 0008:00000031       __F5A7E1DF_intrin0@inl@h   00000000101a5031     NativeLib:interrupts.obj
 0008:00000032       __3EC16E15_setjmp@h        00000000101a5032     NativeLib:interrupts.obj
 0008:00000033       __18C87B63_mmintrin@h      00000000101a5033     NativeLib:interrupts.obj
 0008:00000034       __1B0272D9_corecrt@h       00000000101a5034     NativeLib:interrupts.obj
 0008:00000035       __45DED006_corecrt_malloc@h 00000000101a5035     NativeLib:interrupts.obj
 0008:00000036       __FA77ED4C_malloc@h        00000000101a5036     NativeLib:interrupts.obj
 0008:00000037       __56EBFA9B_xmmintrin@h     00000000101a5037     NativeLib:interrupts.obj
 0008:00000038       __33897357_emmintrin@h     00000000101a5038     NativeLib:interrupts.obj
 0008:00000039       __EC281BDE_pmmintrin@h     00000000101a5039     NativeLib:interrupts.obj
 0008:0000003a       __5CF1685C_tmmintrin@h     00000000101a503a     NativeLib:interrupts.obj
 0008:0000003b       __75CA7DDF_smmintrin@h     00000000101a503b     NativeLib:interrupts.obj
 0008:0000003c       __10A8F413_nmmintrin@h     00000000101a503c     NativeLib:interrupts.obj
 0008:0000003d       __C5130E5D_wmmintrin@h     00000000101a503d     NativeLib:interrupts.obj
 0008:0000003e       __0E87435A_zmmintrin@h     00000000101a503e     NativeLib:interrupts.obj
 0008:0000003f       __3993E190_immintrin@h     00000000101a503f     NativeLib:interrupts.obj
 0008:00000040       __835000D5_ammintrin@h     00000000101a5040     NativeLib:interrupts.obj
 0008:00000041       __18F7D262_intrin@h        00000000101a5041     NativeLib:interrupts.obj
 0008:00000042       __81AF9977_interrupts@cpp  00000000101a5042     NativeLib:interrupts.obj
 0008:00000043       __FE09AF47_concurrencysal@h 00000000101a5043     NativeLib:io.obj
 0008:00000044       __C073CA79_sal@h           00000000101a5044     NativeLib:io.obj
 0008:00000045       __D6AFE870_vadefs@h        00000000101a5045     NativeLib:io.obj
 0008:00000046       __D63E96CF_vcruntime@h     00000000101a5046     NativeLib:io.obj
 0008:00000047       __F5A7E1DF_intrin0@inl@h   00000000101a5047     NativeLib:io.obj
 0008:00000048       __3EC16E15_setjmp@h        00000000101a5048     NativeLib:io.obj
 0008:00000049       __18C87B63_mmintrin@h      00000000101a5049     NativeLib:io.obj
 0008:0000004a       __1B0272D9_corecrt@h       00000000101a504a     NativeLib:io.obj
 0008:0000004b       __45DED006_corecrt_malloc@h 00000000101a504b     NativeLib:io.obj
 0008:0000004c       __FA77ED4C_malloc@h        00000000101a504c     NativeLib:io.obj
 0008:0000004d       __56EBFA9B_xmmintrin@h     00000000101a504d     NativeLib:io.obj
 0008:0000004e       __33897357_emmintrin@h     00000000101a504e     NativeLib:io.obj
 0008:0000004f       __EC281BDE_pmmintrin@h     00000000101a504f     NativeLib:io.obj
 0008:00000050       __5CF1685C_tmmintrin@h     00000000101a5050     NativeLib:io.obj
 0008:00000051       __75CA7DDF_smmintrin@h     00000000101a5051     NativeLib:io.obj
 0008:00000052       __10A8F413_nmmintrin@h     00000000101a5052     NativeLib:io.obj
 0008:00000053       __C5130E5D_wmmintrin@h     00000000101a5053     NativeLib:io.obj
 0008:00000054       __0E87435A_zmmintrin@h     00000000101a5054     NativeLib:io.obj
 0008:00000055       __3993E190_immintrin@h     00000000101a5055     NativeLib:io.obj
 0008:00000056       __835000D5_ammintrin@h     00000000101a5056     NativeLib:io.obj
 0008:00000057       __18F7D262_intrin@h        00000000101a5057     NativeLib:io.obj
 0008:00000058       __EB37504C_io@cpp          00000000101a5058     NativeLib:io.obj
 0008:00000059       __FE09AF47_concurrencysal@h 00000000101a5059     NativeLib:lodepng.obj
 0008:0000005a       __C073CA79_sal@h           00000000101a505a     NativeLib:lodepng.obj
 0008:0000005b       __D6AFE870_vadefs@h        00000000101a505b     NativeLib:lodepng.obj
 0008:0000005c       __D63E96CF_vcruntime@h     00000000101a505c     NativeLib:lodepng.obj
 0008:0000005d       __9A7D38D9_stdarg@h        00000000101a505d     NativeLib:lodepng.obj
 0008:0000005e       __1B0272D9_corecrt@h       00000000101a505e     NativeLib:lodepng.obj
 0008:0000005f       __13F5961F_stddef@h        00000000101a505f     NativeLib:lodepng.obj
 0008:00000060       __0EED556E_printf@h        00000000101a5060     NativeLib:lodepng.obj
 0008:00000061       __61CC25A1_errno@h         00000000101a5061     NativeLib:lodepng.obj
 0008:00000062       __3EADF068_vcruntime_string@h 00000000101a5062     NativeLib:lodepng.obj
 0008:00000063       __E4C945B4_corecrt_memcpy_s@h 00000000101a5063     NativeLib:lodepng.obj
 0008:00000064       __8EAFF484_corecrt_memory@h 00000000101a5064     NativeLib:lodepng.obj
 0008:00000065       __6490AEC5_corecrt_wstring@h 00000000101a5065     NativeLib:lodepng.obj
 0008:00000066       __E8295E1E_string@h        00000000101a5066     NativeLib:lodepng.obj
 0008:00000067       __B2031D3E_lodepng@h       00000000101a5067     NativeLib:lodepng.obj
 0008:00000068       __45DED006_corecrt_malloc@h 00000000101a5068     NativeLib:lodepng.obj
 0008:00000069       __FD6DBD68_corecrt_search@h 00000000101a5069     NativeLib:lodepng.obj
 0008:0000006a       __E2E33A61_corecrt_wstdlib@h 00000000101a506a     NativeLib:lodepng.obj
 0008:0000006b       __10D4A829_limits@h        00000000101a506b     NativeLib:lodepng.obj
 0008:0000006c       __6E5ACABA_stdlib@h        00000000101a506c     NativeLib:lodepng.obj
 0008:0000006d       __25D1C4B6_lodepng@c       00000000101a506d     NativeLib:lodepng.obj
 0009:000000a0       $R000000                   00000000101a60a0     guideXOS.res
 0009:000002f0       $R000250                   00000000101a62f0     guideXOS.res
